******************************************************************************
                  TI ARM Linker PC v18.12.4                    
******************************************************************************
>> Linked Fri Mar  6 13:33:18 2020

OUTPUT FILE NAME:   <Self Monitor Stress System v2.out>
ENTRY POINT SYMBOL: "_c_int00_noargs"  address: 00002e09


MEMORY CONFIGURATION

         name            origin    length      used     unused   attr    fill
----------------------  --------  ---------  --------  --------  ----  --------
  MAIN                  00000000   00040000  00003175  0003ce8b  R  X
  INFO                  00200000   00004000  00000000  00004000  R  X
  SRAM_CODE             01000000   00010000  00000d38  0000f2c8  RW X
  SRAM_DATA             20000000   00010000  00000d38  0000f2c8  RW  


SEGMENT ALLOCATION MAP

run origin  load origin   length   init length attrs members
----------  ----------- ---------- ----------- ----- -------
00000000    00000000    00003178   00003178    r-x
  00000000    00000000    000000e4   000000e4    r-- .intvecs
  000000e4    000000e4    00002efc   00002efc    r-x .text
  00002fe0    00002fe0    00000065   00000065    r-- .const
  00003048    00003048    00000130   00000130    r-- .cinit
20000000    20000000    00000b38   00000000    rw-
  20000000    20000000    00000468   00000000    rw- .bss
  20000468    20000468    00000400   00000000    rw- .sysmem
  20000868    20000868    000002d0   00000000    rw- .data
2000fe00    2000fe00    00000200   00000000    rw-
  2000fe00    2000fe00    00000200   00000000    rw- .stack


SECTION ALLOCATION MAP

 output                                  attributes/
section   page    origin      length       input sections
--------  ----  ----------  ----------   ----------------
.intvecs   0    00000000    000000e4     
                  00000000    000000e4     startup_msp432p401r_ccs.obj (.intvecs:retain)

.text      0    000000e4    00002efc     
                  000000e4    00001004     AP.obj (.text)
                  000010e8    000006bc     UART0.obj (.text)
                  000017a4    00000334     system_msp432p401r.obj (.text)
                  00001ad8    000001e0     Clock.obj (.text)
                  00001cb8    000001a4     UART1.obj (.text)
                  00001e5c    00000118     rtsv7M4_T_le_v4SPD16_eabi.lib : memory.c.obj (.text:aligned_alloc)
                  00001f74    0000010c                                   : fopen.c.obj (.text:_openfile)
                  00002080    000000e4                                   : memory.c.obj (.text:free)
                  00002164    000000dc                                   : setvbuf.c.obj (.text:setvbuf)
                  00002240    000000cc     adc.obj (.text)
                  0000230c    000000c0     GPIO.obj (.text)
                  000023cc    000000bc     rtsv7M4_T_le_v4SPD16_eabi.lib : open.c.obj (.text:open)
                  00002488    000000b8                                   : add_device.c.obj (.text:add_device)
                  00002540    0000009c                                   : fopen.c.obj (.text:fopen)
                  000025dc    0000009c                                   : memcpy_t2.asm.obj (.text)
                  00002678    00000090     main.obj (.text)
                  00002708    0000007c     Timer32.obj (.text)
                  00002784    0000007a     rtsv7M4_T_le_v4SPD16_eabi.lib : memset_t2.asm.obj (.text)
                  000027fe    00000002                                   : _lock.c.obj (.text:_nop)
                  00002800    00000074                                   : fclose.c.obj (.text:__TI_closefile)
                  00002874    00000070                                   : memory.c.obj (.text:split)
                  000028e4    0000006c                                   : hostrename.c.obj (.text:HOSTrename)
                  00002950    00000068                                   : hostlseek.c.obj (.text:HOSTlseek)
                  000029b8    00000068                                   : copy_decompress_lzss.c.obj (.text:decompress:lzss:__TI_decompress_lzss)
                  00002a20    00000060                                   : hostopen.c.obj (.text:HOSTopen)
                  00002a80    0000005c                                   : close.c.obj (.text:close)
                  00002adc    00000058                                   : hostread.c.obj (.text:HOSTread)
                  00002b34    00000058                                   : hostwrite.c.obj (.text:HOSTwrite)
                  00002b8c    0000004c                                   : fflush.c.obj (.text:__TI_doflush)
                  00002bd8    00000048                                   : exit.c.obj (.text:exit)
                  00002c20    00000044                                   : hostclose.c.obj (.text:HOSTclose)
                  00002c64    00000044                                   : hostunlink.c.obj (.text:HOSTunlink)
                  00002ca8    00000044                                   : autoinit.c.obj (.text:__TI_auto_init_nobinit_nopinit:__TI_auto_init_nobinit_nopinit)
                  00002cec    00000044                                   : getdevice.c.obj (.text:getdevice)
                  00002d30    00000038                                   : trgmsg.c.obj (.text:__TI_writemsg)
                  00002d68    00000036                                   : strncpy.c.obj (.text:strncpy)
                  00002d9e    00000002     --HOLE-- [fill = 0]
                  00002da0    00000034                                   : fopen.c.obj (.text:__TI_cleanup)
                  00002dd4    00000034                                   : trgmsg.c.obj (.text:__TI_readmsg)
                  00002e08    00000034                                   : boot_cortex_m.c.obj (.text:_c_int00_noargs:_c_int00_noargs)
                  00002e3c    00000034                                   : fopen.c.obj (.text:freopen)
                  00002e70    00000030                                   : getdevice.c.obj (.text:finddevice)
                  00002ea0    0000002c                                   : unlink.c.obj (.text:unlink)
                  00002ecc    00000028                                   : memory.c.obj (.text:free_list_insert)
                  00002ef4    00000028                                   : write.c.obj (.text:write)
                  00002f1c    0000001c                                   : memory.c.obj (.text:free_list_remove)
                  00002f38    0000001a     GSR.obj (.text)
                  00002f52    00000018     rtsv7M4_T_le_v4SPD16_eabi.lib : strcmp.c.obj (.text:strcmp)
                  00002f6a    00000016                                   : strchr.c.obj (.text:strchr)
                  00002f80    00000014                                   : strcpy.c.obj (.text:strcpy)
                  00002f94    00000014                                   : strlen.c.obj (.text:strlen)
                  00002fa8    0000000e                                   : copy_decompress_none.c.obj (.text:decompress:none:__TI_decompress_none)
                  00002fb6    0000000e     startup_msp432p401r_ccs.obj (.text)
                  00002fc4    0000000c     rtsv7M4_T_le_v4SPD16_eabi.lib : copy_zero_init.c.obj (.text:decompress:ZI:__TI_zero_init)
                  00002fd0    00000008                                   : memory.c.obj (.text:malloc)
                  00002fd8    00000004                                   : pre_init.c.obj (.text:_system_pre_init)
                  00002fdc    00000004                                   : exit.c.obj (.text:abort:abort)

.const     0    00002fe0    00000065     
                  00002fe0    00000025     AP.obj (.const:.string:NPI_SetAdvertisementSAP)
                  00003005    00000014     AP.obj (.const:.string:NPI_StartAdvertisement)
                  00003019    00000011     AP.obj (.const:.string:NPI_SetAdvertisement1)
                  0000302a    00000009     AP.obj (.const:.string:HCI_EXT_ResetSystemCmd)
                  00003033    00000006     AP.obj (.const:.string:NPI_GetStatus)
                  00003039    00000006     AP.obj (.const:.string:NPI_GetVersion)
                  0000303f    00000006     AP.obj (.const:.string:NPI_Register)

.cinit     0    00003048    00000130     
                  00003048    00000105     (.cinit..data.load) [load image, compression = lzss]
                  0000314d    00000003     --HOLE-- [fill = 0]
                  00003150    0000000c     (__TI_handler_table)
                  0000315c    00000004     --HOLE-- [fill = 0]
                  00003160    00000008     (.cinit..bss.load) [load image, compression = zero_init]
                  00003168    00000010     (__TI_cinit_table)

.init_array 
*          0    00000000    00000000     UNINITIALIZED

.binit     0    00000000    00000000     

.bss       0    20000000    00000468     UNINITIALIZED
                  20000000    00000120     rtsv7M4_T_le_v4SPD16_eabi.lib : trgmsg.c.obj (.bss:_CIOBUF_)
                  20000120    00000100     (.common:RxFIFO)
                  20000220    000000a0     (.common:CharacteristicList)
                  200002c0    000000a0     (.common:__TI_tmpnams)
                  20000360    00000080     (.common:RecvBuf)
                  200003e0    00000050     (.common:NotifyCharacteristicList)
                  20000430    00000008     (.common:Messageb)
                  20000438    00000008     (.common:OS_MsTime)
                  20000440    00000008     (.common:parmbuf)
                  20000448    00000004     (.common:Messageindexb)
                  2000044c    00000004     (.common:NoSOFErr)
                  20000450    00000004     (.common:RxFifoLost)
                  20000454    00000004     (.common:RxGetI)
                  20000458    00000004     (.common:RxPutI)
                  2000045c    00000004     (.common:TimeOutErr)
                  20000460    00000004     (.common:fcserr)
                  20000464    00000004     (.common:i)

.sysmem    0    20000468    00000400     UNINITIALIZED
                  20000468    00000010     rtsv7M4_T_le_v4SPD16_eabi.lib : memory.c.obj (.sysmem)
                  20000478    000003f0     --HOLE--

.data      0    20000868    000002d0     UNINITIALIZED
                  20000868    000000f0     rtsv7M4_T_le_v4SPD16_eabi.lib : defs.c.obj (.data:_ftable)
                  20000958    00000078                                   : host_device.c.obj (.data:_device)
                  200009d0    00000050                                   : host_device.c.obj (.data:_stream)
                  20000a20    00000025     AP.obj (.data:NPI_SetAdvertisementData)
                  20000a45    00000020     AP.obj (.data:NPI_AddCharDescriptor)
                  20000a65    0000001c     AP.obj (.data:NPI_GATTSetDeviceName)
                  20000a81    00000003     --HOLE--
                  20000a84    00000018     Clock.obj (.data)
                  20000a9c    00000015     AP.obj (.data:NPI_ReadConfirmation)
                  20000ab1    00000014     AP.obj (.data:NPI_SendNotificationIndication)
                  20000ac5    00000003     --HOLE--
                  20000ac8    00000010     rtsv7M4_T_le_v4SPD16_eabi.lib : defs.c.obj (.data)
                  20000ad8    0000000e     AP.obj (.data:NPI_AddCharValue)
                  20000ae6    00000002     --HOLE--
                  20000ae8    0000000c     rtsv7M4_T_le_v4SPD16_eabi.lib : exit.c.obj (.data:$O1$$)
                  20000af4    00000009     AP.obj (.data:NPI_AddService)
                  20000afd    00000009     AP.obj (.data:NPI_CCCDUpdatedConfirmation)
                  20000b06    00000009     AP.obj (.data:NPI_WriteConfirmation)
                  20000b0f    00000001     --HOLE--
                  20000b10    00000008     rtsv7M4_T_le_v4SPD16_eabi.lib : _lock.c.obj (.data:$O1$$)
                  20000b18    00000008                                   : memory.c.obj (.data:$O1$$)
                  20000b20    00000008     AP.obj (.data)
                  20000b28    00000004     rtsv7M4_T_le_v4SPD16_eabi.lib : add_device.c.obj (.data)
                  20000b2c    00000004                                   : fopen.c.obj (.data)
                  20000b30    00000004                                   : open.c.obj (.data)
                  20000b34    00000004     system_msp432p401r.obj (.data)

.stack     0    2000fe00    00000200     UNINITIALIZED
                  2000fe00    00000004     rtsv7M4_T_le_v4SPD16_eabi.lib : boot_cortex_m.c.obj (.stack)
                  2000fe04    000001fc     --HOLE--

MODULE SUMMARY

       Module                        code    ro data   rw data
       ------                        ----    -------   -------
    .\
       system_msp432p401r.obj        820     0         8      
       startup_msp432p401r_ccs.obj   14      228       0      
       main.obj                      144     0         0      
       GSR.obj                       26      0         0      
    +--+-----------------------------+-------+---------+---------+
       Total:                        1004    228       8      
                                                              
    .\Drivers\
       AP.obj                        4100    101       1142   
       UART0.obj                     1724    0         24     
       UART1.obj                     420     0         536    
       Clock.obj                     480     0         48     
       adc.obj                       204     0         0      
       GPIO.obj                      192     0         0      
       Timer32.obj                   124     0         16     
    +--+-----------------------------+-------+---------+---------+
       Total:                        7244    101       1766   
                                                              
    C:\ti\ccs930\ccs\tools\compiler\ti-cgt-arm_18.12.4.LTS\lib\rtsv7M4_T_le_v4SPD16_eabi.lib
       defs.c.obj                    0       0         832    
       memory.c.obj                  696     0         16     
       trgmsg.c.obj                  108     0         576    
       fopen.c.obj                   528     0         8      
       host_device.c.obj             0       0         400    
       setvbuf.c.obj                 220     0         0      
       open.c.obj                    188     0         8      
       add_device.c.obj              184     0         8      
       memcpy_t2.asm.obj             156     0         0      
       memset_t2.asm.obj             122     0         0      
       fclose.c.obj                  116     0         0      
       getdevice.c.obj               116     0         0      
       hostopen.c.obj                96      0         16     
       hostrename.c.obj              108     0         0      
       copy_decompress_lzss.c.obj    104     0         0      
       hostlseek.c.obj               104     0         0      
       exit.c.obj                    76      0         24     
       close.c.obj                   92      0         0      
       hostread.c.obj                88      0         0      
       hostwrite.c.obj               88      0         0      
       fflush.c.obj                  76      0         0      
       autoinit.c.obj                68      0         0      
       hostclose.c.obj               68      0         0      
       hostunlink.c.obj              68      0         0      
       strncpy.c.obj                 54      0         0      
       boot_cortex_m.c.obj           52      0         0      
       unlink.c.obj                  44      0         0      
       write.c.obj                   40      0         0      
       strcmp.c.obj                  24      0         0      
       strchr.c.obj                  22      0         0      
       strcpy.c.obj                  20      0         0      
       strlen.c.obj                  20      0         0      
       _lock.c.obj                   2       0         16     
       copy_decompress_none.c.obj    14      0         0      
       copy_zero_init.c.obj          12      0         0      
       pre_init.c.obj                4       0         0      
    +--+-----------------------------+-------+---------+---------+
       Total:                        3778    0         1904   
                                                              
       Heap:                         0       0         2048   
       Stack:                        0       0         1024   
       Linker Generated:             0       297       0      
    +--+-----------------------------+-------+---------+---------+
       Grand Total:                  12026   626       6750   


LINKER GENERATED COPY TABLES

__TI_cinit_table @ 00003168 records: 2, size/record: 8, table size: 16
	.data: load addr=00003048, load size=00000105 bytes, run addr=20000868, run size=000002d0 bytes, compression=lzss
	.bss: load addr=00003160, load size=00000008 bytes, run addr=20000000, run size=00000468 bytes, compression=zero_init


LINKER GENERATED HANDLER TABLE

__TI_handler_table @ 00003150 records: 3, size/record: 4, table size: 12
	index: 0, handler: __TI_decompress_lzss
	index: 1, handler: __TI_decompress_none
	index: 2, handler: __TI_zero_init


GLOBAL SYMBOLS: SORTED ALPHABETICALLY BY Name 

address   name                           
-------   ----                           
00002241  ADC0_Ch6_Init                  
00002fc3  ADC14_IRQHandler               
00002291  ADC_Ch6_In                     
000022b1  ADC_Ch6_Samples                
00002fc3  AES256_IRQHandler              
00000759  AP_AddCharacteristic           
00000915  AP_AddNotifyCharacteristic     
00000701  AP_AddService                  
00000e05  AP_BackgroundProcess           
00000289  AP_EchoReceived                
0000021d  AP_EchoSendMessage             
000006e7  AP_GetNotifyCCCD               
000001f3  AP_GetSize                     
00000cb5  AP_GetStatus                   
00000cf9  AP_GetVersion                  
0000010d  AP_Init                        
000004b5  AP_RecvMessage                 
00000699  AP_RecvStatus                  
00000739  AP_RegisterService             
000000e5  AP_Reset                       
00000311  AP_SendMessage                 
000006a7  AP_SendMessageResponse         
00000b3d  AP_SendNotification            
00000c3d  AP_StartAdvertisement          
00000ca1  AP_StartAdvertisementJacki     
00002fc3  BusFault_Handler               
00002fdd  C$$EXIT                        
00002d5f  C$$IO$$                        
00002fc3  COMP_E0_IRQHandler             
00002fc3  COMP_E1_IRQHandler             
20000a8c  CPMwait                        
00002fc3  CS_IRQHandler                  
20000b20  CharacteristicCount            
20000220  CharacteristicList             
20000a84  ClockFrequency                 
00001c2d  Clock_Delay1ms                 
00001c03  Clock_Delay1us                 
00001bef  Clock_GetFreq                  
00001ad9  Clock_Init48MHz                
20000a98  Crystalstable                  
00002fc3  DMA_ERR_IRQHandler             
00002fc3  DMA_INT0_IRQHandler            
00002fc3  DMA_INT1_IRQHandler            
00002fc3  DMA_INT2_IRQHandler            
00002fc3  DMA_INT3_IRQHandler            
00002fc3  DebugMon_Handler               
00002fc3  Default_Handler                
00002fc3  EUSCIA0_IRQHandler             
00002fc3  EUSCIA1_IRQHandler             
00001de1  EUSCIA2_IRQHandler             
00001de1  EUSCIA2_IRQHandler             
00002fc3  EUSCIA3_IRQHandler             
00002fc3  EUSCIB0_IRQHandler             
00002fc3  EUSCIB1_IRQHandler             
00002fc3  EUSCIB2_IRQHandler             
00002fc3  EUSCIB3_IRQHandler             
00002fc3  FLCTL_IRQHandler               
00002fc3  FPU_IRQHandler                 
0000230d  GPIO_Init                      
00002f39  GSR_Init                       
00002f41  GSR_Read_Data                  
0000302a  HCI_EXT_ResetSystemCmd         
00002c21  HOSTclose                      
00002951  HOSTlseek                      
00002a21  HOSTopen                       
00002add  HOSTread                       
000028e5  HOSTrename                     
00002c65  HOSTunlink                     
00002b35  HOSTwrite                      
00002fc3  HardFault_Handler              
20000a94  IFlags                         
00002fc3  MemManage_Handler              
20000430  Messageb                       
20000448  Messageindexb                  
00002fc3  NMI_Handler                    
20000a45  NPI_AddCharDescriptor          
20000ad8  NPI_AddCharValue               
20000af4  NPI_AddService                 
20000afd  NPI_CCCDUpdatedConfirmation    
20000a65  NPI_GATTSetDeviceName          
00003033  NPI_GetStatus                  
00003039  NPI_GetVersion                 
20000a9c  NPI_ReadConfirmation           
0000303f  NPI_Register                   
20000ab1  NPI_SendNotificationIndication 
00003019  NPI_SetAdvertisement1          
20000a20  NPI_SetAdvertisementData       
00002fe0  NPI_SetAdvertisementSAP        
00003005  NPI_StartAdvertisement         
20000b06  NPI_WriteConfirmation          
2000044c  NoSOFErr                       
20000b24  NotifyCharacteristicCount      
200003e0  NotifyCharacteristicList       
20000438  OS_MsTime                      
00002fc3  PCM_IRQHandler                 
00002fc3  PORT1_IRQHandler               
00002fc3  PORT2_IRQHandler               
00002fc3  PORT3_IRQHandler               
00002fc3  PORT4_IRQHandler               
00002fc3  PORT5_IRQHandler               
00002fc3  PORT6_IRQHandler               
00002fc3  PSS_IRQHandler                 
00002fc3  PendSV_Handler                 
20000a90  Postwait                       
20000a88  Prewait                        
00002fc3  RTC_C_IRQHandler               
20000360  RecvBuf                        
00002fb7  Reset_Handler                  
20000120  RxFIFO                         
20000450  RxFifoLost                     
00001d11  RxFifo_Get                     
00001cb9  RxFifo_Init                    
00001ccb  RxFifo_Put                     
20000454  RxGetI                         
20000458  RxPutI                         
00002fc3  SVC_Handler                    
00002fc3  SysTick_Handler                
20000b34  SystemCoreClock                
000017a5  SystemCoreClockUpdate          
00001a1d  SystemInit                     
00002747  T32_INT1_IRQHandler            
00002747  T32_INT1_IRQHandler            
00002fc3  T32_INT2_IRQHandler            
00002fc3  T32_INTC_IRQHandler            
00002fc3  TA0_0_IRQHandler               
00002fc3  TA0_N_IRQHandler               
00002fc3  TA1_0_IRQHandler               
00002fc3  TA1_N_IRQHandler               
00002fc3  TA2_0_IRQHandler               
00002fc3  TA2_N_IRQHandler               
00002fc3  TA3_0_IRQHandler               
00002fc3  TA3_N_IRQHandler               
2000045c  TimeOutErr                     
00002709  Timer32Init                    
0000273b  Timer32Stop                    
0000112f  UART0_InChar                   
000015b9  UART0_InString                 
00001179  UART0_InUDec                   
0000146d  UART0_InUHex                   
000010e9  UART0_Init                     
00001719  UART0_Initprintf               
0000113f  UART0_OutChar                  
0000115b  UART0_OutString                
000011fd  UART0_OutUDec                  
00001369  UART0_OutUDec4                 
000013bd  UART0_OutUDec5                 
000013f9  UART0_OutUFix1                 
00001421  UART0_OutUFix2                 
00001531  UART0_OutUHex                  
0000159d  UART0_OutUHex2                 
00001e15  UART1_FinishOutput             
00001db3  UART1_InChar                   
00001d47  UART1_InStatus                 
00001d57  UART1_Init                     
00001dc5  UART1_OutChar                  
00001df7  UART1_OutString                
00002fc3  UsageFault_Handler             
4000480c  WDTCTL_SYM                     
00002fc3  WDT_A_IRQHandler               
20000000  __CIOBUF_                      
20010000  __STACK_END                    
00000200  __STACK_SIZE                   
00000400  __SYSMEM_SIZE                  
00003168  __TI_CINIT_Base                
00003178  __TI_CINIT_Limit               
00003150  __TI_Handler_Table_Base        
0000315c  __TI_Handler_Table_Limit       
00002ca9  __TI_auto_init_nobinit_nopinit 
00002da1  __TI_cleanup                   
20000ae8  __TI_cleanup_ptr               
00002801  __TI_closefile                 
000029b9  __TI_decompress_lzss           
00002fa9  __TI_decompress_none           
00002b8d  __TI_doflush                   
20000aec  __TI_dtors_ptr                 
20000af0  __TI_enable_exit_profile_output
20000ac8  __TI_ft_end                    
ffffffff  __TI_pprof_out_hndl            
ffffffff  __TI_prof_data_size            
ffffffff  __TI_prof_data_start           
00002dd5  __TI_readmsg                   
00000000  __TI_static_base__             
200002c0  __TI_tmpnams                   
00002d31  __TI_writemsg                  
00002fc5  __TI_zero_init                 
00002785  __aeabi_memclr                 
00002785  __aeabi_memclr4                
00002785  __aeabi_memclr8                
000025dd  __aeabi_memcpy                 
000025dd  __aeabi_memcpy4                
000025dd  __aeabi_memcpy8                
00002787  __aeabi_memset                 
00002787  __aeabi_memset4                
00002787  __aeabi_memset8                
20000ad4  __aeabi_stderr                 
20000acc  __aeabi_stdin                  
20000ad0  __aeabi_stdout                 
ffffffff  __binit__                      
ffffffff  __c_args__                     
UNDEFED   __mpu_init                     
2000fe00  __stack                        
00002e09  _c_int00_noargs                
20000958  _device                        
20000868  _ftable                        
20000b10  _lock                          
000027ff  _nop                           
200009d0  _stream                        
20000468  _sys_memory                    
UNDEFED   _system_post_cinit             
00002fd9  _system_pre_init               
20000b14  _unlock                        
00002fdd  abort                          
00002489  add_device                     
00001e5d  aligned_alloc                  
ffffffff  binit                          
00002a81  close                          
00001bf5  delay                          
00002bd9  exit                           
20000460  fcserr                         
00001653  ferror                         
00001633  fgetc                          
00002e71  finddevice                     
00002541  fopen                          
00002081  free                           
00002e3d  freopen                        
00002769  getOS_MsTime                   
00002ced  getdevice                      
20000464  i                              
00000000  interruptVectors               
0000267b  main                           
00002fd1  malloc                         
00001e5d  memalign                       
000025dd  memcpy                         
0000278d  memset                         
000023cd  open                           
00001575  outnibble                      
20000440  parmbuf                        
00002679  readGSR                        
00002ea1  remove                         
00002165  setvbuf                        
00002f6b  strchr                         
00002f53  strcmp                         
00002f81  strcpy                         
00002f95  strlen                         
00002d69  strncpy                        
00001671  uart_close                     
000016ef  uart_lseek                     
00001661  uart_open                      
00001683  uart_read                      
0000170b  uart_rename                    
000016ff  uart_unlink                    
000016ad  uart_write                     
00002ea1  unlink                         
00002ef5  write                          


GLOBAL SYMBOLS: SORTED BY Symbol Address 

address   name                           
-------   ----                           
00000000  __TI_static_base__             
00000000  interruptVectors               
000000e5  AP_Reset                       
0000010d  AP_Init                        
000001f3  AP_GetSize                     
00000200  __STACK_SIZE                   
0000021d  AP_EchoSendMessage             
00000289  AP_EchoReceived                
00000311  AP_SendMessage                 
00000400  __SYSMEM_SIZE                  
000004b5  AP_RecvMessage                 
00000699  AP_RecvStatus                  
000006a7  AP_SendMessageResponse         
000006e7  AP_GetNotifyCCCD               
00000701  AP_AddService                  
00000739  AP_RegisterService             
00000759  AP_AddCharacteristic           
00000915  AP_AddNotifyCharacteristic     
00000b3d  AP_SendNotification            
00000c3d  AP_StartAdvertisement          
00000ca1  AP_StartAdvertisementJacki     
00000cb5  AP_GetStatus                   
00000cf9  AP_GetVersion                  
00000e05  AP_BackgroundProcess           
000010e9  UART0_Init                     
0000112f  UART0_InChar                   
0000113f  UART0_OutChar                  
0000115b  UART0_OutString                
00001179  UART0_InUDec                   
000011fd  UART0_OutUDec                  
00001369  UART0_OutUDec4                 
000013bd  UART0_OutUDec5                 
000013f9  UART0_OutUFix1                 
00001421  UART0_OutUFix2                 
0000146d  UART0_InUHex                   
00001531  UART0_OutUHex                  
00001575  outnibble                      
0000159d  UART0_OutUHex2                 
000015b9  UART0_InString                 
00001633  fgetc                          
00001653  ferror                         
00001661  uart_open                      
00001671  uart_close                     
00001683  uart_read                      
000016ad  uart_write                     
000016ef  uart_lseek                     
000016ff  uart_unlink                    
0000170b  uart_rename                    
00001719  UART0_Initprintf               
000017a5  SystemCoreClockUpdate          
00001a1d  SystemInit                     
00001ad9  Clock_Init48MHz                
00001bef  Clock_GetFreq                  
00001bf5  delay                          
00001c03  Clock_Delay1us                 
00001c2d  Clock_Delay1ms                 
00001cb9  RxFifo_Init                    
00001ccb  RxFifo_Put                     
00001d11  RxFifo_Get                     
00001d47  UART1_InStatus                 
00001d57  UART1_Init                     
00001db3  UART1_InChar                   
00001dc5  UART1_OutChar                  
00001de1  EUSCIA2_IRQHandler             
00001de1  EUSCIA2_IRQHandler             
00001df7  UART1_OutString                
00001e15  UART1_FinishOutput             
00001e5d  aligned_alloc                  
00001e5d  memalign                       
00002081  free                           
00002165  setvbuf                        
00002241  ADC0_Ch6_Init                  
00002291  ADC_Ch6_In                     
000022b1  ADC_Ch6_Samples                
0000230d  GPIO_Init                      
000023cd  open                           
00002489  add_device                     
00002541  fopen                          
000025dd  __aeabi_memcpy                 
000025dd  __aeabi_memcpy4                
000025dd  __aeabi_memcpy8                
000025dd  memcpy                         
00002679  readGSR                        
0000267b  main                           
00002709  Timer32Init                    
0000273b  Timer32Stop                    
00002747  T32_INT1_IRQHandler            
00002747  T32_INT1_IRQHandler            
00002769  getOS_MsTime                   
00002785  __aeabi_memclr                 
00002785  __aeabi_memclr4                
00002785  __aeabi_memclr8                
00002787  __aeabi_memset                 
00002787  __aeabi_memset4                
00002787  __aeabi_memset8                
0000278d  memset                         
000027ff  _nop                           
00002801  __TI_closefile                 
000028e5  HOSTrename                     
00002951  HOSTlseek                      
000029b9  __TI_decompress_lzss           
00002a21  HOSTopen                       
00002a81  close                          
00002add  HOSTread                       
00002b35  HOSTwrite                      
00002b8d  __TI_doflush                   
00002bd9  exit                           
00002c21  HOSTclose                      
00002c65  HOSTunlink                     
00002ca9  __TI_auto_init_nobinit_nopinit 
00002ced  getdevice                      
00002d31  __TI_writemsg                  
00002d5f  C$$IO$$                        
00002d69  strncpy                        
00002da1  __TI_cleanup                   
00002dd5  __TI_readmsg                   
00002e09  _c_int00_noargs                
00002e3d  freopen                        
00002e71  finddevice                     
00002ea1  remove                         
00002ea1  unlink                         
00002ef5  write                          
00002f39  GSR_Init                       
00002f41  GSR_Read_Data                  
00002f53  strcmp                         
00002f6b  strchr                         
00002f81  strcpy                         
00002f95  strlen                         
00002fa9  __TI_decompress_none           
00002fb7  Reset_Handler                  
00002fc3  ADC14_IRQHandler               
00002fc3  AES256_IRQHandler              
00002fc3  BusFault_Handler               
00002fc3  COMP_E0_IRQHandler             
00002fc3  COMP_E1_IRQHandler             
00002fc3  CS_IRQHandler                  
00002fc3  DMA_ERR_IRQHandler             
00002fc3  DMA_INT0_IRQHandler            
00002fc3  DMA_INT1_IRQHandler            
00002fc3  DMA_INT2_IRQHandler            
00002fc3  DMA_INT3_IRQHandler            
00002fc3  DebugMon_Handler               
00002fc3  Default_Handler                
00002fc3  EUSCIA0_IRQHandler             
00002fc3  EUSCIA1_IRQHandler             
00002fc3  EUSCIA3_IRQHandler             
00002fc3  EUSCIB0_IRQHandler             
00002fc3  EUSCIB1_IRQHandler             
00002fc3  EUSCIB2_IRQHandler             
00002fc3  EUSCIB3_IRQHandler             
00002fc3  FLCTL_IRQHandler               
00002fc3  FPU_IRQHandler                 
00002fc3  HardFault_Handler              
00002fc3  MemManage_Handler              
00002fc3  NMI_Handler                    
00002fc3  PCM_IRQHandler                 
00002fc3  PORT1_IRQHandler               
00002fc3  PORT2_IRQHandler               
00002fc3  PORT3_IRQHandler               
00002fc3  PORT4_IRQHandler               
00002fc3  PORT5_IRQHandler               
00002fc3  PORT6_IRQHandler               
00002fc3  PSS_IRQHandler                 
00002fc3  PendSV_Handler                 
00002fc3  RTC_C_IRQHandler               
00002fc3  SVC_Handler                    
00002fc3  SysTick_Handler                
00002fc3  T32_INT2_IRQHandler            
00002fc3  T32_INTC_IRQHandler            
00002fc3  TA0_0_IRQHandler               
00002fc3  TA0_N_IRQHandler               
00002fc3  TA1_0_IRQHandler               
00002fc3  TA1_N_IRQHandler               
00002fc3  TA2_0_IRQHandler               
00002fc3  TA2_N_IRQHandler               
00002fc3  TA3_0_IRQHandler               
00002fc3  TA3_N_IRQHandler               
00002fc3  UsageFault_Handler             
00002fc3  WDT_A_IRQHandler               
00002fc5  __TI_zero_init                 
00002fd1  malloc                         
00002fd9  _system_pre_init               
00002fdd  C$$EXIT                        
00002fdd  abort                          
00002fe0  NPI_SetAdvertisementSAP        
00003005  NPI_StartAdvertisement         
00003019  NPI_SetAdvertisement1          
0000302a  HCI_EXT_ResetSystemCmd         
00003033  NPI_GetStatus                  
00003039  NPI_GetVersion                 
0000303f  NPI_Register                   
00003150  __TI_Handler_Table_Base        
0000315c  __TI_Handler_Table_Limit       
00003168  __TI_CINIT_Base                
00003178  __TI_CINIT_Limit               
20000000  __CIOBUF_                      
20000120  RxFIFO                         
20000220  CharacteristicList             
200002c0  __TI_tmpnams                   
20000360  RecvBuf                        
200003e0  NotifyCharacteristicList       
20000430  Messageb                       
20000438  OS_MsTime                      
20000440  parmbuf                        
20000448  Messageindexb                  
2000044c  NoSOFErr                       
20000450  RxFifoLost                     
20000454  RxGetI                         
20000458  RxPutI                         
2000045c  TimeOutErr                     
20000460  fcserr                         
20000464  i                              
20000468  _sys_memory                    
20000868  _ftable                        
20000958  _device                        
200009d0  _stream                        
20000a20  NPI_SetAdvertisementData       
20000a45  NPI_AddCharDescriptor          
20000a65  NPI_GATTSetDeviceName          
20000a84  ClockFrequency                 
20000a88  Prewait                        
20000a8c  CPMwait                        
20000a90  Postwait                       
20000a94  IFlags                         
20000a98  Crystalstable                  
20000a9c  NPI_ReadConfirmation           
20000ab1  NPI_SendNotificationIndication 
20000ac8  __TI_ft_end                    
20000acc  __aeabi_stdin                  
20000ad0  __aeabi_stdout                 
20000ad4  __aeabi_stderr                 
20000ad8  NPI_AddCharValue               
20000ae8  __TI_cleanup_ptr               
20000aec  __TI_dtors_ptr                 
20000af0  __TI_enable_exit_profile_output
20000af4  NPI_AddService                 
20000afd  NPI_CCCDUpdatedConfirmation    
20000b06  NPI_WriteConfirmation          
20000b10  _lock                          
20000b14  _unlock                        
20000b20  CharacteristicCount            
20000b24  NotifyCharacteristicCount      
20000b34  SystemCoreClock                
2000fe00  __stack                        
20010000  __STACK_END                    
4000480c  WDTCTL_SYM                     
ffffffff  __TI_pprof_out_hndl            
ffffffff  __TI_prof_data_size            
ffffffff  __TI_prof_data_start           
ffffffff  __binit__                      
ffffffff  __c_args__                     
ffffffff  binit                          
UNDEFED   __mpu_init                     
UNDEFED   _system_post_cinit             

[254 symbols]
