******************************************************************************
                  TI ARM Linker PC v18.12.4                    
******************************************************************************
>> Linked Mon Apr 20 09:37:09 2020

OUTPUT FILE NAME:   <Self Monitor Stress System v2.out>
ENTRY POINT SYMBOL: "_c_int00_noargs"  address: 00001ba9


MEMORY CONFIGURATION

         name            origin    length      used     unused   attr    fill
----------------------  --------  ---------  --------  --------  ----  --------
  MAIN                  00000000   00040000  00001d70  0003e290  R  X
  INFO                  00200000   00004000  00000000  00004000  R  X
  SRAM_CODE             01000000   00010000  00000838  0000f7c8  RW X
  SRAM_DATA             20000000   00010000  00000838  0000f7c8  RW  


SEGMENT ALLOCATION MAP

run origin  load origin   length   init length attrs members
----------  ----------- ---------- ----------- ----- -------
00000000    00000000    00001d70   00001d70    r-x
  00000000    00000000    000000e4   000000e4    r-- .intvecs
  000000e4    000000e4    00001b64   00001b64    r-x .text
  00001c48    00001c48    000000c0   000000c0    r-- .const
  00001d08    00001d08    00000068   00000068    r-- .cinit
20000000    20000000    0000063c   00000000    rw-
  20000000    20000000    000000e4   00000000    rw- .vtable
  200000e8    200000e8    00000400   00000000    rw- .sysmem
  200004e8    200004e8    00000120   00000000    rw- .bss
  20000608    20000608    00000034   00000000    rw- .data
2000fe00    2000fe00    00000200   00000000    rw-
  2000fe00    2000fe00    00000200   00000000    rw- .stack


SECTION ALLOCATION MAP

 output                                  attributes/
section   page    origin      length       input sections
--------  ----  ----------  ----------   ----------------
.intvecs   0    00000000    000000e4     
                  00000000    000000e4     startup_msp432p401r_ccs.obj (.intvecs:retain)

.text      0    000000e4    00001b64     
                  000000e4    00000930     i2c.obj (.text)
                  00000a14    00000480     gpio.obj (.text)
                  00000e94    000003f0     interrupt.obj (.text)
                  00001284    00000334     system_msp432p401r.obj (.text)
                  000015b8    00000248     ACC.obj (.text)
                  00001800    000001a4     UART1.obj (.text)
                  000019a4    0000009c     rtsv7M4_T_le_v4SPD16_eabi.lib : memcpy_t2.asm.obj (.text)
                  00001a40    0000007c     Timer32.obj (.text)
                  00001abc    00000068     rtsv7M4_T_le_v4SPD16_eabi.lib : copy_decompress_lzss.c.obj (.text:decompress:lzss:__TI_decompress_lzss)
                  00001b24    00000044                                   : autoinit.c.obj (.text:__TI_auto_init_nobinit_nopinit:__TI_auto_init_nobinit_nopinit)
                  00001b68    0000003e     cpu.obj (.text)
                  00001ba6    00000002     --HOLE-- [fill = 0]
                  00001ba8    00000034     rtsv7M4_T_le_v4SPD16_eabi.lib : boot_cortex_m.c.obj (.text:_c_int00_noargs:_c_int00_noargs)
                  00001bdc    0000002c     main.obj (.text)
                  00001c08    0000001c     rtsv7M4_T_le_v4SPD16_eabi.lib : copy_zero_init.c.obj (.text:decompress:ZI:__TI_zero_init_nomemset:__TI_zero_init_nomemset)
                  00001c24    0000000e                                   : copy_decompress_none.c.obj (.text:decompress:none:__TI_decompress_none)
                  00001c32    0000000e     startup_msp432p401r_ccs.obj (.text)
                  00001c40    00000004     rtsv7M4_T_le_v4SPD16_eabi.lib : pre_init.c.obj (.text:_system_pre_init)
                  00001c44    00000004                                   : exit.c.obj (.text:abort:abort)

.const     0    00001c48    000000c0     
                  00001c48    00000050     interrupt.obj (.const:g_pulRegs)
                  00001c98    00000020     interrupt.obj (.const:g_pulPriority)
                  00001cb8    0000001c     gpio.obj (.const:GPIO_PORT_TO_INT)
                  00001cd4    00000014     ACC.obj (.const:ACCConfig)
                  00001ce8    00000008     interrupt.obj (.const:g_pulDisRegs)
                  00001cf0    00000008     interrupt.obj (.const:g_pulEnRegs)
                  00001cf8    00000008     interrupt.obj (.const:g_pulPendRegs)
                  00001d00    00000008     interrupt.obj (.const:g_pulUnpendRegs)

.cinit     0    00001d08    00000068     
                  00001d08    0000002f     (.cinit..data.load) [load image, compression = lzss]
                  00001d37    00000001     --HOLE-- [fill = 0]
                  00001d38    0000000c     (__TI_handler_table)
                  00001d44    00000004     --HOLE-- [fill = 0]
                  00001d48    00000008     (.cinit..bss.load) [load image, compression = zero_init]
                  00001d50    00000008     (.cinit..vtable.load) [load image, compression = zero_init]
                  00001d58    00000018     (__TI_cinit_table)

.init_array 
*          0    00000000    00000000     UNINITIALIZED

.binit     0    00000000    00000000     

.vtable    0    20000000    000000e4     UNINITIALIZED
                  20000000    000000e4     interrupt.obj (.vtable)

.sysmem    0    200000e8    00000400     UNINITIALIZED
                  200000e8    00000010     rtsv7M4_T_le_v4SPD16_eabi.lib : memory.c.obj (.sysmem)
                  200000f8    000003f0     --HOLE--

.bss       0    200004e8    00000120     UNINITIALIZED
                  200004e8    00000100     (.common:RxFIFO)
                  200005e8    0000000c     ACC.obj (.bss)
                  200005f4    00000004     (.common:RxFifoLost)
                  200005f8    00000008     (.common:OS_MsTime)
                  20000600    00000004     (.common:RxGetI)
                  20000604    00000004     (.common:RxPutI)

.data      0    20000608    00000034     UNINITIALIZED
                  20000608    00000030     gpio.obj (.data:GPIO_PORT_TO_BASE)
                  20000638    00000004     system_msp432p401r.obj (.data)

.stack     0    2000fe00    00000200     UNINITIALIZED
                  2000fe00    00000004     rtsv7M4_T_le_v4SPD16_eabi.lib : boot_cortex_m.c.obj (.stack)
                  2000fe04    000001fc     --HOLE--

MODULE SUMMARY

       Module                        code   ro data   rw data
       ------                        ----   -------   -------
    .\
       system_msp432p401r.obj        820    0         8      
       ACC.obj                       584    20        24     
       startup_msp432p401r_ccs.obj   14     228       0      
       main.obj                      44     0         0      
    +--+-----------------------------+------+---------+---------+
       Total:                        1462   248       32     
                                                             
    .\Drivers\
       UART1.obj                     420    0         536    
       Timer32.obj                   124    0         16     
    +--+-----------------------------+------+---------+---------+
       Total:                        544    0         552    
                                                             
    .\driverlib\MSP432P4xx\
       i2c.obj                       2352   0         0      
       interrupt.obj                 1008   144       456    
       gpio.obj                      1152   28        96     
       cpu.obj                       62     0         0      
    +--+-----------------------------+------+---------+---------+
       Total:                        4574   172       552    
                                                             
    C:\ti\ccs930\ccs\tools\compiler\ti-cgt-arm_18.12.4.LTS\lib\rtsv7M4_T_le_v4SPD16_eabi.lib
       memcpy_t2.asm.obj             156    0         0      
       copy_decompress_lzss.c.obj    104    0         0      
       autoinit.c.obj                68     0         0      
       boot_cortex_m.c.obj           52     0         0      
       copy_zero_init.c.obj          28     0         0      
       copy_decompress_none.c.obj    14     0         0      
       exit.c.obj                    4      0         0      
       pre_init.c.obj                4      0         0      
    +--+-----------------------------+------+---------+---------+
       Total:                        430    0         0      
                                                             
       Heap:                         0      0         2048   
       Stack:                        0      0         1024   
       Linker Generated:             0      99        0      
    +--+-----------------------------+------+---------+---------+
       Grand Total:                  7010   519       4208   


LINKER GENERATED COPY TABLES

__TI_cinit_table @ 00001d58 records: 3, size/record: 8, table size: 24
	.data: load addr=00001d08, load size=0000002f bytes, run addr=20000608, run size=00000034 bytes, compression=lzss
	.bss: load addr=00001d48, load size=00000008 bytes, run addr=200004e8, run size=00000120 bytes, compression=zero_init
	.vtable: load addr=00001d50, load size=00000008 bytes, run addr=20000000, run size=000000e4 bytes, compression=zero_init


LINKER GENERATED HANDLER TABLE

__TI_handler_table @ 00001d38 records: 3, size/record: 4, table size: 12
	index: 0, handler: __TI_zero_init
	index: 1, handler: __TI_decompress_lzss
	index: 2, handler: __TI_decompress_none


GLOBAL SYMBOLS: SORTED ALPHABETICALLY BY Name 

address   name                                       
-------   ----                                       
00001cd4  ACCConfig                                  
00001691  ACC_calc                                   
000016bb  ACC_get_x                                  
000016c3  ACC_get_y                                  
000016cb  ACC_get_z                                  
000015bb  ACC_init                                   
000015b9  ACC_init_spi                               
000016d3  ACC_read_data                              
00001c3f  ADC14_IRQHandler                           
00001c3f  AES256_IRQHandler                          
00001c3f  BusFault_Handler                           
00001c45  C$$EXIT                                    
00001c3f  COMP_E0_IRQHandler                         
00001c3f  COMP_E1_IRQHandler                         
00001b9d  CPU_basepriGet                             
00001b8f  CPU_basepriSet                             
00001b69  CPU_cpsid                                  
00001b7f  CPU_cpsie                                  
00001b75  CPU_primask                                
00001b8b  CPU_wfi                                    
00001c3f  CS_IRQHandler                              
00001c3f  DMA_ERR_IRQHandler                         
00001c3f  DMA_INT0_IRQHandler                        
00001c3f  DMA_INT1_IRQHandler                        
00001c3f  DMA_INT2_IRQHandler                        
00001c3f  DMA_INT3_IRQHandler                        
00001c3f  DebugMon_Handler                           
00001c3f  Default_Handler                            
00001c3f  EUSCIA0_IRQHandler                         
00001c3f  EUSCIA1_IRQHandler                         
00001929  EUSCIA2_IRQHandler                         
00001929  EUSCIA2_IRQHandler                         
00001c3f  EUSCIA3_IRQHandler                         
00001c3f  EUSCIB0_IRQHandler                         
00001c3f  EUSCIB1_IRQHandler                         
00001c3f  EUSCIB2_IRQHandler                         
00001c3f  EUSCIB3_IRQHandler                         
00001c3f  FLCTL_IRQHandler                           
00001c3f  FPU_IRQHandler                             
00000d37  GPIO_clearInterruptFlag                    
00000cf7  GPIO_disableInterrupt                      
00000cd5  GPIO_enableInterrupt                       
00000d8f  GPIO_getEnabledInterruptStatus             
00000ca7  GPIO_getInputPinValue                      
00000d19  GPIO_getInterruptStatus                    
00000d59  GPIO_interruptEdgeSelect                   
00000e4f  GPIO_registerInterrupt                     
00000a4f  GPIO_setAsInputPin                         
00000c03  GPIO_setAsInputPinWithPullDownResistor     
00000c55  GPIO_setAsInputPinWithPullUpResistor       
00000a15  GPIO_setAsOutputPin                        
00000b19  GPIO_setAsPeripheralModuleFunctionInputPin 
00000a95  GPIO_setAsPeripheralModuleFunctionOutputPin
00000e0b  GPIO_setDriveStrengthHigh                  
00000e2d  GPIO_setDriveStrengthLow                   
00000b9d  GPIO_setOutputHighOnPin                    
00000bbf  GPIO_setOutputLowOnPin                     
00000be1  GPIO_toggleOutputOnPin                     
00000e6f  GPIO_unregisterInterrupt                   
00001c3f  HardFault_Handler                          
000001f9  I2C_bitMask                                
000008cd  I2C_clearInterruptFlag                     
000008b7  I2C_disableInterrupt                       
00000301  I2C_disableModule                          
00000881  I2C_disableMultiMasterMode                 
000008a1  I2C_enableInterrupt                        
000002eb  I2C_enableModule                           
00000861  I2C_enableMultiMasterMode                  
0000023b  I2C_getByte                                
000008fb  I2C_getEnabledInterruptStatus              
000008e3  I2C_getInterruptStatus                     
0000090b  I2C_getMode                                
00000807  I2C_getReceiveBufferAddressForDMA          
00000815  I2C_getTransmitBufferAddressForDMA         
0000024f  I2C_initMaster                             
000002b1  I2C_initSlave                              
000003a5  I2C_isBusBusy                              
00000835  I2C_masterIsStartSent                      
00000823  I2C_masterIsStopSent                       
0000072d  I2C_masterReceiveMultiByteFinish           
0000076b  I2C_masterReceiveMultiByteFinishWithTimeout
00000715  I2C_masterReceiveMultiByteNext             
000007c9  I2C_masterReceiveMultiByteStop             
000007dd  I2C_masterReceiveSingle                    
00000347  I2C_masterReceiveSingleByte                
000006fb  I2C_masterReceiveStart                     
000005d9  I2C_masterSendMultiByteFinish              
00000629  I2C_masterSendMultiByteFinishWithTimeout   
0000056f  I2C_masterSendMultiByteNext                
0000059b  I2C_masterSendMultiByteNextWithTimeout     
000004c5  I2C_masterSendMultiByteStart               
00000513  I2C_masterSendMultiByteStartWithTimeout    
00000695  I2C_masterSendMultiByteStop                
000006bf  I2C_masterSendMultiByteStopWithTimeout     
000003bd  I2C_masterSendSingleByte                   
00000435  I2C_masterSendSingleByteWithTimeout        
0000084d  I2C_masterSendStart                        
00000115  I2C_readRegister                           
0000019d  I2C_readRegister2                          
00000921  I2C_registerInterrupt                      
0000032b  I2C_setMode                                
00000317  I2C_setSlaveAddress                        
00000391  I2C_slaveGetData                           
0000037b  I2C_slavePutData                           
000009e3  I2C_slaveSendNAK                           
00000987  I2C_unregisterInterrupt                    
000000e5  I2C_writeRegister                          
0000016d  I2C_writeRegister2                         
00001057  Interrupt_disableInterrupt                 
00000ea7  Interrupt_disableMaster                    
00001255  Interrupt_disableSleepOnIsrExit            
00000fe5  Interrupt_enableInterrupt                  
00000e97  Interrupt_enableMaster                     
00001243  Interrupt_enableSleepOnIsrExit             
00000fbf  Interrupt_getPriority                      
00000f37  Interrupt_getPriorityGrouping              
00001223  Interrupt_getPriorityMask                  
0000123d  Interrupt_getVectorTableAddress            
000010c9  Interrupt_isEnabled                        
00001155  Interrupt_pendInterrupt                    
00000eb7  Interrupt_registerInterrupt                
00000f6f  Interrupt_setPriority                      
00000f1d  Interrupt_setPriorityGrouping              
00001213  Interrupt_setPriorityMask                  
0000122d  Interrupt_setVectorTableAddress            
000011c5  Interrupt_unpendInterrupt                  
00000f09  Interrupt_unregisterInterrupt              
00001c3f  MemManage_Handler                          
00001c3f  NMI_Handler                                
200005f8  OS_MsTime                                  
00001c3f  PCM_IRQHandler                             
00001c3f  PORT1_IRQHandler                           
00001c3f  PORT2_IRQHandler                           
00001c3f  PORT3_IRQHandler                           
00001c3f  PORT4_IRQHandler                           
00001c3f  PORT5_IRQHandler                           
00001c3f  PORT6_IRQHandler                           
00001c3f  PSS_IRQHandler                             
00001c3f  PendSV_Handler                             
00001c3f  RTC_C_IRQHandler                           
00001c33  Reset_Handler                              
200004e8  RxFIFO                                     
200005f4  RxFifoLost                                 
00001859  RxFifo_Get                                 
00001801  RxFifo_Init                                
00001813  RxFifo_Put                                 
20000600  RxGetI                                     
20000604  RxPutI                                     
00001c3f  SVC_Handler                                
00001c3f  SysTick_Handler                            
20000638  SystemCoreClock                            
00001285  SystemCoreClockUpdate                      
000014fd  SystemInit                                 
00001a7f  T32_INT1_IRQHandler                        
00001a7f  T32_INT1_IRQHandler                        
00001c3f  T32_INT2_IRQHandler                        
00001c3f  T32_INTC_IRQHandler                        
00001c3f  TA0_0_IRQHandler                           
00001c3f  TA0_N_IRQHandler                           
00001c3f  TA1_0_IRQHandler                           
00001c3f  TA1_N_IRQHandler                           
00001c3f  TA2_0_IRQHandler                           
00001c3f  TA2_N_IRQHandler                           
00001c3f  TA3_0_IRQHandler                           
00001c3f  TA3_N_IRQHandler                           
00001a41  Timer32Init                                
00001a73  Timer32Stop                                
0000195d  UART1_FinishOutput                         
000018fb  UART1_InChar                               
0000188f  UART1_InStatus                             
0000189f  UART1_Init                                 
0000190d  UART1_OutChar                              
0000193f  UART1_OutString                            
00001c3f  UsageFault_Handler                         
4000480c  WDTCTL_SYM                                 
00001c3f  WDT_A_IRQHandler                           
20010000  __STACK_END                                
00000200  __STACK_SIZE                               
00000400  __SYSMEM_SIZE                              
00001d58  __TI_CINIT_Base                            
00001d70  __TI_CINIT_Limit                           
00001d38  __TI_Handler_Table_Base                    
00001d44  __TI_Handler_Table_Limit                   
00001b25  __TI_auto_init_nobinit_nopinit             
00001abd  __TI_decompress_lzss                       
00001c25  __TI_decompress_none                       
ffffffff  __TI_pprof_out_hndl                        
ffffffff  __TI_prof_data_size                        
ffffffff  __TI_prof_data_start                       
00000000  __TI_static_base__                         
00001c09  __TI_zero_init_nomemset                    
000019a5  __aeabi_memcpy                             
000019a5  __aeabi_memcpy4                            
000019a5  __aeabi_memcpy8                            
ffffffff  __binit__                                  
ffffffff  __c_args__                                 
UNDEFED   __mpu_init                                 
2000fe00  __stack                                    
00001ba9  _c_int00_noargs                            
200000e8  _sys_memory                                
UNDEFED   _system_post_cinit                         
00001c41  _system_pre_init                           
00001c45  abort                                      
ffffffff  binit                                      
20000000  g_pfnRAMVectors                            
00001aa1  getOS_MsTime                               
00000000  interruptVectors                           
00001bdf  main                                       
000019a5  memcpy                                     
00001bdd  readBLE                                    


GLOBAL SYMBOLS: SORTED BY Symbol Address 

address   name                                       
-------   ----                                       
00000000  __TI_static_base__                         
00000000  interruptVectors                           
000000e5  I2C_writeRegister                          
00000115  I2C_readRegister                           
0000016d  I2C_writeRegister2                         
0000019d  I2C_readRegister2                          
000001f9  I2C_bitMask                                
00000200  __STACK_SIZE                               
0000023b  I2C_getByte                                
0000024f  I2C_initMaster                             
000002b1  I2C_initSlave                              
000002eb  I2C_enableModule                           
00000301  I2C_disableModule                          
00000317  I2C_setSlaveAddress                        
0000032b  I2C_setMode                                
00000347  I2C_masterReceiveSingleByte                
0000037b  I2C_slavePutData                           
00000391  I2C_slaveGetData                           
000003a5  I2C_isBusBusy                              
000003bd  I2C_masterSendSingleByte                   
00000400  __SYSMEM_SIZE                              
00000435  I2C_masterSendSingleByteWithTimeout        
000004c5  I2C_masterSendMultiByteStart               
00000513  I2C_masterSendMultiByteStartWithTimeout    
0000056f  I2C_masterSendMultiByteNext                
0000059b  I2C_masterSendMultiByteNextWithTimeout     
000005d9  I2C_masterSendMultiByteFinish              
00000629  I2C_masterSendMultiByteFinishWithTimeout   
00000695  I2C_masterSendMultiByteStop                
000006bf  I2C_masterSendMultiByteStopWithTimeout     
000006fb  I2C_masterReceiveStart                     
00000715  I2C_masterReceiveMultiByteNext             
0000072d  I2C_masterReceiveMultiByteFinish           
0000076b  I2C_masterReceiveMultiByteFinishWithTimeout
000007c9  I2C_masterReceiveMultiByteStop             
000007dd  I2C_masterReceiveSingle                    
00000807  I2C_getReceiveBufferAddressForDMA          
00000815  I2C_getTransmitBufferAddressForDMA         
00000823  I2C_masterIsStopSent                       
00000835  I2C_masterIsStartSent                      
0000084d  I2C_masterSendStart                        
00000861  I2C_enableMultiMasterMode                  
00000881  I2C_disableMultiMasterMode                 
000008a1  I2C_enableInterrupt                        
000008b7  I2C_disableInterrupt                       
000008cd  I2C_clearInterruptFlag                     
000008e3  I2C_getInterruptStatus                     
000008fb  I2C_getEnabledInterruptStatus              
0000090b  I2C_getMode                                
00000921  I2C_registerInterrupt                      
00000987  I2C_unregisterInterrupt                    
000009e3  I2C_slaveSendNAK                           
00000a15  GPIO_setAsOutputPin                        
00000a4f  GPIO_setAsInputPin                         
00000a95  GPIO_setAsPeripheralModuleFunctionOutputPin
00000b19  GPIO_setAsPeripheralModuleFunctionInputPin 
00000b9d  GPIO_setOutputHighOnPin                    
00000bbf  GPIO_setOutputLowOnPin                     
00000be1  GPIO_toggleOutputOnPin                     
00000c03  GPIO_setAsInputPinWithPullDownResistor     
00000c55  GPIO_setAsInputPinWithPullUpResistor       
00000ca7  GPIO_getInputPinValue                      
00000cd5  GPIO_enableInterrupt                       
00000cf7  GPIO_disableInterrupt                      
00000d19  GPIO_getInterruptStatus                    
00000d37  GPIO_clearInterruptFlag                    
00000d59  GPIO_interruptEdgeSelect                   
00000d8f  GPIO_getEnabledInterruptStatus             
00000e0b  GPIO_setDriveStrengthHigh                  
00000e2d  GPIO_setDriveStrengthLow                   
00000e4f  GPIO_registerInterrupt                     
00000e6f  GPIO_unregisterInterrupt                   
00000e97  Interrupt_enableMaster                     
00000ea7  Interrupt_disableMaster                    
00000eb7  Interrupt_registerInterrupt                
00000f09  Interrupt_unregisterInterrupt              
00000f1d  Interrupt_setPriorityGrouping              
00000f37  Interrupt_getPriorityGrouping              
00000f6f  Interrupt_setPriority                      
00000fbf  Interrupt_getPriority                      
00000fe5  Interrupt_enableInterrupt                  
00001057  Interrupt_disableInterrupt                 
000010c9  Interrupt_isEnabled                        
00001155  Interrupt_pendInterrupt                    
000011c5  Interrupt_unpendInterrupt                  
00001213  Interrupt_setPriorityMask                  
00001223  Interrupt_getPriorityMask                  
0000122d  Interrupt_setVectorTableAddress            
0000123d  Interrupt_getVectorTableAddress            
00001243  Interrupt_enableSleepOnIsrExit             
00001255  Interrupt_disableSleepOnIsrExit            
00001285  SystemCoreClockUpdate                      
000014fd  SystemInit                                 
000015b9  ACC_init_spi                               
000015bb  ACC_init                                   
00001691  ACC_calc                                   
000016bb  ACC_get_x                                  
000016c3  ACC_get_y                                  
000016cb  ACC_get_z                                  
000016d3  ACC_read_data                              
00001801  RxFifo_Init                                
00001813  RxFifo_Put                                 
00001859  RxFifo_Get                                 
0000188f  UART1_InStatus                             
0000189f  UART1_Init                                 
000018fb  UART1_InChar                               
0000190d  UART1_OutChar                              
00001929  EUSCIA2_IRQHandler                         
00001929  EUSCIA2_IRQHandler                         
0000193f  UART1_OutString                            
0000195d  UART1_FinishOutput                         
000019a5  __aeabi_memcpy                             
000019a5  __aeabi_memcpy4                            
000019a5  __aeabi_memcpy8                            
000019a5  memcpy                                     
00001a41  Timer32Init                                
00001a73  Timer32Stop                                
00001a7f  T32_INT1_IRQHandler                        
00001a7f  T32_INT1_IRQHandler                        
00001aa1  getOS_MsTime                               
00001abd  __TI_decompress_lzss                       
00001b25  __TI_auto_init_nobinit_nopinit             
00001b69  CPU_cpsid                                  
00001b75  CPU_primask                                
00001b7f  CPU_cpsie                                  
00001b8b  CPU_wfi                                    
00001b8f  CPU_basepriSet                             
00001b9d  CPU_basepriGet                             
00001ba9  _c_int00_noargs                            
00001bdd  readBLE                                    
00001bdf  main                                       
00001c09  __TI_zero_init_nomemset                    
00001c25  __TI_decompress_none                       
00001c33  Reset_Handler                              
00001c3f  ADC14_IRQHandler                           
00001c3f  AES256_IRQHandler                          
00001c3f  BusFault_Handler                           
00001c3f  COMP_E0_IRQHandler                         
00001c3f  COMP_E1_IRQHandler                         
00001c3f  CS_IRQHandler                              
00001c3f  DMA_ERR_IRQHandler                         
00001c3f  DMA_INT0_IRQHandler                        
00001c3f  DMA_INT1_IRQHandler                        
00001c3f  DMA_INT2_IRQHandler                        
00001c3f  DMA_INT3_IRQHandler                        
00001c3f  DebugMon_Handler                           
00001c3f  Default_Handler                            
00001c3f  EUSCIA0_IRQHandler                         
00001c3f  EUSCIA1_IRQHandler                         
00001c3f  EUSCIA3_IRQHandler                         
00001c3f  EUSCIB0_IRQHandler                         
00001c3f  EUSCIB1_IRQHandler                         
00001c3f  EUSCIB2_IRQHandler                         
00001c3f  EUSCIB3_IRQHandler                         
00001c3f  FLCTL_IRQHandler                           
00001c3f  FPU_IRQHandler                             
00001c3f  HardFault_Handler                          
00001c3f  MemManage_Handler                          
00001c3f  NMI_Handler                                
00001c3f  PCM_IRQHandler                             
00001c3f  PORT1_IRQHandler                           
00001c3f  PORT2_IRQHandler                           
00001c3f  PORT3_IRQHandler                           
00001c3f  PORT4_IRQHandler                           
00001c3f  PORT5_IRQHandler                           
00001c3f  PORT6_IRQHandler                           
00001c3f  PSS_IRQHandler                             
00001c3f  PendSV_Handler                             
00001c3f  RTC_C_IRQHandler                           
00001c3f  SVC_Handler                                
00001c3f  SysTick_Handler                            
00001c3f  T32_INT2_IRQHandler                        
00001c3f  T32_INTC_IRQHandler                        
00001c3f  TA0_0_IRQHandler                           
00001c3f  TA0_N_IRQHandler                           
00001c3f  TA1_0_IRQHandler                           
00001c3f  TA1_N_IRQHandler                           
00001c3f  TA2_0_IRQHandler                           
00001c3f  TA2_N_IRQHandler                           
00001c3f  TA3_0_IRQHandler                           
00001c3f  TA3_N_IRQHandler                           
00001c3f  UsageFault_Handler                         
00001c3f  WDT_A_IRQHandler                           
00001c41  _system_pre_init                           
00001c45  C$$EXIT                                    
00001c45  abort                                      
00001cd4  ACCConfig                                  
00001d38  __TI_Handler_Table_Base                    
00001d44  __TI_Handler_Table_Limit                   
00001d58  __TI_CINIT_Base                            
00001d70  __TI_CINIT_Limit                           
20000000  g_pfnRAMVectors                            
200000e8  _sys_memory                                
200004e8  RxFIFO                                     
200005f4  RxFifoLost                                 
200005f8  OS_MsTime                                  
20000600  RxGetI                                     
20000604  RxPutI                                     
20000638  SystemCoreClock                            
2000fe00  __stack                                    
20010000  __STACK_END                                
4000480c  WDTCTL_SYM                                 
ffffffff  __TI_pprof_out_hndl                        
ffffffff  __TI_prof_data_size                        
ffffffff  __TI_prof_data_start                       
ffffffff  __binit__                                  
ffffffff  __c_args__                                 
ffffffff  binit                                      
UNDEFED   __mpu_init                                 
UNDEFED   _system_post_cinit                         

[210 symbols]
