******************************************************************************
                  TI ARM Linker PC v18.12.4                    
******************************************************************************
>> Linked Mon Apr 20 10:07:19 2020

OUTPUT FILE NAME:   <Self Monitor Stress System v2.out>
ENTRY POINT SYMBOL: "_c_int00_noargs"  address: 00002f81


MEMORY CONFIGURATION

         name            origin    length      used     unused   attr    fill
----------------------  --------  ---------  --------  --------  ----  --------
  MAIN                  00000000   00040000  000032f0  0003cd10  R  X
  INFO                  00200000   00004000  00000000  00004000  R  X
  SRAM_CODE             01000000   00010000  00000bfc  0000f404  RW X
  SRAM_DATA             20000000   00010000  00000bfc  0000f404  RW  


SEGMENT ALLOCATION MAP

run origin  load origin   length   init length attrs members
----------  ----------- ---------- ----------- ----- -------
00000000    00000000    000032f0   000032f0    r-x
  00000000    00000000    000000e4   000000e4    r-- .intvecs
  000000e4    000000e4    00003084   00003084    r-x .text
  00003168    00003168    000000c0   000000c0    r-- .const
  00003228    00003228    000000c8   000000c8    r-- .cinit
20000000    20000000    00000a00   00000000    rw-
  20000000    20000000    000000e4   00000000    rw- .vtable
  200000e8    200000e8    00000400   00000000    rw- .sysmem
  200004e8    200004e8    000002f4   00000000    rw- .bss
  200007dc    200007dc    00000224   00000000    rw- .data
2000fe00    2000fe00    00000200   00000000    rw-
  2000fe00    2000fe00    00000200   00000000    rw- .stack


SECTION ALLOCATION MAP

 output                                  attributes/
section   page    origin      length       input sections
--------  ----  ----------  ----------   ----------------
.intvecs   0    00000000    000000e4     
                  00000000    000000e4     startup_msp432p401r_ccs.obj (.intvecs:retain)

.text      0    000000e4    00003084     
                  000000e4    00000930     i2c.obj (.text)
                  00000a14    000006e4     UART0.obj (.text)
                  000010f8    00000480     gpio.obj (.text)
                  00001578    000003f0     interrupt.obj (.text)
                  00001968    00000334     system_msp432p401r.obj (.text)
                  00001c9c    00000244     ACC.obj (.text)
                  00001ee0    000001a4     UART1.obj (.text)
                  00002084    00000118     rtsv7M4_T_le_v4SPD16_eabi.lib : memory.c.obj (.text:aligned_alloc)
                  0000219c    0000010c                                   : fopen.c.obj (.text:_openfile)
                  000022a8    000000e4                                   : memory.c.obj (.text:free)
                  0000238c    000000dc                                   : setvbuf.c.obj (.text:setvbuf)
                  00002468    000000cc     adc.obj (.text)
                  00002534    000000bc     rtsv7M4_T_le_v4SPD16_eabi.lib : open.c.obj (.text:open)
                  000025f0    000000b8                                   : add_device.c.obj (.text:add_device)
                  000026a8    0000009c                                   : fopen.c.obj (.text:fopen)
                  00002744    0000009c                                   : memcpy_t2.asm.obj (.text)
                  000027e0    0000007c     Timer32.obj (.text)
                  0000285c    0000007a     rtsv7M4_T_le_v4SPD16_eabi.lib : memset_t2.asm.obj (.text)
                  000028d6    00000002                                   : _lock.c.obj (.text:_nop)
                  000028d8    00000074                                   : fclose.c.obj (.text:__TI_closefile)
                  0000294c    00000070                                   : memory.c.obj (.text:split)
                  000029bc    0000006c                                   : hostrename.c.obj (.text:HOSTrename)
                  00002a28    00000068                                   : hostlseek.c.obj (.text:HOSTlseek)
                  00002a90    00000068                                   : copy_decompress_lzss.c.obj (.text:decompress:lzss:__TI_decompress_lzss)
                  00002af8    00000060                                   : hostopen.c.obj (.text:HOSTopen)
                  00002b58    00000060     main.obj (.text)
                  00002bb8    0000005c     rtsv7M4_T_le_v4SPD16_eabi.lib : close.c.obj (.text:close)
                  00002c14    00000058                                   : hostread.c.obj (.text:HOSTread)
                  00002c6c    00000058                                   : hostwrite.c.obj (.text:HOSTwrite)
                  00002cc4    0000004c                                   : fflush.c.obj (.text:__TI_doflush)
                  00002d10    00000048                                   : exit.c.obj (.text:exit)
                  00002d58    00000044                                   : hostclose.c.obj (.text:HOSTclose)
                  00002d9c    00000044                                   : hostunlink.c.obj (.text:HOSTunlink)
                  00002de0    00000044                                   : autoinit.c.obj (.text:__TI_auto_init_nobinit_nopinit:__TI_auto_init_nobinit_nopinit)
                  00002e24    00000044                                   : getdevice.c.obj (.text:getdevice)
                  00002e68    0000003e     cpu.obj (.text)
                  00002ea6    00000002     --HOLE-- [fill = 0]
                  00002ea8    00000038     rtsv7M4_T_le_v4SPD16_eabi.lib : trgmsg.c.obj (.text:__TI_writemsg)
                  00002ee0    00000036                                   : strncpy.c.obj (.text:strncpy)
                  00002f16    00000002     --HOLE-- [fill = 0]
                  00002f18    00000034                                   : fopen.c.obj (.text:__TI_cleanup)
                  00002f4c    00000034                                   : trgmsg.c.obj (.text:__TI_readmsg)
                  00002f80    00000034                                   : boot_cortex_m.c.obj (.text:_c_int00_noargs:_c_int00_noargs)
                  00002fb4    00000034                                   : fopen.c.obj (.text:freopen)
                  00002fe8    00000030                                   : getdevice.c.obj (.text:finddevice)
                  00003018    0000002c                                   : unlink.c.obj (.text:unlink)
                  00003044    00000028                                   : memory.c.obj (.text:free_list_insert)
                  0000306c    00000028                                   : write.c.obj (.text:write)
                  00003094    0000001c                                   : copy_zero_init.c.obj (.text:decompress:ZI:__TI_zero_init_nomemset:__TI_zero_init_nomemset)
                  000030b0    0000001c                                   : memory.c.obj (.text:free_list_remove)
                  000030cc    0000001a     GSR.obj (.text)
                  000030e6    00000018     rtsv7M4_T_le_v4SPD16_eabi.lib : strcmp.c.obj (.text:strcmp)
                  000030fe    00000016                                   : strchr.c.obj (.text:strchr)
                  00003114    00000014                                   : strcpy.c.obj (.text:strcpy)
                  00003128    00000014                                   : strlen.c.obj (.text:strlen)
                  0000313c    0000000e                                   : copy_decompress_none.c.obj (.text:decompress:none:__TI_decompress_none)
                  0000314a    0000000e     startup_msp432p401r_ccs.obj (.text)
                  00003158    00000008     rtsv7M4_T_le_v4SPD16_eabi.lib : memory.c.obj (.text:malloc)
                  00003160    00000004                                   : pre_init.c.obj (.text:_system_pre_init)
                  00003164    00000004                                   : exit.c.obj (.text:abort:abort)

.const     0    00003168    000000c0     
                  00003168    00000050     interrupt.obj (.const:g_pulRegs)
                  000031b8    00000020     interrupt.obj (.const:g_pulPriority)
                  000031d8    0000001c     gpio.obj (.const:GPIO_PORT_TO_INT)
                  000031f4    00000014     ACC.obj (.const:ACCConfig)
                  00003208    00000008     interrupt.obj (.const:g_pulDisRegs)
                  00003210    00000008     interrupt.obj (.const:g_pulEnRegs)
                  00003218    00000008     interrupt.obj (.const:g_pulPendRegs)
                  00003220    00000008     interrupt.obj (.const:g_pulUnpendRegs)

.cinit     0    00003228    000000c8     
                  00003228    00000092     (.cinit..data.load) [load image, compression = lzss]
                  000032ba    00000002     --HOLE-- [fill = 0]
                  000032bc    0000000c     (__TI_handler_table)
                  000032c8    00000008     (.cinit..bss.load) [load image, compression = zero_init]
                  000032d0    00000008     (.cinit..vtable.load) [load image, compression = zero_init]
                  000032d8    00000018     (__TI_cinit_table)

.init_array 
*          0    00000000    00000000     UNINITIALIZED

.binit     0    00000000    00000000     

.vtable    0    20000000    000000e4     UNINITIALIZED
                  20000000    000000e4     interrupt.obj (.vtable)

.sysmem    0    200000e8    00000400     UNINITIALIZED
                  200000e8    00000010     rtsv7M4_T_le_v4SPD16_eabi.lib : memory.c.obj (.sysmem)
                  200000f8    000003f0     --HOLE--

.bss       0    200004e8    000002f4     UNINITIALIZED
                  200004e8    00000120     rtsv7M4_T_le_v4SPD16_eabi.lib : trgmsg.c.obj (.bss:_CIOBUF_)
                  20000608    00000100     (.common:RxFIFO)
                  20000708    000000a0     (.common:__TI_tmpnams)
                  200007a8    0000000c     ACC.obj (.bss)
                  200007b4    00000008     (.common:Messageb)
                  200007bc    00000004     (.common:Messageindexb)
                  200007c0    00000008     (.common:OS_MsTime)
                  200007c8    00000008     (.common:parmbuf)
                  200007d0    00000004     (.common:RxFifoLost)
                  200007d4    00000004     (.common:RxGetI)
                  200007d8    00000004     (.common:RxPutI)

.data      0    200007dc    00000224     UNINITIALIZED
                  200007dc    000000f0     rtsv7M4_T_le_v4SPD16_eabi.lib : defs.c.obj (.data:_ftable)
                  200008cc    00000078                                   : host_device.c.obj (.data:_device)
                  20000944    00000050                                   : host_device.c.obj (.data:_stream)
                  20000994    00000030     gpio.obj (.data:GPIO_PORT_TO_BASE)
                  200009c4    00000010     rtsv7M4_T_le_v4SPD16_eabi.lib : defs.c.obj (.data)
                  200009d4    0000000c                                   : exit.c.obj (.data:$O1$$)
                  200009e0    00000008                                   : _lock.c.obj (.data:$O1$$)
                  200009e8    00000008                                   : memory.c.obj (.data:$O1$$)
                  200009f0    00000004                                   : add_device.c.obj (.data)
                  200009f4    00000004                                   : fopen.c.obj (.data)
                  200009f8    00000004                                   : open.c.obj (.data)
                  200009fc    00000004     system_msp432p401r.obj (.data)

.stack     0    2000fe00    00000200     UNINITIALIZED
                  2000fe00    00000004     rtsv7M4_T_le_v4SPD16_eabi.lib : boot_cortex_m.c.obj (.stack)
                  2000fe04    000001fc     --HOLE--

MODULE SUMMARY

       Module                        code    ro data   rw data
       ------                        ----    -------   -------
    .\
       system_msp432p401r.obj        820     0         8      
       ACC.obj                       580     20        24     
       startup_msp432p401r_ccs.obj   14      228       0      
       main.obj                      96      0         0      
       GSR.obj                       26      0         0      
    +--+-----------------------------+-------+---------+---------+
       Total:                        1536    248       32     
                                                              
    .\Drivers\
       UART0.obj                     1764    0         24     
       UART1.obj                     420     0         536    
       adc.obj                       204     0         0      
       Timer32.obj                   124     0         16     
    +--+-----------------------------+-------+---------+---------+
       Total:                        2512    0         576    
                                                              
    .\driverlib\MSP432P4xx\
       i2c.obj                       2352    0         0      
       interrupt.obj                 1008    144       456    
       gpio.obj                      1152    28        96     
       cpu.obj                       62      0         0      
    +--+-----------------------------+-------+---------+---------+
       Total:                        4574    172       552    
                                                              
    C:\ti\ccs930\ccs\tools\compiler\ti-cgt-arm_18.12.4.LTS\lib\rtsv7M4_T_le_v4SPD16_eabi.lib
       defs.c.obj                    0       0         832    
       memory.c.obj                  696     0         16     
       trgmsg.c.obj                  108     0         576    
       fopen.c.obj                   528     0         8      
       host_device.c.obj             0       0         400    
       setvbuf.c.obj                 220     0         0      
       open.c.obj                    188     0         8      
       add_device.c.obj              184     0         8      
       memcpy_t2.asm.obj             156     0         0      
       memset_t2.asm.obj             122     0         0      
       fclose.c.obj                  116     0         0      
       getdevice.c.obj               116     0         0      
       hostopen.c.obj                96      0         16     
       hostrename.c.obj              108     0         0      
       copy_decompress_lzss.c.obj    104     0         0      
       hostlseek.c.obj               104     0         0      
       exit.c.obj                    76      0         24     
       close.c.obj                   92      0         0      
       hostread.c.obj                88      0         0      
       hostwrite.c.obj               88      0         0      
       fflush.c.obj                  76      0         0      
       autoinit.c.obj                68      0         0      
       hostclose.c.obj               68      0         0      
       hostunlink.c.obj              68      0         0      
       strncpy.c.obj                 54      0         0      
       boot_cortex_m.c.obj           52      0         0      
       unlink.c.obj                  44      0         0      
       write.c.obj                   40      0         0      
       copy_zero_init.c.obj          28      0         0      
       strcmp.c.obj                  24      0         0      
       strchr.c.obj                  22      0         0      
       strcpy.c.obj                  20      0         0      
       strlen.c.obj                  20      0         0      
       _lock.c.obj                   2       0         16     
       copy_decompress_none.c.obj    14      0         0      
       pre_init.c.obj                4       0         0      
    +--+-----------------------------+-------+---------+---------+
       Total:                        3794    0         1904   
                                                              
       Heap:                         0       0         2048   
       Stack:                        0       0         1024   
       Linker Generated:             0       198       0      
    +--+-----------------------------+-------+---------+---------+
       Grand Total:                  12416   618       6136   


LINKER GENERATED COPY TABLES

__TI_cinit_table @ 000032d8 records: 3, size/record: 8, table size: 24
	.data: load addr=00003228, load size=00000092 bytes, run addr=200007dc, run size=00000224 bytes, compression=lzss
	.bss: load addr=000032c8, load size=00000008 bytes, run addr=200004e8, run size=000002f4 bytes, compression=zero_init
	.vtable: load addr=000032d0, load size=00000008 bytes, run addr=20000000, run size=000000e4 bytes, compression=zero_init


LINKER GENERATED HANDLER TABLE

__TI_handler_table @ 000032bc records: 3, size/record: 4, table size: 12
	index: 0, handler: __TI_zero_init
	index: 1, handler: __TI_decompress_lzss
	index: 2, handler: __TI_decompress_none


GLOBAL SYMBOLS: SORTED ALPHABETICALLY BY Name 

address   name                                       
-------   ----                                       
000031f4  ACCConfig                                  
00001d73  ACC_calc                                   
00001d9d  ACC_get_x                                  
00001da5  ACC_get_y                                  
00001dad  ACC_get_z                                  
00001c9d  ACC_init                                   
00001db5  ACC_read_data                              
00002469  ADC0_Ch6_Init                              
00003157  ADC14_IRQHandler                           
000024b9  ADC_Ch6_In                                 
000024d9  ADC_Ch6_Samples                            
00003157  AES256_IRQHandler                          
00003157  BusFault_Handler                           
00003165  C$$EXIT                                    
00002ed7  C$$IO$$                                    
00003157  COMP_E0_IRQHandler                         
00003157  COMP_E1_IRQHandler                         
00002e9d  CPU_basepriGet                             
00002e8f  CPU_basepriSet                             
00002e69  CPU_cpsid                                  
00002e7f  CPU_cpsie                                  
00002e75  CPU_primask                                
00002e8b  CPU_wfi                                    
00003157  CS_IRQHandler                              
00003157  DMA_ERR_IRQHandler                         
00003157  DMA_INT0_IRQHandler                        
00003157  DMA_INT1_IRQHandler                        
00003157  DMA_INT2_IRQHandler                        
00003157  DMA_INT3_IRQHandler                        
00003157  DebugMon_Handler                           
00003157  Default_Handler                            
00003157  EUSCIA0_IRQHandler                         
00003157  EUSCIA1_IRQHandler                         
00002009  EUSCIA2_IRQHandler                         
00002009  EUSCIA2_IRQHandler                         
00003157  EUSCIA3_IRQHandler                         
00003157  EUSCIB0_IRQHandler                         
00003157  EUSCIB1_IRQHandler                         
00003157  EUSCIB2_IRQHandler                         
00003157  EUSCIB3_IRQHandler                         
00003157  FLCTL_IRQHandler                           
00003157  FPU_IRQHandler                             
0000141b  GPIO_clearInterruptFlag                    
000013db  GPIO_disableInterrupt                      
000013b9  GPIO_enableInterrupt                       
00001473  GPIO_getEnabledInterruptStatus             
0000138b  GPIO_getInputPinValue                      
000013fd  GPIO_getInterruptStatus                    
0000143d  GPIO_interruptEdgeSelect                   
00001533  GPIO_registerInterrupt                     
00001133  GPIO_setAsInputPin                         
000012e7  GPIO_setAsInputPinWithPullDownResistor     
00001339  GPIO_setAsInputPinWithPullUpResistor       
000010f9  GPIO_setAsOutputPin                        
000011fd  GPIO_setAsPeripheralModuleFunctionInputPin 
00001179  GPIO_setAsPeripheralModuleFunctionOutputPin
000014ef  GPIO_setDriveStrengthHigh                  
00001511  GPIO_setDriveStrengthLow                   
00001281  GPIO_setOutputHighOnPin                    
000012a3  GPIO_setOutputLowOnPin                     
000012c5  GPIO_toggleOutputOnPin                     
00001553  GPIO_unregisterInterrupt                   
000030cd  GSR_Init                                   
000030d5  GSR_Read_Data                              
00002d59  HOSTclose                                  
00002a29  HOSTlseek                                  
00002af9  HOSTopen                                   
00002c15  HOSTread                                   
000029bd  HOSTrename                                 
00002d9d  HOSTunlink                                 
00002c6d  HOSTwrite                                  
00003157  HardFault_Handler                          
000001f9  I2C_bitMask                                
000008cd  I2C_clearInterruptFlag                     
000008b7  I2C_disableInterrupt                       
00000301  I2C_disableModule                          
00000881  I2C_disableMultiMasterMode                 
000008a1  I2C_enableInterrupt                        
000002eb  I2C_enableModule                           
00000861  I2C_enableMultiMasterMode                  
0000023b  I2C_getByte                                
000008fb  I2C_getEnabledInterruptStatus              
000008e3  I2C_getInterruptStatus                     
0000090b  I2C_getMode                                
00000807  I2C_getReceiveBufferAddressForDMA          
00000815  I2C_getTransmitBufferAddressForDMA         
0000024f  I2C_initMaster                             
000002b1  I2C_initSlave                              
000003a5  I2C_isBusBusy                              
00000835  I2C_masterIsStartSent                      
00000823  I2C_masterIsStopSent                       
0000072d  I2C_masterReceiveMultiByteFinish           
0000076b  I2C_masterReceiveMultiByteFinishWithTimeout
00000715  I2C_masterReceiveMultiByteNext             
000007c9  I2C_masterReceiveMultiByteStop             
000007dd  I2C_masterReceiveSingle                    
00000347  I2C_masterReceiveSingleByte                
000006fb  I2C_masterReceiveStart                     
000005d9  I2C_masterSendMultiByteFinish              
00000629  I2C_masterSendMultiByteFinishWithTimeout   
0000056f  I2C_masterSendMultiByteNext                
0000059b  I2C_masterSendMultiByteNextWithTimeout     
000004c5  I2C_masterSendMultiByteStart               
00000513  I2C_masterSendMultiByteStartWithTimeout    
00000695  I2C_masterSendMultiByteStop                
000006bf  I2C_masterSendMultiByteStopWithTimeout     
000003bd  I2C_masterSendSingleByte                   
00000435  I2C_masterSendSingleByteWithTimeout        
0000084d  I2C_masterSendStart                        
00000115  I2C_readRegister                           
0000019d  I2C_readRegister2                          
00000921  I2C_registerInterrupt                      
0000032b  I2C_setMode                                
00000317  I2C_setSlaveAddress                        
00000391  I2C_slaveGetData                           
0000037b  I2C_slavePutData                           
000009e3  I2C_slaveSendNAK                           
00000987  I2C_unregisterInterrupt                    
000000e5  I2C_writeRegister                          
0000016d  I2C_writeRegister2                         
0000173b  Interrupt_disableInterrupt                 
0000158b  Interrupt_disableMaster                    
00001939  Interrupt_disableSleepOnIsrExit            
000016c9  Interrupt_enableInterrupt                  
0000157b  Interrupt_enableMaster                     
00001927  Interrupt_enableSleepOnIsrExit             
000016a3  Interrupt_getPriority                      
0000161b  Interrupt_getPriorityGrouping              
00001907  Interrupt_getPriorityMask                  
00001921  Interrupt_getVectorTableAddress            
000017ad  Interrupt_isEnabled                        
00001839  Interrupt_pendInterrupt                    
0000159b  Interrupt_registerInterrupt                
00001653  Interrupt_setPriority                      
00001601  Interrupt_setPriorityGrouping              
000018f7  Interrupt_setPriorityMask                  
00001911  Interrupt_setVectorTableAddress            
000018a9  Interrupt_unpendInterrupt                  
000015ed  Interrupt_unregisterInterrupt              
00003157  MemManage_Handler                          
200007b4  Messageb                                   
200007bc  Messageindexb                              
00003157  NMI_Handler                                
200007c0  OS_MsTime                                  
00003157  PCM_IRQHandler                             
00003157  PORT1_IRQHandler                           
00003157  PORT2_IRQHandler                           
00003157  PORT3_IRQHandler                           
00003157  PORT4_IRQHandler                           
00003157  PORT5_IRQHandler                           
00003157  PORT6_IRQHandler                           
00003157  PSS_IRQHandler                             
00003157  PendSV_Handler                             
00003157  RTC_C_IRQHandler                           
0000314b  Reset_Handler                              
20000608  RxFIFO                                     
200007d0  RxFifoLost                                 
00001f39  RxFifo_Get                                 
00001ee1  RxFifo_Init                                
00001ef3  RxFifo_Put                                 
200007d4  RxGetI                                     
200007d8  RxPutI                                     
00003157  SVC_Handler                                
00003157  SysTick_Handler                            
200009fc  SystemCoreClock                            
00001969  SystemCoreClockUpdate                      
00001be1  SystemInit                                 
0000281f  T32_INT1_IRQHandler                        
0000281f  T32_INT1_IRQHandler                        
00003157  T32_INT2_IRQHandler                        
00003157  T32_INTC_IRQHandler                        
00003157  TA0_0_IRQHandler                           
00003157  TA0_N_IRQHandler                           
00003157  TA1_0_IRQHandler                           
00003157  TA1_N_IRQHandler                           
00003157  TA2_0_IRQHandler                           
00003157  TA2_N_IRQHandler                           
00003157  TA3_0_IRQHandler                           
00003157  TA3_N_IRQHandler                           
000027e1  Timer32Init                                
00002813  Timer32Stop                                
00000a5b  UART0_InChar                               
00000f09  UART0_InString                             
00000aa5  UART0_InUDec                               
00000dbd  UART0_InUHex                               
00000a15  UART0_Init                                 
0000106b  UART0_Initprintf                           
00000a6b  UART0_OutChar                              
00000b59  UART0_OutDec                               
00000a87  UART0_OutString                            
00000b29  UART0_OutUDec                              
00000ccd  UART0_OutUDec4                             
00000d19  UART0_OutUDec5                             
00000d4b  UART0_OutUFix1                             
00000d73  UART0_OutUFix2                             
00000e81  UART0_OutUHex                              
00000eed  UART0_OutUHex2                             
0000203d  UART1_FinishOutput                         
00001fdb  UART1_InChar                               
00001f6f  UART1_InStatus                             
00001f7f  UART1_Init                                 
00001fed  UART1_OutChar                              
0000201f  UART1_OutString                            
00003157  UsageFault_Handler                         
4000480c  WDTCTL_SYM                                 
00003157  WDT_A_IRQHandler                           
200004e8  __CIOBUF_                                  
20010000  __STACK_END                                
00000200  __STACK_SIZE                               
00000400  __SYSMEM_SIZE                              
000032d8  __TI_CINIT_Base                            
000032f0  __TI_CINIT_Limit                           
000032bc  __TI_Handler_Table_Base                    
000032c8  __TI_Handler_Table_Limit                   
00002de1  __TI_auto_init_nobinit_nopinit             
00002f19  __TI_cleanup                               
200009d4  __TI_cleanup_ptr                           
000028d9  __TI_closefile                             
00002a91  __TI_decompress_lzss                       
0000313d  __TI_decompress_none                       
00002cc5  __TI_doflush                               
200009d8  __TI_dtors_ptr                             
200009dc  __TI_enable_exit_profile_output            
200009c4  __TI_ft_end                                
ffffffff  __TI_pprof_out_hndl                        
ffffffff  __TI_prof_data_size                        
ffffffff  __TI_prof_data_start                       
00002f4d  __TI_readmsg                               
00000000  __TI_static_base__                         
20000708  __TI_tmpnams                               
00002ea9  __TI_writemsg                              
00003095  __TI_zero_init_nomemset                    
0000285d  __aeabi_memclr                             
0000285d  __aeabi_memclr4                            
0000285d  __aeabi_memclr8                            
00002745  __aeabi_memcpy                             
00002745  __aeabi_memcpy4                            
00002745  __aeabi_memcpy8                            
0000285f  __aeabi_memset                             
0000285f  __aeabi_memset4                            
0000285f  __aeabi_memset8                            
200009d0  __aeabi_stderr                             
200009c8  __aeabi_stdin                              
200009cc  __aeabi_stdout                             
ffffffff  __binit__                                  
ffffffff  __c_args__                                 
UNDEFED   __mpu_init                                 
2000fe00  __stack                                    
00002f81  _c_int00_noargs                            
200008cc  _device                                    
200007dc  _ftable                                    
200009e0  _lock                                      
000028d7  _nop                                       
20000944  _stream                                    
200000e8  _sys_memory                                
UNDEFED   _system_post_cinit                         
00003161  _system_pre_init                           
200009e4  _unlock                                    
00003165  abort                                      
000025f1  add_device                                 
00002085  aligned_alloc                              
ffffffff  binit                                      
00002bb9  close                                      
00002d11  exit                                       
00000f9d  ferror                                     
00000f83  fgetc                                      
00002fe9  finddevice                                 
000026a9  fopen                                      
000022a9  free                                       
00002fb5  freopen                                    
20000000  g_pfnRAMVectors                            
00002841  getOS_MsTime                               
00002e25  getdevice                                  
00000000  interruptVectors                           
00002b5b  main                                       
00003159  malloc                                     
00002085  memalign                                   
00002745  memcpy                                     
00002865  memset                                     
00002535  open                                       
00000ec5  outnibble                                  
200007c8  parmbuf                                    
00002b59  readBLE                                    
00003019  remove                                     
0000238d  setvbuf                                    
000030ff  strchr                                     
000030e7  strcmp                                     
00003115  strcpy                                     
00003129  strlen                                     
00002ee1  strncpy                                    
00000fc3  uart_close                                 
00001041  uart_lseek                                 
00000fb3  uart_open                                  
00000fcf  uart_read                                  
0000105d  uart_rename                                
00001051  uart_unlink                                
00000fff  uart_write                                 
00003019  unlink                                     
0000306d  write                                      


GLOBAL SYMBOLS: SORTED BY Symbol Address 

address   name                                       
-------   ----                                       
00000000  __TI_static_base__                         
00000000  interruptVectors                           
000000e5  I2C_writeRegister                          
00000115  I2C_readRegister                           
0000016d  I2C_writeRegister2                         
0000019d  I2C_readRegister2                          
000001f9  I2C_bitMask                                
00000200  __STACK_SIZE                               
0000023b  I2C_getByte                                
0000024f  I2C_initMaster                             
000002b1  I2C_initSlave                              
000002eb  I2C_enableModule                           
00000301  I2C_disableModule                          
00000317  I2C_setSlaveAddress                        
0000032b  I2C_setMode                                
00000347  I2C_masterReceiveSingleByte                
0000037b  I2C_slavePutData                           
00000391  I2C_slaveGetData                           
000003a5  I2C_isBusBusy                              
000003bd  I2C_masterSendSingleByte                   
00000400  __SYSMEM_SIZE                              
00000435  I2C_masterSendSingleByteWithTimeout        
000004c5  I2C_masterSendMultiByteStart               
00000513  I2C_masterSendMultiByteStartWithTimeout    
0000056f  I2C_masterSendMultiByteNext                
0000059b  I2C_masterSendMultiByteNextWithTimeout     
000005d9  I2C_masterSendMultiByteFinish              
00000629  I2C_masterSendMultiByteFinishWithTimeout   
00000695  I2C_masterSendMultiByteStop                
000006bf  I2C_masterSendMultiByteStopWithTimeout     
000006fb  I2C_masterReceiveStart                     
00000715  I2C_masterReceiveMultiByteNext             
0000072d  I2C_masterReceiveMultiByteFinish           
0000076b  I2C_masterReceiveMultiByteFinishWithTimeout
000007c9  I2C_masterReceiveMultiByteStop             
000007dd  I2C_masterReceiveSingle                    
00000807  I2C_getReceiveBufferAddressForDMA          
00000815  I2C_getTransmitBufferAddressForDMA         
00000823  I2C_masterIsStopSent                       
00000835  I2C_masterIsStartSent                      
0000084d  I2C_masterSendStart                        
00000861  I2C_enableMultiMasterMode                  
00000881  I2C_disableMultiMasterMode                 
000008a1  I2C_enableInterrupt                        
000008b7  I2C_disableInterrupt                       
000008cd  I2C_clearInterruptFlag                     
000008e3  I2C_getInterruptStatus                     
000008fb  I2C_getEnabledInterruptStatus              
0000090b  I2C_getMode                                
00000921  I2C_registerInterrupt                      
00000987  I2C_unregisterInterrupt                    
000009e3  I2C_slaveSendNAK                           
00000a15  UART0_Init                                 
00000a5b  UART0_InChar                               
00000a6b  UART0_OutChar                              
00000a87  UART0_OutString                            
00000aa5  UART0_InUDec                               
00000b29  UART0_OutUDec                              
00000b59  UART0_OutDec                               
00000ccd  UART0_OutUDec4                             
00000d19  UART0_OutUDec5                             
00000d4b  UART0_OutUFix1                             
00000d73  UART0_OutUFix2                             
00000dbd  UART0_InUHex                               
00000e81  UART0_OutUHex                              
00000ec5  outnibble                                  
00000eed  UART0_OutUHex2                             
00000f09  UART0_InString                             
00000f83  fgetc                                      
00000f9d  ferror                                     
00000fb3  uart_open                                  
00000fc3  uart_close                                 
00000fcf  uart_read                                  
00000fff  uart_write                                 
00001041  uart_lseek                                 
00001051  uart_unlink                                
0000105d  uart_rename                                
0000106b  UART0_Initprintf                           
000010f9  GPIO_setAsOutputPin                        
00001133  GPIO_setAsInputPin                         
00001179  GPIO_setAsPeripheralModuleFunctionOutputPin
000011fd  GPIO_setAsPeripheralModuleFunctionInputPin 
00001281  GPIO_setOutputHighOnPin                    
000012a3  GPIO_setOutputLowOnPin                     
000012c5  GPIO_toggleOutputOnPin                     
000012e7  GPIO_setAsInputPinWithPullDownResistor     
00001339  GPIO_setAsInputPinWithPullUpResistor       
0000138b  GPIO_getInputPinValue                      
000013b9  GPIO_enableInterrupt                       
000013db  GPIO_disableInterrupt                      
000013fd  GPIO_getInterruptStatus                    
0000141b  GPIO_clearInterruptFlag                    
0000143d  GPIO_interruptEdgeSelect                   
00001473  GPIO_getEnabledInterruptStatus             
000014ef  GPIO_setDriveStrengthHigh                  
00001511  GPIO_setDriveStrengthLow                   
00001533  GPIO_registerInterrupt                     
00001553  GPIO_unregisterInterrupt                   
0000157b  Interrupt_enableMaster                     
0000158b  Interrupt_disableMaster                    
0000159b  Interrupt_registerInterrupt                
000015ed  Interrupt_unregisterInterrupt              
00001601  Interrupt_setPriorityGrouping              
0000161b  Interrupt_getPriorityGrouping              
00001653  Interrupt_setPriority                      
000016a3  Interrupt_getPriority                      
000016c9  Interrupt_enableInterrupt                  
0000173b  Interrupt_disableInterrupt                 
000017ad  Interrupt_isEnabled                        
00001839  Interrupt_pendInterrupt                    
000018a9  Interrupt_unpendInterrupt                  
000018f7  Interrupt_setPriorityMask                  
00001907  Interrupt_getPriorityMask                  
00001911  Interrupt_setVectorTableAddress            
00001921  Interrupt_getVectorTableAddress            
00001927  Interrupt_enableSleepOnIsrExit             
00001939  Interrupt_disableSleepOnIsrExit            
00001969  SystemCoreClockUpdate                      
00001be1  SystemInit                                 
00001c9d  ACC_init                                   
00001d73  ACC_calc                                   
00001d9d  ACC_get_x                                  
00001da5  ACC_get_y                                  
00001dad  ACC_get_z                                  
00001db5  ACC_read_data                              
00001ee1  RxFifo_Init                                
00001ef3  RxFifo_Put                                 
00001f39  RxFifo_Get                                 
00001f6f  UART1_InStatus                             
00001f7f  UART1_Init                                 
00001fdb  UART1_InChar                               
00001fed  UART1_OutChar                              
00002009  EUSCIA2_IRQHandler                         
00002009  EUSCIA2_IRQHandler                         
0000201f  UART1_OutString                            
0000203d  UART1_FinishOutput                         
00002085  aligned_alloc                              
00002085  memalign                                   
000022a9  free                                       
0000238d  setvbuf                                    
00002469  ADC0_Ch6_Init                              
000024b9  ADC_Ch6_In                                 
000024d9  ADC_Ch6_Samples                            
00002535  open                                       
000025f1  add_device                                 
000026a9  fopen                                      
00002745  __aeabi_memcpy                             
00002745  __aeabi_memcpy4                            
00002745  __aeabi_memcpy8                            
00002745  memcpy                                     
000027e1  Timer32Init                                
00002813  Timer32Stop                                
0000281f  T32_INT1_IRQHandler                        
0000281f  T32_INT1_IRQHandler                        
00002841  getOS_MsTime                               
0000285d  __aeabi_memclr                             
0000285d  __aeabi_memclr4                            
0000285d  __aeabi_memclr8                            
0000285f  __aeabi_memset                             
0000285f  __aeabi_memset4                            
0000285f  __aeabi_memset8                            
00002865  memset                                     
000028d7  _nop                                       
000028d9  __TI_closefile                             
000029bd  HOSTrename                                 
00002a29  HOSTlseek                                  
00002a91  __TI_decompress_lzss                       
00002af9  HOSTopen                                   
00002b59  readBLE                                    
00002b5b  main                                       
00002bb9  close                                      
00002c15  HOSTread                                   
00002c6d  HOSTwrite                                  
00002cc5  __TI_doflush                               
00002d11  exit                                       
00002d59  HOSTclose                                  
00002d9d  HOSTunlink                                 
00002de1  __TI_auto_init_nobinit_nopinit             
00002e25  getdevice                                  
00002e69  CPU_cpsid                                  
00002e75  CPU_primask                                
00002e7f  CPU_cpsie                                  
00002e8b  CPU_wfi                                    
00002e8f  CPU_basepriSet                             
00002e9d  CPU_basepriGet                             
00002ea9  __TI_writemsg                              
00002ed7  C$$IO$$                                    
00002ee1  strncpy                                    
00002f19  __TI_cleanup                               
00002f4d  __TI_readmsg                               
00002f81  _c_int00_noargs                            
00002fb5  freopen                                    
00002fe9  finddevice                                 
00003019  remove                                     
00003019  unlink                                     
0000306d  write                                      
00003095  __TI_zero_init_nomemset                    
000030cd  GSR_Init                                   
000030d5  GSR_Read_Data                              
000030e7  strcmp                                     
000030ff  strchr                                     
00003115  strcpy                                     
00003129  strlen                                     
0000313d  __TI_decompress_none                       
0000314b  Reset_Handler                              
00003157  ADC14_IRQHandler                           
00003157  AES256_IRQHandler                          
00003157  BusFault_Handler                           
00003157  COMP_E0_IRQHandler                         
00003157  COMP_E1_IRQHandler                         
00003157  CS_IRQHandler                              
00003157  DMA_ERR_IRQHandler                         
00003157  DMA_INT0_IRQHandler                        
00003157  DMA_INT1_IRQHandler                        
00003157  DMA_INT2_IRQHandler                        
00003157  DMA_INT3_IRQHandler                        
00003157  DebugMon_Handler                           
00003157  Default_Handler                            
00003157  EUSCIA0_IRQHandler                         
00003157  EUSCIA1_IRQHandler                         
00003157  EUSCIA3_IRQHandler                         
00003157  EUSCIB0_IRQHandler                         
00003157  EUSCIB1_IRQHandler                         
00003157  EUSCIB2_IRQHandler                         
00003157  EUSCIB3_IRQHandler                         
00003157  FLCTL_IRQHandler                           
00003157  FPU_IRQHandler                             
00003157  HardFault_Handler                          
00003157  MemManage_Handler                          
00003157  NMI_Handler                                
00003157  PCM_IRQHandler                             
00003157  PORT1_IRQHandler                           
00003157  PORT2_IRQHandler                           
00003157  PORT3_IRQHandler                           
00003157  PORT4_IRQHandler                           
00003157  PORT5_IRQHandler                           
00003157  PORT6_IRQHandler                           
00003157  PSS_IRQHandler                             
00003157  PendSV_Handler                             
00003157  RTC_C_IRQHandler                           
00003157  SVC_Handler                                
00003157  SysTick_Handler                            
00003157  T32_INT2_IRQHandler                        
00003157  T32_INTC_IRQHandler                        
00003157  TA0_0_IRQHandler                           
00003157  TA0_N_IRQHandler                           
00003157  TA1_0_IRQHandler                           
00003157  TA1_N_IRQHandler                           
00003157  TA2_0_IRQHandler                           
00003157  TA2_N_IRQHandler                           
00003157  TA3_0_IRQHandler                           
00003157  TA3_N_IRQHandler                           
00003157  UsageFault_Handler                         
00003157  WDT_A_IRQHandler                           
00003159  malloc                                     
00003161  _system_pre_init                           
00003165  C$$EXIT                                    
00003165  abort                                      
000031f4  ACCConfig                                  
000032bc  __TI_Handler_Table_Base                    
000032c8  __TI_Handler_Table_Limit                   
000032d8  __TI_CINIT_Base                            
000032f0  __TI_CINIT_Limit                           
20000000  g_pfnRAMVectors                            
200000e8  _sys_memory                                
200004e8  __CIOBUF_                                  
20000608  RxFIFO                                     
20000708  __TI_tmpnams                               
200007b4  Messageb                                   
200007bc  Messageindexb                              
200007c0  OS_MsTime                                  
200007c8  parmbuf                                    
200007d0  RxFifoLost                                 
200007d4  RxGetI                                     
200007d8  RxPutI                                     
200007dc  _ftable                                    
200008cc  _device                                    
20000944  _stream                                    
200009c4  __TI_ft_end                                
200009c8  __aeabi_stdin                              
200009cc  __aeabi_stdout                             
200009d0  __aeabi_stderr                             
200009d4  __TI_cleanup_ptr                           
200009d8  __TI_dtors_ptr                             
200009dc  __TI_enable_exit_profile_output            
200009e0  _lock                                      
200009e4  _unlock                                    
200009fc  SystemCoreClock                            
2000fe00  __stack                                    
20010000  __STACK_END                                
4000480c  WDTCTL_SYM                                 
ffffffff  __TI_pprof_out_hndl                        
ffffffff  __TI_prof_data_size                        
ffffffff  __TI_prof_data_start                       
ffffffff  __binit__                                  
ffffffff  __c_args__                                 
ffffffff  binit                                      
UNDEFED   __mpu_init                                 
UNDEFED   _system_post_cinit                         

[299 symbols]
