<?xml version="1.0" encoding="ISO-8859-1" ?>
<link_info>
   <banner>TI ARM Linker PC v18.12.4.LTS</banner>
   <copyright>Copyright (c) 1996-2018 Texas Instruments Incorporated</copyright>
   <link_time>0x5e9dc4cc</link_time>
   <link_errors>0x0</link_errors>
   <output_file>Self Monitor Stress System v2.out</output_file>
   <entry_point>
      <name>_c_int00_noargs</name>
      <address>0x3b55</address>
   </entry_point>
   <input_file_list>
      <input_file id="fl-2">
         <path>.\</path>
         <kind>object</kind>
         <file>ACC.obj</file>
         <name>ACC.obj</name>
      </input_file>
      <input_file id="fl-3">
         <path>.\</path>
         <kind>object</kind>
         <file>BLE.obj</file>
         <name>BLE.obj</name>
      </input_file>
      <input_file id="fl-4">
         <path>.\</path>
         <kind>object</kind>
         <file>GSR.obj</file>
         <name>GSR.obj</name>
      </input_file>
      <input_file id="fl-5">
         <path>.\</path>
         <kind>object</kind>
         <file>ROS.obj</file>
         <name>ROS.obj</name>
      </input_file>
      <input_file id="fl-6">
         <path>.\</path>
         <kind>object</kind>
         <file>heartRate.obj</file>
         <name>heartRate.obj</name>
      </input_file>
      <input_file id="fl-7">
         <path>.\</path>
         <kind>object</kind>
         <file>main.obj</file>
         <name>main.obj</name>
      </input_file>
      <input_file id="fl-8">
         <path>.\</path>
         <kind>object</kind>
         <file>startup_msp432p401r_ccs.obj</file>
         <name>startup_msp432p401r_ccs.obj</name>
      </input_file>
      <input_file id="fl-9">
         <path>.\</path>
         <kind>object</kind>
         <file>system_msp432p401r.obj</file>
         <name>system_msp432p401r.obj</name>
      </input_file>
      <input_file id="fl-a">
         <path>.\Drivers\</path>
         <kind>object</kind>
         <file>AP.obj</file>
         <name>AP.obj</name>
      </input_file>
      <input_file id="fl-b">
         <path>.\Drivers\</path>
         <kind>object</kind>
         <file>Clock.obj</file>
         <name>Clock.obj</name>
      </input_file>
      <input_file id="fl-c">
         <path>.\Drivers\</path>
         <kind>object</kind>
         <file>CortexM.obj</file>
         <name>CortexM.obj</name>
      </input_file>
      <input_file id="fl-d">
         <path>.\Drivers\</path>
         <kind>object</kind>
         <file>GPIO.obj</file>
         <name>GPIO.obj</name>
      </input_file>
      <input_file id="fl-e">
         <path>.\Drivers\</path>
         <kind>object</kind>
         <file>LaunchPad.obj</file>
         <name>LaunchPad.obj</name>
      </input_file>
      <input_file id="fl-f">
         <path>.\Drivers\</path>
         <kind>object</kind>
         <file>MAX30102.obj</file>
         <name>MAX30102.obj</name>
      </input_file>
      <input_file id="fl-10">
         <path>.\Drivers\</path>
         <kind>object</kind>
         <file>Timer32.obj</file>
         <name>Timer32.obj</name>
      </input_file>
      <input_file id="fl-11">
         <path>.\Drivers\</path>
         <kind>object</kind>
         <file>UART0.obj</file>
         <name>UART0.obj</name>
      </input_file>
      <input_file id="fl-12">
         <path>.\Drivers\</path>
         <kind>object</kind>
         <file>UART1.obj</file>
         <name>UART1.obj</name>
      </input_file>
      <input_file id="fl-13">
         <path>.\Drivers\</path>
         <kind>object</kind>
         <file>adc.obj</file>
         <name>adc.obj</name>
      </input_file>
      <input_file id="fl-14">
         <path>.\driverlib\MSP432P4xx\</path>
         <kind>object</kind>
         <file>adc14.obj</file>
         <name>adc14.obj</name>
      </input_file>
      <input_file id="fl-15">
         <path>.\driverlib\MSP432P4xx\</path>
         <kind>object</kind>
         <file>aes256.obj</file>
         <name>aes256.obj</name>
      </input_file>
      <input_file id="fl-16">
         <path>.\driverlib\MSP432P4xx\</path>
         <kind>object</kind>
         <file>comp_e.obj</file>
         <name>comp_e.obj</name>
      </input_file>
      <input_file id="fl-17">
         <path>.\driverlib\MSP432P4xx\</path>
         <kind>object</kind>
         <file>cpu.obj</file>
         <name>cpu.obj</name>
      </input_file>
      <input_file id="fl-18">
         <path>.\driverlib\MSP432P4xx\</path>
         <kind>object</kind>
         <file>crc32.obj</file>
         <name>crc32.obj</name>
      </input_file>
      <input_file id="fl-19">
         <path>.\driverlib\MSP432P4xx\</path>
         <kind>object</kind>
         <file>cs.obj</file>
         <name>cs.obj</name>
      </input_file>
      <input_file id="fl-1a">
         <path>.\driverlib\MSP432P4xx\</path>
         <kind>object</kind>
         <file>dma.obj</file>
         <name>dma.obj</name>
      </input_file>
      <input_file id="fl-1b">
         <path>.\driverlib\MSP432P4xx\</path>
         <kind>object</kind>
         <file>flash.obj</file>
         <name>flash.obj</name>
      </input_file>
      <input_file id="fl-1c">
         <path>.\driverlib\MSP432P4xx\</path>
         <kind>object</kind>
         <file>fpu.obj</file>
         <name>fpu.obj</name>
      </input_file>
      <input_file id="fl-1d">
         <path>.\driverlib\MSP432P4xx\</path>
         <kind>object</kind>
         <file>gpio.obj</file>
         <name>gpio.obj</name>
      </input_file>
      <input_file id="fl-1e">
         <path>.\driverlib\MSP432P4xx\</path>
         <kind>object</kind>
         <file>i2c.obj</file>
         <name>i2c.obj</name>
      </input_file>
      <input_file id="fl-1f">
         <path>.\driverlib\MSP432P4xx\</path>
         <kind>object</kind>
         <file>interrupt.obj</file>
         <name>interrupt.obj</name>
      </input_file>
      <input_file id="fl-20">
         <path>.\driverlib\MSP432P4xx\</path>
         <kind>object</kind>
         <file>mpu.obj</file>
         <name>mpu.obj</name>
      </input_file>
      <input_file id="fl-21">
         <path>.\driverlib\MSP432P4xx\</path>
         <kind>object</kind>
         <file>pcm.obj</file>
         <name>pcm.obj</name>
      </input_file>
      <input_file id="fl-22">
         <path>.\driverlib\MSP432P4xx\</path>
         <kind>object</kind>
         <file>pmap.obj</file>
         <name>pmap.obj</name>
      </input_file>
      <input_file id="fl-23">
         <path>.\driverlib\MSP432P4xx\</path>
         <kind>object</kind>
         <file>pss.obj</file>
         <name>pss.obj</name>
      </input_file>
      <input_file id="fl-24">
         <path>.\driverlib\MSP432P4xx\</path>
         <kind>object</kind>
         <file>ref_a.obj</file>
         <name>ref_a.obj</name>
      </input_file>
      <input_file id="fl-25">
         <path>.\driverlib\MSP432P4xx\</path>
         <kind>object</kind>
         <file>reset.obj</file>
         <name>reset.obj</name>
      </input_file>
      <input_file id="fl-26">
         <path>.\driverlib\MSP432P4xx\</path>
         <kind>object</kind>
         <file>rtc_c.obj</file>
         <name>rtc_c.obj</name>
      </input_file>
      <input_file id="fl-27">
         <path>.\driverlib\MSP432P4xx\</path>
         <kind>object</kind>
         <file>spi.obj</file>
         <name>spi.obj</name>
      </input_file>
      <input_file id="fl-28">
         <path>.\driverlib\MSP432P4xx\</path>
         <kind>object</kind>
         <file>sysctl.obj</file>
         <name>sysctl.obj</name>
      </input_file>
      <input_file id="fl-29">
         <path>.\driverlib\MSP432P4xx\</path>
         <kind>object</kind>
         <file>systick.obj</file>
         <name>systick.obj</name>
      </input_file>
      <input_file id="fl-2a">
         <path>.\driverlib\MSP432P4xx\</path>
         <kind>object</kind>
         <file>timer32.obj</file>
         <name>timer32.obj</name>
      </input_file>
      <input_file id="fl-2b">
         <path>.\driverlib\MSP432P4xx\</path>
         <kind>object</kind>
         <file>timer_a.obj</file>
         <name>timer_a.obj</name>
      </input_file>
      <input_file id="fl-2c">
         <path>.\driverlib\MSP432P4xx\</path>
         <kind>object</kind>
         <file>uart.obj</file>
         <name>uart.obj</name>
      </input_file>
      <input_file id="fl-2d">
         <path>.\driverlib\MSP432P4xx\</path>
         <kind>object</kind>
         <file>wdt_a.obj</file>
         <name>wdt_a.obj</name>
      </input_file>
      <input_file id="fl-31">
         <kind>object</kind>
         <file>&lt;internal&gt;</file>
         <name>&lt;internal&gt;</name>
      </input_file>
      <input_file id="fl-e7">
         <path>C:\ti\ccs930\ccs\tools\compiler\ti-cgt-arm_18.12.4.LTS\lib\</path>
         <kind>archive</kind>
         <file>rtsv7M4_T_le_v4SPD16_eabi.lib</file>
         <name>fopen.c.obj</name>
      </input_file>
      <input_file id="fl-e8">
         <path>C:\ti\ccs930\ccs\tools\compiler\ti-cgt-arm_18.12.4.LTS\lib\</path>
         <kind>archive</kind>
         <file>rtsv7M4_T_le_v4SPD16_eabi.lib</file>
         <name>setvbuf.c.obj</name>
      </input_file>
      <input_file id="fl-e9">
         <path>C:\ti\ccs930\ccs\tools\compiler\ti-cgt-arm_18.12.4.LTS\lib\</path>
         <kind>archive</kind>
         <file>rtsv7M4_T_le_v4SPD16_eabi.lib</file>
         <name>fd_div_t2.asm.obj</name>
      </input_file>
      <input_file id="fl-ea">
         <path>C:\ti\ccs930\ccs\tools\compiler\ti-cgt-arm_18.12.4.LTS\lib\</path>
         <kind>archive</kind>
         <file>rtsv7M4_T_le_v4SPD16_eabi.lib</file>
         <name>fd_tos_t2.asm.obj</name>
      </input_file>
      <input_file id="fl-eb">
         <path>C:\ti\ccs930\ccs\tools\compiler\ti-cgt-arm_18.12.4.LTS\lib\</path>
         <kind>archive</kind>
         <file>rtsv7M4_T_le_v4SPD16_eabi.lib</file>
         <name>i_tofd_t2.asm.obj</name>
      </input_file>
      <input_file id="fl-ec">
         <path>C:\ti\ccs930\ccs\tools\compiler\ti-cgt-arm_18.12.4.LTS\lib\</path>
         <kind>archive</kind>
         <file>rtsv7M4_T_le_v4SPD16_eabi.lib</file>
         <name>memset_t2.asm.obj</name>
      </input_file>
      <input_file id="fl-ed">
         <path>C:\ti\ccs930\ccs\tools\compiler\ti-cgt-arm_18.12.4.LTS\lib\</path>
         <kind>archive</kind>
         <file>rtsv7M4_T_le_v4SPD16_eabi.lib</file>
         <name>copy_zero_init.c.obj</name>
      </input_file>
      <input_file id="fl-ee">
         <path>C:\ti\ccs930\ccs\tools\compiler\ti-cgt-arm_18.12.4.LTS\lib\</path>
         <kind>archive</kind>
         <file>rtsv7M4_T_le_v4SPD16_eabi.lib</file>
         <name>copy_decompress_none.c.obj</name>
      </input_file>
      <input_file id="fl-ef">
         <path>C:\ti\ccs930\ccs\tools\compiler\ti-cgt-arm_18.12.4.LTS\lib\</path>
         <kind>archive</kind>
         <file>rtsv7M4_T_le_v4SPD16_eabi.lib</file>
         <name>copy_decompress_lzss.c.obj</name>
      </input_file>
      <input_file id="fl-f0">
         <path>C:\ti\ccs930\ccs\tools\compiler\ti-cgt-arm_18.12.4.LTS\lib\</path>
         <kind>archive</kind>
         <file>rtsv7M4_T_le_v4SPD16_eabi.lib</file>
         <name>exit.c.obj</name>
      </input_file>
      <input_file id="fl-f1">
         <path>C:\ti\ccs930\ccs\tools\compiler\ti-cgt-arm_18.12.4.LTS\lib\</path>
         <kind>archive</kind>
         <file>rtsv7M4_T_le_v4SPD16_eabi.lib</file>
         <name>_lock.c.obj</name>
      </input_file>
      <input_file id="fl-f2">
         <path>C:\ti\ccs930\ccs\tools\compiler\ti-cgt-arm_18.12.4.LTS\lib\</path>
         <kind>archive</kind>
         <file>rtsv7M4_T_le_v4SPD16_eabi.lib</file>
         <name>defs.c.obj</name>
      </input_file>
      <input_file id="fl-f3">
         <path>C:\ti\ccs930\ccs\tools\compiler\ti-cgt-arm_18.12.4.LTS\lib\</path>
         <kind>archive</kind>
         <file>rtsv7M4_T_le_v4SPD16_eabi.lib</file>
         <name>memory.c.obj</name>
      </input_file>
      <input_file id="fl-f4">
         <path>C:\ti\ccs930\ccs\tools\compiler\ti-cgt-arm_18.12.4.LTS\lib\</path>
         <kind>archive</kind>
         <file>rtsv7M4_T_le_v4SPD16_eabi.lib</file>
         <name>open.c.obj</name>
      </input_file>
      <input_file id="fl-f5">
         <path>C:\ti\ccs930\ccs\tools\compiler\ti-cgt-arm_18.12.4.LTS\lib\</path>
         <kind>archive</kind>
         <file>rtsv7M4_T_le_v4SPD16_eabi.lib</file>
         <name>add_device.c.obj</name>
      </input_file>
      <input_file id="fl-f6">
         <path>C:\ti\ccs930\ccs\tools\compiler\ti-cgt-arm_18.12.4.LTS\lib\</path>
         <kind>archive</kind>
         <file>rtsv7M4_T_le_v4SPD16_eabi.lib</file>
         <name>boot_cortex_m.c.obj</name>
      </input_file>
      <input_file id="fl-f7">
         <path>C:\ti\ccs930\ccs\tools\compiler\ti-cgt-arm_18.12.4.LTS\lib\</path>
         <kind>archive</kind>
         <file>rtsv7M4_T_le_v4SPD16_eabi.lib</file>
         <name>fclose.c.obj</name>
      </input_file>
      <input_file id="fl-f8">
         <path>C:\ti\ccs930\ccs\tools\compiler\ti-cgt-arm_18.12.4.LTS\lib\</path>
         <kind>archive</kind>
         <file>rtsv7M4_T_le_v4SPD16_eabi.lib</file>
         <name>fflush.c.obj</name>
      </input_file>
      <input_file id="fl-f9">
         <path>C:\ti\ccs930\ccs\tools\compiler\ti-cgt-arm_18.12.4.LTS\lib\</path>
         <kind>archive</kind>
         <file>rtsv7M4_T_le_v4SPD16_eabi.lib</file>
         <name>getdevice.c.obj</name>
      </input_file>
      <input_file id="fl-fa">
         <path>C:\ti\ccs930\ccs\tools\compiler\ti-cgt-arm_18.12.4.LTS\lib\</path>
         <kind>archive</kind>
         <file>rtsv7M4_T_le_v4SPD16_eabi.lib</file>
         <name>memcpy_t2.asm.obj</name>
      </input_file>
      <input_file id="fl-fb">
         <path>C:\ti\ccs930\ccs\tools\compiler\ti-cgt-arm_18.12.4.LTS\lib\</path>
         <kind>archive</kind>
         <file>rtsv7M4_T_le_v4SPD16_eabi.lib</file>
         <name>autoinit.c.obj</name>
      </input_file>
      <input_file id="fl-fc">
         <path>C:\ti\ccs930\ccs\tools\compiler\ti-cgt-arm_18.12.4.LTS\lib\</path>
         <kind>archive</kind>
         <file>rtsv7M4_T_le_v4SPD16_eabi.lib</file>
         <name>pre_init.c.obj</name>
      </input_file>
      <input_file id="fl-fd">
         <path>C:\ti\ccs930\ccs\tools\compiler\ti-cgt-arm_18.12.4.LTS\lib\</path>
         <kind>archive</kind>
         <file>rtsv7M4_T_le_v4SPD16_eabi.lib</file>
         <name>cpy_tbl.c.obj</name>
      </input_file>
      <input_file id="fl-fe">
         <path>C:\ti\ccs930\ccs\tools\compiler\ti-cgt-arm_18.12.4.LTS\lib\</path>
         <kind>archive</kind>
         <file>rtsv7M4_T_le_v4SPD16_eabi.lib</file>
         <name>args_main.c.obj</name>
      </input_file>
      <input_file id="fl-ff">
         <path>C:\ti\ccs930\ccs\tools\compiler\ti-cgt-arm_18.12.4.LTS\lib\</path>
         <kind>archive</kind>
         <file>rtsv7M4_T_le_v4SPD16_eabi.lib</file>
         <name>strchr.c.obj</name>
      </input_file>
      <input_file id="fl-100">
         <path>C:\ti\ccs930\ccs\tools\compiler\ti-cgt-arm_18.12.4.LTS\lib\</path>
         <kind>archive</kind>
         <file>rtsv7M4_T_le_v4SPD16_eabi.lib</file>
         <name>strcmp.c.obj</name>
      </input_file>
      <input_file id="fl-101">
         <path>C:\ti\ccs930\ccs\tools\compiler\ti-cgt-arm_18.12.4.LTS\lib\</path>
         <kind>archive</kind>
         <file>rtsv7M4_T_le_v4SPD16_eabi.lib</file>
         <name>strncpy.c.obj</name>
      </input_file>
      <input_file id="fl-102">
         <path>C:\ti\ccs930\ccs\tools\compiler\ti-cgt-arm_18.12.4.LTS\lib\</path>
         <kind>archive</kind>
         <file>rtsv7M4_T_le_v4SPD16_eabi.lib</file>
         <name>write.c.obj</name>
      </input_file>
      <input_file id="fl-103">
         <path>C:\ti\ccs930\ccs\tools\compiler\ti-cgt-arm_18.12.4.LTS\lib\</path>
         <kind>archive</kind>
         <file>rtsv7M4_T_le_v4SPD16_eabi.lib</file>
         <name>host_device.c.obj</name>
      </input_file>
      <input_file id="fl-104">
         <path>C:\ti\ccs930\ccs\tools\compiler\ti-cgt-arm_18.12.4.LTS\lib\</path>
         <kind>archive</kind>
         <file>rtsv7M4_T_le_v4SPD16_eabi.lib</file>
         <name>remove.c.obj</name>
      </input_file>
      <input_file id="fl-105">
         <path>C:\ti\ccs930\ccs\tools\compiler\ti-cgt-arm_18.12.4.LTS\lib\</path>
         <kind>archive</kind>
         <file>rtsv7M4_T_le_v4SPD16_eabi.lib</file>
         <name>close.c.obj</name>
      </input_file>
      <input_file id="fl-106">
         <path>C:\ti\ccs930\ccs\tools\compiler\ti-cgt-arm_18.12.4.LTS\lib\</path>
         <kind>archive</kind>
         <file>rtsv7M4_T_le_v4SPD16_eabi.lib</file>
         <name>unlink.c.obj</name>
      </input_file>
      <input_file id="fl-107">
         <path>C:\ti\ccs930\ccs\tools\compiler\ti-cgt-arm_18.12.4.LTS\lib\</path>
         <kind>archive</kind>
         <file>rtsv7M4_T_le_v4SPD16_eabi.lib</file>
         <name>hostclose.c.obj</name>
      </input_file>
      <input_file id="fl-108">
         <path>C:\ti\ccs930\ccs\tools\compiler\ti-cgt-arm_18.12.4.LTS\lib\</path>
         <kind>archive</kind>
         <file>rtsv7M4_T_le_v4SPD16_eabi.lib</file>
         <name>hostlseek.c.obj</name>
      </input_file>
      <input_file id="fl-109">
         <path>C:\ti\ccs930\ccs\tools\compiler\ti-cgt-arm_18.12.4.LTS\lib\</path>
         <kind>archive</kind>
         <file>rtsv7M4_T_le_v4SPD16_eabi.lib</file>
         <name>hostopen.c.obj</name>
      </input_file>
      <input_file id="fl-10a">
         <path>C:\ti\ccs930\ccs\tools\compiler\ti-cgt-arm_18.12.4.LTS\lib\</path>
         <kind>archive</kind>
         <file>rtsv7M4_T_le_v4SPD16_eabi.lib</file>
         <name>hostread.c.obj</name>
      </input_file>
      <input_file id="fl-10b">
         <path>C:\ti\ccs930\ccs\tools\compiler\ti-cgt-arm_18.12.4.LTS\lib\</path>
         <kind>archive</kind>
         <file>rtsv7M4_T_le_v4SPD16_eabi.lib</file>
         <name>hostrename.c.obj</name>
      </input_file>
      <input_file id="fl-10c">
         <path>C:\ti\ccs930\ccs\tools\compiler\ti-cgt-arm_18.12.4.LTS\lib\</path>
         <kind>archive</kind>
         <file>rtsv7M4_T_le_v4SPD16_eabi.lib</file>
         <name>hostunlink.c.obj</name>
      </input_file>
      <input_file id="fl-10d">
         <path>C:\ti\ccs930\ccs\tools\compiler\ti-cgt-arm_18.12.4.LTS\lib\</path>
         <kind>archive</kind>
         <file>rtsv7M4_T_le_v4SPD16_eabi.lib</file>
         <name>hostwrite.c.obj</name>
      </input_file>
      <input_file id="fl-10e">
         <path>C:\ti\ccs930\ccs\tools\compiler\ti-cgt-arm_18.12.4.LTS\lib\</path>
         <kind>archive</kind>
         <file>rtsv7M4_T_le_v4SPD16_eabi.lib</file>
         <name>trgmsg.c.obj</name>
      </input_file>
      <input_file id="fl-10f">
         <path>C:\ti\ccs930\ccs\tools\compiler\ti-cgt-arm_18.12.4.LTS\lib\</path>
         <kind>archive</kind>
         <file>rtsv7M4_T_le_v4SPD16_eabi.lib</file>
         <name>strcpy.c.obj</name>
      </input_file>
      <input_file id="fl-110">
         <path>C:\ti\ccs930\ccs\tools\compiler\ti-cgt-arm_18.12.4.LTS\lib\</path>
         <kind>archive</kind>
         <file>rtsv7M4_T_le_v4SPD16_eabi.lib</file>
         <name>strlen.c.obj</name>
      </input_file>
   </input_file_list>
   <object_component_list>
      <object_component id="oc-23">
         <name>.intvecs:retain</name>
         <load_address>0x0</load_address>
         <run_address>0x0</run_address>
         <size>0xe4</size>
         <input_file_ref idref="fl-8"/>
      </object_component>
      <object_component id="oc-190">
         <name>.text</name>
         <load_address>0xe4</load_address>
         <run_address>0xe4</run_address>
         <size>0x930</size>
         <input_file_ref idref="fl-1e"/>
      </object_component>
      <object_component id="oc-ef">
         <name>.text</name>
         <load_address>0xa14</load_address>
         <run_address>0xa14</run_address>
         <size>0x6e4</size>
         <input_file_ref idref="fl-11"/>
      </object_component>
      <object_component id="oc-19d">
         <name>.text</name>
         <load_address>0x10f8</load_address>
         <run_address>0x10f8</run_address>
         <size>0x5f0</size>
         <input_file_ref idref="fl-f"/>
      </object_component>
      <object_component id="oc-18a">
         <name>.text</name>
         <load_address>0x16e8</load_address>
         <run_address>0x16e8</run_address>
         <size>0x480</size>
         <input_file_ref idref="fl-1d"/>
      </object_component>
      <object_component id="oc-245">
         <name>.text</name>
         <load_address>0x1b68</load_address>
         <run_address>0x1b68</run_address>
         <size>0x3f0</size>
         <input_file_ref idref="fl-1f"/>
      </object_component>
      <object_component id="oc-b5">
         <name>.text</name>
         <load_address>0x1f58</load_address>
         <run_address>0x1f58</run_address>
         <size>0x334</size>
         <input_file_ref idref="fl-9"/>
      </object_component>
      <object_component id="oc-1a3">
         <name>.text</name>
         <load_address>0x228c</load_address>
         <run_address>0x228c</run_address>
         <size>0x270</size>
         <input_file_ref idref="fl-6"/>
      </object_component>
      <object_component id="oc-fb">
         <name>.text</name>
         <load_address>0x24fc</load_address>
         <run_address>0x24fc</run_address>
         <size>0x244</size>
         <input_file_ref idref="fl-2"/>
      </object_component>
      <object_component id="oc-101">
         <name>.text</name>
         <load_address>0x2740</load_address>
         <run_address>0x2740</run_address>
         <size>0x1a4</size>
         <input_file_ref idref="fl-5"/>
      </object_component>
      <object_component id="oc-6d">
         <name>.text</name>
         <load_address>0x28e4</load_address>
         <run_address>0x28e4</run_address>
         <size>0x1a4</size>
         <input_file_ref idref="fl-12"/>
      </object_component>
      <object_component id="oc-1ae">
         <name>.text</name>
         <load_address>0x2a88</load_address>
         <run_address>0x2a88</run_address>
         <size>0x136</size>
         <input_file_ref idref="fl-e9"/>
      </object_component>
      <object_component id="oc-279">
         <name>.text:_nop</name>
         <load_address>0x2bbe</load_address>
         <run_address>0x2bbe</run_address>
         <size>0x2</size>
         <input_file_ref idref="fl-f1"/>
      </object_component>
      <object_component id="oc-30d">
         <name>.text:aligned_alloc</name>
         <load_address>0x2bc0</load_address>
         <run_address>0x2bc0</run_address>
         <size>0x118</size>
         <input_file_ref idref="fl-f3"/>
      </object_component>
      <object_component id="oc-211">
         <name>.text:_openfile</name>
         <load_address>0x2cd8</load_address>
         <run_address>0x2cd8</run_address>
         <size>0x10c</size>
         <input_file_ref idref="fl-e7"/>
      </object_component>
      <object_component id="oc-224">
         <name>.text:free</name>
         <load_address>0x2de4</load_address>
         <run_address>0x2de4</run_address>
         <size>0xe4</size>
         <input_file_ref idref="fl-f3"/>
      </object_component>
      <object_component id="oc-174">
         <name>.text:setvbuf</name>
         <load_address>0x2ec8</load_address>
         <run_address>0x2ec8</run_address>
         <size>0xdc</size>
         <input_file_ref idref="fl-e8"/>
      </object_component>
      <object_component id="oc-183">
         <name>.text</name>
         <load_address>0x2fa4</load_address>
         <run_address>0x2fa4</run_address>
         <size>0xcc</size>
         <input_file_ref idref="fl-13"/>
      </object_component>
      <object_component id="oc-2db">
         <name>.text:open</name>
         <load_address>0x3070</load_address>
         <run_address>0x3070</run_address>
         <size>0xbc</size>
         <input_file_ref idref="fl-f4"/>
      </object_component>
      <object_component id="oc-162">
         <name>.text:add_device</name>
         <load_address>0x312c</load_address>
         <run_address>0x312c</run_address>
         <size>0xb8</size>
         <input_file_ref idref="fl-f5"/>
      </object_component>
      <object_component id="oc-168">
         <name>.text:fopen</name>
         <load_address>0x31e4</load_address>
         <run_address>0x31e4</run_address>
         <size>0x9c</size>
         <input_file_ref idref="fl-e7"/>
      </object_component>
      <object_component id="oc-37">
         <name>.text</name>
         <load_address>0x3280</load_address>
         <run_address>0x3280</run_address>
         <size>0x9c</size>
         <input_file_ref idref="fl-fa"/>
      </object_component>
      <object_component id="oc-a3">
         <name>.text</name>
         <load_address>0x331c</load_address>
         <run_address>0x331c</run_address>
         <size>0x88</size>
         <input_file_ref idref="fl-7"/>
      </object_component>
      <object_component id="oc-73">
         <name>.text</name>
         <load_address>0x33a4</load_address>
         <run_address>0x33a4</run_address>
         <size>0x7c</size>
         <input_file_ref idref="fl-10"/>
      </object_component>
      <object_component id="oc-97">
         <name>.text</name>
         <load_address>0x3420</load_address>
         <run_address>0x3420</run_address>
         <size>0x7a</size>
         <input_file_ref idref="fl-ec"/>
      </object_component>
      <object_component id="oc-21d">
         <name>.text:__TI_closefile</name>
         <load_address>0x349c</load_address>
         <run_address>0x349c</run_address>
         <size>0x74</size>
         <input_file_ref idref="fl-f7"/>
      </object_component>
      <object_component id="oc-3ab">
         <name>.text:split</name>
         <load_address>0x3510</load_address>
         <run_address>0x3510</run_address>
         <size>0x70</size>
         <input_file_ref idref="fl-f3"/>
      </object_component>
      <object_component id="oc-1b3">
         <name>.text</name>
         <load_address>0x3580</load_address>
         <run_address>0x3580</run_address>
         <size>0x6e</size>
         <input_file_ref idref="fl-ea"/>
      </object_component>
      <object_component id="oc-2c6">
         <name>.text:HOSTrename</name>
         <load_address>0x35f0</load_address>
         <run_address>0x35f0</run_address>
         <size>0x6c</size>
         <input_file_ref idref="fl-10b"/>
      </object_component>
      <object_component id="oc-2ba">
         <name>.text:HOSTlseek</name>
         <load_address>0x365c</load_address>
         <run_address>0x365c</run_address>
         <size>0x68</size>
         <input_file_ref idref="fl-108"/>
      </object_component>
      <object_component id="oc-14">
         <name>.text:decompress:lzss:__TI_decompress_lzss</name>
         <load_address>0x36c4</load_address>
         <run_address>0x36c4</run_address>
         <size>0x68</size>
         <input_file_ref idref="fl-ef"/>
      </object_component>
      <object_component id="oc-2a2">
         <name>.text:HOSTopen</name>
         <load_address>0x372c</load_address>
         <run_address>0x372c</run_address>
         <size>0x60</size>
         <input_file_ref idref="fl-109"/>
      </object_component>
      <object_component id="oc-2f1">
         <name>.text:close</name>
         <load_address>0x378c</load_address>
         <run_address>0x378c</run_address>
         <size>0x5c</size>
         <input_file_ref idref="fl-105"/>
      </object_component>
      <object_component id="oc-2ae">
         <name>.text:HOSTread</name>
         <load_address>0x37e8</load_address>
         <run_address>0x37e8</run_address>
         <size>0x58</size>
         <input_file_ref idref="fl-10a"/>
      </object_component>
      <object_component id="oc-2b4">
         <name>.text:HOSTwrite</name>
         <load_address>0x3840</load_address>
         <run_address>0x3840</run_address>
         <size>0x58</size>
         <input_file_ref idref="fl-10d"/>
      </object_component>
      <object_component id="oc-2eb">
         <name>.text:__TI_doflush</name>
         <load_address>0x3898</load_address>
         <run_address>0x3898</run_address>
         <size>0x4c</size>
         <input_file_ref idref="fl-f8"/>
      </object_component>
      <object_component id="oc-10e">
         <name>.text:exit</name>
         <load_address>0x38e4</load_address>
         <run_address>0x38e4</run_address>
         <size>0x48</size>
         <input_file_ref idref="fl-f0"/>
      </object_component>
      <object_component id="oc-2a8">
         <name>.text:HOSTclose</name>
         <load_address>0x392c</load_address>
         <run_address>0x392c</run_address>
         <size>0x44</size>
         <input_file_ref idref="fl-107"/>
      </object_component>
      <object_component id="oc-2c0">
         <name>.text:HOSTunlink</name>
         <load_address>0x3970</load_address>
         <run_address>0x3970</run_address>
         <size>0x44</size>
         <input_file_ref idref="fl-10c"/>
      </object_component>
      <object_component id="oc-114">
         <name>.text:__TI_auto_init_nobinit_nopinit:__TI_auto_init_nobinit_nopinit</name>
         <load_address>0x39b4</load_address>
         <run_address>0x39b4</run_address>
         <size>0x44</size>
         <input_file_ref idref="fl-fb"/>
      </object_component>
      <object_component id="oc-38c">
         <name>.text:getdevice</name>
         <load_address>0x39f8</load_address>
         <run_address>0x39f8</run_address>
         <size>0x44</size>
         <input_file_ref idref="fl-f9"/>
      </object_component>
      <object_component id="oc-31b">
         <name>.text</name>
         <load_address>0x3a3c</load_address>
         <run_address>0x3a3c</run_address>
         <size>0x3e</size>
         <input_file_ref idref="fl-17"/>
      </object_component>
      <object_component id="oc-363">
         <name>.text:__TI_writemsg</name>
         <load_address>0x3a7c</load_address>
         <run_address>0x3a7c</run_address>
         <size>0x38</size>
         <input_file_ref idref="fl-10e"/>
      </object_component>
      <object_component id="oc-205">
         <name>.text:strncpy</name>
         <load_address>0x3ab4</load_address>
         <run_address>0x3ab4</run_address>
         <size>0x36</size>
         <input_file_ref idref="fl-101"/>
      </object_component>
      <object_component id="oc-230">
         <name>.text:__TI_cleanup</name>
         <load_address>0x3aec</load_address>
         <run_address>0x3aec</run_address>
         <size>0x34</size>
         <input_file_ref idref="fl-e7"/>
      </object_component>
      <object_component id="oc-369">
         <name>.text:__TI_readmsg</name>
         <load_address>0x3b20</load_address>
         <run_address>0x3b20</run_address>
         <size>0x34</size>
         <input_file_ref idref="fl-10e"/>
      </object_component>
      <object_component id="oc-55">
         <name>.text:_c_int00_noargs:_c_int00_noargs</name>
         <load_address>0x3b54</load_address>
         <run_address>0x3b54</run_address>
         <size>0x34</size>
         <input_file_ref idref="fl-f6"/>
      </object_component>
      <object_component id="oc-16e">
         <name>.text:freopen</name>
         <load_address>0x3b88</load_address>
         <run_address>0x3b88</run_address>
         <size>0x34</size>
         <input_file_ref idref="fl-e7"/>
      </object_component>
      <object_component id="oc-1ff">
         <name>.text:finddevice</name>
         <load_address>0x3bbc</load_address>
         <run_address>0x3bbc</run_address>
         <size>0x30</size>
         <input_file_ref idref="fl-f9"/>
      </object_component>
      <object_component id="oc-1a9">
         <name>.text</name>
         <load_address>0x3bec</load_address>
         <run_address>0x3bec</run_address>
         <size>0x2e</size>
         <input_file_ref idref="fl-eb"/>
      </object_component>
      <object_component id="oc-2f7">
         <name>.text:unlink</name>
         <load_address>0x3c1c</load_address>
         <run_address>0x3c1c</run_address>
         <size>0x2c</size>
         <input_file_ref idref="fl-106"/>
      </object_component>
      <object_component id="oc-306">
         <name>.text:free_list_insert</name>
         <load_address>0x3c48</load_address>
         <run_address>0x3c48</run_address>
         <size>0x28</size>
         <input_file_ref idref="fl-f3"/>
      </object_component>
      <object_component id="oc-398">
         <name>.text:write</name>
         <load_address>0x3c70</load_address>
         <run_address>0x3c70</run_address>
         <size>0x28</size>
         <input_file_ref idref="fl-102"/>
      </object_component>
      <object_component id="oc-300">
         <name>.text:free_list_remove</name>
         <load_address>0x3c98</load_address>
         <run_address>0x3c98</run_address>
         <size>0x1c</size>
         <input_file_ref idref="fl-f3"/>
      </object_component>
      <object_component id="oc-f5">
         <name>.text</name>
         <load_address>0x3cb4</load_address>
         <run_address>0x3cb4</run_address>
         <size>0x1a</size>
         <input_file_ref idref="fl-4"/>
      </object_component>
      <object_component id="oc-298">
         <name>.text:strcmp</name>
         <load_address>0x3cce</load_address>
         <run_address>0x3cce</run_address>
         <size>0x18</size>
         <input_file_ref idref="fl-100"/>
      </object_component>
      <object_component id="oc-3dd">
         <name>.text:strchr</name>
         <load_address>0x3ce6</load_address>
         <run_address>0x3ce6</run_address>
         <size>0x16</size>
         <input_file_ref idref="fl-ff"/>
      </object_component>
      <object_component id="oc-37d">
         <name>.text:strcpy</name>
         <load_address>0x3cfc</load_address>
         <run_address>0x3cfc</run_address>
         <size>0x14</size>
         <input_file_ref idref="fl-10f"/>
      </object_component>
      <object_component id="oc-35d">
         <name>.text:strlen</name>
         <load_address>0x3d10</load_address>
         <run_address>0x3d10</run_address>
         <size>0x14</size>
         <input_file_ref idref="fl-110"/>
      </object_component>
      <object_component id="oc-1a">
         <name>.text:decompress:none:__TI_decompress_none</name>
         <load_address>0x3d24</load_address>
         <run_address>0x3d24</run_address>
         <size>0xe</size>
         <input_file_ref idref="fl-ee"/>
      </object_component>
      <object_component id="oc-67">
         <name>.text</name>
         <load_address>0x3d32</load_address>
         <run_address>0x3d32</run_address>
         <size>0xe</size>
         <input_file_ref idref="fl-8"/>
      </object_component>
      <object_component id="oc-49">
         <name>.text:decompress:ZI:__TI_zero_init</name>
         <load_address>0x3d40</load_address>
         <run_address>0x3d40</run_address>
         <size>0xc</size>
         <input_file_ref idref="fl-ed"/>
      </object_component>
      <object_component id="oc-22a">
         <name>.text:malloc</name>
         <load_address>0x3d4c</load_address>
         <run_address>0x3d4c</run_address>
         <size>0x8</size>
         <input_file_ref idref="fl-f3"/>
      </object_component>
      <object_component id="oc-9d">
         <name>.text:_system_pre_init</name>
         <load_address>0x3d54</load_address>
         <run_address>0x3d54</run_address>
         <size>0x4</size>
         <input_file_ref idref="fl-fc"/>
      </object_component>
      <object_component id="oc-108">
         <name>.text:abort:abort</name>
         <load_address>0x3d58</load_address>
         <run_address>0x3d58</run_address>
         <size>0x4</size>
         <input_file_ref idref="fl-f0"/>
      </object_component>
      <object_component id="oc-327">
         <name>.const:g_pulRegs</name>
         <load_address>0x3d5c</load_address>
         <run_address>0x3d5c</run_address>
         <size>0x50</size>
         <input_file_ref idref="fl-1f"/>
      </object_component>
      <object_component id="oc-324">
         <name>.const:g_pulPriority</name>
         <load_address>0x3dac</load_address>
         <run_address>0x3dac</run_address>
         <size>0x20</size>
         <input_file_ref idref="fl-1f"/>
      </object_component>
      <object_component id="oc-24b">
         <name>.const:GPIO_PORT_TO_INT</name>
         <load_address>0x3dcc</load_address>
         <run_address>0x3dcc</run_address>
         <size>0x1c</size>
         <input_file_ref idref="fl-1d"/>
      </object_component>
      <object_component id="oc-265">
         <name>.const:FIRCoeffs</name>
         <load_address>0x3de8</load_address>
         <run_address>0x3de8</run_address>
         <size>0x18</size>
         <input_file_ref idref="fl-6"/>
      </object_component>
      <object_component id="oc-196">
         <name>.const:ACCConfig</name>
         <load_address>0x3e00</load_address>
         <run_address>0x3e00</run_address>
         <size>0x14</size>
         <input_file_ref idref="fl-2"/>
      </object_component>
      <object_component id="oc-1b8">
         <name>.const:MAX30102Config</name>
         <load_address>0x3e14</load_address>
         <run_address>0x3e14</run_address>
         <size>0x14</size>
         <input_file_ref idref="fl-5"/>
      </object_component>
      <object_component id="oc-32d">
         <name>.const:g_pulDisRegs</name>
         <load_address>0x3e28</load_address>
         <run_address>0x3e28</run_address>
         <size>0x8</size>
         <input_file_ref idref="fl-1f"/>
      </object_component>
      <object_component id="oc-32a">
         <name>.const:g_pulEnRegs</name>
         <load_address>0x3e30</load_address>
         <run_address>0x3e30</run_address>
         <size>0x8</size>
         <input_file_ref idref="fl-1f"/>
      </object_component>
      <object_component id="oc-330">
         <name>.const:g_pulPendRegs</name>
         <load_address>0x3e38</load_address>
         <run_address>0x3e38</run_address>
         <size>0x8</size>
         <input_file_ref idref="fl-1f"/>
      </object_component>
      <object_component id="oc-333">
         <name>.const:g_pulUnpendRegs</name>
         <load_address>0x3e40</load_address>
         <run_address>0x3e40</run_address>
         <size>0x8</size>
         <input_file_ref idref="fl-1f"/>
      </object_component>
      <object_component id="oc-431">
         <name>.cinit..data.load</name>
         <load_address>0x3e48</load_address>
         <run_address>0x3e48</run_address>
         <size>0xa0</size>
      </object_component>
      <object_component id="oc-42e">
         <name>__TI_handler_table</name>
         <load_address>0x3ee8</load_address>
         <run_address>0x3ee8</run_address>
         <size>0xc</size>
      </object_component>
      <object_component id="oc-432">
         <name>.cinit..bss.load</name>
         <load_address>0x3ef8</load_address>
         <run_address>0x3ef8</run_address>
         <size>0x8</size>
      </object_component>
      <object_component id="oc-430">
         <name>.cinit..vtable.load</name>
         <load_address>0x3f00</load_address>
         <run_address>0x3f00</run_address>
         <size>0x8</size>
      </object_component>
      <object_component id="oc-42f">
         <name>__TI_cinit_table</name>
         <load_address>0x3f08</load_address>
         <run_address>0x3f08</run_address>
         <size>0x18</size>
      </object_component>
      <object_component id="oc-403">
         <name>.binit</name>
         <load_address>0x0</load_address>
         <run_address>0x0</run_address>
         <size>0x0</size>
      </object_component>
      <object_component id="oc-321">
         <name>.vtable</name>
         <uninitialized>true</uninitialized>
         <run_address>0x20000000</run_address>
         <size>0xe4</size>
         <input_file_ref idref="fl-1f"/>
      </object_component>
      <object_component id="oc-1bc">
         <name>.data</name>
         <load_address>0x20000a90</load_address>
         <run_address>0x20000a90</run_address>
         <size>0x8</size>
         <input_file_ref idref="fl-5"/>
      </object_component>
      <object_component id="oc-260">
         <name>.data</name>
         <load_address>0x20000a4c</load_address>
         <run_address>0x20000a4c</run_address>
         <size>0x15</size>
         <input_file_ref idref="fl-6"/>
      </object_component>
      <object_component id="oc-146">
         <name>.data</name>
         <load_address>0x20000aa4</load_address>
         <run_address>0x20000aa4</run_address>
         <size>0x4</size>
         <input_file_ref idref="fl-9"/>
      </object_component>
      <object_component id="oc-256">
         <name>.data</name>
         <load_address>0x20000a61</load_address>
         <run_address>0x20000a61</run_address>
         <size>0x1</size>
         <input_file_ref idref="fl-f"/>
      </object_component>
      <object_component id="oc-242">
         <name>.data:GPIO_PORT_TO_BASE</name>
         <load_address>0x20000a1c</load_address>
         <run_address>0x20000a1c</run_address>
         <size>0x30</size>
         <input_file_ref idref="fl-1d"/>
      </object_component>
      <object_component id="oc-217">
         <name>.data</name>
         <load_address>0x20000a9c</load_address>
         <run_address>0x20000a9c</run_address>
         <size>0x4</size>
         <input_file_ref idref="fl-e7"/>
      </object_component>
      <object_component id="oc-1cb">
         <name>.data:$O1$$</name>
         <load_address>0x20000a74</load_address>
         <run_address>0x20000a74</run_address>
         <size>0xc</size>
         <input_file_ref idref="fl-f0"/>
      </object_component>
      <object_component id="oc-1ce">
         <name>.data:$O1$$</name>
         <load_address>0x20000a80</load_address>
         <run_address>0x20000a80</run_address>
         <size>0x8</size>
         <input_file_ref idref="fl-f1"/>
      </object_component>
      <object_component id="oc-17a">
         <name>.data:_ftable</name>
         <load_address>0x20000864</load_address>
         <run_address>0x20000864</run_address>
         <size>0xf0</size>
         <input_file_ref idref="fl-f2"/>
      </object_component>
      <object_component id="oc-218">
         <name>.data</name>
         <load_address>0x20000a64</load_address>
         <run_address>0x20000a64</run_address>
         <size>0x10</size>
         <input_file_ref idref="fl-f2"/>
      </object_component>
      <object_component id="oc-3a6">
         <name>.data:$O1$$</name>
         <load_address>0x20000a88</load_address>
         <run_address>0x20000a88</run_address>
         <size>0x8</size>
         <input_file_ref idref="fl-f3"/>
      </object_component>
      <object_component id="oc-392">
         <name>.data</name>
         <load_address>0x20000aa0</load_address>
         <run_address>0x20000aa0</run_address>
         <size>0x4</size>
         <input_file_ref idref="fl-f4"/>
      </object_component>
      <object_component id="oc-20b">
         <name>.data</name>
         <load_address>0x20000a98</load_address>
         <run_address>0x20000a98</run_address>
         <size>0x4</size>
         <input_file_ref idref="fl-f5"/>
      </object_component>
      <object_component id="oc-20c">
         <name>.data:_device</name>
         <load_address>0x20000954</load_address>
         <run_address>0x20000954</run_address>
         <size>0x78</size>
         <input_file_ref idref="fl-103"/>
      </object_component>
      <object_component id="oc-393">
         <name>.data:_stream</name>
         <load_address>0x200009cc</load_address>
         <run_address>0x200009cc</run_address>
         <size>0x50</size>
         <input_file_ref idref="fl-103"/>
      </object_component>
      <object_component id="oc-199">
         <name>.bss</name>
         <uninitialized>true</uninitialized>
         <run_address>0x2000081c</run_address>
         <size>0xc</size>
         <input_file_ref idref="fl-2"/>
      </object_component>
      <object_component id="oc-1bb">
         <name>.bss</name>
         <uninitialized>true</uninitialized>
         <run_address>0x20000840</run_address>
         <size>0x4</size>
         <input_file_ref idref="fl-5"/>
      </object_component>
      <object_component id="oc-3c7">
         <name>.bss:_CIOBUF_</name>
         <uninitialized>true</uninitialized>
         <run_address>0x200004e8</run_address>
         <size>0x120</size>
         <input_file_ref idref="fl-10e"/>
      </object_component>
      <object_component id="oc-259">
         <name>.common:sense</name>
         <uninitialized>true</uninitialized>
         <run_address>0x200007e8</run_address>
         <size>0x34</size>
      </object_component>
      <object_component id="oc-1c2">
         <name>.common:rates</name>
         <uninitialized>true</uninitialized>
         <run_address>0x2000085c</run_address>
         <size>0x4</size>
      </object_component>
      <object_component id="oc-1bf">
         <name>.common:beatsPerMinute</name>
         <uninitialized>true</uninitialized>
         <run_address>0x20000858</run_address>
         <size>0x4</size>
      </object_component>
      <object_component id="oc-1c3">
         <name>.common:beatAvg</name>
         <uninitialized>true</uninitialized>
         <run_address>0x20000854</run_address>
         <size>0x4</size>
      </object_component>
      <object_component id="oc-25d">
         <name>.common:IR_AC_Signal_Previous</name>
         <uninitialized>true</uninitialized>
         <run_address>0x20000860</run_address>
         <size>0x2</size>
      </object_component>
      <object_component id="oc-263">
         <name>.common:IR_Average_Estimated</name>
         <uninitialized>true</uninitialized>
         <run_address>0x20000862</run_address>
         <size>0x2</size>
      </object_component>
      <object_component id="oc-264">
         <name>.common:cbuf</name>
         <uninitialized>true</uninitialized>
         <run_address>0x200007a8</run_address>
         <size>0x40</size>
      </object_component>
      <object_component id="oc-c8">
         <name>.common:OS_MsTime</name>
         <uninitialized>true</uninitialized>
         <run_address>0x20000830</run_address>
         <size>0x8</size>
      </object_component>
      <object_component id="oc-161">
         <name>.common:Messageindexb</name>
         <uninitialized>true</uninitialized>
         <run_address>0x20000844</run_address>
         <size>0x4</size>
      </object_component>
      <object_component id="oc-15e">
         <name>.common:Messageb</name>
         <uninitialized>true</uninitialized>
         <run_address>0x20000828</run_address>
         <size>0x8</size>
      </object_component>
      <object_component id="oc-bc">
         <name>.common:RxPutI</name>
         <uninitialized>true</uninitialized>
         <run_address>0x20000850</run_address>
         <size>0x4</size>
      </object_component>
      <object_component id="oc-bf">
         <name>.common:RxGetI</name>
         <uninitialized>true</uninitialized>
         <run_address>0x2000084c</run_address>
         <size>0x4</size>
      </object_component>
      <object_component id="oc-c0">
         <name>.common:RxFifoLost</name>
         <uninitialized>true</uninitialized>
         <run_address>0x20000848</run_address>
         <size>0x4</size>
      </object_component>
      <object_component id="oc-c1">
         <name>.common:RxFIFO</name>
         <uninitialized>true</uninitialized>
         <run_address>0x20000608</run_address>
         <size>0x100</size>
      </object_component>
      <object_component id="oc-2fd">
         <name>.common:__TI_tmpnams</name>
         <uninitialized>true</uninitialized>
         <run_address>0x20000708</run_address>
         <size>0xa0</size>
      </object_component>
      <object_component id="oc-36f">
         <name>.common:parmbuf</name>
         <uninitialized>true</uninitialized>
         <run_address>0x20000838</run_address>
         <size>0x8</size>
      </object_component>
      <object_component id="oc-26">
         <name>.sysmem</name>
         <uninitialized>true</uninitialized>
         <run_address>0x200000e8</run_address>
         <size>0x10</size>
         <input_file_ref idref="fl-f3"/>
      </object_component>
      <object_component id="oc-434">
         <name>.sysmem</name>
         <uninitialized>true</uninitialized>
         <run_address>0x200000e8</run_address>
         <size>0x0</size>
      </object_component>
      <object_component id="oc-29">
         <name>.stack</name>
         <uninitialized>true</uninitialized>
         <run_address>0x2000fe00</run_address>
         <size>0x4</size>
         <input_file_ref idref="fl-f6"/>
      </object_component>
      <object_component id="oc-433">
         <name>.stack</name>
         <uninitialized>true</uninitialized>
         <run_address>0x2000fe00</run_address>
         <size>0x0</size>
      </object_component>
      <object_component id="oc-15d">
         <name>.debug_info</name>
         <load_address>0x0</load_address>
         <run_address>0x0</run_address>
         <size>0x87a</size>
         <input_file_ref idref="fl-2"/>
      </object_component>
      <object_component id="oc-19a">
         <name>.debug_info</name>
         <load_address>0x87a</load_address>
         <run_address>0x87a</run_address>
         <size>0x182</size>
         <input_file_ref idref="fl-2"/>
      </object_component>
      <object_component id="oc-197">
         <name>.debug_info</name>
         <load_address>0x9fc</load_address>
         <run_address>0x9fc</run_address>
         <size>0x10e</size>
         <input_file_ref idref="fl-2"/>
      </object_component>
      <object_component id="oc-fc">
         <name>.debug_info</name>
         <load_address>0xb0a</load_address>
         <run_address>0xb0a</run_address>
         <size>0x5f0</size>
         <input_file_ref idref="fl-2"/>
      </object_component>
      <object_component id="oc-1ee">
         <name>.debug_info</name>
         <load_address>0x10fa</load_address>
         <run_address>0x10fa</run_address>
         <size>0x9a</size>
         <input_file_ref idref="fl-2"/>
      </object_component>
      <object_component id="oc-14c">
         <name>.debug_info</name>
         <load_address>0x1194</load_address>
         <run_address>0x1194</run_address>
         <size>0x37e2</size>
         <input_file_ref idref="fl-2"/>
      </object_component>
      <object_component id="oc-ce">
         <name>.debug_info</name>
         <load_address>0x4976</load_address>
         <run_address>0x4976</run_address>
         <size>0x26b</size>
         <input_file_ref idref="fl-2"/>
      </object_component>
      <object_component id="oc-151">
         <name>.debug_info</name>
         <load_address>0x4be1</load_address>
         <run_address>0x4be1</run_address>
         <size>0x1055</size>
         <input_file_ref idref="fl-2"/>
      </object_component>
      <object_component id="oc-32">
         <name>.debug_info</name>
         <load_address>0x5c36</load_address>
         <run_address>0x5c36</run_address>
         <size>0x84</size>
         <input_file_ref idref="fl-2"/>
      </object_component>
      <object_component id="oc-156">
         <name>.debug_info</name>
         <load_address>0x5cba</load_address>
         <run_address>0x5cba</run_address>
         <size>0x297</size>
         <input_file_ref idref="fl-2"/>
      </object_component>
      <object_component id="oc-1f3">
         <name>.debug_info</name>
         <load_address>0x5f51</load_address>
         <run_address>0x5f51</run_address>
         <size>0xef</size>
         <input_file_ref idref="fl-2"/>
      </object_component>
      <object_component id="oc-c3">
         <name>.debug_info</name>
         <load_address>0x6040</load_address>
         <run_address>0x6040</run_address>
         <size>0xbb</size>
         <input_file_ref idref="fl-2"/>
      </object_component>
      <object_component id="oc-e6">
         <name>.debug_info</name>
         <load_address>0x60fb</load_address>
         <run_address>0x60fb</run_address>
         <size>0x2c</size>
         <input_file_ref idref="fl-2"/>
      </object_component>
      <object_component id="oc-f6">
         <name>.debug_info</name>
         <load_address>0x6127</load_address>
         <run_address>0x6127</run_address>
         <size>0x1cd</size>
         <input_file_ref idref="fl-4"/>
      </object_component>
      <object_component id="oc-1c0">
         <name>.debug_info</name>
         <load_address>0x62f4</load_address>
         <run_address>0x62f4</run_address>
         <size>0x904</size>
         <input_file_ref idref="fl-5"/>
      </object_component>
      <object_component id="oc-1bd">
         <name>.debug_info</name>
         <load_address>0x6bf8</load_address>
         <run_address>0x6bf8</run_address>
         <size>0x12d</size>
         <input_file_ref idref="fl-5"/>
      </object_component>
      <object_component id="oc-1b9">
         <name>.debug_info</name>
         <load_address>0x6d25</load_address>
         <run_address>0x6d25</run_address>
         <size>0x118</size>
         <input_file_ref idref="fl-5"/>
      </object_component>
      <object_component id="oc-103">
         <name>.debug_info</name>
         <load_address>0x6e3d</load_address>
         <run_address>0x6e3d</run_address>
         <size>0x4b2</size>
         <input_file_ref idref="fl-5"/>
      </object_component>
      <object_component id="oc-272">
         <name>.debug_info</name>
         <load_address>0x72ef</load_address>
         <run_address>0x72ef</run_address>
         <size>0x9e</size>
         <input_file_ref idref="fl-5"/>
      </object_component>
      <object_component id="oc-1c5">
         <name>.debug_info</name>
         <load_address>0x738d</load_address>
         <run_address>0x738d</run_address>
         <size>0x8b</size>
         <input_file_ref idref="fl-5"/>
      </object_component>
      <object_component id="oc-25e">
         <name>.debug_info</name>
         <load_address>0x7418</load_address>
         <run_address>0x7418</run_address>
         <size>0x351</size>
         <input_file_ref idref="fl-6"/>
      </object_component>
      <object_component id="oc-261">
         <name>.debug_info</name>
         <load_address>0x7769</load_address>
         <run_address>0x7769</run_address>
         <size>0x266</size>
         <input_file_ref idref="fl-6"/>
      </object_component>
      <object_component id="oc-266">
         <name>.debug_info</name>
         <load_address>0x79cf</load_address>
         <run_address>0x79cf</run_address>
         <size>0x113</size>
         <input_file_ref idref="fl-6"/>
      </object_component>
      <object_component id="oc-1a5">
         <name>.debug_info</name>
         <load_address>0x7ae2</load_address>
         <run_address>0x7ae2</run_address>
         <size>0x399</size>
         <input_file_ref idref="fl-6"/>
      </object_component>
      <object_component id="oc-a4">
         <name>.debug_info</name>
         <load_address>0x7e7b</load_address>
         <run_address>0x7e7b</run_address>
         <size>0x338</size>
         <input_file_ref idref="fl-7"/>
      </object_component>
      <object_component id="oc-7b">
         <name>.debug_info</name>
         <load_address>0x81b3</load_address>
         <run_address>0x81b3</run_address>
         <size>0x304</size>
         <input_file_ref idref="fl-8"/>
      </object_component>
      <object_component id="oc-24">
         <name>.debug_info</name>
         <load_address>0x84b7</load_address>
         <run_address>0x84b7</run_address>
         <size>0x130</size>
         <input_file_ref idref="fl-8"/>
      </object_component>
      <object_component id="oc-68">
         <name>.debug_info</name>
         <load_address>0x85e7</load_address>
         <run_address>0x85e7</run_address>
         <size>0x1f7</size>
         <input_file_ref idref="fl-8"/>
      </object_component>
      <object_component id="oc-147">
         <name>.debug_info</name>
         <load_address>0x87de</load_address>
         <run_address>0x87de</run_address>
         <size>0x129</size>
         <input_file_ref idref="fl-9"/>
      </object_component>
      <object_component id="oc-b6">
         <name>.debug_info</name>
         <load_address>0x8907</load_address>
         <run_address>0x8907</run_address>
         <size>0x29b</size>
         <input_file_ref idref="fl-9"/>
      </object_component>
      <object_component id="oc-25a">
         <name>.debug_info</name>
         <load_address>0x8ba2</load_address>
         <run_address>0x8ba2</run_address>
         <size>0x769</size>
         <input_file_ref idref="fl-f"/>
      </object_component>
      <object_component id="oc-257">
         <name>.debug_info</name>
         <load_address>0x930b</load_address>
         <run_address>0x930b</run_address>
         <size>0x11c</size>
         <input_file_ref idref="fl-f"/>
      </object_component>
      <object_component id="oc-19e">
         <name>.debug_info</name>
         <load_address>0x9427</load_address>
         <run_address>0x9427</run_address>
         <size>0x1660</size>
         <input_file_ref idref="fl-f"/>
      </object_component>
      <object_component id="oc-c9">
         <name>.debug_info</name>
         <load_address>0xaa87</load_address>
         <run_address>0xaa87</run_address>
         <size>0x592</size>
         <input_file_ref idref="fl-10"/>
      </object_component>
      <object_component id="oc-76">
         <name>.debug_info</name>
         <load_address>0xb019</load_address>
         <run_address>0xb019</run_address>
         <size>0x2bc</size>
         <input_file_ref idref="fl-10"/>
      </object_component>
      <object_component id="oc-15f">
         <name>.debug_info</name>
         <load_address>0xb2d5</load_address>
         <run_address>0xb2d5</run_address>
         <size>0x7ba</size>
         <input_file_ref idref="fl-11"/>
      </object_component>
      <object_component id="oc-f2">
         <name>.debug_info</name>
         <load_address>0xba8f</load_address>
         <run_address>0xba8f</run_address>
         <size>0x1584</size>
         <input_file_ref idref="fl-11"/>
      </object_component>
      <object_component id="oc-1fa">
         <name>.debug_info</name>
         <load_address>0xd013</load_address>
         <run_address>0xd013</run_address>
         <size>0xcc</size>
         <input_file_ref idref="fl-11"/>
      </object_component>
      <object_component id="oc-17e">
         <name>.debug_info</name>
         <load_address>0xd0df</load_address>
         <run_address>0xd0df</run_address>
         <size>0x2c</size>
         <input_file_ref idref="fl-11"/>
      </object_component>
      <object_component id="oc-bd">
         <name>.debug_info</name>
         <load_address>0xd10b</load_address>
         <run_address>0xd10b</run_address>
         <size>0x5fe</size>
         <input_file_ref idref="fl-12"/>
      </object_component>
      <object_component id="oc-71">
         <name>.debug_info</name>
         <load_address>0xd709</load_address>
         <run_address>0xd709</run_address>
         <size>0x5af</size>
         <input_file_ref idref="fl-12"/>
      </object_component>
      <object_component id="oc-186">
         <name>.debug_info</name>
         <load_address>0xdcb8</load_address>
         <run_address>0xdcb8</run_address>
         <size>0x282</size>
         <input_file_ref idref="fl-13"/>
      </object_component>
      <object_component id="oc-31e">
         <name>.debug_info</name>
         <load_address>0xdf3a</load_address>
         <run_address>0xdf3a</run_address>
         <size>0x3ff</size>
         <input_file_ref idref="fl-17"/>
      </object_component>
      <object_component id="oc-24f">
         <name>.debug_info</name>
         <load_address>0xe339</load_address>
         <run_address>0xe339</run_address>
         <size>0x6c7</size>
         <input_file_ref idref="fl-1d"/>
      </object_component>
      <object_component id="oc-24c">
         <name>.debug_info</name>
         <load_address>0xea00</load_address>
         <run_address>0xea00</run_address>
         <size>0x131</size>
         <input_file_ref idref="fl-1d"/>
      </object_component>
      <object_component id="oc-243">
         <name>.debug_info</name>
         <load_address>0xeb31</load_address>
         <run_address>0xeb31</run_address>
         <size>0x133</size>
         <input_file_ref idref="fl-1d"/>
      </object_component>
      <object_component id="oc-18b">
         <name>.debug_info</name>
         <load_address>0xec64</load_address>
         <run_address>0xec64</run_address>
         <size>0x1a34</size>
         <input_file_ref idref="fl-1d"/>
      </object_component>
      <object_component id="oc-251">
         <name>.debug_info</name>
         <load_address>0x10698</load_address>
         <run_address>0x10698</run_address>
         <size>0x6b6</size>
         <input_file_ref idref="fl-1e"/>
      </object_component>
      <object_component id="oc-193">
         <name>.debug_info</name>
         <load_address>0x10d4e</load_address>
         <run_address>0x10d4e</run_address>
         <size>0x3492</size>
         <input_file_ref idref="fl-1e"/>
      </object_component>
      <object_component id="oc-337">
         <name>.debug_info</name>
         <load_address>0x141e0</load_address>
         <run_address>0x141e0</run_address>
         <size>0x655</size>
         <input_file_ref idref="fl-1f"/>
      </object_component>
      <object_component id="oc-325">
         <name>.debug_info</name>
         <load_address>0x14835</load_address>
         <run_address>0x14835</run_address>
         <size>0x130</size>
         <input_file_ref idref="fl-1f"/>
      </object_component>
      <object_component id="oc-328">
         <name>.debug_info</name>
         <load_address>0x14965</load_address>
         <run_address>0x14965</run_address>
         <size>0x128</size>
         <input_file_ref idref="fl-1f"/>
      </object_component>
      <object_component id="oc-32b">
         <name>.debug_info</name>
         <load_address>0x14a8d</load_address>
         <run_address>0x14a8d</run_address>
         <size>0x12c</size>
         <input_file_ref idref="fl-1f"/>
      </object_component>
      <object_component id="oc-32e">
         <name>.debug_info</name>
         <load_address>0x14bb9</load_address>
         <run_address>0x14bb9</run_address>
         <size>0x12e</size>
         <input_file_ref idref="fl-1f"/>
      </object_component>
      <object_component id="oc-331">
         <name>.debug_info</name>
         <load_address>0x14ce7</load_address>
         <run_address>0x14ce7</run_address>
         <size>0x130</size>
         <input_file_ref idref="fl-1f"/>
      </object_component>
      <object_component id="oc-334">
         <name>.debug_info</name>
         <load_address>0x14e17</load_address>
         <run_address>0x14e17</run_address>
         <size>0x134</size>
         <input_file_ref idref="fl-1f"/>
      </object_component>
      <object_component id="oc-322">
         <name>.debug_info</name>
         <load_address>0x14f4b</load_address>
         <run_address>0x14f4b</run_address>
         <size>0x135</size>
         <input_file_ref idref="fl-1f"/>
      </object_component>
      <object_component id="oc-246">
         <name>.debug_info</name>
         <load_address>0x15080</load_address>
         <run_address>0x15080</run_address>
         <size>0x11d8</size>
         <input_file_ref idref="fl-1f"/>
      </object_component>
      <object_component id="oc-21c">
         <name>.debug_info</name>
         <load_address>0x16258</load_address>
         <run_address>0x16258</run_address>
         <size>0x3f4</size>
         <input_file_ref idref="fl-e7"/>
      </object_component>
      <object_component id="oc-215">
         <name>.debug_info</name>
         <load_address>0x1664c</load_address>
         <run_address>0x1664c</run_address>
         <size>0x20d</size>
         <input_file_ref idref="fl-e7"/>
      </object_component>
      <object_component id="oc-232">
         <name>.debug_info</name>
         <load_address>0x16859</load_address>
         <run_address>0x16859</run_address>
         <size>0x175</size>
         <input_file_ref idref="fl-e7"/>
      </object_component>
      <object_component id="oc-171">
         <name>.debug_info</name>
         <load_address>0x169ce</load_address>
         <run_address>0x169ce</run_address>
         <size>0x1e3</size>
         <input_file_ref idref="fl-e7"/>
      </object_component>
      <object_component id="oc-16c">
         <name>.debug_info</name>
         <load_address>0x16bb1</load_address>
         <run_address>0x16bb1</run_address>
         <size>0x1cc</size>
         <input_file_ref idref="fl-e7"/>
      </object_component>
      <object_component id="oc-d5">
         <name>.debug_info</name>
         <load_address>0x16d7d</load_address>
         <run_address>0x16d7d</run_address>
         <size>0x2c</size>
         <input_file_ref idref="fl-e7"/>
      </object_component>
      <object_component id="oc-2e6">
         <name>.debug_info</name>
         <load_address>0x16da9</load_address>
         <run_address>0x16da9</run_address>
         <size>0xb2</size>
         <input_file_ref idref="fl-e7"/>
      </object_component>
      <object_component id="oc-237">
         <name>.debug_info</name>
         <load_address>0x16e5b</load_address>
         <run_address>0x16e5b</run_address>
         <size>0x373</size>
         <input_file_ref idref="fl-e8"/>
      </object_component>
      <object_component id="oc-175">
         <name>.debug_info</name>
         <load_address>0x171ce</load_address>
         <run_address>0x171ce</run_address>
         <size>0x20a</size>
         <input_file_ref idref="fl-e8"/>
      </object_component>
      <object_component id="oc-238">
         <name>.debug_info</name>
         <load_address>0x173d8</load_address>
         <run_address>0x173d8</run_address>
         <size>0xbf</size>
         <input_file_ref idref="fl-e8"/>
      </object_component>
      <object_component id="oc-1af">
         <name>.debug_info</name>
         <load_address>0x17497</load_address>
         <run_address>0x17497</run_address>
         <size>0x139</size>
         <input_file_ref idref="fl-e9"/>
      </object_component>
      <object_component id="oc-1b4">
         <name>.debug_info</name>
         <load_address>0x175d0</load_address>
         <run_address>0x175d0</run_address>
         <size>0x13d</size>
         <input_file_ref idref="fl-ea"/>
      </object_component>
      <object_component id="oc-1ab">
         <name>.debug_info</name>
         <load_address>0x1770d</load_address>
         <run_address>0x1770d</run_address>
         <size>0x12b</size>
         <input_file_ref idref="fl-eb"/>
      </object_component>
      <object_component id="oc-98">
         <name>.debug_info</name>
         <load_address>0x17838</load_address>
         <run_address>0x17838</run_address>
         <size>0x146</size>
         <input_file_ref idref="fl-ec"/>
      </object_component>
      <object_component id="oc-96">
         <name>.debug_info</name>
         <load_address>0x1797e</load_address>
         <run_address>0x1797e</run_address>
         <size>0x2d3</size>
         <input_file_ref idref="fl-ed"/>
      </object_component>
      <object_component id="oc-4d">
         <name>.debug_info</name>
         <load_address>0x17c51</load_address>
         <run_address>0x17c51</run_address>
         <size>0x1b4</size>
         <input_file_ref idref="fl-ed"/>
      </object_component>
      <object_component id="oc-91">
         <name>.debug_info</name>
         <load_address>0x17e05</load_address>
         <run_address>0x17e05</run_address>
         <size>0x46</size>
         <input_file_ref idref="fl-ed"/>
      </object_component>
      <object_component id="oc-42">
         <name>.debug_info</name>
         <load_address>0x17e4b</load_address>
         <run_address>0x17e4b</run_address>
         <size>0x2a7</size>
         <input_file_ref idref="fl-ee"/>
      </object_component>
      <object_component id="oc-1b">
         <name>.debug_info</name>
         <load_address>0x180f2</load_address>
         <run_address>0x180f2</run_address>
         <size>0x1e9</size>
         <input_file_ref idref="fl-ee"/>
      </object_component>
      <object_component id="oc-3d">
         <name>.debug_info</name>
         <load_address>0x182db</load_address>
         <run_address>0x182db</run_address>
         <size>0x46</size>
         <input_file_ref idref="fl-ee"/>
      </object_component>
      <object_component id="oc-89">
         <name>.debug_info</name>
         <load_address>0x18321</load_address>
         <run_address>0x18321</run_address>
         <size>0x2c</size>
         <input_file_ref idref="fl-ee"/>
      </object_component>
      <object_component id="oc-87">
         <name>.debug_info</name>
         <load_address>0x1834d</load_address>
         <run_address>0x1834d</run_address>
         <size>0x29d</size>
         <input_file_ref idref="fl-ef"/>
      </object_component>
      <object_component id="oc-17">
         <name>.debug_info</name>
         <load_address>0x185ea</load_address>
         <run_address>0x185ea</run_address>
         <size>0x24f</size>
         <input_file_ref idref="fl-ef"/>
      </object_component>
      <object_component id="oc-2d">
         <name>.debug_info</name>
         <load_address>0x18839</load_address>
         <run_address>0x18839</run_address>
         <size>0x60</size>
         <input_file_ref idref="fl-ef"/>
      </object_component>
      <object_component id="oc-df">
         <name>.debug_info</name>
         <load_address>0x18899</load_address>
         <run_address>0x18899</run_address>
         <size>0x46</size>
         <input_file_ref idref="fl-ef"/>
      </object_component>
      <object_component id="oc-82">
         <name>.debug_info</name>
         <load_address>0x188df</load_address>
         <run_address>0x188df</run_address>
         <size>0x39</size>
         <input_file_ref idref="fl-ef"/>
      </object_component>
      <object_component id="oc-1d2">
         <name>.debug_info</name>
         <load_address>0x18918</load_address>
         <run_address>0x18918</run_address>
         <size>0x3ac</size>
         <input_file_ref idref="fl-f0"/>
      </object_component>
      <object_component id="oc-1cc">
         <name>.debug_info</name>
         <load_address>0x18cc4</load_address>
         <run_address>0x18cc4</run_address>
         <size>0x18f</size>
         <input_file_ref idref="fl-f0"/>
      </object_component>
      <object_component id="oc-10b">
         <name>.debug_info</name>
         <load_address>0x18e53</load_address>
         <run_address>0x18e53</run_address>
         <size>0x121</size>
         <input_file_ref idref="fl-f0"/>
      </object_component>
      <object_component id="oc-110">
         <name>.debug_info</name>
         <load_address>0x18f74</load_address>
         <run_address>0x18f74</run_address>
         <size>0x183</size>
         <input_file_ref idref="fl-f0"/>
      </object_component>
      <object_component id="oc-281">
         <name>.debug_info</name>
         <load_address>0x190f7</load_address>
         <run_address>0x190f7</run_address>
         <size>0x2c8</size>
         <input_file_ref idref="fl-f1"/>
      </object_component>
      <object_component id="oc-1cf">
         <name>.debug_info</name>
         <load_address>0x193bf</load_address>
         <run_address>0x193bf</run_address>
         <size>0x11d</size>
         <input_file_ref idref="fl-f1"/>
      </object_component>
      <object_component id="oc-27d">
         <name>.debug_info</name>
         <load_address>0x194dc</load_address>
         <run_address>0x194dc</run_address>
         <size>0x12d</size>
         <input_file_ref idref="fl-f1"/>
      </object_component>
      <object_component id="oc-23f">
         <name>.debug_info</name>
         <load_address>0x19609</load_address>
         <run_address>0x19609</run_address>
         <size>0x143</size>
         <input_file_ref idref="fl-f2"/>
      </object_component>
      <object_component id="oc-17b">
         <name>.debug_info</name>
         <load_address>0x1974c</load_address>
         <run_address>0x1974c</run_address>
         <size>0x101</size>
         <input_file_ref idref="fl-f2"/>
      </object_component>
      <object_component id="oc-219">
         <name>.debug_info</name>
         <load_address>0x1984d</load_address>
         <run_address>0x1984d</run_address>
         <size>0x18e</size>
         <input_file_ref idref="fl-f2"/>
      </object_component>
      <object_component id="oc-7e">
         <name>.debug_info</name>
         <load_address>0x199db</load_address>
         <run_address>0x199db</run_address>
         <size>0x3b1</size>
         <input_file_ref idref="fl-f3"/>
      </object_component>
      <object_component id="oc-27">
         <name>.debug_info</name>
         <load_address>0x19d8c</load_address>
         <run_address>0x19d8c</run_address>
         <size>0x10b</size>
         <input_file_ref idref="fl-f3"/>
      </object_component>
      <object_component id="oc-3a7">
         <name>.debug_info</name>
         <load_address>0x19e97</load_address>
         <run_address>0x19e97</run_address>
         <size>0x13e</size>
         <input_file_ref idref="fl-f3"/>
      </object_component>
      <object_component id="oc-22c">
         <name>.debug_info</name>
         <load_address>0x19fd5</load_address>
         <run_address>0x19fd5</run_address>
         <size>0x167</size>
         <input_file_ref idref="fl-f3"/>
      </object_component>
      <object_component id="oc-303">
         <name>.debug_info</name>
         <load_address>0x1a13c</load_address>
         <run_address>0x1a13c</run_address>
         <size>0x18d</size>
         <input_file_ref idref="fl-f3"/>
      </object_component>
      <object_component id="oc-307">
         <name>.debug_info</name>
         <load_address>0x1a2c9</load_address>
         <run_address>0x1a2c9</run_address>
         <size>0x19e</size>
         <input_file_ref idref="fl-f3"/>
      </object_component>
      <object_component id="oc-225">
         <name>.debug_info</name>
         <load_address>0x1a467</load_address>
         <run_address>0x1a467</run_address>
         <size>0x202</size>
         <input_file_ref idref="fl-f3"/>
      </object_component>
      <object_component id="oc-3ac">
         <name>.debug_info</name>
         <load_address>0x1a669</load_address>
         <run_address>0x1a669</run_address>
         <size>0x1da</size>
         <input_file_ref idref="fl-f3"/>
      </object_component>
      <object_component id="oc-30f">
         <name>.debug_info</name>
         <load_address>0x1a843</load_address>
         <run_address>0x1a843</run_address>
         <size>0x298</size>
         <input_file_ref idref="fl-f3"/>
      </object_component>
      <object_component id="oc-da">
         <name>.debug_info</name>
         <load_address>0x1aadb</load_address>
         <run_address>0x1aadb</run_address>
         <size>0xb2</size>
         <input_file_ref idref="fl-f3"/>
      </object_component>
      <object_component id="oc-397">
         <name>.debug_info</name>
         <load_address>0x1ab8d</load_address>
         <run_address>0x1ab8d</run_address>
         <size>0x401</size>
         <input_file_ref idref="fl-f4"/>
      </object_component>
      <object_component id="oc-2df">
         <name>.debug_info</name>
         <load_address>0x1af8e</load_address>
         <run_address>0x1af8e</run_address>
         <size>0x244</size>
         <input_file_ref idref="fl-f4"/>
      </object_component>
      <object_component id="oc-387">
         <name>.debug_info</name>
         <load_address>0x1b1d2</load_address>
         <run_address>0x1b1d2</run_address>
         <size>0x120</size>
         <input_file_ref idref="fl-f4"/>
      </object_component>
      <object_component id="oc-210">
         <name>.debug_info</name>
         <load_address>0x1b2f2</load_address>
         <run_address>0x1b2f2</run_address>
         <size>0x444</size>
         <input_file_ref idref="fl-f5"/>
      </object_component>
      <object_component id="oc-163">
         <name>.debug_info</name>
         <load_address>0x1b736</load_address>
         <run_address>0x1b736</run_address>
         <size>0x2da</size>
         <input_file_ref idref="fl-f5"/>
      </object_component>
      <object_component id="oc-2d6">
         <name>.debug_info</name>
         <load_address>0x1ba10</load_address>
         <run_address>0x1ba10</run_address>
         <size>0xea</size>
         <input_file_ref idref="fl-f5"/>
      </object_component>
      <object_component id="oc-2d1">
         <name>.debug_info</name>
         <load_address>0x1bafa</load_address>
         <run_address>0x1bafa</run_address>
         <size>0x2c</size>
         <input_file_ref idref="fl-f5"/>
      </object_component>
      <object_component id="oc-2a">
         <name>.debug_info</name>
         <load_address>0x1bb26</load_address>
         <run_address>0x1bb26</run_address>
         <size>0x10a</size>
         <input_file_ref idref="fl-f6"/>
      </object_component>
      <object_component id="oc-57">
         <name>.debug_info</name>
         <load_address>0x1bc30</load_address>
         <run_address>0x1bc30</run_address>
         <size>0x1a8</size>
         <input_file_ref idref="fl-f6"/>
      </object_component>
      <object_component id="oc-2ff">
         <name>.debug_info</name>
         <load_address>0x1bdd8</load_address>
         <run_address>0x1bdd8</run_address>
         <size>0x3a4</size>
         <input_file_ref idref="fl-f7"/>
      </object_component>
      <object_component id="oc-221">
         <name>.debug_info</name>
         <load_address>0x1c17c</load_address>
         <run_address>0x1c17c</run_address>
         <size>0x1f2</size>
         <input_file_ref idref="fl-f7"/>
      </object_component>
      <object_component id="oc-39f">
         <name>.debug_info</name>
         <load_address>0x1c36e</load_address>
         <run_address>0x1c36e</run_address>
         <size>0x346</size>
         <input_file_ref idref="fl-f8"/>
      </object_component>
      <object_component id="oc-2ec">
         <name>.debug_info</name>
         <load_address>0x1c6b4</load_address>
         <run_address>0x1c6b4</run_address>
         <size>0x189</size>
         <input_file_ref idref="fl-f8"/>
      </object_component>
      <object_component id="oc-29f">
         <name>.debug_info</name>
         <load_address>0x1c83d</load_address>
         <run_address>0x1c83d</run_address>
         <size>0x42b</size>
         <input_file_ref idref="fl-f9"/>
      </object_component>
      <object_component id="oc-200">
         <name>.debug_info</name>
         <load_address>0x1cc68</load_address>
         <run_address>0x1cc68</run_address>
         <size>0x191</size>
         <input_file_ref idref="fl-f9"/>
      </object_component>
      <object_component id="oc-38d">
         <name>.debug_info</name>
         <load_address>0x1cdf9</load_address>
         <run_address>0x1cdf9</run_address>
         <size>0x1ea</size>
         <input_file_ref idref="fl-f9"/>
      </object_component>
      <object_component id="oc-38">
         <name>.debug_info</name>
         <load_address>0x1cfe3</load_address>
         <run_address>0x1cfe3</run_address>
         <size>0x118</size>
         <input_file_ref idref="fl-fa"/>
      </object_component>
      <object_component id="oc-1d5">
         <name>.debug_info</name>
[...]
         <value>0x1bdd</value>
         <object_component_ref idref="oc-245"/>
      </symbol>
      <symbol id="sm-520">
         <name>Interrupt_setVectorTableAddress</name>
         <value>0x1f01</value>
         <object_component_ref idref="oc-245"/>
      </symbol>
      <symbol id="sm-521">
         <name>Interrupt_setPriority</name>
         <value>0x1c43</value>
         <object_component_ref idref="oc-245"/>
      </symbol>
      <symbol id="sm-522">
         <name>Interrupt_enableSleepOnIsrExit</name>
         <value>0x1f17</value>
         <object_component_ref idref="oc-245"/>
      </symbol>
      <symbol id="sm-523">
         <name>Interrupt_enableMaster</name>
         <value>0x1b6b</value>
         <object_component_ref idref="oc-245"/>
      </symbol>
      <symbol id="sm-524">
         <name>Interrupt_enableInterrupt</name>
         <value>0x1cb9</value>
         <object_component_ref idref="oc-245"/>
      </symbol>
      <symbol id="sm-525">
         <name>Interrupt_getPriority</name>
         <value>0x1c93</value>
         <object_component_ref idref="oc-245"/>
      </symbol>
      <symbol id="sm-526">
         <name>Interrupt_registerInterrupt</name>
         <value>0x1b8b</value>
         <object_component_ref idref="oc-245"/>
      </symbol>
      <symbol id="sm-527">
         <name>g_pfnRAMVectors</name>
         <value>0x20000000</value>
         <object_component_ref idref="oc-321"/>
      </symbol>
      <symbol id="sm-528">
         <name>Interrupt_disableSleepOnIsrExit</name>
         <value>0x1f29</value>
         <object_component_ref idref="oc-245"/>
      </symbol>
      <symbol id="sm-529">
         <name>Interrupt_setPriorityGrouping</name>
         <value>0x1bf1</value>
         <object_component_ref idref="oc-245"/>
      </symbol>
      <symbol id="sm-52a">
         <name>Interrupt_getPriorityGrouping</name>
         <value>0x1c0b</value>
         <object_component_ref idref="oc-245"/>
      </symbol>
      <symbol id="sm-52b">
         <name>Interrupt_getVectorTableAddress</name>
         <value>0x1f11</value>
         <object_component_ref idref="oc-245"/>
      </symbol>
      <symbol id="sm-52c">
         <name>Interrupt_isEnabled</name>
         <value>0x1d9d</value>
         <object_component_ref idref="oc-245"/>
      </symbol>
      <symbol id="sm-52d">
         <name>Interrupt_pendInterrupt</name>
         <value>0x1e29</value>
         <object_component_ref idref="oc-245"/>
      </symbol>
      <symbol id="sm-598">
         <name>__TI_cleanup</name>
         <value>0x3aed</value>
         <object_component_ref idref="oc-230"/>
      </symbol>
      <symbol id="sm-599">
         <name>freopen</name>
         <value>0x3b89</value>
         <object_component_ref idref="oc-16e"/>
      </symbol>
      <symbol id="sm-59a">
         <name>fopen</name>
         <value>0x31e5</value>
         <object_component_ref idref="oc-168"/>
      </symbol>
      <symbol id="sm-5bb">
         <name>setvbuf</name>
         <value>0x2ec9</value>
         <object_component_ref idref="oc-174"/>
      </symbol>
      <symbol id="sm-5cf">
         <name>__aeabi_ddiv</name>
         <value>0x2a89</value>
         <object_component_ref idref="oc-1ae"/>
      </symbol>
      <symbol id="sm-5db">
         <name>__aeabi_d2f</name>
         <value>0x3581</value>
         <object_component_ref idref="oc-1b3"/>
      </symbol>
      <symbol id="sm-5e5">
         <name>__aeabi_i2d</name>
         <value>0x3bed</value>
         <object_component_ref idref="oc-1a9"/>
      </symbol>
      <symbol id="sm-5f4">
         <name>__aeabi_memset</name>
         <value>0x3423</value>
         <object_component_ref idref="oc-97"/>
      </symbol>
      <symbol id="sm-5f5">
         <name>memset</name>
         <value>0x3429</value>
         <object_component_ref idref="oc-97"/>
      </symbol>
      <symbol id="sm-5f6">
         <name>__aeabi_memset8</name>
         <value>0x3423</value>
         <object_component_ref idref="oc-97"/>
      </symbol>
      <symbol id="sm-5f7">
         <name>__aeabi_memset4</name>
         <value>0x3423</value>
         <object_component_ref idref="oc-97"/>
      </symbol>
      <symbol id="sm-5f8">
         <name>__aeabi_memclr8</name>
         <value>0x3421</value>
         <object_component_ref idref="oc-97"/>
      </symbol>
      <symbol id="sm-5f9">
         <name>__aeabi_memclr4</name>
         <value>0x3421</value>
         <object_component_ref idref="oc-97"/>
      </symbol>
      <symbol id="sm-5fa">
         <name>__aeabi_memclr</name>
         <value>0x3421</value>
         <object_component_ref idref="oc-97"/>
      </symbol>
      <symbol id="sm-60c">
         <name>__TI_zero_init</name>
         <value>0x3d41</value>
         <object_component_ref idref="oc-49"/>
      </symbol>
      <symbol id="sm-623">
         <name>__TI_decompress_none</name>
         <value>0x3d25</value>
         <object_component_ref idref="oc-1a"/>
      </symbol>
      <symbol id="sm-646">
         <name>__TI_decompress_lzss</name>
         <value>0x36c5</value>
         <object_component_ref idref="oc-14"/>
      </symbol>
      <symbol id="sm-66c">
         <name>C$$EXIT</name>
         <value>0x3d59</value>
         <object_component_ref idref="oc-108"/>
      </symbol>
      <symbol id="sm-66d">
         <name>abort</name>
         <value>0x3d59</value>
         <object_component_ref idref="oc-108"/>
      </symbol>
      <symbol id="sm-66e">
         <name>__TI_dtors_ptr</name>
         <value>0x20000a78</value>
         <object_component_ref idref="oc-1cb"/>
      </symbol>
      <symbol id="sm-66f">
         <name>__TI_cleanup_ptr</name>
         <value>0x20000a74</value>
         <object_component_ref idref="oc-1cb"/>
      </symbol>
      <symbol id="sm-670">
         <name>__TI_enable_exit_profile_output</name>
         <value>0x20000a7c</value>
         <object_component_ref idref="oc-1cb"/>
      </symbol>
      <symbol id="sm-671">
         <name>exit</name>
         <value>0x38e5</value>
         <object_component_ref idref="oc-10e"/>
      </symbol>
      <symbol id="sm-686">
         <name>_nop</name>
         <value>0x2bbf</value>
         <object_component_ref idref="oc-279"/>
      </symbol>
      <symbol id="sm-687">
         <name>_lock</name>
         <value>0x20000a80</value>
         <object_component_ref idref="oc-1ce"/>
      </symbol>
      <symbol id="sm-688">
         <name>_unlock</name>
         <value>0x20000a84</value>
         <object_component_ref idref="oc-1ce"/>
      </symbol>
      <symbol id="sm-69d">
         <name>__TI_tmpnams</name>
         <value>0x20000708</value>
      </symbol>
      <symbol id="sm-69e">
         <name>__aeabi_stdout</name>
         <value>0x20000a6c</value>
         <object_component_ref idref="oc-218"/>
      </symbol>
      <symbol id="sm-69f">
         <name>__aeabi_stderr</name>
         <value>0x20000a70</value>
         <object_component_ref idref="oc-218"/>
      </symbol>
      <symbol id="sm-6a0">
         <name>__aeabi_stdin</name>
         <value>0x20000a68</value>
         <object_component_ref idref="oc-218"/>
      </symbol>
      <symbol id="sm-6a1">
         <name>_ftable</name>
         <value>0x20000864</value>
         <object_component_ref idref="oc-17a"/>
      </symbol>
      <symbol id="sm-6a2">
         <name>__TI_ft_end</name>
         <value>0x20000a64</value>
         <object_component_ref idref="oc-218"/>
      </symbol>
      <symbol id="sm-726">
         <name>_sys_memory</name>
         <value>0x200000e8</value>
         <object_component_ref idref="oc-26"/>
      </symbol>
      <symbol id="sm-727">
         <name>free</name>
         <value>0x2de5</value>
         <object_component_ref idref="oc-224"/>
      </symbol>
      <symbol id="sm-728">
         <name>memalign</name>
         <value>0x2bc1</value>
         <object_component_ref idref="oc-30d"/>
      </symbol>
      <symbol id="sm-729">
         <name>malloc</name>
         <value>0x3d4d</value>
         <object_component_ref idref="oc-22a"/>
      </symbol>
      <symbol id="sm-72a">
         <name>aligned_alloc</name>
         <value>0x2bc1</value>
         <object_component_ref idref="oc-30d"/>
      </symbol>
      <symbol id="sm-74c">
         <name>open</name>
         <value>0x3071</value>
         <object_component_ref idref="oc-2db"/>
      </symbol>
      <symbol id="sm-771">
         <name>add_device</name>
         <value>0x312d</value>
         <object_component_ref idref="oc-162"/>
      </symbol>
      <symbol id="sm-784">
         <name>__stack</name>
         <value>0x2000fe00</value>
         <object_component_ref idref="oc-29"/>
      </symbol>
      <symbol id="sm-785">
         <name>_c_int00_noargs</name>
         <value>0x3b55</value>
         <object_component_ref idref="oc-55"/>
      </symbol>
      <symbol id="sm-79a">
         <name>__TI_closefile</name>
         <value>0x349d</value>
         <object_component_ref idref="oc-21d"/>
      </symbol>
      <symbol id="sm-7aa">
         <name>__TI_doflush</name>
         <value>0x3899</value>
         <object_component_ref idref="oc-2eb"/>
      </symbol>
      <symbol id="sm-7c8">
         <name>finddevice</name>
         <value>0x3bbd</value>
         <object_component_ref idref="oc-1ff"/>
      </symbol>
      <symbol id="sm-7c9">
         <name>getdevice</name>
         <value>0x39f9</value>
         <object_component_ref idref="oc-38c"/>
      </symbol>
      <symbol id="sm-7e4">
         <name>memcpy</name>
         <value>0x3281</value>
         <object_component_ref idref="oc-37"/>
      </symbol>
      <symbol id="sm-7e5">
         <name>__aeabi_memcpy</name>
         <value>0x3281</value>
         <object_component_ref idref="oc-37"/>
      </symbol>
      <symbol id="sm-7e6">
         <name>__aeabi_memcpy8</name>
         <value>0x3281</value>
         <object_component_ref idref="oc-37"/>
      </symbol>
      <symbol id="sm-7e7">
         <name>__aeabi_memcpy4</name>
         <value>0x3281</value>
         <object_component_ref idref="oc-37"/>
      </symbol>
      <symbol id="sm-80f">
         <name>__TI_auto_init_nobinit_nopinit</name>
         <value>0x39b5</value>
         <object_component_ref idref="oc-114"/>
      </symbol>
      <symbol id="sm-819">
         <name>_system_pre_init</name>
         <value>0x3d55</value>
         <object_component_ref idref="oc-9d"/>
      </symbol>
      <symbol id="sm-82b">
         <name>strchr</name>
         <value>0x3ce7</value>
         <object_component_ref idref="oc-3dd"/>
      </symbol>
      <symbol id="sm-83a">
         <name>strcmp</name>
         <value>0x3ccf</value>
         <object_component_ref idref="oc-298"/>
      </symbol>
      <symbol id="sm-84a">
         <name>strncpy</name>
         <value>0x3ab5</value>
         <object_component_ref idref="oc-205"/>
      </symbol>
      <symbol id="sm-85a">
         <name>write</name>
         <value>0x3c71</value>
         <object_component_ref idref="oc-398"/>
      </symbol>
      <symbol id="sm-86b">
         <name>_stream</name>
         <value>0x200009cc</value>
         <object_component_ref idref="oc-393"/>
      </symbol>
      <symbol id="sm-86c">
         <name>_device</name>
         <value>0x20000954</value>
         <object_component_ref idref="oc-20c"/>
      </symbol>
      <symbol id="sm-881">
         <name>close</name>
         <value>0x378d</value>
         <object_component_ref idref="oc-2f1"/>
      </symbol>
      <symbol id="sm-891">
         <name>unlink</name>
         <value>0x3c1d</value>
         <object_component_ref idref="oc-2f7"/>
      </symbol>
      <symbol id="sm-8a2">
         <name>HOSTclose</name>
         <value>0x392d</value>
         <object_component_ref idref="oc-2a8"/>
      </symbol>
      <symbol id="sm-8b3">
         <name>HOSTlseek</name>
         <value>0x365d</value>
         <object_component_ref idref="oc-2ba"/>
      </symbol>
      <symbol id="sm-8c5">
         <name>parmbuf</name>
         <value>0x20000838</value>
      </symbol>
      <symbol id="sm-8c6">
         <name>HOSTopen</name>
         <value>0x372d</value>
         <object_component_ref idref="oc-2a2"/>
      </symbol>
      <symbol id="sm-8d7">
         <name>HOSTread</name>
         <value>0x37e9</value>
         <object_component_ref idref="oc-2ae"/>
      </symbol>
      <symbol id="sm-8e8">
         <name>HOSTrename</name>
         <value>0x35f1</value>
         <object_component_ref idref="oc-2c6"/>
      </symbol>
      <symbol id="sm-8f9">
         <name>HOSTunlink</name>
         <value>0x3971</value>
         <object_component_ref idref="oc-2c0"/>
      </symbol>
      <symbol id="sm-90a">
         <name>HOSTwrite</name>
         <value>0x3841</value>
         <object_component_ref idref="oc-2b4"/>
      </symbol>
      <symbol id="sm-92e">
         <name>__TI_readmsg</name>
         <value>0x3b21</value>
         <object_component_ref idref="oc-369"/>
      </symbol>
      <symbol id="sm-92f">
         <name>C$$IO$$</name>
         <value>0x3aab</value>
         <object_component_ref idref="oc-363"/>
      </symbol>
      <symbol id="sm-930">
         <name>__CIOBUF_</name>
         <value>0x200004e8</value>
         <object_component_ref idref="oc-3c7"/>
      </symbol>
      <symbol id="sm-931">
         <name>__TI_writemsg</name>
         <value>0x3a7d</value>
         <object_component_ref idref="oc-363"/>
      </symbol>
      <symbol id="sm-93f">
         <name>strcpy</name>
         <value>0x3cfd</value>
         <object_component_ref idref="oc-37d"/>
      </symbol>
      <symbol id="sm-94d">
         <name>strlen</name>
         <value>0x3d11</value>
         <object_component_ref idref="oc-35d"/>
      </symbol>
      <symbol id="sm-94e">
         <name>__TI_static_base__</name>
         <value>0x0</value>
      </symbol>
      <symbol id="sm-951">
         <name>__mpu_init</name>
         <value>0x0</value>
      </symbol>
      <symbol id="sm-952">
         <name>_system_post_cinit</name>
         <value>0x0</value>
      </symbol>
      <symbol id="sm-953">
         <name>NMI_Handler</name>
         <value>0x3d3f</value>
      </symbol>
      <symbol id="sm-954">
         <name>HardFault_Handler</name>
         <value>0x3d3f</value>
      </symbol>
      <symbol id="sm-955">
         <name>MemManage_Handler</name>
         <value>0x3d3f</value>
      </symbol>
      <symbol id="sm-956">
         <name>BusFault_Handler</name>
         <value>0x3d3f</value>
      </symbol>
      <symbol id="sm-957">
         <name>UsageFault_Handler</name>
         <value>0x3d3f</value>
      </symbol>
      <symbol id="sm-958">
         <name>SVC_Handler</name>
         <value>0x3d3f</value>
      </symbol>
      <symbol id="sm-959">
         <name>DebugMon_Handler</name>
         <value>0x3d3f</value>
      </symbol>
      <symbol id="sm-95a">
         <name>PendSV_Handler</name>
         <value>0x3d3f</value>
      </symbol>
      <symbol id="sm-95b">
         <name>SysTick_Handler</name>
         <value>0x3d3f</value>
      </symbol>
      <symbol id="sm-95c">
         <name>PSS_IRQHandler</name>
         <value>0x3d3f</value>
      </symbol>
      <symbol id="sm-95d">
         <name>CS_IRQHandler</name>
         <value>0x3d3f</value>
      </symbol>
      <symbol id="sm-95e">
         <name>PCM_IRQHandler</name>
         <value>0x3d3f</value>
      </symbol>
      <symbol id="sm-95f">
         <name>WDT_A_IRQHandler</name>
         <value>0x3d3f</value>
      </symbol>
      <symbol id="sm-960">
         <name>FPU_IRQHandler</name>
         <value>0x3d3f</value>
      </symbol>
      <symbol id="sm-961">
         <name>FLCTL_IRQHandler</name>
         <value>0x3d3f</value>
      </symbol>
      <symbol id="sm-962">
         <name>COMP_E0_IRQHandler</name>
         <value>0x3d3f</value>
      </symbol>
      <symbol id="sm-963">
         <name>COMP_E1_IRQHandler</name>
         <value>0x3d3f</value>
      </symbol>
      <symbol id="sm-964">
         <name>TA0_0_IRQHandler</name>
         <value>0x3d3f</value>
      </symbol>
      <symbol id="sm-965">
         <name>TA0_N_IRQHandler</name>
         <value>0x3d3f</value>
      </symbol>
      <symbol id="sm-966">
         <name>TA1_0_IRQHandler</name>
         <value>0x3d3f</value>
      </symbol>
      <symbol id="sm-967">
         <name>TA1_N_IRQHandler</name>
         <value>0x3d3f</value>
      </symbol>
      <symbol id="sm-968">
         <name>TA2_0_IRQHandler</name>
         <value>0x3d3f</value>
      </symbol>
      <symbol id="sm-969">
         <name>TA2_N_IRQHandler</name>
         <value>0x3d3f</value>
      </symbol>
      <symbol id="sm-96a">
         <name>TA3_0_IRQHandler</name>
         <value>0x3d3f</value>
      </symbol>
      <symbol id="sm-96b">
         <name>TA3_N_IRQHandler</name>
         <value>0x3d3f</value>
      </symbol>
      <symbol id="sm-96c">
         <name>EUSCIA0_IRQHandler</name>
         <value>0x3d3f</value>
      </symbol>
      <symbol id="sm-96d">
         <name>EUSCIA1_IRQHandler</name>
         <value>0x3d3f</value>
      </symbol>
      <symbol id="sm-96e">
         <name>EUSCIA2_IRQHandler</name>
         <value>0x2a0d</value>
      </symbol>
      <symbol id="sm-96f">
         <name>EUSCIA3_IRQHandler</name>
         <value>0x3d3f</value>
      </symbol>
      <symbol id="sm-970">
         <name>EUSCIB0_IRQHandler</name>
         <value>0x3d3f</value>
      </symbol>
      <symbol id="sm-971">
         <name>EUSCIB1_IRQHandler</name>
         <value>0x3d3f</value>
      </symbol>
      <symbol id="sm-972">
         <name>EUSCIB2_IRQHandler</name>
         <value>0x3d3f</value>
      </symbol>
      <symbol id="sm-973">
         <name>EUSCIB3_IRQHandler</name>
         <value>0x3d3f</value>
      </symbol>
      <symbol id="sm-974">
         <name>ADC14_IRQHandler</name>
         <value>0x3d3f</value>
      </symbol>
      <symbol id="sm-975">
         <name>T32_INT1_IRQHandler</name>
         <value>0x33e3</value>
      </symbol>
      <symbol id="sm-976">
         <name>T32_INT2_IRQHandler</name>
         <value>0x3d3f</value>
      </symbol>
      <symbol id="sm-977">
         <name>T32_INTC_IRQHandler</name>
         <value>0x3d3f</value>
      </symbol>
      <symbol id="sm-978">
         <name>AES256_IRQHandler</name>
         <value>0x3d3f</value>
      </symbol>
      <symbol id="sm-979">
         <name>RTC_C_IRQHandler</name>
         <value>0x3d3f</value>
      </symbol>
      <symbol id="sm-97a">
         <name>DMA_ERR_IRQHandler</name>
         <value>0x3d3f</value>
      </symbol>
      <symbol id="sm-97b">
         <name>DMA_INT3_IRQHandler</name>
         <value>0x3d3f</value>
      </symbol>
      <symbol id="sm-97c">
         <name>DMA_INT2_IRQHandler</name>
         <value>0x3d3f</value>
      </symbol>
      <symbol id="sm-97d">
         <name>DMA_INT1_IRQHandler</name>
         <value>0x3d3f</value>
      </symbol>
      <symbol id="sm-97e">
         <name>DMA_INT0_IRQHandler</name>
         <value>0x3d3f</value>
      </symbol>
      <symbol id="sm-97f">
         <name>PORT1_IRQHandler</name>
         <value>0x3d3f</value>
      </symbol>
      <symbol id="sm-980">
         <name>PORT2_IRQHandler</name>
         <value>0x3d3f</value>
      </symbol>
      <symbol id="sm-981">
         <name>PORT3_IRQHandler</name>
         <value>0x3d3f</value>
      </symbol>
      <symbol id="sm-982">
         <name>PORT4_IRQHandler</name>
         <value>0x3d3f</value>
      </symbol>
      <symbol id="sm-983">
         <name>PORT5_IRQHandler</name>
         <value>0x3d3f</value>
      </symbol>
      <symbol id="sm-984">
         <name>PORT6_IRQHandler</name>
         <value>0x3d3f</value>
      </symbol>
      <symbol id="sm-985">
         <name>remove</name>
         <value>0x3c1d</value>
      </symbol>
   </symbol_table>
   <title>Link successful</title>
</link_info>
