******************************************************************************
                  TI ARM Linker PC v18.12.4                    
******************************************************************************
>> Linked Sun Mar 29 14:18:40 2020

OUTPUT FILE NAME:   <Self Monitor Stress System v2.out>
ENTRY POINT SYMBOL: "_c_int00_noargs"  address: 00001c41


MEMORY CONFIGURATION

         name            origin    length      used     unused   attr    fill
----------------------  --------  ---------  --------  --------  ----  --------
  MAIN                  00000000   00040000  00001e26  0003e1da  R  X
  INFO                  00200000   00004000  00000000  00004000  R  X
  SRAM_CODE             01000000   00010000  00000838  0000f7c8  RW X
  SRAM_DATA             20000000   00010000  00000838  0000f7c8  RW  


SEGMENT ALLOCATION MAP

run origin  load origin   length   init length attrs members
----------  ----------- ---------- ----------- ----- -------
00000000    00000000    00001e28   00001e28    r-x
  00000000    00000000    000000e4   000000e4    r-- .intvecs
  000000e4    000000e4    00001c1a   00001c1a    r-x .text
  00001d00    00001d00    000000c0   000000c0    r-- .const
  00001dc0    00001dc0    00000068   00000068    r-- .cinit
20000000    20000000    0000063c   00000000    rw-
  20000000    20000000    000000e4   00000000    rw- .vtable
  200000e8    200000e8    00000400   00000000    rw- .sysmem
  200004e8    200004e8    00000120   00000000    rw- .bss
  20000608    20000608    00000034   00000000    rw- .data
2000fe00    2000fe00    00000200   00000000    rw-
  2000fe00    2000fe00    00000200   00000000    rw- .stack


SECTION ALLOCATION MAP

 output                                  attributes/
section   page    origin      length       input sections
--------  ----  ----------  ----------   ----------------
.intvecs   0    00000000    000000e4     
                  00000000    000000e4     startup_msp432p401r_ccs.obj (.intvecs:retain)

.text      0    000000e4    00001c1a     
                  000000e4    000008f4     i2c.obj (.text)
                  000009d8    00000480     gpio.obj (.text)
                  00000e58    000003f0     interrupt.obj (.text)
                  00001248    00000334     system_msp432p401r.obj (.text)
                  0000157c    00000250     ACC.obj (.text)
                  000017cc    000001a4     UART1.obj (.text)
                  00001970    000000cc     adc.obj (.text)
                  00001a3c    0000009c     rtsv7M4_T_le_v4SPD16_eabi.lib : memcpy_t2.asm.obj (.text)
                  00001ad8    0000007c     Timer32.obj (.text)
                  00001b54    00000068     rtsv7M4_T_le_v4SPD16_eabi.lib : copy_decompress_lzss.c.obj (.text:decompress:lzss:__TI_decompress_lzss)
                  00001bbc    00000044                                   : autoinit.c.obj (.text:__TI_auto_init_nobinit_nopinit:__TI_auto_init_nobinit_nopinit)
                  00001c00    0000003e     cpu.obj (.text)
                  00001c3e    00000002     --HOLE-- [fill = 0]
                  00001c40    00000034     rtsv7M4_T_le_v4SPD16_eabi.lib : boot_cortex_m.c.obj (.text:_c_int00_noargs:_c_int00_noargs)
                  00001c74    00000030     main.obj (.text)
                  00001ca4    0000001c     rtsv7M4_T_le_v4SPD16_eabi.lib : copy_zero_init.c.obj (.text:decompress:ZI:__TI_zero_init_nomemset:__TI_zero_init_nomemset)
                  00001cc0    0000001a     GSR.obj (.text)
                  00001cda    0000000e     rtsv7M4_T_le_v4SPD16_eabi.lib : copy_decompress_none.c.obj (.text:decompress:none:__TI_decompress_none)
                  00001ce8    0000000e     startup_msp432p401r_ccs.obj (.text)
                  00001cf6    00000004     rtsv7M4_T_le_v4SPD16_eabi.lib : pre_init.c.obj (.text:_system_pre_init)
                  00001cfa    00000004                                   : exit.c.obj (.text:abort:abort)

.const     0    00001d00    000000c0     
                  00001d00    00000050     interrupt.obj (.const:g_pulRegs)
                  00001d50    00000020     interrupt.obj (.const:g_pulPriority)
                  00001d70    0000001c     gpio.obj (.const:GPIO_PORT_TO_INT)
                  00001d8c    00000014     ACC.obj (.const:ACCConfig)
                  00001da0    00000008     interrupt.obj (.const:g_pulDisRegs)
                  00001da8    00000008     interrupt.obj (.const:g_pulEnRegs)
                  00001db0    00000008     interrupt.obj (.const:g_pulPendRegs)
                  00001db8    00000008     interrupt.obj (.const:g_pulUnpendRegs)

.cinit     0    00001dc0    00000068     
                  00001dc0    0000002f     (.cinit..data.load) [load image, compression = lzss]
                  00001def    00000001     --HOLE-- [fill = 0]
                  00001df0    0000000c     (__TI_handler_table)
                  00001dfc    00000004     --HOLE-- [fill = 0]
                  00001e00    00000008     (.cinit..bss.load) [load image, compression = zero_init]
                  00001e08    00000008     (.cinit..vtable.load) [load image, compression = zero_init]
                  00001e10    00000018     (__TI_cinit_table)

.init_array 
*          0    00000000    00000000     UNINITIALIZED

.binit     0    00000000    00000000     

.vtable    0    20000000    000000e4     UNINITIALIZED
                  20000000    000000e4     interrupt.obj (.vtable)

.sysmem    0    200000e8    00000400     UNINITIALIZED
                  200000e8    00000010     rtsv7M4_T_le_v4SPD16_eabi.lib : memory.c.obj (.sysmem)
                  200000f8    000003f0     --HOLE--

.bss       0    200004e8    00000120     UNINITIALIZED
                  200004e8    00000100     (.common:RxFIFO)
                  200005e8    0000000c     ACC.obj (.bss)
                  200005f4    00000004     (.common:RxFifoLost)
                  200005f8    00000008     (.common:OS_MsTime)
                  20000600    00000004     (.common:RxGetI)
                  20000604    00000004     (.common:RxPutI)

.data      0    20000608    00000034     UNINITIALIZED
                  20000608    00000030     gpio.obj (.data:GPIO_PORT_TO_BASE)
                  20000638    00000004     system_msp432p401r.obj (.data)

.stack     0    2000fe00    00000200     UNINITIALIZED
                  2000fe00    00000004     rtsv7M4_T_le_v4SPD16_eabi.lib : boot_cortex_m.c.obj (.stack)
                  2000fe04    000001fc     --HOLE--

MODULE SUMMARY

       Module                        code   ro data   rw data
       ------                        ----   -------   -------
    .\
       system_msp432p401r.obj        820    0         8      
       ACC.obj                       592    20        24     
       startup_msp432p401r_ccs.obj   14     228       0      
       main.obj                      48     0         0      
       GSR.obj                       26     0         0      
    +--+-----------------------------+------+---------+---------+
       Total:                        1500   248       32     
                                                             
    .\Drivers\
       UART1.obj                     420    0         536    
       adc.obj                       204    0         0      
       Timer32.obj                   124    0         16     
    +--+-----------------------------+------+---------+---------+
       Total:                        748    0         552    
                                                             
    .\driverlib\MSP432P4xx\
       i2c.obj                       2292   0         0      
       interrupt.obj                 1008   144       456    
       gpio.obj                      1152   28        96     
       cpu.obj                       62     0         0      
    +--+-----------------------------+------+---------+---------+
       Total:                        4514   172       552    
                                                             
    C:\ti\ccs930\ccs\tools\compiler\ti-cgt-arm_18.12.4.LTS\lib\rtsv7M4_T_le_v4SPD16_eabi.lib
       memcpy_t2.asm.obj             156    0         0      
       copy_decompress_lzss.c.obj    104    0         0      
       autoinit.c.obj                68     0         0      
       boot_cortex_m.c.obj           52     0         0      
       copy_zero_init.c.obj          28     0         0      
       copy_decompress_none.c.obj    14     0         0      
       exit.c.obj                    4      0         0      
       pre_init.c.obj                4      0         0      
    +--+-----------------------------+------+---------+---------+
       Total:                        430    0         0      
                                                             
       Heap:                         0      0         2048   
       Stack:                        0      0         1024   
       Linker Generated:             0      99        0      
    +--+-----------------------------+------+---------+---------+
       Grand Total:                  7192   519       4208   


LINKER GENERATED COPY TABLES

__TI_cinit_table @ 00001e10 records: 3, size/record: 8, table size: 24
	.data: load addr=00001dc0, load size=0000002f bytes, run addr=20000608, run size=00000034 bytes, compression=lzss
	.bss: load addr=00001e00, load size=00000008 bytes, run addr=200004e8, run size=00000120 bytes, compression=zero_init
	.vtable: load addr=00001e08, load size=00000008 bytes, run addr=20000000, run size=000000e4 bytes, compression=zero_init


LINKER GENERATED HANDLER TABLE

__TI_handler_table @ 00001df0 records: 3, size/record: 4, table size: 12
	index: 0, handler: __TI_zero_init
	index: 1, handler: __TI_decompress_lzss
	index: 2, handler: __TI_decompress_none


GLOBAL SYMBOLS: SORTED ALPHABETICALLY BY Name 

address   name                                       
-------   ----                                       
00001d8c  ACCConfig                                  
0000165f  ACC_calc                                   
00001689  ACC_get_x                                  
00001691  ACC_get_y                                  
00001699  ACC_get_z                                  
0000157f  ACC_init                                   
0000157d  ACC_init_spi                               
000016a1  ACC_read_data                              
00001971  ADC0_Ch6_Init                              
00001cf5  ADC14_IRQHandler                           
000019c1  ADC_Ch6_In                                 
000019e1  ADC_Ch6_Samples                            
00001cf5  AES256_IRQHandler                          
00001cf5  BusFault_Handler                           
00001cfb  C$$EXIT                                    
00001cf5  COMP_E0_IRQHandler                         
00001cf5  COMP_E1_IRQHandler                         
00001c35  CPU_basepriGet                             
00001c27  CPU_basepriSet                             
00001c01  CPU_cpsid                                  
00001c17  CPU_cpsie                                  
00001c0d  CPU_primask                                
00001c23  CPU_wfi                                    
00001cf5  CS_IRQHandler                              
00001cf5  DMA_ERR_IRQHandler                         
00001cf5  DMA_INT0_IRQHandler                        
00001cf5  DMA_INT1_IRQHandler                        
00001cf5  DMA_INT2_IRQHandler                        
00001cf5  DMA_INT3_IRQHandler                        
00001cf5  DebugMon_Handler                           
00001cf5  Default_Handler                            
00001cf5  EUSCIA0_IRQHandler                         
00001cf5  EUSCIA1_IRQHandler                         
000018f5  EUSCIA2_IRQHandler                         
000018f5  EUSCIA2_IRQHandler                         
00001cf5  EUSCIA3_IRQHandler                         
00001cf5  EUSCIB0_IRQHandler                         
00001cf5  EUSCIB1_IRQHandler                         
00001cf5  EUSCIB2_IRQHandler                         
00001cf5  EUSCIB3_IRQHandler                         
00001cf5  FLCTL_IRQHandler                           
00001cf5  FPU_IRQHandler                             
00000cfb  GPIO_clearInterruptFlag                    
00000cbb  GPIO_disableInterrupt                      
00000c99  GPIO_enableInterrupt                       
00000d53  GPIO_getEnabledInterruptStatus             
00000c6b  GPIO_getInputPinValue                      
00000cdd  GPIO_getInterruptStatus                    
00000d1d  GPIO_interruptEdgeSelect                   
00000e13  GPIO_registerInterrupt                     
00000a13  GPIO_setAsInputPin                         
00000bc7  GPIO_setAsInputPinWithPullDownResistor     
00000c19  GPIO_setAsInputPinWithPullUpResistor       
000009d9  GPIO_setAsOutputPin                        
00000add  GPIO_setAsPeripheralModuleFunctionInputPin 
00000a59  GPIO_setAsPeripheralModuleFunctionOutputPin
00000dcf  GPIO_setDriveStrengthHigh                  
00000df1  GPIO_setDriveStrengthLow                   
00000b61  GPIO_setOutputHighOnPin                    
00000b83  GPIO_setOutputLowOnPin                     
00000ba5  GPIO_toggleOutputOnPin                     
00000e33  GPIO_unregisterInterrupt                   
00001cc1  GSR_Init                                   
00001cc9  GSR_Read_Data                              
00001cf5  HardFault_Handler                          
000001c3  I2C_bitMask                                
00000891  I2C_clearInterruptFlag                     
0000087b  I2C_disableInterrupt                       
000002cb  I2C_disableModule                          
00000845  I2C_disableMultiMasterMode                 
00000865  I2C_enableInterrupt                        
000002b5  I2C_enableModule                           
00000825  I2C_enableMultiMasterMode                  
00000205  I2C_getByte                                
000008bf  I2C_getEnabledInterruptStatus              
000008a7  I2C_getInterruptStatus                     
000008cf  I2C_getMode                                
000007cb  I2C_getReceiveBufferAddressForDMA          
000007d9  I2C_getTransmitBufferAddressForDMA         
00000219  I2C_initMaster                             
0000027b  I2C_initSlave                              
0000036f  I2C_isBusBusy                              
000007f9  I2C_masterIsStartSent                      
000007e7  I2C_masterIsStopSent                       
000006f1  I2C_masterReceiveMultiByteFinish           
0000072f  I2C_masterReceiveMultiByteFinishWithTimeout
000006d9  I2C_masterReceiveMultiByteNext             
0000078d  I2C_masterReceiveMultiByteStop             
000007a1  I2C_masterReceiveSingle                    
00000311  I2C_masterReceiveSingleByte                
000006bf  I2C_masterReceiveStart                     
0000059f  I2C_masterSendMultiByteFinish              
000005ed  I2C_masterSendMultiByteFinishWithTimeout   
00000535  I2C_masterSendMultiByteNext                
00000561  I2C_masterSendMultiByteNextWithTimeout     
00000485  I2C_masterSendMultiByteStart               
000004d9  I2C_masterSendMultiByteStartWithTimeout    
00000659  I2C_masterSendMultiByteStop                
00000683  I2C_masterSendMultiByteStopWithTimeout     
00000381  I2C_masterSendSingleByte                   
000003f9  I2C_masterSendSingleByteWithTimeout        
00000811  I2C_masterSendStart                        
00000115  I2C_readRegister                           
0000019d  I2C_readRegister2                          
000008e5  I2C_registerInterrupt                      
000002f5  I2C_setMode                                
000002e1  I2C_setSlaveAddress                        
0000035b  I2C_slaveGetData                           
00000345  I2C_slavePutData                           
000009a7  I2C_slaveSendNAK                           
0000094b  I2C_unregisterInterrupt                    
000000e5  I2C_writeRegister                          
0000016d  I2C_writeRegister2                         
0000101b  Interrupt_disableInterrupt                 
00000e6b  Interrupt_disableMaster                    
00001219  Interrupt_disableSleepOnIsrExit            
00000fa9  Interrupt_enableInterrupt                  
00000e5b  Interrupt_enableMaster                     
00001207  Interrupt_enableSleepOnIsrExit             
00000f83  Interrupt_getPriority                      
00000efb  Interrupt_getPriorityGrouping              
000011e7  Interrupt_getPriorityMask                  
00001201  Interrupt_getVectorTableAddress            
0000108d  Interrupt_isEnabled                        
00001119  Interrupt_pendInterrupt                    
00000e7b  Interrupt_registerInterrupt                
00000f33  Interrupt_setPriority                      
00000ee1  Interrupt_setPriorityGrouping              
000011d7  Interrupt_setPriorityMask                  
000011f1  Interrupt_setVectorTableAddress            
00001189  Interrupt_unpendInterrupt                  
00000ecd  Interrupt_unregisterInterrupt              
00001cf5  MemManage_Handler                          
00001cf5  NMI_Handler                                
200005f8  OS_MsTime                                  
00001cf5  PCM_IRQHandler                             
00001cf5  PORT1_IRQHandler                           
00001cf5  PORT2_IRQHandler                           
00001cf5  PORT3_IRQHandler                           
00001cf5  PORT4_IRQHandler                           
00001cf5  PORT5_IRQHandler                           
00001cf5  PORT6_IRQHandler                           
00001cf5  PSS_IRQHandler                             
00001cf5  PendSV_Handler                             
00001cf5  RTC_C_IRQHandler                           
00001ce9  Reset_Handler                              
200004e8  RxFIFO                                     
200005f4  RxFifoLost                                 
00001825  RxFifo_Get                                 
000017cd  RxFifo_Init                                
000017df  RxFifo_Put                                 
20000600  RxGetI                                     
20000604  RxPutI                                     
00001cf5  SVC_Handler                                
00001cf5  SysTick_Handler                            
20000638  SystemCoreClock                            
00001249  SystemCoreClockUpdate                      
000014c1  SystemInit                                 
00001b17  T32_INT1_IRQHandler                        
00001b17  T32_INT1_IRQHandler                        
00001cf5  T32_INT2_IRQHandler                        
00001cf5  T32_INTC_IRQHandler                        
00001cf5  TA0_0_IRQHandler                           
00001cf5  TA0_N_IRQHandler                           
00001cf5  TA1_0_IRQHandler                           
00001cf5  TA1_N_IRQHandler                           
00001cf5  TA2_0_IRQHandler                           
00001cf5  TA2_N_IRQHandler                           
00001cf5  TA3_0_IRQHandler                           
00001cf5  TA3_N_IRQHandler                           
00001ad9  Timer32Init                                
00001b0b  Timer32Stop                                
00001929  UART1_FinishOutput                         
000018c7  UART1_InChar                               
0000185b  UART1_InStatus                             
0000186b  UART1_Init                                 
000018d9  UART1_OutChar                              
0000190b  UART1_OutString                            
00001cf5  UsageFault_Handler                         
4000480c  WDTCTL_SYM                                 
00001cf5  WDT_A_IRQHandler                           
20010000  __STACK_END                                
00000200  __STACK_SIZE                               
00000400  __SYSMEM_SIZE                              
00001e10  __TI_CINIT_Base                            
00001e28  __TI_CINIT_Limit                           
00001df0  __TI_Handler_Table_Base                    
00001dfc  __TI_Handler_Table_Limit                   
00001bbd  __TI_auto_init_nobinit_nopinit             
00001b55  __TI_decompress_lzss                       
00001cdb  __TI_decompress_none                       
ffffffff  __TI_pprof_out_hndl                        
ffffffff  __TI_prof_data_size                        
ffffffff  __TI_prof_data_start                       
00000000  __TI_static_base__                         
00001ca5  __TI_zero_init_nomemset                    
00001a3d  __aeabi_memcpy                             
00001a3d  __aeabi_memcpy4                            
00001a3d  __aeabi_memcpy8                            
ffffffff  __binit__                                  
ffffffff  __c_args__                                 
UNDEFED   __mpu_init                                 
2000fe00  __stack                                    
00001c41  _c_int00_noargs                            
200000e8  _sys_memory                                
UNDEFED   _system_post_cinit                         
00001cf7  _system_pre_init                           
00001cfb  abort                                      
ffffffff  binit                                      
20000000  g_pfnRAMVectors                            
00001b39  getOS_MsTime                               
00000000  interruptVectors                           
00001c77  main                                       
00001a3d  memcpy                                     
00001c75  readBLE                                    


GLOBAL SYMBOLS: SORTED BY Symbol Address 

address   name                                       
-------   ----                                       
00000000  __TI_static_base__                         
00000000  interruptVectors                           
000000e5  I2C_writeRegister                          
00000115  I2C_readRegister                           
0000016d  I2C_writeRegister2                         
0000019d  I2C_readRegister2                          
000001c3  I2C_bitMask                                
00000200  __STACK_SIZE                               
00000205  I2C_getByte                                
00000219  I2C_initMaster                             
0000027b  I2C_initSlave                              
000002b5  I2C_enableModule                           
000002cb  I2C_disableModule                          
000002e1  I2C_setSlaveAddress                        
000002f5  I2C_setMode                                
00000311  I2C_masterReceiveSingleByte                
00000345  I2C_slavePutData                           
0000035b  I2C_slaveGetData                           
0000036f  I2C_isBusBusy                              
00000381  I2C_masterSendSingleByte                   
000003f9  I2C_masterSendSingleByteWithTimeout        
00000400  __SYSMEM_SIZE                              
00000485  I2C_masterSendMultiByteStart               
000004d9  I2C_masterSendMultiByteStartWithTimeout    
00000535  I2C_masterSendMultiByteNext                
00000561  I2C_masterSendMultiByteNextWithTimeout     
0000059f  I2C_masterSendMultiByteFinish              
000005ed  I2C_masterSendMultiByteFinishWithTimeout   
00000659  I2C_masterSendMultiByteStop                
00000683  I2C_masterSendMultiByteStopWithTimeout     
000006bf  I2C_masterReceiveStart                     
000006d9  I2C_masterReceiveMultiByteNext             
000006f1  I2C_masterReceiveMultiByteFinish           
0000072f  I2C_masterReceiveMultiByteFinishWithTimeout
0000078d  I2C_masterReceiveMultiByteStop             
000007a1  I2C_masterReceiveSingle                    
000007cb  I2C_getReceiveBufferAddressForDMA          
000007d9  I2C_getTransmitBufferAddressForDMA         
000007e7  I2C_masterIsStopSent                       
000007f9  I2C_masterIsStartSent                      
00000811  I2C_masterSendStart                        
00000825  I2C_enableMultiMasterMode                  
00000845  I2C_disableMultiMasterMode                 
00000865  I2C_enableInterrupt                        
0000087b  I2C_disableInterrupt                       
00000891  I2C_clearInterruptFlag                     
000008a7  I2C_getInterruptStatus                     
000008bf  I2C_getEnabledInterruptStatus              
000008cf  I2C_getMode                                
000008e5  I2C_registerInterrupt                      
0000094b  I2C_unregisterInterrupt                    
000009a7  I2C_slaveSendNAK                           
000009d9  GPIO_setAsOutputPin                        
00000a13  GPIO_setAsInputPin                         
00000a59  GPIO_setAsPeripheralModuleFunctionOutputPin
00000add  GPIO_setAsPeripheralModuleFunctionInputPin 
00000b61  GPIO_setOutputHighOnPin                    
00000b83  GPIO_setOutputLowOnPin                     
00000ba5  GPIO_toggleOutputOnPin                     
00000bc7  GPIO_setAsInputPinWithPullDownResistor     
00000c19  GPIO_setAsInputPinWithPullUpResistor       
00000c6b  GPIO_getInputPinValue                      
00000c99  GPIO_enableInterrupt                       
00000cbb  GPIO_disableInterrupt                      
00000cdd  GPIO_getInterruptStatus                    
00000cfb  GPIO_clearInterruptFlag                    
00000d1d  GPIO_interruptEdgeSelect                   
00000d53  GPIO_getEnabledInterruptStatus             
00000dcf  GPIO_setDriveStrengthHigh                  
00000df1  GPIO_setDriveStrengthLow                   
00000e13  GPIO_registerInterrupt                     
00000e33  GPIO_unregisterInterrupt                   
00000e5b  Interrupt_enableMaster                     
00000e6b  Interrupt_disableMaster                    
00000e7b  Interrupt_registerInterrupt                
00000ecd  Interrupt_unregisterInterrupt              
00000ee1  Interrupt_setPriorityGrouping              
00000efb  Interrupt_getPriorityGrouping              
00000f33  Interrupt_setPriority                      
00000f83  Interrupt_getPriority                      
00000fa9  Interrupt_enableInterrupt                  
0000101b  Interrupt_disableInterrupt                 
0000108d  Interrupt_isEnabled                        
00001119  Interrupt_pendInterrupt                    
00001189  Interrupt_unpendInterrupt                  
000011d7  Interrupt_setPriorityMask                  
000011e7  Interrupt_getPriorityMask                  
000011f1  Interrupt_setVectorTableAddress            
00001201  Interrupt_getVectorTableAddress            
00001207  Interrupt_enableSleepOnIsrExit             
00001219  Interrupt_disableSleepOnIsrExit            
00001249  SystemCoreClockUpdate                      
000014c1  SystemInit                                 
0000157d  ACC_init_spi                               
0000157f  ACC_init                                   
0000165f  ACC_calc                                   
00001689  ACC_get_x                                  
00001691  ACC_get_y                                  
00001699  ACC_get_z                                  
000016a1  ACC_read_data                              
000017cd  RxFifo_Init                                
000017df  RxFifo_Put                                 
00001825  RxFifo_Get                                 
0000185b  UART1_InStatus                             
0000186b  UART1_Init                                 
000018c7  UART1_InChar                               
000018d9  UART1_OutChar                              
000018f5  EUSCIA2_IRQHandler                         
000018f5  EUSCIA2_IRQHandler                         
0000190b  UART1_OutString                            
00001929  UART1_FinishOutput                         
00001971  ADC0_Ch6_Init                              
000019c1  ADC_Ch6_In                                 
000019e1  ADC_Ch6_Samples                            
00001a3d  __aeabi_memcpy                             
00001a3d  __aeabi_memcpy4                            
00001a3d  __aeabi_memcpy8                            
00001a3d  memcpy                                     
00001ad9  Timer32Init                                
00001b0b  Timer32Stop                                
00001b17  T32_INT1_IRQHandler                        
00001b17  T32_INT1_IRQHandler                        
00001b39  getOS_MsTime                               
00001b55  __TI_decompress_lzss                       
00001bbd  __TI_auto_init_nobinit_nopinit             
00001c01  CPU_cpsid                                  
00001c0d  CPU_primask                                
00001c17  CPU_cpsie                                  
00001c23  CPU_wfi                                    
00001c27  CPU_basepriSet                             
00001c35  CPU_basepriGet                             
00001c41  _c_int00_noargs                            
00001c75  readBLE                                    
00001c77  main                                       
00001ca5  __TI_zero_init_nomemset                    
00001cc1  GSR_Init                                   
00001cc9  GSR_Read_Data                              
00001cdb  __TI_decompress_none                       
00001ce9  Reset_Handler                              
00001cf5  ADC14_IRQHandler                           
00001cf5  AES256_IRQHandler                          
00001cf5  BusFault_Handler                           
00001cf5  COMP_E0_IRQHandler                         
00001cf5  COMP_E1_IRQHandler                         
00001cf5  CS_IRQHandler                              
00001cf5  DMA_ERR_IRQHandler                         
00001cf5  DMA_INT0_IRQHandler                        
00001cf5  DMA_INT1_IRQHandler                        
00001cf5  DMA_INT2_IRQHandler                        
00001cf5  DMA_INT3_IRQHandler                        
00001cf5  DebugMon_Handler                           
00001cf5  Default_Handler                            
00001cf5  EUSCIA0_IRQHandler                         
00001cf5  EUSCIA1_IRQHandler                         
00001cf5  EUSCIA3_IRQHandler                         
00001cf5  EUSCIB0_IRQHandler                         
00001cf5  EUSCIB1_IRQHandler                         
00001cf5  EUSCIB2_IRQHandler                         
00001cf5  EUSCIB3_IRQHandler                         
00001cf5  FLCTL_IRQHandler                           
00001cf5  FPU_IRQHandler                             
00001cf5  HardFault_Handler                          
00001cf5  MemManage_Handler                          
00001cf5  NMI_Handler                                
00001cf5  PCM_IRQHandler                             
00001cf5  PORT1_IRQHandler                           
00001cf5  PORT2_IRQHandler                           
00001cf5  PORT3_IRQHandler                           
00001cf5  PORT4_IRQHandler                           
00001cf5  PORT5_IRQHandler                           
00001cf5  PORT6_IRQHandler                           
00001cf5  PSS_IRQHandler                             
00001cf5  PendSV_Handler                             
00001cf5  RTC_C_IRQHandler                           
00001cf5  SVC_Handler                                
00001cf5  SysTick_Handler                            
00001cf5  T32_INT2_IRQHandler                        
00001cf5  T32_INTC_IRQHandler                        
00001cf5  TA0_0_IRQHandler                           
00001cf5  TA0_N_IRQHandler                           
00001cf5  TA1_0_IRQHandler                           
00001cf5  TA1_N_IRQHandler                           
00001cf5  TA2_0_IRQHandler                           
00001cf5  TA2_N_IRQHandler                           
00001cf5  TA3_0_IRQHandler                           
00001cf5  TA3_N_IRQHandler                           
00001cf5  UsageFault_Handler                         
00001cf5  WDT_A_IRQHandler                           
00001cf7  _system_pre_init                           
00001cfb  C$$EXIT                                    
00001cfb  abort                                      
00001d8c  ACCConfig                                  
00001df0  __TI_Handler_Table_Base                    
00001dfc  __TI_Handler_Table_Limit                   
00001e10  __TI_CINIT_Base                            
00001e28  __TI_CINIT_Limit                           
20000000  g_pfnRAMVectors                            
200000e8  _sys_memory                                
200004e8  RxFIFO                                     
200005f4  RxFifoLost                                 
200005f8  OS_MsTime                                  
20000600  RxGetI                                     
20000604  RxPutI                                     
20000638  SystemCoreClock                            
2000fe00  __stack                                    
20010000  __STACK_END                                
4000480c  WDTCTL_SYM                                 
ffffffff  __TI_pprof_out_hndl                        
ffffffff  __TI_prof_data_size                        
ffffffff  __TI_prof_data_start                       
ffffffff  __binit__                                  
ffffffff  __c_args__                                 
ffffffff  binit                                      
UNDEFED   __mpu_init                                 
UNDEFED   _system_post_cinit                         

[215 symbols]
