******************************************************************************
                  TI ARM Linker PC v18.12.4                    
******************************************************************************
>> Linked Mon Apr 27 10:08:08 2020

OUTPUT FILE NAME:   <Self Monitor Stress System v2.out>
ENTRY POINT SYMBOL: "_c_int00_noargs"  address: 00003b85


MEMORY CONFIGURATION

         name            origin    length      used     unused   attr    fill
----------------------  --------  ---------  --------  --------  ----  --------
  MAIN                  00000000   00040000  00003f50  0003c0b0  R  X
  INFO                  00200000   00004000  00000000  00004000  R  X
  SRAM_CODE             01000000   00010000  00000ca8  0000f358  RW X
  SRAM_DATA             20000000   00010000  00000ca8  0000f358  RW  


SEGMENT ALLOCATION MAP

run origin  load origin   length   init length attrs members
----------  ----------- ---------- ----------- ----- -------
00000000    00000000    00003f50   00003f50    r-x
  00000000    00000000    000000e4   000000e4    r-- .intvecs
  000000e4    000000e4    00003ca8   00003ca8    r-x .text
  00003d8c    00003d8c    000000ec   000000ec    r-- .const
  00003e78    00003e78    000000d8   000000d8    r-- .cinit
20000000    20000000    00000aac   00000000    rw-
  20000000    20000000    000000e4   00000000    rw- .vtable
  200000e8    200000e8    00000400   00000000    rw- .sysmem
  200004e8    200004e8    00000380   00000000    rw- .bss
  20000868    20000868    00000244   00000000    rw- .data
2000fe00    2000fe00    00000200   00000000    rw-
  2000fe00    2000fe00    00000200   00000000    rw- .stack


SECTION ALLOCATION MAP

 output                                  attributes/
section   page    origin      length       input sections
--------  ----  ----------  ----------   ----------------
.intvecs   0    00000000    000000e4     
                  00000000    000000e4     startup_msp432p401r_ccs.obj (.intvecs:retain)

.text      0    000000e4    00003ca8     
                  000000e4    00000930     i2c.obj (.text)
                  00000a14    000006e4     UART0.obj (.text)
                  000010f8    000005f0     MAX30102.obj (.text)
                  000016e8    00000480     gpio.obj (.text)
                  00001b68    000003f0     interrupt.obj (.text)
                  00001f58    00000334     system_msp432p401r.obj (.text)
                  0000228c    00000270     heartRate.obj (.text)
                  000024fc    00000244     ACC.obj (.text)
                  00002740    000001a8     ROS.obj (.text)
                  000028e8    000001a4     UART1.obj (.text)
                  00002a8c    00000136     rtsv7M4_T_le_v4SPD16_eabi.lib : fd_div_t2.asm.obj (.text)
                  00002bc2    00000002                                   : _lock.c.obj (.text:_nop)
                  00002bc4    00000118                                   : memory.c.obj (.text:aligned_alloc)
                  00002cdc    0000010c                                   : fopen.c.obj (.text:_openfile)
                  00002de8    000000e4                                   : memory.c.obj (.text:free)
                  00002ecc    000000dc                                   : setvbuf.c.obj (.text:setvbuf)
                  00002fa8    000000cc     adc.obj (.text)
                  00003074    000000bc     rtsv7M4_T_le_v4SPD16_eabi.lib : open.c.obj (.text:open)
                  00003130    000000b8                                   : add_device.c.obj (.text:add_device)
                  000031e8    000000b4     main.obj (.text)
                  0000329c    0000009c     rtsv7M4_T_le_v4SPD16_eabi.lib : fopen.c.obj (.text:fopen)
                  00003338    0000009c                                   : memcpy_t2.asm.obj (.text)
                  000033d4    0000007c     Timer32.obj (.text)
                  00003450    0000007a     rtsv7M4_T_le_v4SPD16_eabi.lib : memset_t2.asm.obj (.text)
                  000034ca    00000002     --HOLE-- [fill = 0]
                  000034cc    00000074                                   : fclose.c.obj (.text:__TI_closefile)
                  00003540    00000070                                   : memory.c.obj (.text:split)
                  000035b0    0000006e                                   : fd_tos_t2.asm.obj (.text)
                  0000361e    00000002     --HOLE-- [fill = 0]
                  00003620    0000006c                                   : hostrename.c.obj (.text:HOSTrename)
                  0000368c    00000068                                   : hostlseek.c.obj (.text:HOSTlseek)
                  000036f4    00000068                                   : copy_decompress_lzss.c.obj (.text:decompress:lzss:__TI_decompress_lzss)
                  0000375c    00000060                                   : hostopen.c.obj (.text:HOSTopen)
                  000037bc    0000005c                                   : close.c.obj (.text:close)
                  00003818    00000058                                   : hostread.c.obj (.text:HOSTread)
                  00003870    00000058                                   : hostwrite.c.obj (.text:HOSTwrite)
                  000038c8    0000004c                                   : fflush.c.obj (.text:__TI_doflush)
                  00003914    00000048                                   : exit.c.obj (.text:exit)
                  0000395c    00000044                                   : hostclose.c.obj (.text:HOSTclose)
                  000039a0    00000044                                   : hostunlink.c.obj (.text:HOSTunlink)
                  000039e4    00000044                                   : autoinit.c.obj (.text:__TI_auto_init_nobinit_nopinit:__TI_auto_init_nobinit_nopinit)
                  00003a28    00000044                                   : getdevice.c.obj (.text:getdevice)
                  00003a6c    0000003e     cpu.obj (.text)
                  00003aaa    00000002     --HOLE-- [fill = 0]
                  00003aac    00000038     rtsv7M4_T_le_v4SPD16_eabi.lib : trgmsg.c.obj (.text:__TI_writemsg)
                  00003ae4    00000036                                   : strncpy.c.obj (.text:strncpy)
                  00003b1a    00000002     --HOLE-- [fill = 0]
                  00003b1c    00000034                                   : fopen.c.obj (.text:__TI_cleanup)
                  00003b50    00000034                                   : trgmsg.c.obj (.text:__TI_readmsg)
                  00003b84    00000034                                   : boot_cortex_m.c.obj (.text:_c_int00_noargs:_c_int00_noargs)
                  00003bb8    00000034                                   : fopen.c.obj (.text:freopen)
                  00003bec    00000030                                   : getdevice.c.obj (.text:finddevice)
                  00003c1c    0000002e                                   : i_tofd_t2.asm.obj (.text)
                  00003c4a    00000002     --HOLE-- [fill = 0]
                  00003c4c    0000002c                                   : unlink.c.obj (.text:unlink)
                  00003c78    00000028                                   : memory.c.obj (.text:free_list_insert)
                  00003ca0    00000028                                   : write.c.obj (.text:write)
                  00003cc8    0000001c                                   : memory.c.obj (.text:free_list_remove)
                  00003ce4    0000001a     GSR.obj (.text)
                  00003cfe    00000018     rtsv7M4_T_le_v4SPD16_eabi.lib : strcmp.c.obj (.text:strcmp)
                  00003d16    00000016                                   : strchr.c.obj (.text:strchr)
                  00003d2c    00000014                                   : strcpy.c.obj (.text:strcpy)
                  00003d40    00000014                                   : strlen.c.obj (.text:strlen)
                  00003d54    0000000e                                   : copy_decompress_none.c.obj (.text:decompress:none:__TI_decompress_none)
                  00003d62    0000000e     startup_msp432p401r_ccs.obj (.text)
                  00003d70    0000000c     rtsv7M4_T_le_v4SPD16_eabi.lib : copy_zero_init.c.obj (.text:decompress:ZI:__TI_zero_init)
                  00003d7c    00000008                                   : memory.c.obj (.text:malloc)
                  00003d84    00000004                                   : pre_init.c.obj (.text:_system_pre_init)
                  00003d88    00000004                                   : exit.c.obj (.text:abort:abort)

.const     0    00003d8c    000000ec     
                  00003d8c    00000050     interrupt.obj (.const:g_pulRegs)
                  00003ddc    00000020     interrupt.obj (.const:g_pulPriority)
                  00003dfc    0000001c     gpio.obj (.const:GPIO_PORT_TO_INT)
                  00003e18    00000018     heartRate.obj (.const:FIRCoeffs)
                  00003e30    00000014     ACC.obj (.const:ACCConfig)
                  00003e44    00000014     ROS.obj (.const:MAX30102Config)
                  00003e58    00000008     interrupt.obj (.const:g_pulDisRegs)
                  00003e60    00000008     interrupt.obj (.const:g_pulEnRegs)
                  00003e68    00000008     interrupt.obj (.const:g_pulPendRegs)
                  00003e70    00000008     interrupt.obj (.const:g_pulUnpendRegs)

.cinit     0    00003e78    000000d8     
                  00003e78    000000a1     (.cinit..data.load) [load image, compression = lzss]
                  00003f19    00000003     --HOLE-- [fill = 0]
                  00003f1c    0000000c     (__TI_handler_table)
                  00003f28    00000008     (.cinit..bss.load) [load image, compression = zero_init]
                  00003f30    00000008     (.cinit..vtable.load) [load image, compression = zero_init]
                  00003f38    00000018     (__TI_cinit_table)

.init_array 
*          0    00000000    00000000     UNINITIALIZED

.binit     0    00000000    00000000     

.vtable    0    20000000    000000e4     UNINITIALIZED
                  20000000    000000e4     interrupt.obj (.vtable)

.sysmem    0    200000e8    00000400     UNINITIALIZED
                  200000e8    00000010     rtsv7M4_T_le_v4SPD16_eabi.lib : memory.c.obj (.sysmem)
                  200000f8    000003f0     --HOLE--

.bss       0    200004e8    00000380     UNINITIALIZED
                  200004e8    00000120     rtsv7M4_T_le_v4SPD16_eabi.lib : trgmsg.c.obj (.bss:_CIOBUF_)
                  20000608    00000100     (.common:RxFIFO)
                  20000708    000000a0     (.common:__TI_tmpnams)
                  200007a8    00000040     (.common:cbuf)
                  200007e8    00000034     (.common:sense)
                  2000081c    0000000c     ACC.obj (.bss)
                  20000828    00000008     (.common:Messageb)
                  20000830    00000008     (.common:OS_MsTime)
                  20000838    00000008     (.common:parmbuf)
                  20000840    00000008     (.common:rates)
                  20000848    00000004     ROS.obj (.bss)
                  2000084c    00000004     (.common:Messageindexb)
                  20000850    00000004     (.common:RxFifoLost)
                  20000854    00000004     (.common:RxGetI)
                  20000858    00000004     (.common:RxPutI)
                  2000085c    00000004     (.common:beatAvg)
                  20000860    00000004     (.common:beatsPerMinute)
                  20000864    00000002     (.common:IR_AC_Signal_Previous)
                  20000866    00000002     (.common:IR_Average_Estimated)

.data      0    20000868    00000244     UNINITIALIZED
                  20000868    000000f0     rtsv7M4_T_le_v4SPD16_eabi.lib : defs.c.obj (.data:_ftable)
                  20000958    00000078                                   : host_device.c.obj (.data:_device)
                  200009d0    00000050                                   : host_device.c.obj (.data:_stream)
                  20000a20    00000030     gpio.obj (.data:GPIO_PORT_TO_BASE)
                  20000a50    00000015     heartRate.obj (.data)
                  20000a65    00000001     MAX30102.obj (.data)
                  20000a66    00000002     --HOLE--
                  20000a68    00000010     rtsv7M4_T_le_v4SPD16_eabi.lib : defs.c.obj (.data)
                  20000a78    0000000c                                   : exit.c.obj (.data:$O1$$)
                  20000a84    00000008                                   : _lock.c.obj (.data:$O1$$)
                  20000a8c    00000008                                   : memory.c.obj (.data:$O1$$)
                  20000a94    00000008     ROS.obj (.data)
                  20000a9c    00000004     rtsv7M4_T_le_v4SPD16_eabi.lib : add_device.c.obj (.data)
                  20000aa0    00000004                                   : fopen.c.obj (.data)
                  20000aa4    00000004                                   : open.c.obj (.data)
                  20000aa8    00000004     system_msp432p401r.obj (.data)

.stack     0    2000fe00    00000200     UNINITIALIZED
                  2000fe00    00000004     rtsv7M4_T_le_v4SPD16_eabi.lib : boot_cortex_m.c.obj (.stack)
                  2000fe04    000001fc     --HOLE--

MODULE SUMMARY

       Module                        code    ro data   rw data
       ------                        ----    -------   -------
    .\
       system_msp432p401r.obj        820     0         8      
       heartRate.obj                 624     24        178    
       ACC.obj                       580     20        24     
       ROS.obj                       424     20        160    
       startup_msp432p401r_ccs.obj   14      228       0      
       main.obj                      180     0         0      
       GSR.obj                       26      0         0      
    +--+-----------------------------+-------+---------+---------+
       Total:                        2668    292       370    
                                                              
    .\Drivers\
       UART0.obj                     1764    0         24     
       MAX30102.obj                  1520    0         2      
       UART1.obj                     420     0         536    
       adc.obj                       204     0         0      
       Timer32.obj                   124     0         16     
    +--+-----------------------------+-------+---------+---------+
       Total:                        4032    0         578    
                                                              
    .\driverlib\MSP432P4xx\
       i2c.obj                       2352    0         0      
       interrupt.obj                 1008    144       456    
       gpio.obj                      1152    28        96     
       cpu.obj                       62      0         0      
    +--+-----------------------------+-------+---------+---------+
       Total:                        4574    172       552    
                                                              
    C:\ti\ccs930\ccs\tools\compiler\ti-cgt-arm_18.12.4.LTS\lib\rtsv7M4_T_le_v4SPD16_eabi.lib
       defs.c.obj                    0       0         832    
       memory.c.obj                  696     0         16     
       trgmsg.c.obj                  108     0         576    
       fopen.c.obj                   528     0         8      
       host_device.c.obj             0       0         400    
       fd_div_t2.asm.obj             310     0         0      
       setvbuf.c.obj                 220     0         0      
       open.c.obj                    188     0         8      
       add_device.c.obj              184     0         8      
       memcpy_t2.asm.obj             156     0         0      
       memset_t2.asm.obj             122     0         0      
       fclose.c.obj                  116     0         0      
       getdevice.c.obj               116     0         0      
       hostopen.c.obj                96      0         16     
       fd_tos_t2.asm.obj             110     0         0      
       hostrename.c.obj              108     0         0      
       copy_decompress_lzss.c.obj    104     0         0      
       hostlseek.c.obj               104     0         0      
       exit.c.obj                    76      0         24     
       close.c.obj                   92      0         0      
       hostread.c.obj                88      0         0      
       hostwrite.c.obj               88      0         0      
       fflush.c.obj                  76      0         0      
       autoinit.c.obj                68      0         0      
       hostclose.c.obj               68      0         0      
       hostunlink.c.obj              68      0         0      
       strncpy.c.obj                 54      0         0      
       boot_cortex_m.c.obj           52      0         0      
       i_tofd_t2.asm.obj             46      0         0      
       unlink.c.obj                  44      0         0      
       write.c.obj                   40      0         0      
       strcmp.c.obj                  24      0         0      
       strchr.c.obj                  22      0         0      
       strcpy.c.obj                  20      0         0      
       strlen.c.obj                  20      0         0      
       _lock.c.obj                   2       0         16     
       copy_decompress_none.c.obj    14      0         0      
       copy_zero_init.c.obj          12      0         0      
       pre_init.c.obj                4       0         0      
    +--+-----------------------------+-------+---------+---------+
       Total:                        4244    0         1904   
                                                              
       Heap:                         0       0         2048   
       Stack:                        0       0         1024   
       Linker Generated:             0       213       0      
    +--+-----------------------------+-------+---------+---------+
       Grand Total:                  15518   677       6476   


LINKER GENERATED COPY TABLES

__TI_cinit_table @ 00003f38 records: 3, size/record: 8, table size: 24
	.data: load addr=00003e78, load size=000000a1 bytes, run addr=20000868, run size=00000244 bytes, compression=lzss
	.bss: load addr=00003f28, load size=00000008 bytes, run addr=200004e8, run size=00000380 bytes, compression=zero_init
	.vtable: load addr=00003f30, load size=00000008 bytes, run addr=20000000, run size=000000e4 bytes, compression=zero_init


LINKER GENERATED HANDLER TABLE

__TI_handler_table @ 00003f1c records: 3, size/record: 4, table size: 12
	index: 0, handler: __TI_zero_init
	index: 1, handler: __TI_decompress_lzss
	index: 2, handler: __TI_decompress_none


GLOBAL SYMBOLS: SORTED ALPHABETICALLY BY Name 

address   name                                       
-------   ----                                       
00003e30  ACCConfig                                  
000025d3  ACC_calc                                   
000025fd  ACC_get_x                                  
00002605  ACC_get_y                                  
0000260d  ACC_get_z                                  
000024fd  ACC_init                                   
00002615  ACC_read_data                              
00002fa9  ADC0_Ch6_Init                              
00003d6f  ADC14_IRQHandler                           
00002ff9  ADC_Ch6_In                                 
00003019  ADC_Ch6_Samples                            
00003d6f  AES256_IRQHandler                          
00003d6f  BusFault_Handler                           
00003d89  C$$EXIT                                    
00003adb  C$$IO$$                                    
00003d6f  COMP_E0_IRQHandler                         
00003d6f  COMP_E1_IRQHandler                         
00003aa1  CPU_basepriGet                             
00003a93  CPU_basepriSet                             
00003a6d  CPU_cpsid                                  
00003a83  CPU_cpsie                                  
00003a79  CPU_primask                                
00003a8f  CPU_wfi                                    
00003d6f  CS_IRQHandler                              
00003d6f  DMA_ERR_IRQHandler                         
00003d6f  DMA_INT0_IRQHandler                        
00003d6f  DMA_INT1_IRQHandler                        
00003d6f  DMA_INT2_IRQHandler                        
00003d6f  DMA_INT3_IRQHandler                        
00003d6f  DebugMon_Handler                           
00003d6f  Default_Handler                            
00003d6f  EUSCIA0_IRQHandler                         
00003d6f  EUSCIA1_IRQHandler                         
00002a11  EUSCIA2_IRQHandler                         
00002a11  EUSCIA2_IRQHandler                         
00003d6f  EUSCIA3_IRQHandler                         
00003d6f  EUSCIB0_IRQHandler                         
00003d6f  EUSCIB1_IRQHandler                         
00003d6f  EUSCIB2_IRQHandler                         
00003d6f  EUSCIB3_IRQHandler                         
00003d6f  FLCTL_IRQHandler                           
00003d6f  FPU_IRQHandler                             
00001a0b  GPIO_clearInterruptFlag                    
000019cb  GPIO_disableInterrupt                      
000019a9  GPIO_enableInterrupt                       
00001a63  GPIO_getEnabledInterruptStatus             
0000197b  GPIO_getInputPinValue                      
000019ed  GPIO_getInterruptStatus                    
00001a2d  GPIO_interruptEdgeSelect                   
00001b23  GPIO_registerInterrupt                     
00001723  GPIO_setAsInputPin                         
000018d7  GPIO_setAsInputPinWithPullDownResistor     
00001929  GPIO_setAsInputPinWithPullUpResistor       
000016e9  GPIO_setAsOutputPin                        
000017ed  GPIO_setAsPeripheralModuleFunctionInputPin 
00001769  GPIO_setAsPeripheralModuleFunctionOutputPin
00001adf  GPIO_setDriveStrengthHigh                  
00001b01  GPIO_setDriveStrengthLow                   
00001871  GPIO_setOutputHighOnPin                    
00001893  GPIO_setOutputLowOnPin                     
000018b5  GPIO_toggleOutputOnPin                     
00001b43  GPIO_unregisterInterrupt                   
00003ce5  GSR_Init                                   
00003ced  GSR_Read_Data                              
0000395d  HOSTclose                                  
0000368d  HOSTlseek                                  
0000375d  HOSTopen                                   
00003819  HOSTread                                   
00003621  HOSTrename                                 
000039a1  HOSTunlink                                 
00003871  HOSTwrite                                  
00003d6f  HardFault_Handler                          
000001f9  I2C_bitMask                                
000008cd  I2C_clearInterruptFlag                     
000008b7  I2C_disableInterrupt                       
00000301  I2C_disableModule                          
00000881  I2C_disableMultiMasterMode                 
000008a1  I2C_enableInterrupt                        
000002eb  I2C_enableModule                           
00000861  I2C_enableMultiMasterMode                  
0000023b  I2C_getByte                                
000008fb  I2C_getEnabledInterruptStatus              
000008e3  I2C_getInterruptStatus                     
0000090b  I2C_getMode                                
00000807  I2C_getReceiveBufferAddressForDMA          
00000815  I2C_getTransmitBufferAddressForDMA         
0000024f  I2C_initMaster                             
000002b1  I2C_initSlave                              
000003a5  I2C_isBusBusy                              
00000835  I2C_masterIsStartSent                      
00000823  I2C_masterIsStopSent                       
0000072d  I2C_masterReceiveMultiByteFinish           
0000076b  I2C_masterReceiveMultiByteFinishWithTimeout
00000715  I2C_masterReceiveMultiByteNext             
000007c9  I2C_masterReceiveMultiByteStop             
000007dd  I2C_masterReceiveSingle                    
00000347  I2C_masterReceiveSingleByte                
000006fb  I2C_masterReceiveStart                     
000005d9  I2C_masterSendMultiByteFinish              
00000629  I2C_masterSendMultiByteFinishWithTimeout   
0000056f  I2C_masterSendMultiByteNext                
0000059b  I2C_masterSendMultiByteNextWithTimeout     
000004c5  I2C_masterSendMultiByteStart               
00000513  I2C_masterSendMultiByteStartWithTimeout    
00000695  I2C_masterSendMultiByteStop                
000006bf  I2C_masterSendMultiByteStopWithTimeout     
000003bd  I2C_masterSendSingleByte                   
00000435  I2C_masterSendSingleByteWithTimeout        
0000084d  I2C_masterSendStart                        
00000115  I2C_readRegister                           
0000019d  I2C_readRegister2                          
00000921  I2C_registerInterrupt                      
0000032b  I2C_setMode                                
00000317  I2C_setSlaveAddress                        
00000391  I2C_slaveGetData                           
0000037b  I2C_slavePutData                           
000009e3  I2C_slaveSendNAK                           
00000987  I2C_unregisterInterrupt                    
000000e5  I2C_writeRegister                          
0000016d  I2C_writeRegister2                         
20000a50  IR_AC_Max                                  
20000a52  IR_AC_Min                                  
20000a54  IR_AC_Signal_Current                       
20000864  IR_AC_Signal_Previous                      
20000a58  IR_AC_Signal_max                           
20000a56  IR_AC_Signal_min                           
20000866  IR_Average_Estimated                       
00001d2b  Interrupt_disableInterrupt                 
00001b7b  Interrupt_disableMaster                    
00001f29  Interrupt_disableSleepOnIsrExit            
00001cb9  Interrupt_enableInterrupt                  
00001b6b  Interrupt_enableMaster                     
00001f17  Interrupt_enableSleepOnIsrExit             
00001c93  Interrupt_getPriority                      
00001c0b  Interrupt_getPriorityGrouping              
00001ef7  Interrupt_getPriorityMask                  
00001f11  Interrupt_getVectorTableAddress            
00001d9d  Interrupt_isEnabled                        
00001e29  Interrupt_pendInterrupt                    
00001b8b  Interrupt_registerInterrupt                
00001c43  Interrupt_setPriority                      
00001bf1  Interrupt_setPriorityGrouping              
00001ee7  Interrupt_setPriorityMask                  
00001f01  Interrupt_setVectorTableAddress            
00001e99  Interrupt_unpendInterrupt                  
00001bdd  Interrupt_unregisterInterrupt              
00003e44  MAX30102Config                             
00001545  MAX30102_available                         
000015ad  MAX30102_check_device                      
0000157d  MAX30102_get_ir                            
00001571  MAX30102_get_red                           
000014f7  MAX30102_init                              
00001589  MAX30102_next_sample                       
000012dd  MAX30102_setup                             
00003d6f  MemManage_Handler                          
20000828  Messageb                                   
2000084c  Messageindexb                              
00003d6f  NMI_Handler                                
20000830  OS_MsTime                                  
00003d6f  PCM_IRQHandler                             
00003d6f  PORT1_IRQHandler                           
00003d6f  PORT2_IRQHandler                           
00003d6f  PORT3_IRQHandler                           
00003d6f  PORT4_IRQHandler                           
00003d6f  PORT5_IRQHandler                           
00003d6f  PORT6_IRQHandler                           
00003d6f  PSS_IRQHandler                             
00003d6f  PendSV_Handler                             
00002741  ROS_init                                   
000028ab  ROS_read_avg_heart_rate                    
000027af  ROS_read_heart_rate                        
00002791  ROS_read_ir                                
00003d6f  RTC_C_IRQHandler                           
00003d63  Reset_Handler                              
20000608  RxFIFO                                     
20000850  RxFifoLost                                 
00002941  RxFifo_Get                                 
000028e9  RxFifo_Init                                
000028fb  RxFifo_Put                                 
20000854  RxGetI                                     
20000858  RxPutI                                     
00003d6f  SVC_Handler                                
00003d6f  SysTick_Handler                            
20000aa8  SystemCoreClock                            
00001f59  SystemCoreClockUpdate                      
000021d1  SystemInit                                 
00003413  T32_INT1_IRQHandler                        
00003413  T32_INT1_IRQHandler                        
00003d6f  T32_INT2_IRQHandler                        
00003d6f  T32_INTC_IRQHandler                        
00003d6f  TA0_0_IRQHandler                           
00003d6f  TA0_N_IRQHandler                           
00003d6f  TA1_0_IRQHandler                           
00003d6f  TA1_N_IRQHandler                           
00003d6f  TA2_0_IRQHandler                           
00003d6f  TA2_N_IRQHandler                           
00003d6f  TA3_0_IRQHandler                           
00003d6f  TA3_N_IRQHandler                           
000033d5  Timer32Init                                
00003407  Timer32Stop                                
00000a5b  UART0_InChar                               
00000f09  UART0_InString                             
00000aa5  UART0_InUDec                               
00000dbd  UART0_InUHex                               
00000a15  UART0_Init                                 
0000106b  UART0_Initprintf                           
00000a6b  UART0_OutChar                              
00000b59  UART0_OutDec                               
00000a87  UART0_OutString                            
00000b29  UART0_OutUDec                              
00000ccd  UART0_OutUDec4                             
00000d19  UART0_OutUDec5                             
00000d4b  UART0_OutUFix1                             
00000d73  UART0_OutUFix2                             
00000e81  UART0_OutUHex                              
00000eed  UART0_OutUHex2                             
00002a45  UART1_FinishOutput                         
000029e3  UART1_InChar                               
00002977  UART1_InStatus                             
00002987  UART1_Init                                 
000029f5  UART1_OutChar                              
00002a27  UART1_OutString                            
00003d6f  UsageFault_Handler                         
4000480c  WDTCTL_SYM                                 
00003d6f  WDT_A_IRQHandler                           
200004e8  __CIOBUF_                                  
20010000  __STACK_END                                
00000200  __STACK_SIZE                               
00000400  __SYSMEM_SIZE                              
00003f38  __TI_CINIT_Base                            
00003f50  __TI_CINIT_Limit                           
00003f1c  __TI_Handler_Table_Base                    
00003f28  __TI_Handler_Table_Limit                   
000039e5  __TI_auto_init_nobinit_nopinit             
00003b1d  __TI_cleanup                               
20000a78  __TI_cleanup_ptr                           
000034cd  __TI_closefile                             
000036f5  __TI_decompress_lzss                       
00003d55  __TI_decompress_none                       
000038c9  __TI_doflush                               
20000a7c  __TI_dtors_ptr                             
20000a80  __TI_enable_exit_profile_output            
20000a68  __TI_ft_end                                
ffffffff  __TI_pprof_out_hndl                        
ffffffff  __TI_prof_data_size                        
ffffffff  __TI_prof_data_start                       
00003b51  __TI_readmsg                               
00000000  __TI_static_base__                         
20000708  __TI_tmpnams                               
00003aad  __TI_writemsg                              
00003d71  __TI_zero_init                             
000035b1  __aeabi_d2f                                
00002a8d  __aeabi_ddiv                               
00003c1d  __aeabi_i2d                                
00003451  __aeabi_memclr                             
00003451  __aeabi_memclr4                            
00003451  __aeabi_memclr8                            
00003339  __aeabi_memcpy                             
00003339  __aeabi_memcpy4                            
00003339  __aeabi_memcpy8                            
00003453  __aeabi_memset                             
00003453  __aeabi_memset4                            
00003453  __aeabi_memset8                            
20000a74  __aeabi_stderr                             
20000a6c  __aeabi_stdin                              
20000a70  __aeabi_stdout                             
ffffffff  __binit__                                  
ffffffff  __c_args__                                 
UNDEFED   __mpu_init                                 
2000fe00  __stack                                    
00003b85  _c_int00_noargs                            
20000958  _device                                    
20000868  _ftable                                    
20000a84  _lock                                      
00002bc3  _nop                                       
200009d0  _stream                                    
200000e8  _sys_memory                                
UNDEFED   _system_post_cinit                         
00003d85  _system_pre_init                           
20000a88  _unlock                                    
00003d89  abort                                      
00003131  add_device                                 
00002bc5  aligned_alloc                              
000023c7  averageDCEstimator                         
2000085c  beatAvg                                    
20000860  beatsPerMinute                             
ffffffff  binit                                      
200007a8  cbuf                                       
0000228d  checkForBeat                               
0000127f  clearFIFO                                  
000037bd  close                                      
000012b1  disableFIFORollover                        
00001251  disableSlots                               
000012a1  enableFIFORollover                         
000011e5  enableSlot                                 
00003915  exit                                       
00000f9d  ferror                                     
00000f83  fgetc                                      
00003bed  finddevice                                 
0000329d  fopen                                      
00002de9  free                                       
00003bb9  freopen                                    
20000000  g_pfnRAMVectors                            
00003435  getOS_MsTime                               
000012cd  getReadPointer                             
000012c1  getWritePointer                            
00003a29  getdevice                                  
00000000  interruptVectors                           
20000a60  ir_avg_reg                                 
20000a98  lastBeat                                   
000023f3  lowPassFIRFilter                           
000031eb  main                                       
00003d7d  malloc                                     
00002bc5  memalign                                   
00003339  memcpy                                     
00003459  memset                                     
000024a7  mul16                                      
20000a5c  negativeEdge                               
20000a64  offset                                     
00003075  open                                       
00000ec5  outnibble                                  
20000838  parmbuf                                    
20000a5a  positiveEdge                               
20000a94  rateSpot                                   
20000840  rates                                      
000031e9  readBLE                                    
00003c4d  remove                                     
200007e8  sense                                      
00001157  setADCRange                                
00001269  setFIFOAverage                             
00001141  setLEDMode                                 
000011bd  setPulseAmplitudeGreen                     
000011a9  setPulseAmplitudeIR                        
000011d1  setPulseAmplitudeProximity                 
00001195  setPulseAmplitudeRed                       
00001181  setPulseWidth                              
0000116b  setSampleRate                              
00002ecd  setvbuf                                    
000010f9  softReset                                  
00003d17  strchr                                     
00003cff  strcmp                                     
00003d2d  strcpy                                     
00003d41  strlen                                     
00003ae5  strncpy                                    
00000fc3  uart_close                                 
00001041  uart_lseek                                 
00000fb3  uart_open                                  
00000fcf  uart_read                                  
0000105d  uart_rename                                
00001051  uart_unlink                                
00000fff  uart_write                                 
00003c4d  unlink                                     
00003ca1  write                                      


GLOBAL SYMBOLS: SORTED BY Symbol Address 

address   name                                       
-------   ----                                       
00000000  __TI_static_base__                         
00000000  interruptVectors                           
000000e5  I2C_writeRegister                          
00000115  I2C_readRegister                           
0000016d  I2C_writeRegister2                         
0000019d  I2C_readRegister2                          
000001f9  I2C_bitMask                                
00000200  __STACK_SIZE                               
0000023b  I2C_getByte                                
0000024f  I2C_initMaster                             
000002b1  I2C_initSlave                              
000002eb  I2C_enableModule                           
00000301  I2C_disableModule                          
00000317  I2C_setSlaveAddress                        
0000032b  I2C_setMode                                
00000347  I2C_masterReceiveSingleByte                
0000037b  I2C_slavePutData                           
00000391  I2C_slaveGetData                           
000003a5  I2C_isBusBusy                              
000003bd  I2C_masterSendSingleByte                   
00000400  __SYSMEM_SIZE                              
00000435  I2C_masterSendSingleByteWithTimeout        
000004c5  I2C_masterSendMultiByteStart               
00000513  I2C_masterSendMultiByteStartWithTimeout    
0000056f  I2C_masterSendMultiByteNext                
0000059b  I2C_masterSendMultiByteNextWithTimeout     
000005d9  I2C_masterSendMultiByteFinish              
00000629  I2C_masterSendMultiByteFinishWithTimeout   
00000695  I2C_masterSendMultiByteStop                
000006bf  I2C_masterSendMultiByteStopWithTimeout     
000006fb  I2C_masterReceiveStart                     
00000715  I2C_masterReceiveMultiByteNext             
0000072d  I2C_masterReceiveMultiByteFinish           
0000076b  I2C_masterReceiveMultiByteFinishWithTimeout
000007c9  I2C_masterReceiveMultiByteStop             
000007dd  I2C_masterReceiveSingle                    
00000807  I2C_getReceiveBufferAddressForDMA          
00000815  I2C_getTransmitBufferAddressForDMA         
00000823  I2C_masterIsStopSent                       
00000835  I2C_masterIsStartSent                      
0000084d  I2C_masterSendStart                        
00000861  I2C_enableMultiMasterMode                  
00000881  I2C_disableMultiMasterMode                 
000008a1  I2C_enableInterrupt                        
000008b7  I2C_disableInterrupt                       
000008cd  I2C_clearInterruptFlag                     
000008e3  I2C_getInterruptStatus                     
000008fb  I2C_getEnabledInterruptStatus              
0000090b  I2C_getMode                                
00000921  I2C_registerInterrupt                      
00000987  I2C_unregisterInterrupt                    
000009e3  I2C_slaveSendNAK                           
00000a15  UART0_Init                                 
00000a5b  UART0_InChar                               
00000a6b  UART0_OutChar                              
00000a87  UART0_OutString                            
00000aa5  UART0_InUDec                               
00000b29  UART0_OutUDec                              
00000b59  UART0_OutDec                               
00000ccd  UART0_OutUDec4                             
00000d19  UART0_OutUDec5                             
00000d4b  UART0_OutUFix1                             
00000d73  UART0_OutUFix2                             
00000dbd  UART0_InUHex                               
00000e81  UART0_OutUHex                              
00000ec5  outnibble                                  
00000eed  UART0_OutUHex2                             
00000f09  UART0_InString                             
00000f83  fgetc                                      
00000f9d  ferror                                     
00000fb3  uart_open                                  
00000fc3  uart_close                                 
00000fcf  uart_read                                  
00000fff  uart_write                                 
00001041  uart_lseek                                 
00001051  uart_unlink                                
0000105d  uart_rename                                
0000106b  UART0_Initprintf                           
000010f9  softReset                                  
00001141  setLEDMode                                 
00001157  setADCRange                                
0000116b  setSampleRate                              
00001181  setPulseWidth                              
00001195  setPulseAmplitudeRed                       
000011a9  setPulseAmplitudeIR                        
000011bd  setPulseAmplitudeGreen                     
000011d1  setPulseAmplitudeProximity                 
000011e5  enableSlot                                 
00001251  disableSlots                               
00001269  setFIFOAverage                             
0000127f  clearFIFO                                  
000012a1  enableFIFORollover                         
000012b1  disableFIFORollover                        
000012c1  getWritePointer                            
000012cd  getReadPointer                             
000012dd  MAX30102_setup                             
000014f7  MAX30102_init                              
00001545  MAX30102_available                         
00001571  MAX30102_get_red                           
0000157d  MAX30102_get_ir                            
00001589  MAX30102_next_sample                       
000015ad  MAX30102_check_device                      
000016e9  GPIO_setAsOutputPin                        
00001723  GPIO_setAsInputPin                         
00001769  GPIO_setAsPeripheralModuleFunctionOutputPin
000017ed  GPIO_setAsPeripheralModuleFunctionInputPin 
00001871  GPIO_setOutputHighOnPin                    
00001893  GPIO_setOutputLowOnPin                     
000018b5  GPIO_toggleOutputOnPin                     
000018d7  GPIO_setAsInputPinWithPullDownResistor     
00001929  GPIO_setAsInputPinWithPullUpResistor       
0000197b  GPIO_getInputPinValue                      
000019a9  GPIO_enableInterrupt                       
000019cb  GPIO_disableInterrupt                      
000019ed  GPIO_getInterruptStatus                    
00001a0b  GPIO_clearInterruptFlag                    
00001a2d  GPIO_interruptEdgeSelect                   
00001a63  GPIO_getEnabledInterruptStatus             
00001adf  GPIO_setDriveStrengthHigh                  
00001b01  GPIO_setDriveStrengthLow                   
00001b23  GPIO_registerInterrupt                     
00001b43  GPIO_unregisterInterrupt                   
00001b6b  Interrupt_enableMaster                     
00001b7b  Interrupt_disableMaster                    
00001b8b  Interrupt_registerInterrupt                
00001bdd  Interrupt_unregisterInterrupt              
00001bf1  Interrupt_setPriorityGrouping              
00001c0b  Interrupt_getPriorityGrouping              
00001c43  Interrupt_setPriority                      
00001c93  Interrupt_getPriority                      
00001cb9  Interrupt_enableInterrupt                  
00001d2b  Interrupt_disableInterrupt                 
00001d9d  Interrupt_isEnabled                        
00001e29  Interrupt_pendInterrupt                    
00001e99  Interrupt_unpendInterrupt                  
00001ee7  Interrupt_setPriorityMask                  
00001ef7  Interrupt_getPriorityMask                  
00001f01  Interrupt_setVectorTableAddress            
00001f11  Interrupt_getVectorTableAddress            
00001f17  Interrupt_enableSleepOnIsrExit             
00001f29  Interrupt_disableSleepOnIsrExit            
00001f59  SystemCoreClockUpdate                      
000021d1  SystemInit                                 
0000228d  checkForBeat                               
000023c7  averageDCEstimator                         
000023f3  lowPassFIRFilter                           
000024a7  mul16                                      
000024fd  ACC_init                                   
000025d3  ACC_calc                                   
000025fd  ACC_get_x                                  
00002605  ACC_get_y                                  
0000260d  ACC_get_z                                  
00002615  ACC_read_data                              
00002741  ROS_init                                   
00002791  ROS_read_ir                                
000027af  ROS_read_heart_rate                        
000028ab  ROS_read_avg_heart_rate                    
000028e9  RxFifo_Init                                
000028fb  RxFifo_Put                                 
00002941  RxFifo_Get                                 
00002977  UART1_InStatus                             
00002987  UART1_Init                                 
000029e3  UART1_InChar                               
000029f5  UART1_OutChar                              
00002a11  EUSCIA2_IRQHandler                         
00002a11  EUSCIA2_IRQHandler                         
00002a27  UART1_OutString                            
00002a45  UART1_FinishOutput                         
00002a8d  __aeabi_ddiv                               
00002bc3  _nop                                       
00002bc5  aligned_alloc                              
00002bc5  memalign                                   
00002de9  free                                       
00002ecd  setvbuf                                    
00002fa9  ADC0_Ch6_Init                              
00002ff9  ADC_Ch6_In                                 
00003019  ADC_Ch6_Samples                            
00003075  open                                       
00003131  add_device                                 
000031e9  readBLE                                    
000031eb  main                                       
0000329d  fopen                                      
00003339  __aeabi_memcpy                             
00003339  __aeabi_memcpy4                            
00003339  __aeabi_memcpy8                            
00003339  memcpy                                     
000033d5  Timer32Init                                
00003407  Timer32Stop                                
00003413  T32_INT1_IRQHandler                        
00003413  T32_INT1_IRQHandler                        
00003435  getOS_MsTime                               
00003451  __aeabi_memclr                             
00003451  __aeabi_memclr4                            
00003451  __aeabi_memclr8                            
00003453  __aeabi_memset                             
00003453  __aeabi_memset4                            
00003453  __aeabi_memset8                            
00003459  memset                                     
000034cd  __TI_closefile                             
000035b1  __aeabi_d2f                                
00003621  HOSTrename                                 
0000368d  HOSTlseek                                  
000036f5  __TI_decompress_lzss                       
0000375d  HOSTopen                                   
000037bd  close                                      
00003819  HOSTread                                   
00003871  HOSTwrite                                  
000038c9  __TI_doflush                               
00003915  exit                                       
0000395d  HOSTclose                                  
000039a1  HOSTunlink                                 
000039e5  __TI_auto_init_nobinit_nopinit             
00003a29  getdevice                                  
00003a6d  CPU_cpsid                                  
00003a79  CPU_primask                                
00003a83  CPU_cpsie                                  
00003a8f  CPU_wfi                                    
00003a93  CPU_basepriSet                             
00003aa1  CPU_basepriGet                             
00003aad  __TI_writemsg                              
00003adb  C$$IO$$                                    
00003ae5  strncpy                                    
00003b1d  __TI_cleanup                               
00003b51  __TI_readmsg                               
00003b85  _c_int00_noargs                            
00003bb9  freopen                                    
00003bed  finddevice                                 
00003c1d  __aeabi_i2d                                
00003c4d  remove                                     
00003c4d  unlink                                     
00003ca1  write                                      
00003ce5  GSR_Init                                   
00003ced  GSR_Read_Data                              
00003cff  strcmp                                     
00003d17  strchr                                     
00003d2d  strcpy                                     
00003d41  strlen                                     
00003d55  __TI_decompress_none                       
00003d63  Reset_Handler                              
00003d6f  ADC14_IRQHandler                           
00003d6f  AES256_IRQHandler                          
00003d6f  BusFault_Handler                           
00003d6f  COMP_E0_IRQHandler                         
00003d6f  COMP_E1_IRQHandler                         
00003d6f  CS_IRQHandler                              
00003d6f  DMA_ERR_IRQHandler                         
00003d6f  DMA_INT0_IRQHandler                        
00003d6f  DMA_INT1_IRQHandler                        
00003d6f  DMA_INT2_IRQHandler                        
00003d6f  DMA_INT3_IRQHandler                        
00003d6f  DebugMon_Handler                           
00003d6f  Default_Handler                            
00003d6f  EUSCIA0_IRQHandler                         
00003d6f  EUSCIA1_IRQHandler                         
00003d6f  EUSCIA3_IRQHandler                         
00003d6f  EUSCIB0_IRQHandler                         
00003d6f  EUSCIB1_IRQHandler                         
00003d6f  EUSCIB2_IRQHandler                         
00003d6f  EUSCIB3_IRQHandler                         
00003d6f  FLCTL_IRQHandler                           
00003d6f  FPU_IRQHandler                             
00003d6f  HardFault_Handler                          
00003d6f  MemManage_Handler                          
00003d6f  NMI_Handler                                
00003d6f  PCM_IRQHandler                             
00003d6f  PORT1_IRQHandler                           
00003d6f  PORT2_IRQHandler                           
00003d6f  PORT3_IRQHandler                           
00003d6f  PORT4_IRQHandler                           
00003d6f  PORT5_IRQHandler                           
00003d6f  PORT6_IRQHandler                           
00003d6f  PSS_IRQHandler                             
00003d6f  PendSV_Handler                             
00003d6f  RTC_C_IRQHandler                           
00003d6f  SVC_Handler                                
00003d6f  SysTick_Handler                            
00003d6f  T32_INT2_IRQHandler                        
00003d6f  T32_INTC_IRQHandler                        
00003d6f  TA0_0_IRQHandler                           
00003d6f  TA0_N_IRQHandler                           
00003d6f  TA1_0_IRQHandler                           
00003d6f  TA1_N_IRQHandler                           
00003d6f  TA2_0_IRQHandler                           
00003d6f  TA2_N_IRQHandler                           
00003d6f  TA3_0_IRQHandler                           
00003d6f  TA3_N_IRQHandler                           
00003d6f  UsageFault_Handler                         
00003d6f  WDT_A_IRQHandler                           
00003d71  __TI_zero_init                             
00003d7d  malloc                                     
00003d85  _system_pre_init                           
00003d89  C$$EXIT                                    
00003d89  abort                                      
00003e30  ACCConfig                                  
00003e44  MAX30102Config                             
00003f1c  __TI_Handler_Table_Base                    
00003f28  __TI_Handler_Table_Limit                   
00003f38  __TI_CINIT_Base                            
00003f50  __TI_CINIT_Limit                           
20000000  g_pfnRAMVectors                            
200000e8  _sys_memory                                
200004e8  __CIOBUF_                                  
20000608  RxFIFO                                     
20000708  __TI_tmpnams                               
200007a8  cbuf                                       
200007e8  sense                                      
20000828  Messageb                                   
20000830  OS_MsTime                                  
20000838  parmbuf                                    
20000840  rates                                      
2000084c  Messageindexb                              
20000850  RxFifoLost                                 
20000854  RxGetI                                     
20000858  RxPutI                                     
2000085c  beatAvg                                    
20000860  beatsPerMinute                             
20000864  IR_AC_Signal_Previous                      
20000866  IR_Average_Estimated                       
20000868  _ftable                                    
20000958  _device                                    
200009d0  _stream                                    
20000a50  IR_AC_Max                                  
20000a52  IR_AC_Min                                  
20000a54  IR_AC_Signal_Current                       
20000a56  IR_AC_Signal_min                           
20000a58  IR_AC_Signal_max                           
20000a5a  positiveEdge                               
20000a5c  negativeEdge                               
20000a60  ir_avg_reg                                 
20000a64  offset                                     
20000a68  __TI_ft_end                                
20000a6c  __aeabi_stdin                              
20000a70  __aeabi_stdout                             
20000a74  __aeabi_stderr                             
20000a78  __TI_cleanup_ptr                           
20000a7c  __TI_dtors_ptr                             
20000a80  __TI_enable_exit_profile_output            
20000a84  _lock                                      
20000a88  _unlock                                    
20000a94  rateSpot                                   
20000a98  lastBeat                                   
20000aa8  SystemCoreClock                            
2000fe00  __stack                                    
20010000  __STACK_END                                
4000480c  WDTCTL_SYM                                 
ffffffff  __TI_pprof_out_hndl                        
ffffffff  __TI_prof_data_size                        
ffffffff  __TI_prof_data_start                       
ffffffff  __binit__                                  
ffffffff  __c_args__                                 
ffffffff  binit                                      
UNDEFED   __mpu_init                                 
UNDEFED   _system_post_cinit                         

[353 symbols]
