<?xml version="1.0" encoding="ISO-8859-1" ?>
<link_info>
   <banner>TI ARM Linker PC v18.12.4.LTS</banner>
   <copyright>Copyright (c) 1996-2018 Texas Instruments Incorporated</copyright>
   <link_time>0x5e62b29d</link_time>
   <link_errors>0x0</link_errors>
   <output_file>Self Monitor Stress System v2.out</output_file>
   <entry_point>
      <name>_c_int00_noargs</name>
      <address>0x42f5</address>
   </entry_point>
   <input_file_list>
      <input_file id="fl-2">
         <path>.\</path>
         <kind>object</kind>
         <file>ACC.obj</file>
         <name>ACC.obj</name>
      </input_file>
      <input_file id="fl-3">
         <path>.\</path>
         <kind>object</kind>
         <file>BLE.obj</file>
         <name>BLE.obj</name>
      </input_file>
      <input_file id="fl-4">
         <path>.\</path>
         <kind>object</kind>
         <file>GSR.obj</file>
         <name>GSR.obj</name>
      </input_file>
      <input_file id="fl-5">
         <path>.\</path>
         <kind>object</kind>
         <file>main.obj</file>
         <name>main.obj</name>
      </input_file>
      <input_file id="fl-6">
         <path>.\</path>
         <kind>object</kind>
         <file>startup_msp432p401r_ccs.obj</file>
         <name>startup_msp432p401r_ccs.obj</name>
      </input_file>
      <input_file id="fl-7">
         <path>.\</path>
         <kind>object</kind>
         <file>system_msp432p401r.obj</file>
         <name>system_msp432p401r.obj</name>
      </input_file>
      <input_file id="fl-8">
         <path>.\Drivers\</path>
         <kind>object</kind>
         <file>AP.obj</file>
         <name>AP.obj</name>
      </input_file>
      <input_file id="fl-9">
         <path>.\Drivers\</path>
         <kind>object</kind>
         <file>Clock.obj</file>
         <name>Clock.obj</name>
      </input_file>
      <input_file id="fl-a">
         <path>.\Drivers\</path>
         <kind>object</kind>
         <file>CortexM.obj</file>
         <name>CortexM.obj</name>
      </input_file>
      <input_file id="fl-b">
         <path>.\Drivers\</path>
         <kind>object</kind>
         <file>GPIO.obj</file>
         <name>GPIO.obj</name>
      </input_file>
      <input_file id="fl-c">
         <path>.\Drivers\</path>
         <kind>object</kind>
         <file>LaunchPad.obj</file>
         <name>LaunchPad.obj</name>
      </input_file>
      <input_file id="fl-d">
         <path>.\Drivers\</path>
         <kind>object</kind>
         <file>Timer32.obj</file>
         <name>Timer32.obj</name>
      </input_file>
      <input_file id="fl-e">
         <path>.\Drivers\</path>
         <kind>object</kind>
         <file>UART0.obj</file>
         <name>UART0.obj</name>
      </input_file>
      <input_file id="fl-f">
         <path>.\Drivers\</path>
         <kind>object</kind>
         <file>UART1.obj</file>
         <name>UART1.obj</name>
      </input_file>
      <input_file id="fl-10">
         <path>.\Drivers\</path>
         <kind>object</kind>
         <file>adc.obj</file>
         <name>adc.obj</name>
      </input_file>
      <input_file id="fl-11">
         <path>.\driverlib\MSP432P4xx\</path>
         <kind>object</kind>
         <file>adc14.obj</file>
         <name>adc14.obj</name>
      </input_file>
      <input_file id="fl-12">
         <path>.\driverlib\MSP432P4xx\</path>
         <kind>object</kind>
         <file>aes256.obj</file>
         <name>aes256.obj</name>
      </input_file>
      <input_file id="fl-13">
         <path>.\driverlib\MSP432P4xx\</path>
         <kind>object</kind>
         <file>comp_e.obj</file>
         <name>comp_e.obj</name>
      </input_file>
      <input_file id="fl-14">
         <path>.\driverlib\MSP432P4xx\</path>
         <kind>object</kind>
         <file>cpu.obj</file>
         <name>cpu.obj</name>
      </input_file>
      <input_file id="fl-15">
         <path>.\driverlib\MSP432P4xx\</path>
         <kind>object</kind>
         <file>crc32.obj</file>
         <name>crc32.obj</name>
      </input_file>
      <input_file id="fl-16">
         <path>.\driverlib\MSP432P4xx\</path>
         <kind>object</kind>
         <file>cs.obj</file>
         <name>cs.obj</name>
      </input_file>
      <input_file id="fl-17">
         <path>.\driverlib\MSP432P4xx\</path>
         <kind>object</kind>
         <file>dma.obj</file>
         <name>dma.obj</name>
      </input_file>
      <input_file id="fl-18">
         <path>.\driverlib\MSP432P4xx\</path>
         <kind>object</kind>
         <file>flash.obj</file>
         <name>flash.obj</name>
      </input_file>
      <input_file id="fl-19">
         <path>.\driverlib\MSP432P4xx\</path>
         <kind>object</kind>
         <file>fpu.obj</file>
         <name>fpu.obj</name>
      </input_file>
      <input_file id="fl-1a">
         <path>.\driverlib\MSP432P4xx\</path>
         <kind>object</kind>
         <file>gpio.obj</file>
         <name>gpio.obj</name>
      </input_file>
      <input_file id="fl-1b">
         <path>.\driverlib\MSP432P4xx\</path>
         <kind>object</kind>
         <file>i2c.obj</file>
         <name>i2c.obj</name>
      </input_file>
      <input_file id="fl-1c">
         <path>.\driverlib\MSP432P4xx\</path>
         <kind>object</kind>
         <file>interrupt.obj</file>
         <name>interrupt.obj</name>
      </input_file>
      <input_file id="fl-1d">
         <path>.\driverlib\MSP432P4xx\</path>
         <kind>object</kind>
         <file>mpu.obj</file>
         <name>mpu.obj</name>
      </input_file>
      <input_file id="fl-1e">
         <path>.\driverlib\MSP432P4xx\</path>
         <kind>object</kind>
         <file>pcm.obj</file>
         <name>pcm.obj</name>
      </input_file>
      <input_file id="fl-1f">
         <path>.\driverlib\MSP432P4xx\</path>
         <kind>object</kind>
         <file>pmap.obj</file>
         <name>pmap.obj</name>
      </input_file>
      <input_file id="fl-20">
         <path>.\driverlib\MSP432P4xx\</path>
         <kind>object</kind>
         <file>pss.obj</file>
         <name>pss.obj</name>
      </input_file>
      <input_file id="fl-21">
         <path>.\driverlib\MSP432P4xx\</path>
         <kind>object</kind>
         <file>ref_a.obj</file>
         <name>ref_a.obj</name>
      </input_file>
      <input_file id="fl-22">
         <path>.\driverlib\MSP432P4xx\</path>
         <kind>object</kind>
         <file>reset.obj</file>
         <name>reset.obj</name>
      </input_file>
      <input_file id="fl-23">
         <path>.\driverlib\MSP432P4xx\</path>
         <kind>object</kind>
         <file>rtc_c.obj</file>
         <name>rtc_c.obj</name>
      </input_file>
      <input_file id="fl-24">
         <path>.\driverlib\MSP432P4xx\</path>
         <kind>object</kind>
         <file>spi.obj</file>
         <name>spi.obj</name>
      </input_file>
      <input_file id="fl-25">
         <path>.\driverlib\MSP432P4xx\</path>
         <kind>object</kind>
         <file>sysctl.obj</file>
         <name>sysctl.obj</name>
      </input_file>
      <input_file id="fl-26">
         <path>.\driverlib\MSP432P4xx\</path>
         <kind>object</kind>
         <file>systick.obj</file>
         <name>systick.obj</name>
      </input_file>
      <input_file id="fl-27">
         <path>.\driverlib\MSP432P4xx\</path>
         <kind>object</kind>
         <file>timer32.obj</file>
         <name>timer32.obj</name>
      </input_file>
      <input_file id="fl-28">
         <path>.\driverlib\MSP432P4xx\</path>
         <kind>object</kind>
         <file>timer_a.obj</file>
         <name>timer_a.obj</name>
      </input_file>
      <input_file id="fl-29">
         <path>.\driverlib\MSP432P4xx\</path>
         <kind>object</kind>
         <file>uart.obj</file>
         <name>uart.obj</name>
      </input_file>
      <input_file id="fl-2a">
         <path>.\driverlib\MSP432P4xx\</path>
         <kind>object</kind>
         <file>wdt_a.obj</file>
         <name>wdt_a.obj</name>
      </input_file>
      <input_file id="fl-2e">
         <kind>object</kind>
         <file>&lt;internal&gt;</file>
         <name>&lt;internal&gt;</name>
      </input_file>
      <input_file id="fl-e4">
         <path>C:\ti\ccs930\ccs\tools\compiler\ti-cgt-arm_18.12.4.LTS\lib\</path>
         <kind>archive</kind>
         <file>rtsv7M4_T_le_v4SPD16_eabi.lib</file>
         <name>fopen.c.obj</name>
      </input_file>
      <input_file id="fl-e5">
         <path>C:\ti\ccs930\ccs\tools\compiler\ti-cgt-arm_18.12.4.LTS\lib\</path>
         <kind>archive</kind>
         <file>rtsv7M4_T_le_v4SPD16_eabi.lib</file>
         <name>setvbuf.c.obj</name>
      </input_file>
      <input_file id="fl-e6">
         <path>C:\ti\ccs930\ccs\tools\compiler\ti-cgt-arm_18.12.4.LTS\lib\</path>
         <kind>archive</kind>
         <file>rtsv7M4_T_le_v4SPD16_eabi.lib</file>
         <name>memset_t2.asm.obj</name>
      </input_file>
      <input_file id="fl-e7">
         <path>C:\ti\ccs930\ccs\tools\compiler\ti-cgt-arm_18.12.4.LTS\lib\</path>
         <kind>archive</kind>
         <file>rtsv7M4_T_le_v4SPD16_eabi.lib</file>
         <name>copy_zero_init.c.obj</name>
      </input_file>
      <input_file id="fl-e8">
         <path>C:\ti\ccs930\ccs\tools\compiler\ti-cgt-arm_18.12.4.LTS\lib\</path>
         <kind>archive</kind>
         <file>rtsv7M4_T_le_v4SPD16_eabi.lib</file>
         <name>copy_decompress_none.c.obj</name>
      </input_file>
      <input_file id="fl-e9">
         <path>C:\ti\ccs930\ccs\tools\compiler\ti-cgt-arm_18.12.4.LTS\lib\</path>
         <kind>archive</kind>
         <file>rtsv7M4_T_le_v4SPD16_eabi.lib</file>
         <name>copy_decompress_lzss.c.obj</name>
      </input_file>
      <input_file id="fl-ea">
         <path>C:\ti\ccs930\ccs\tools\compiler\ti-cgt-arm_18.12.4.LTS\lib\</path>
         <kind>archive</kind>
         <file>rtsv7M4_T_le_v4SPD16_eabi.lib</file>
         <name>exit.c.obj</name>
      </input_file>
      <input_file id="fl-eb">
         <path>C:\ti\ccs930\ccs\tools\compiler\ti-cgt-arm_18.12.4.LTS\lib\</path>
         <kind>archive</kind>
         <file>rtsv7M4_T_le_v4SPD16_eabi.lib</file>
         <name>_lock.c.obj</name>
      </input_file>
      <input_file id="fl-ec">
         <path>C:\ti\ccs930\ccs\tools\compiler\ti-cgt-arm_18.12.4.LTS\lib\</path>
         <kind>archive</kind>
         <file>rtsv7M4_T_le_v4SPD16_eabi.lib</file>
         <name>defs.c.obj</name>
      </input_file>
      <input_file id="fl-ed">
         <path>C:\ti\ccs930\ccs\tools\compiler\ti-cgt-arm_18.12.4.LTS\lib\</path>
         <kind>archive</kind>
         <file>rtsv7M4_T_le_v4SPD16_eabi.lib</file>
         <name>memory.c.obj</name>
      </input_file>
      <input_file id="fl-ee">
         <path>C:\ti\ccs930\ccs\tools\compiler\ti-cgt-arm_18.12.4.LTS\lib\</path>
         <kind>archive</kind>
         <file>rtsv7M4_T_le_v4SPD16_eabi.lib</file>
         <name>open.c.obj</name>
      </input_file>
      <input_file id="fl-ef">
         <path>C:\ti\ccs930\ccs\tools\compiler\ti-cgt-arm_18.12.4.LTS\lib\</path>
         <kind>archive</kind>
         <file>rtsv7M4_T_le_v4SPD16_eabi.lib</file>
         <name>add_device.c.obj</name>
      </input_file>
      <input_file id="fl-f0">
         <path>C:\ti\ccs930\ccs\tools\compiler\ti-cgt-arm_18.12.4.LTS\lib\</path>
         <kind>archive</kind>
         <file>rtsv7M4_T_le_v4SPD16_eabi.lib</file>
         <name>boot_cortex_m.c.obj</name>
      </input_file>
      <input_file id="fl-f1">
         <path>C:\ti\ccs930\ccs\tools\compiler\ti-cgt-arm_18.12.4.LTS\lib\</path>
         <kind>archive</kind>
         <file>rtsv7M4_T_le_v4SPD16_eabi.lib</file>
         <name>fclose.c.obj</name>
      </input_file>
      <input_file id="fl-f2">
         <path>C:\ti\ccs930\ccs\tools\compiler\ti-cgt-arm_18.12.4.LTS\lib\</path>
         <kind>archive</kind>
         <file>rtsv7M4_T_le_v4SPD16_eabi.lib</file>
         <name>fflush.c.obj</name>
      </input_file>
      <input_file id="fl-f3">
         <path>C:\ti\ccs930\ccs\tools\compiler\ti-cgt-arm_18.12.4.LTS\lib\</path>
         <kind>archive</kind>
         <file>rtsv7M4_T_le_v4SPD16_eabi.lib</file>
         <name>getdevice.c.obj</name>
      </input_file>
      <input_file id="fl-f4">
         <path>C:\ti\ccs930\ccs\tools\compiler\ti-cgt-arm_18.12.4.LTS\lib\</path>
         <kind>archive</kind>
         <file>rtsv7M4_T_le_v4SPD16_eabi.lib</file>
         <name>memcpy_t2.asm.obj</name>
      </input_file>
      <input_file id="fl-f5">
         <path>C:\ti\ccs930\ccs\tools\compiler\ti-cgt-arm_18.12.4.LTS\lib\</path>
         <kind>archive</kind>
         <file>rtsv7M4_T_le_v4SPD16_eabi.lib</file>
         <name>autoinit.c.obj</name>
      </input_file>
      <input_file id="fl-f6">
         <path>C:\ti\ccs930\ccs\tools\compiler\ti-cgt-arm_18.12.4.LTS\lib\</path>
         <kind>archive</kind>
         <file>rtsv7M4_T_le_v4SPD16_eabi.lib</file>
         <name>pre_init.c.obj</name>
      </input_file>
      <input_file id="fl-f7">
         <path>C:\ti\ccs930\ccs\tools\compiler\ti-cgt-arm_18.12.4.LTS\lib\</path>
         <kind>archive</kind>
         <file>rtsv7M4_T_le_v4SPD16_eabi.lib</file>
         <name>cpy_tbl.c.obj</name>
      </input_file>
      <input_file id="fl-f8">
         <path>C:\ti\ccs930\ccs\tools\compiler\ti-cgt-arm_18.12.4.LTS\lib\</path>
         <kind>archive</kind>
         <file>rtsv7M4_T_le_v4SPD16_eabi.lib</file>
         <name>args_main.c.obj</name>
      </input_file>
      <input_file id="fl-f9">
         <path>C:\ti\ccs930\ccs\tools\compiler\ti-cgt-arm_18.12.4.LTS\lib\</path>
         <kind>archive</kind>
         <file>rtsv7M4_T_le_v4SPD16_eabi.lib</file>
         <name>strchr.c.obj</name>
      </input_file>
      <input_file id="fl-fa">
         <path>C:\ti\ccs930\ccs\tools\compiler\ti-cgt-arm_18.12.4.LTS\lib\</path>
         <kind>archive</kind>
         <file>rtsv7M4_T_le_v4SPD16_eabi.lib</file>
         <name>strcmp.c.obj</name>
      </input_file>
      <input_file id="fl-fb">
         <path>C:\ti\ccs930\ccs\tools\compiler\ti-cgt-arm_18.12.4.LTS\lib\</path>
         <kind>archive</kind>
         <file>rtsv7M4_T_le_v4SPD16_eabi.lib</file>
         <name>strncpy.c.obj</name>
      </input_file>
      <input_file id="fl-fc">
         <path>C:\ti\ccs930\ccs\tools\compiler\ti-cgt-arm_18.12.4.LTS\lib\</path>
         <kind>archive</kind>
         <file>rtsv7M4_T_le_v4SPD16_eabi.lib</file>
         <name>write.c.obj</name>
      </input_file>
      <input_file id="fl-fd">
         <path>C:\ti\ccs930\ccs\tools\compiler\ti-cgt-arm_18.12.4.LTS\lib\</path>
         <kind>archive</kind>
         <file>rtsv7M4_T_le_v4SPD16_eabi.lib</file>
         <name>host_device.c.obj</name>
      </input_file>
      <input_file id="fl-fe">
         <path>C:\ti\ccs930\ccs\tools\compiler\ti-cgt-arm_18.12.4.LTS\lib\</path>
         <kind>archive</kind>
         <file>rtsv7M4_T_le_v4SPD16_eabi.lib</file>
         <name>remove.c.obj</name>
      </input_file>
      <input_file id="fl-ff">
         <path>C:\ti\ccs930\ccs\tools\compiler\ti-cgt-arm_18.12.4.LTS\lib\</path>
         <kind>archive</kind>
         <file>rtsv7M4_T_le_v4SPD16_eabi.lib</file>
         <name>close.c.obj</name>
      </input_file>
      <input_file id="fl-100">
         <path>C:\ti\ccs930\ccs\tools\compiler\ti-cgt-arm_18.12.4.LTS\lib\</path>
         <kind>archive</kind>
         <file>rtsv7M4_T_le_v4SPD16_eabi.lib</file>
         <name>unlink.c.obj</name>
      </input_file>
      <input_file id="fl-101">
         <path>C:\ti\ccs930\ccs\tools\compiler\ti-cgt-arm_18.12.4.LTS\lib\</path>
         <kind>archive</kind>
         <file>rtsv7M4_T_le_v4SPD16_eabi.lib</file>
         <name>hostclose.c.obj</name>
      </input_file>
      <input_file id="fl-102">
         <path>C:\ti\ccs930\ccs\tools\compiler\ti-cgt-arm_18.12.4.LTS\lib\</path>
         <kind>archive</kind>
         <file>rtsv7M4_T_le_v4SPD16_eabi.lib</file>
         <name>hostlseek.c.obj</name>
      </input_file>
      <input_file id="fl-103">
         <path>C:\ti\ccs930\ccs\tools\compiler\ti-cgt-arm_18.12.4.LTS\lib\</path>
         <kind>archive</kind>
         <file>rtsv7M4_T_le_v4SPD16_eabi.lib</file>
         <name>hostopen.c.obj</name>
      </input_file>
      <input_file id="fl-104">
         <path>C:\ti\ccs930\ccs\tools\compiler\ti-cgt-arm_18.12.4.LTS\lib\</path>
         <kind>archive</kind>
         <file>rtsv7M4_T_le_v4SPD16_eabi.lib</file>
         <name>hostread.c.obj</name>
      </input_file>
      <input_file id="fl-105">
         <path>C:\ti\ccs930\ccs\tools\compiler\ti-cgt-arm_18.12.4.LTS\lib\</path>
         <kind>archive</kind>
         <file>rtsv7M4_T_le_v4SPD16_eabi.lib</file>
         <name>hostrename.c.obj</name>
      </input_file>
      <input_file id="fl-106">
         <path>C:\ti\ccs930\ccs\tools\compiler\ti-cgt-arm_18.12.4.LTS\lib\</path>
         <kind>archive</kind>
         <file>rtsv7M4_T_le_v4SPD16_eabi.lib</file>
         <name>hostunlink.c.obj</name>
      </input_file>
      <input_file id="fl-107">
         <path>C:\ti\ccs930\ccs\tools\compiler\ti-cgt-arm_18.12.4.LTS\lib\</path>
         <kind>archive</kind>
         <file>rtsv7M4_T_le_v4SPD16_eabi.lib</file>
         <name>hostwrite.c.obj</name>
      </input_file>
      <input_file id="fl-108">
         <path>C:\ti\ccs930\ccs\tools\compiler\ti-cgt-arm_18.12.4.LTS\lib\</path>
         <kind>archive</kind>
         <file>rtsv7M4_T_le_v4SPD16_eabi.lib</file>
         <name>trgmsg.c.obj</name>
      </input_file>
      <input_file id="fl-109">
         <path>C:\ti\ccs930\ccs\tools\compiler\ti-cgt-arm_18.12.4.LTS\lib\</path>
         <kind>archive</kind>
         <file>rtsv7M4_T_le_v4SPD16_eabi.lib</file>
         <name>strcpy.c.obj</name>
      </input_file>
      <input_file id="fl-10a">
         <path>C:\ti\ccs930\ccs\tools\compiler\ti-cgt-arm_18.12.4.LTS\lib\</path>
         <kind>archive</kind>
         <file>rtsv7M4_T_le_v4SPD16_eabi.lib</file>
         <name>strlen.c.obj</name>
      </input_file>
   </input_file_list>
   <object_component_list>
      <object_component id="oc-23">
         <name>.intvecs:retain</name>
         <load_address>0x0</load_address>
         <run_address>0x0</run_address>
         <size>0xe4</size>
         <input_file_ref idref="fl-6"/>
      </object_component>
      <object_component id="oc-101">
         <name>.text</name>
         <load_address>0xe4</load_address>
         <run_address>0xe4</run_address>
         <size>0x1004</size>
         <input_file_ref idref="fl-8"/>
      </object_component>
      <object_component id="oc-16f">
         <name>.text</name>
         <load_address>0x10e8</load_address>
         <run_address>0x10e8</run_address>
         <size>0x948</size>
         <input_file_ref idref="fl-1b"/>
      </object_component>
      <object_component id="oc-182">
         <name>.text</name>
         <load_address>0x1a30</load_address>
         <run_address>0x1a30</run_address>
         <size>0x6bc</size>
         <input_file_ref idref="fl-e"/>
      </object_component>
      <object_component id="oc-169">
         <name>.text</name>
         <load_address>0x20ec</load_address>
         <run_address>0x20ec</run_address>
         <size>0x480</size>
         <input_file_ref idref="fl-1a"/>
      </object_component>
      <object_component id="oc-1f9">
         <name>.text</name>
         <load_address>0x256c</load_address>
         <run_address>0x256c</run_address>
         <size>0x3f0</size>
         <input_file_ref idref="fl-1c"/>
      </object_component>
      <object_component id="oc-b5">
         <name>.text</name>
         <load_address>0x295c</load_address>
         <run_address>0x295c</run_address>
         <size>0x334</size>
         <input_file_ref idref="fl-7"/>
      </object_component>
      <object_component id="oc-fb">
         <name>.text</name>
         <load_address>0x2c90</load_address>
         <run_address>0x2c90</run_address>
         <size>0x230</size>
         <input_file_ref idref="fl-2"/>
      </object_component>
      <object_component id="oc-ef">
         <name>.text</name>
         <load_address>0x2ec0</load_address>
         <run_address>0x2ec0</run_address>
         <size>0x1e0</size>
         <input_file_ref idref="fl-9"/>
      </object_component>
      <object_component id="oc-6d">
         <name>.text</name>
         <load_address>0x30a0</load_address>
         <run_address>0x30a0</run_address>
         <size>0x1a4</size>
         <input_file_ref idref="fl-f"/>
      </object_component>
      <object_component id="oc-a3">
         <name>.text</name>
         <load_address>0x3244</load_address>
         <run_address>0x3244</run_address>
         <size>0x154</size>
         <input_file_ref idref="fl-5"/>
      </object_component>
      <object_component id="oc-382">
         <name>.text:aligned_alloc</name>
         <load_address>0x3398</load_address>
         <run_address>0x3398</run_address>
         <size>0x118</size>
         <input_file_ref idref="fl-ed"/>
      </object_component>
      <object_component id="oc-2bd">
         <name>.text:_openfile</name>
         <load_address>0x34b0</load_address>
         <run_address>0x34b0</run_address>
         <size>0x10c</size>
         <input_file_ref idref="fl-e4"/>
      </object_component>
      <object_component id="oc-2d0">
         <name>.text:free</name>
         <load_address>0x35bc</load_address>
         <run_address>0x35bc</run_address>
         <size>0xe4</size>
         <input_file_ref idref="fl-ed"/>
      </object_component>
      <object_component id="oc-226">
         <name>.text:setvbuf</name>
         <load_address>0x36a0</load_address>
         <run_address>0x36a0</run_address>
         <size>0xdc</size>
         <input_file_ref idref="fl-e5"/>
      </object_component>
      <object_component id="oc-162">
         <name>.text</name>
         <load_address>0x377c</load_address>
         <run_address>0x377c</run_address>
         <size>0xcc</size>
         <input_file_ref idref="fl-10"/>
      </object_component>
      <object_component id="oc-17c">
         <name>.text</name>
         <load_address>0x3848</load_address>
         <run_address>0x3848</run_address>
         <size>0xc0</size>
         <input_file_ref idref="fl-b"/>
      </object_component>
      <object_component id="oc-350">
         <name>.text:open</name>
         <load_address>0x3908</load_address>
         <run_address>0x3908</run_address>
         <size>0xbc</size>
         <input_file_ref idref="fl-ee"/>
      </object_component>
      <object_component id="oc-214">
         <name>.text:add_device</name>
         <load_address>0x39c4</load_address>
         <run_address>0x39c4</run_address>
         <size>0xb8</size>
         <input_file_ref idref="fl-ef"/>
      </object_component>
      <object_component id="oc-21a">
         <name>.text:fopen</name>
         <load_address>0x3a7c</load_address>
         <run_address>0x3a7c</run_address>
         <size>0x9c</size>
         <input_file_ref idref="fl-e4"/>
      </object_component>
      <object_component id="oc-37">
         <name>.text</name>
         <load_address>0x3b18</load_address>
         <run_address>0x3b18</run_address>
         <size>0x9c</size>
         <input_file_ref idref="fl-f4"/>
      </object_component>
      <object_component id="oc-73">
         <name>.text</name>
         <load_address>0x3bb4</load_address>
         <run_address>0x3bb4</run_address>
         <size>0x7c</size>
         <input_file_ref idref="fl-d"/>
      </object_component>
      <object_component id="oc-97">
         <name>.text</name>
         <load_address>0x3c30</load_address>
         <run_address>0x3c30</run_address>
         <size>0x7a</size>
         <input_file_ref idref="fl-e6"/>
      </object_component>
      <object_component id="oc-260">
         <name>.text:_nop</name>
         <load_address>0x3caa</load_address>
         <run_address>0x3caa</run_address>
         <size>0x2</size>
         <input_file_ref idref="fl-eb"/>
      </object_component>
      <object_component id="oc-2c9">
         <name>.text:__TI_closefile</name>
         <load_address>0x3cac</load_address>
         <run_address>0x3cac</run_address>
         <size>0x74</size>
         <input_file_ref idref="fl-f1"/>
      </object_component>
      <object_component id="oc-3e2">
         <name>.text:split</name>
         <load_address>0x3d20</load_address>
         <run_address>0x3d20</run_address>
         <size>0x70</size>
         <input_file_ref idref="fl-ed"/>
      </object_component>
      <object_component id="oc-33b">
         <name>.text:HOSTrename</name>
         <load_address>0x3d90</load_address>
         <run_address>0x3d90</run_address>
         <size>0x6c</size>
         <input_file_ref idref="fl-105"/>
      </object_component>
      <object_component id="oc-32f">
         <name>.text:HOSTlseek</name>
         <load_address>0x3dfc</load_address>
         <run_address>0x3dfc</run_address>
         <size>0x68</size>
         <input_file_ref idref="fl-102"/>
      </object_component>
      <object_component id="oc-14">
         <name>.text:decompress:lzss:__TI_decompress_lzss</name>
         <load_address>0x3e64</load_address>
         <run_address>0x3e64</run_address>
         <size>0x68</size>
         <input_file_ref idref="fl-e9"/>
      </object_component>
      <object_component id="oc-317">
         <name>.text:HOSTopen</name>
         <load_address>0x3ecc</load_address>
         <run_address>0x3ecc</run_address>
         <size>0x60</size>
         <input_file_ref idref="fl-103"/>
      </object_component>
      <object_component id="oc-366">
         <name>.text:close</name>
         <load_address>0x3f2c</load_address>
         <run_address>0x3f2c</run_address>
         <size>0x5c</size>
         <input_file_ref idref="fl-ff"/>
      </object_component>
      <object_component id="oc-323">
         <name>.text:HOSTread</name>
         <load_address>0x3f88</load_address>
         <run_address>0x3f88</run_address>
         <size>0x58</size>
         <input_file_ref idref="fl-104"/>
      </object_component>
      <object_component id="oc-329">
         <name>.text:HOSTwrite</name>
         <load_address>0x3fe0</load_address>
         <run_address>0x3fe0</run_address>
         <size>0x58</size>
         <input_file_ref idref="fl-107"/>
      </object_component>
      <object_component id="oc-360">
         <name>.text:__TI_doflush</name>
         <load_address>0x4038</load_address>
         <run_address>0x4038</run_address>
         <size>0x4c</size>
         <input_file_ref idref="fl-f2"/>
      </object_component>
      <object_component id="oc-10e">
         <name>.text:exit</name>
         <load_address>0x4084</load_address>
         <run_address>0x4084</run_address>
         <size>0x48</size>
         <input_file_ref idref="fl-ea"/>
      </object_component>
      <object_component id="oc-31d">
         <name>.text:HOSTclose</name>
         <load_address>0x40cc</load_address>
         <run_address>0x40cc</run_address>
         <size>0x44</size>
         <input_file_ref idref="fl-101"/>
      </object_component>
      <object_component id="oc-335">
         <name>.text:HOSTunlink</name>
         <load_address>0x4110</load_address>
         <run_address>0x4110</run_address>
         <size>0x44</size>
         <input_file_ref idref="fl-106"/>
      </object_component>
      <object_component id="oc-114">
         <name>.text:__TI_auto_init_nobinit_nopinit:__TI_auto_init_nobinit_nopinit</name>
         <load_address>0x4154</load_address>
         <run_address>0x4154</run_address>
         <size>0x44</size>
         <input_file_ref idref="fl-f5"/>
      </object_component>
      <object_component id="oc-3c3">
         <name>.text:getdevice</name>
         <load_address>0x4198</load_address>
         <run_address>0x4198</run_address>
         <size>0x44</size>
         <input_file_ref idref="fl-f3"/>
      </object_component>
      <object_component id="oc-281">
         <name>.text</name>
         <load_address>0x41dc</load_address>
         <run_address>0x41dc</run_address>
         <size>0x3e</size>
         <input_file_ref idref="fl-14"/>
      </object_component>
      <object_component id="oc-39a">
         <name>.text:__TI_writemsg</name>
         <load_address>0x421c</load_address>
         <run_address>0x421c</run_address>
         <size>0x38</size>
         <input_file_ref idref="fl-108"/>
      </object_component>
      <object_component id="oc-2b1">
         <name>.text:strncpy</name>
         <load_address>0x4254</load_address>
         <run_address>0x4254</run_address>
         <size>0x36</size>
         <input_file_ref idref="fl-fb"/>
      </object_component>
      <object_component id="oc-2dc">
         <name>.text:__TI_cleanup</name>
         <load_address>0x428c</load_address>
         <run_address>0x428c</run_address>
         <size>0x34</size>
         <input_file_ref idref="fl-e4"/>
      </object_component>
      <object_component id="oc-3a0">
         <name>.text:__TI_readmsg</name>
         <load_address>0x42c0</load_address>
         <run_address>0x42c0</run_address>
         <size>0x34</size>
         <input_file_ref idref="fl-108"/>
      </object_component>
      <object_component id="oc-55">
         <name>.text:_c_int00_noargs:_c_int00_noargs</name>
         <load_address>0x42f4</load_address>
         <run_address>0x42f4</run_address>
         <size>0x34</size>
         <input_file_ref idref="fl-f0"/>
      </object_component>
      <object_component id="oc-220">
         <name>.text:freopen</name>
         <load_address>0x4328</load_address>
         <run_address>0x4328</run_address>
         <size>0x34</size>
         <input_file_ref idref="fl-e4"/>
      </object_component>
      <object_component id="oc-2ab">
         <name>.text:finddevice</name>
         <load_address>0x435c</load_address>
         <run_address>0x435c</run_address>
         <size>0x30</size>
         <input_file_ref idref="fl-f3"/>
      </object_component>
      <object_component id="oc-36c">
         <name>.text:unlink</name>
         <load_address>0x438c</load_address>
         <run_address>0x438c</run_address>
         <size>0x2c</size>
         <input_file_ref idref="fl-100"/>
      </object_component>
      <object_component id="oc-37b">
         <name>.text:free_list_insert</name>
         <load_address>0x43b8</load_address>
         <run_address>0x43b8</run_address>
         <size>0x28</size>
         <input_file_ref idref="fl-ed"/>
      </object_component>
      <object_component id="oc-3cf">
         <name>.text:write</name>
         <load_address>0x43e0</load_address>
         <run_address>0x43e0</run_address>
         <size>0x28</size>
         <input_file_ref idref="fl-fc"/>
      </object_component>
      <object_component id="oc-375">
         <name>.text:free_list_remove</name>
         <load_address>0x4408</load_address>
         <run_address>0x4408</run_address>
         <size>0x1c</size>
         <input_file_ref idref="fl-ed"/>
      </object_component>
      <object_component id="oc-f5">
         <name>.text</name>
         <load_address>0x4424</load_address>
         <run_address>0x4424</run_address>
         <size>0x1a</size>
         <input_file_ref idref="fl-4"/>
      </object_component>
      <object_component id="oc-30d">
         <name>.text:strcmp</name>
         <load_address>0x443e</load_address>
         <run_address>0x443e</run_address>
         <size>0x18</size>
         <input_file_ref idref="fl-fa"/>
      </object_component>
      <object_component id="oc-403">
         <name>.text:strchr</name>
         <load_address>0x4456</load_address>
         <run_address>0x4456</run_address>
         <size>0x16</size>
         <input_file_ref idref="fl-f9"/>
      </object_component>
      <object_component id="oc-3b4">
         <name>.text:strcpy</name>
         <load_address>0x446c</load_address>
         <run_address>0x446c</run_address>
         <size>0x14</size>
         <input_file_ref idref="fl-109"/>
      </object_component>
      <object_component id="oc-394">
         <name>.text:strlen</name>
         <load_address>0x4480</load_address>
         <run_address>0x4480</run_address>
         <size>0x14</size>
         <input_file_ref idref="fl-10a"/>
      </object_component>
      <object_component id="oc-1a">
         <name>.text:decompress:none:__TI_decompress_none</name>
         <load_address>0x4494</load_address>
         <run_address>0x4494</run_address>
         <size>0xe</size>
         <input_file_ref idref="fl-e8"/>
      </object_component>
      <object_component id="oc-67">
         <name>.text</name>
         <load_address>0x44a2</load_address>
         <run_address>0x44a2</run_address>
         <size>0xe</size>
         <input_file_ref idref="fl-6"/>
      </object_component>
      <object_component id="oc-49">
         <name>.text:decompress:ZI:__TI_zero_init</name>
         <load_address>0x44b0</load_address>
         <run_address>0x44b0</run_address>
         <size>0xc</size>
         <input_file_ref idref="fl-e7"/>
      </object_component>
      <object_component id="oc-2d6">
         <name>.text:malloc</name>
         <load_address>0x44bc</load_address>
         <run_address>0x44bc</run_address>
         <size>0x8</size>
         <input_file_ref idref="fl-ed"/>
      </object_component>
      <object_component id="oc-9d">
         <name>.text:_system_pre_init</name>
         <load_address>0x44c4</load_address>
         <run_address>0x44c4</run_address>
         <size>0x4</size>
         <input_file_ref idref="fl-f6"/>
      </object_component>
      <object_component id="oc-108">
         <name>.text:abort:abort</name>
         <load_address>0x44c8</load_address>
         <run_address>0x44c8</run_address>
         <size>0x4</size>
         <input_file_ref idref="fl-ea"/>
      </object_component>
      <object_component id="oc-28d">
         <name>.const:g_pulRegs</name>
         <load_address>0x44cc</load_address>
         <run_address>0x44cc</run_address>
         <size>0x50</size>
         <input_file_ref idref="fl-1c"/>
      </object_component>
      <object_component id="oc-1ac">
         <name>.const:.string:NPI_SetAdvertisementSAP</name>
         <load_address>0x451c</load_address>
         <run_address>0x451c</run_address>
         <size>0x25</size>
         <input_file_ref idref="fl-8"/>
      </object_component>
      <object_component id="oc-28a">
         <name>.const:g_pulPriority</name>
         <load_address>0x4544</load_address>
         <run_address>0x4544</run_address>
         <size>0x20</size>
         <input_file_ref idref="fl-1c"/>
      </object_component>
      <object_component id="oc-1ff">
         <name>.const:GPIO_PORT_TO_INT</name>
         <load_address>0x4564</load_address>
         <run_address>0x4564</run_address>
         <size>0x1c</size>
         <input_file_ref idref="fl-1a"/>
      </object_component>
      <object_component id="oc-1b2">
         <name>.const:.string:NPI_StartAdvertisement</name>
         <load_address>0x4580</load_address>
         <run_address>0x4580</run_address>
         <size>0x14</size>
         <input_file_ref idref="fl-8"/>
      </object_component>
      <object_component id="oc-175">
         <name>.const:ACCConfig</name>
         <load_address>0x4594</load_address>
         <run_address>0x4594</run_address>
         <size>0x14</size>
         <input_file_ref idref="fl-2"/>
      </object_component>
      <object_component id="oc-1a9">
         <name>.const:.string:NPI_SetAdvertisement1</name>
         <load_address>0x45a8</load_address>
         <run_address>0x45a8</run_address>
         <size>0x11</size>
         <input_file_ref idref="fl-8"/>
      </object_component>
      <object_component id="oc-18d">
         <name>.const:.string:HCI_EXT_ResetSystemCmd</name>
         <load_address>0x45b9</load_address>
         <run_address>0x45b9</run_address>
         <size>0x9</size>
         <input_file_ref idref="fl-8"/>
      </object_component>
      <object_component id="oc-293">
         <name>.const:g_pulDisRegs</name>
         <load_address>0x45c4</load_address>
         <run_address>0x45c4</run_address>
         <size>0x8</size>
         <input_file_ref idref="fl-1c"/>
      </object_component>
      <object_component id="oc-290">
         <name>.const:g_pulEnRegs</name>
         <load_address>0x45cc</load_address>
         <run_address>0x45cc</run_address>
         <size>0x8</size>
         <input_file_ref idref="fl-1c"/>
      </object_component>
      <object_component id="oc-296">
         <name>.const:g_pulPendRegs</name>
         <load_address>0x45d4</load_address>
         <run_address>0x45d4</run_address>
         <size>0x8</size>
         <input_file_ref idref="fl-1c"/>
      </object_component>
      <object_component id="oc-299">
         <name>.const:g_pulUnpendRegs</name>
         <load_address>0x45dc</load_address>
         <run_address>0x45dc</run_address>
         <size>0x8</size>
         <input_file_ref idref="fl-1c"/>
      </object_component>
      <object_component id="oc-1b5">
         <name>.const:.string:NPI_GetStatus</name>
         <load_address>0x45e4</load_address>
         <run_address>0x45e4</run_address>
         <size>0x6</size>
         <input_file_ref idref="fl-8"/>
      </object_component>
      <object_component id="oc-1b8">
         <name>.const:.string:NPI_GetVersion</name>
         <load_address>0x45ea</load_address>
         <run_address>0x45ea</run_address>
         <size>0x6</size>
         <input_file_ref idref="fl-8"/>
      </object_component>
      <object_component id="oc-196">
         <name>.const:.string:NPI_Register</name>
         <load_address>0x45f0</load_address>
         <run_address>0x45f0</run_address>
         <size>0x6</size>
         <input_file_ref idref="fl-8"/>
      </object_component>
      <object_component id="oc-457">
         <name>.cinit..data.load</name>
         <load_address>0x45f8</load_address>
         <run_address>0x45f8</run_address>
         <size>0x12d</size>
      </object_component>
      <object_component id="oc-454">
         <name>__TI_handler_table</name>
         <load_address>0x4728</load_address>
         <run_address>0x4728</run_address>
         <size>0xc</size>
      </object_component>
      <object_component id="oc-458">
         <name>.cinit..bss.load</name>
         <load_address>0x4738</load_address>
         <run_address>0x4738</run_address>
         <size>0x8</size>
      </object_component>
      <object_component id="oc-456">
         <name>.cinit..vtable.load</name>
         <load_address>0x4740</load_address>
         <run_address>0x4740</run_address>
         <size>0x8</size>
      </object_component>
      <object_component id="oc-455">
         <name>__TI_cinit_table</name>
         <load_address>0x4748</load_address>
         <run_address>0x4748</run_address>
         <size>0x18</size>
      </object_component>
      <object_component id="oc-429">
         <name>.binit</name>
         <load_address>0x0</load_address>
         <run_address>0x0</run_address>
         <size>0x0</size>
      </object_component>
      <object_component id="oc-287">
         <name>.vtable</name>
         <uninitialized>true</uninitialized>
         <run_address>0x20000000</run_address>
         <size>0xe4</size>
         <input_file_ref idref="fl-1c"/>
      </object_component>
      <object_component id="oc-146">
         <name>.data</name>
         <load_address>0x20000c5c</load_address>
         <run_address>0x20000c5c</run_address>
         <size>0x4</size>
         <input_file_ref idref="fl-7"/>
      </object_component>
      <object_component id="oc-193">
         <name>.data:NPI_AddService</name>
         <load_address>0x20000c1c</load_address>
         <run_address>0x20000c1c</run_address>
         <size>0x9</size>
         <input_file_ref idref="fl-8"/>
      </object_component>
      <object_component id="oc-1a6">
         <name>.data:NPI_GATTSetDeviceName</name>
         <load_address>0x20000b8d</load_address>
         <run_address>0x20000b8d</run_address>
         <size>0x1c</size>
         <input_file_ref idref="fl-8"/>
      </object_component>
      <object_component id="oc-1af">
         <name>.data:NPI_SetAdvertisementData</name>
         <load_address>0x20000b48</load_address>
         <run_address>0x20000b48</run_address>
         <size>0x25</size>
         <input_file_ref idref="fl-8"/>
      </object_component>
      <object_component id="oc-1be">
         <name>.data:NPI_ReadConfirmation</name>
         <load_address>0x20000bc4</load_address>
         <run_address>0x20000bc4</run_address>
         <size>0x15</size>
         <input_file_ref idref="fl-8"/>
      </object_component>
      <object_component id="oc-1bb">
         <name>.data:NPI_WriteConfirmation</name>
         <load_address>0x20000c2e</load_address>
         <run_address>0x20000c2e</run_address>
         <size>0x9</size>
         <input_file_ref idref="fl-8"/>
      </object_component>
      <object_component id="oc-1c1">
         <name>.data:NPI_CCCDUpdatedConfirmation</name>
         <load_address>0x20000c25</load_address>
         <run_address>0x20000c25</run_address>
         <size>0x9</size>
         <input_file_ref idref="fl-8"/>
      </object_component>
      <object_component id="oc-1a3">
         <name>.data:NPI_SendNotificationIndication</name>
         <load_address>0x20000bd9</load_address>
         <run_address>0x20000bd9</run_address>
         <size>0x14</size>
         <input_file_ref idref="fl-8"/>
      </object_component>
      <object_component id="oc-19c">
         <name>.data:NPI_AddCharValue</name>
         <load_address>0x20000c00</load_address>
         <run_address>0x20000c00</run_address>
         <size>0xe</size>
         <input_file_ref idref="fl-8"/>
      </object_component>
      <object_component id="oc-19f">
         <name>.data:NPI_AddCharDescriptor</name>
         <load_address>0x20000b6d</load_address>
         <run_address>0x20000b6d</run_address>
         <size>0x20</size>
         <input_file_ref idref="fl-8"/>
      </object_component>
      <object_component id="oc-199">
         <name>.data</name>
         <load_address>0x20000c48</load_address>
         <run_address>0x20000c48</run_address>
         <size>0x8</size>
         <input_file_ref idref="fl-8"/>
      </object_component>
      <object_component id="oc-15e">
         <name>.data</name>
         <load_address>0x20000bac</load_address>
         <run_address>0x20000bac</run_address>
         <size>0x18</size>
         <input_file_ref idref="fl-9"/>
      </object_component>
      <object_component id="oc-1f6">
         <name>.data:GPIO_PORT_TO_BASE</name>
         <load_address>0x20000b18</load_address>
         <run_address>0x20000b18</run_address>
         <size>0x30</size>
         <input_file_ref idref="fl-1a"/>
      </object_component>
      <object_component id="oc-2c3">
         <name>.data</name>
         <load_address>0x20000c54</load_address>
         <run_address>0x20000c54</run_address>
         <size>0x4</size>
         <input_file_ref idref="fl-e4"/>
      </object_component>
      <object_component id="oc-1c6">
         <name>.data:$O1$$</name>
         <load_address>0x20000c10</load_address>
         <run_address>0x20000c10</run_address>
         <size>0xc</size>
         <input_file_ref idref="fl-ea"/>
      </object_component>
      <object_component id="oc-1c9">
         <name>.data:$O1$$</name>
         <load_address>0x20000c38</load_address>
         <run_address>0x20000c38</run_address>
         <size>0x8</size>
         <input_file_ref idref="fl-eb"/>
      </object_component>
      <object_component id="oc-22c">
         <name>.data:_ftable</name>
         <load_address>0x20000960</load_address>
         <run_address>0x20000960</run_address>
         <size>0xf0</size>
         <input_file_ref idref="fl-ec"/>
      </object_component>
      <object_component id="oc-2c4">
         <name>.data</name>
         <load_address>0x20000bf0</load_address>
         <run_address>0x20000bf0</run_address>
         <size>0x10</size>
         <input_file_ref idref="fl-ec"/>
      </object_component>
      <object_component id="oc-3dd">
         <name>.data:$O1$$</name>
         <load_address>0x20000c40</load_address>
         <run_address>0x20000c40</run_address>
         <size>0x8</size>
         <input_file_ref idref="fl-ed"/>
      </object_component>
      <object_component id="oc-3c9">
         <name>.data</name>
         <load_address>0x20000c58</load_address>
         <run_address>0x20000c58</run_address>
         <size>0x4</size>
         <input_file_ref idref="fl-ee"/>
      </object_component>
      <object_component id="oc-2b7">
         <name>.data</name>
         <load_address>0x20000c50</load_address>
         <run_address>0x20000c50</run_address>
         <size>0x4</size>
         <input_file_ref idref="fl-ef"/>
      </object_component>
      <object_component id="oc-2b8">
         <name>.data:_device</name>
         <load_address>0x20000a50</load_address>
         <run_address>0x20000a50</run_address>
         <size>0x78</size>
         <input_file_ref idref="fl-fd"/>
      </object_component>
      <object_component id="oc-3ca">
         <name>.data:_stream</name>
         <load_address>0x20000ac8</load_address>
         <run_address>0x20000ac8</run_address>
         <size>0x50</size>
         <input_file_ref idref="fl-fd"/>
      </object_component>
      <object_component id="oc-178">
         <name>.bss</name>
         <uninitialized>true</uninitialized>
         <run_address>0x20000518</run_address>
         <size>0xc</size>
         <input_file_ref idref="fl-2"/>
      </object_component>
      <object_component id="oc-3ed">
         <name>.bss:_CIOBUF_</name>
         <uninitialized>true</uninitialized>
         <run_address>0x200000e8</run_address>
         <size>0x120</size>
         <input_file_ref idref="fl-108"/>
      </object_component>
      <object_component id="oc-191">
         <name>.common:i</name>
         <uninitialized>true</uninitialized>
         <run_address>0x20000558</run_address>
         <size>0x4</size>
      </object_component>
      <object_component id="oc-18c">
         <name>.common:RecvBuf</name>
         <uninitialized>true</uninitialized>
         <run_address>0x20000448</run_address>
         <size>0x80</size>
      </object_component>
      <object_component id="oc-188">
         <name>.common:fcserr</name>
         <uninitialized>true</uninitialized>
         <run_address>0x20000554</run_address>
         <size>0x4</size>
      </object_component>
      <object_component id="oc-190">
         <name>.common:TimeOutErr</name>
         <uninitialized>true</uninitialized>
         <run_address>0x20000550</run_address>
         <size>0x4</size>
      </object_component>
      <object_component id="oc-18b">
         <name>.common:NoSOFErr</name>
         <uninitialized>true</uninitialized>
         <run_address>0x20000540</run_address>
         <size>0x4</size>
      </object_component>
      <object_component id="oc-1a2">
         <name>.common:CharacteristicList</name>
         <uninitialized>true</uninitialized>
         <run_address>0x20000308</run_address>
         <size>0xa0</size>
      </object_component>
      <object_component id="oc-192">
         <name>.common:NotifyCharacteristicList</name>
         <uninitialized>true</uninitialized>
         <run_address>0x200004c8</run_address>
         <size>0x50</size>
      </object_component>
      <object_component id="oc-c8">
         <name>.common:OS_MsTime</name>
         <uninitialized>true</uninitialized>
         <run_address>0x20000530</run_address>
         <size>0x8</size>
      </object_component>
      <object_component id="oc-213">
         <name>.common:Messageindexb</name>
         <uninitialized>true</uninitialized>
         <run_address>0x2000052c</run_address>
         <size>0x4</size>
      </object_component>
      <object_component id="oc-210">
         <name>.common:Messageb</name>
         <uninitialized>true</uninitialized>
         <run_address>0x20000524</run_address>
         <size>0x8</size>
      </object_component>
      <object_component id="oc-bc">
         <name>.common:RxPutI</name>
         <uninitialized>true</uninitialized>
         <run_address>0x2000054c</run_address>
         <size>0x4</size>
      </object_component>
      <object_component id="oc-bf">
         <name>.common:RxGetI</name>
         <uninitialized>true</uninitialized>
         <run_address>0x20000548</run_address>
         <size>0x4</size>
      </object_component>
      <object_component id="oc-c0">
         <name>.common:RxFifoLost</name>
         <uninitialized>true</uninitialized>
         <run_address>0x20000544</run_address>
         <size>0x4</size>
      </object_component>
      <object_component id="oc-c1">
         <name>.common:RxFIFO</name>
         <uninitialized>true</uninitialized>
         <run_address>0x20000208</run_address>
         <size>0x100</size>
      </object_component>
      <object_component id="oc-372">
         <name>.common:__TI_tmpnams</name>
         <uninitialized>true</uninitialized>
         <run_address>0x200003a8</run_address>
         <size>0xa0</size>
      </object_component>
      <object_component id="oc-3a6">
         <name>.common:parmbuf</name>
         <uninitialized>true</uninitialized>
         <run_address>0x20000538</run_address>
         <size>0x8</size>
      </object_component>
      <object_component id="oc-26">
         <name>.sysmem</name>
         <uninitialized>true</uninitialized>
         <run_address>0x20000560</run_address>
         <size>0x10</size>
         <input_file_ref idref="fl-ed"/>
      </object_component>
      <object_component id="oc-45a">
         <name>.sysmem</name>
         <uninitialized>true</uninitialized>
         <run_address>0x20000560</run_address>
         <size>0x0</size>
      </object_component>
      <object_component id="oc-29">
         <name>.stack</name>
         <uninitialized>true</uninitialized>
         <run_address>0x2000fe00</run_address>
         <size>0x4</size>
         <input_file_ref idref="fl-f0"/>
      </object_component>
      <object_component id="oc-459">
         <name>.stack</name>
         <uninitialized>true</uninitialized>
         <run_address>0x2000fe00</run_address>
         <size>0x0</size>
      </object_component>
      <object_component id="oc-15d">
         <name>.debug_info</name>
         <load_address>0x0</load_address>
         <run_address>0x0</run_address>
         <size>0x8ba</size>
         <input_file_ref idref="fl-2"/>
      </object_component>
      <object_component id="oc-179">
         <name>.debug_info</name>
         <load_address>0x8ba</load_address>
         <run_address>0x8ba</run_address>
         <size>0x182</size>
         <input_file_ref idref="fl-2"/>
      </object_component>
      <object_component id="oc-176">
         <name>.debug_info</name>
         <load_address>0xa3c</load_address>
         <run_address>0xa3c</run_address>
         <size>0x10e</size>
         <input_file_ref idref="fl-2"/>
      </object_component>
      <object_component id="oc-fc">
         <name>.debug_info</name>
         <load_address>0xb4a</load_address>
         <run_address>0xb4a</run_address>
         <size>0x5df</size>
         <input_file_ref idref="fl-2"/>
      </object_component>
      <object_component id="oc-1e9">
         <name>.debug_info</name>
         <load_address>0x1129</load_address>
         <run_address>0x1129</run_address>
         <size>0x9a</size>
         <input_file_ref idref="fl-2"/>
      </object_component>
      <object_component id="oc-14c">
         <name>.debug_info</name>
         <load_address>0x11c3</load_address>
         <run_address>0x11c3</run_address>
         <size>0x37e2</size>
         <input_file_ref idref="fl-2"/>
      </object_component>
      <object_component id="oc-ce">
         <name>.debug_info</name>
         <load_address>0x49a5</load_address>
         <run_address>0x49a5</run_address>
         <size>0x26b</size>
         <input_file_ref idref="fl-2"/>
      </object_component>
      <object_component id="oc-151">
         <name>.debug_info</name>
         <load_address>0x4c10</load_address>
         <run_address>0x4c10</run_address>
         <size>0x1055</size>
         <input_file_ref idref="fl-2"/>
      </object_component>
      <object_component id="oc-32">
         <name>.debug_info</name>
         <load_address>0x5c65</load_address>
         <run_address>0x5c65</run_address>
         <size>0x84</size>
         <input_file_ref idref="fl-2"/>
      </object_component>
      <object_component id="oc-156">
         <name>.debug_info</name>
         <load_address>0x5ce9</load_address>
         <run_address>0x5ce9</run_address>
         <size>0x297</size>
         <input_file_ref idref="fl-2"/>
      </object_component>
      <object_component id="oc-1ee">
         <name>.debug_info</name>
         <load_address>0x5f80</load_address>
         <run_address>0x5f80</run_address>
         <size>0xef</size>
         <input_file_ref idref="fl-2"/>
      </object_component>
      <object_component id="oc-c3">
         <name>.debug_info</name>
         <load_address>0x606f</load_address>
         <run_address>0x606f</run_address>
         <size>0xbb</size>
         <input_file_ref idref="fl-2"/>
      </object_component>
      <object_component id="oc-e6">
         <name>.debug_info</name>
         <load_address>0x612a</load_address>
         <run_address>0x612a</run_address>
         <size>0x2c</size>
         <input_file_ref idref="fl-2"/>
      </object_component>
      <object_component id="oc-f7">
         <name>.debug_info</name>
         <load_address>0x6156</load_address>
         <run_address>0x6156</run_address>
         <size>0x1cd</size>
         <input_file_ref idref="fl-4"/>
      </object_component>
      <object_component id="oc-a4">
         <name>.debug_info</name>
         <load_address>0x6323</load_address>
         <run_address>0x6323</run_address>
         <size>0x43c</size>
         <input_file_ref idref="fl-5"/>
      </object_component>
      <object_component id="oc-7b">
         <name>.debug_info</name>
         <load_address>0x675f</load_address>
         <run_address>0x675f</run_address>
         <size>0x304</size>
         <input_file_ref idref="fl-6"/>
      </object_component>
      <object_component id="oc-24">
         <name>.debug_info</name>
         <load_address>0x6a63</load_address>
         <run_address>0x6a63</run_address>
         <size>0x130</size>
         <input_file_ref idref="fl-6"/>
      </object_component>
      <object_component id="oc-6a">
         <name>.debug_info</name>
         <load_address>0x6b93</load_address>
         <run_address>0x6b93</run_address>
         <size>0x1f7</size>
         <input_file_ref idref="fl-6"/>
      </object_component>
      <object_component id="oc-147">
         <name>.debug_info</name>
         <load_address>0x6d8a</load_address>
         <run_address>0x6d8a</run_address>
         <size>0x129</size>
         <input_file_ref idref="fl-7"/>
      </object_component>
      <object_component id="oc-b6">
         <name>.debug_info</name>
         <load_address>0x6eb3</load_address>
         <run_address>0x6eb3</run_address>
         <size>0x29b</size>
         <input_file_ref idref="fl-7"/>
      </object_component>
      <object_component id="oc-189">
         <name>.debug_info</name>
         <load_address>0x714e</load_address>
         <run_address>0x714e</run_address>
         <size>0x9a7</size>
         <input_file_ref idref="fl-8"/>
      </object_component>
      <object_component id="oc-18e">
         <name>.debug_info</name>
         <load_address>0x7af5</load_address>
         <run_address>0x7af5</run_address>
         <size>0x12f</size>
         <input_file_ref idref="fl-8"/>
      </object_component>
      <object_component id="oc-1b6">
         <name>.debug_info</name>
         <load_address>0x7c24</load_address>
         <run_address>0x7c24</run_address>
         <size>0x11d</size>
         <input_file_ref idref="fl-8"/>
      </object_component>
      <object_component id="oc-1b9">
         <name>.debug_info</name>
         <load_address>0x7d41</load_address>
         <run_address>0x7d41</run_address>
         <size>0x11f</size>
         <input_file_ref idref="fl-8"/>
      </object_component>
      <object_component id="oc-194">
         <name>.debug_info</name>
         <load_address>0x7e60</load_address>
         <run_address>0x7e60</run_address>
         <size>0x11f</size>
         <input_file_ref idref="fl-8"/>
      </object_component>
      <object_component id="oc-197">
         <name>.debug_info</name>
         <load_address>0x7f7f</load_address>
         <run_address>0x7f7f</run_address>
         <size>0x11b</size>
         <input_file_ref idref="fl-8"/>
      </object_component>
      <object_component id="oc-1aa">
         <name>.debug_info</name>
         <load_address>0x809a</load_address>
         <run_address>0x809a</run_address>
         <size>0x12d</size>
         <input_file_ref idref="fl-8"/>
      </object_component>
      <object_component id="oc-1ad">
         <name>.debug_info</name>
         <load_address>0x81c7</load_address>
         <run_address>0x81c7</run_address>
         <size>0x131</size>
         <input_file_ref idref="fl-8"/>
      </object_component>
      <object_component id="oc-1a7">
         <name>.debug_info</name>
         <load_address>0x82f8</load_address>
         <run_address>0x82f8</run_address>
         <size>0x12d</size>
         <input_file_ref idref="fl-8"/>
      </object_component>
      <object_component id="oc-1b0">
         <name>.debug_info</name>
         <load_address>0x8425</load_address>
         <run_address>0x8425</run_address>
         <size>0x133</size>
         <input_file_ref idref="fl-8"/>
      </object_component>
      <object_component id="oc-1b3">
         <name>.debug_info</name>
         <load_address>0x8558</load_address>
         <run_address>0x8558</run_address>
         <size>0x12f</size>
         <input_file_ref idref="fl-8"/>
      </object_component>
      <object_component id="oc-1bf">
         <name>.debug_info</name>
         <load_address>0x8687</load_address>
         <run_address>0x8687</run_address>
         <size>0x12b</size>
         <input_file_ref idref="fl-8"/>
      </object_component>
      <object_component id="oc-1bc">
         <name>.debug_info</name>
         <load_address>0x87b2</load_address>
         <run_address>0x87b2</run_address>
         <size>0x12d</size>
         <input_file_ref idref="fl-8"/>
      </object_component>
      <object_component id="oc-1c2">
         <name>.debug_info</name>
         <load_address>0x88df</load_address>
         <run_address>0x88df</run_address>
         <size>0x139</size>
         <input_file_ref idref="fl-8"/>
      </object_component>
      <object_component id="oc-1a4">
         <name>.debug_info</name>
         <load_address>0x8a18</load_address>
         <run_address>0x8a18</run_address>
         <size>0x13f</size>
         <input_file_ref idref="fl-8"/>
      </object_component>
      <object_component id="oc-19d">
         <name>.debug_info</name>
         <load_address>0x8b57</load_address>
         <run_address>0x8b57</run_address>
         <size>0x123</size>
         <input_file_ref idref="fl-8"/>
      </object_component>
      <object_component id="oc-1a0">
         <name>.debug_info</name>
         <load_address>0x8c7a</load_address>
         <run_address>0x8c7a</run_address>
         <size>0x12d</size>
         <input_file_ref idref="fl-8"/>
      </object_component>
      <object_component id="oc-19a">
         <name>.debug_info</name>
         <load_address>0x8da7</load_address>
         <run_address>0x8da7</run_address>
         <size>0x16e</size>
         <input_file_ref idref="fl-8"/>
      </object_component>
      <object_component id="oc-104">
         <name>.debug_info</name>
         <load_address>0x8f15</load_address>
         <run_address>0x8f15</run_address>
         <size>0x16be</size>
         <input_file_ref idref="fl-8"/>
      </object_component>
      <object_component id="oc-237">
         <name>.debug_info</name>
         <load_address>0xa5d3</load_address>
         <run_address>0xa5d3</run_address>
         <size>0x155</size>
         <input_file_ref idref="fl-8"/>
      </object_component>
      <object_component id="oc-15f">
         <name>.debug_info</name>
         <load_address>0xa728</load_address>
         <run_address>0xa728</run_address>
         <size>0x1c9</size>
         <input_file_ref idref="fl-9"/>
      </object_component>
      <object_component id="oc-f0">
         <name>.debug_info</name>
         <load_address>0xa8f1</load_address>
         <run_address>0xa8f1</run_address>
         <size>0x33d</size>
         <input_file_ref idref="fl-9"/>
      </object_component>
      <object_component id="oc-17e">
         <name>.debug_info</name>
         <load_address>0xac2e</load_address>
         <run_address>0xac2e</run_address>
         <size>0x151</size>
         <input_file_ref idref="fl-b"/>
      </object_component>
      <object_component id="oc-c9">
         <name>.debug_info</name>
         <load_address>0xad7f</load_address>
         <run_address>0xad7f</run_address>
         <size>0x592</size>
         <input_file_ref idref="fl-d"/>
      </object_component>
      <object_component id="oc-74">
         <name>.debug_info</name>
         <load_address>0xb311</load_address>
         <run_address>0xb311</run_address>
         <size>0x2bc</size>
         <input_file_ref idref="fl-d"/>
      </object_component>
      <object_component id="oc-211">
         <name>.debug_info</name>
         <load_address>0xb5cd</load_address>
         <run_address>0xb5cd</run_address>
         <size>0x7ba</size>
         <input_file_ref idref="fl-e"/>
      </object_component>
      <object_component id="oc-185">
         <name>.debug_info</name>
         <load_address>0xbd87</load_address>
         <run_address>0xbd87</run_address>
         <size>0x14e5</size>
         <input_file_ref idref="fl-e"/>
      </object_component>
      <object_component id="oc-2a6">
         <name>.debug_info</name>
         <load_address>0xd26c</load_address>
         <run_address>0xd26c</run_address>
         <size>0xcc</size>
         <input_file_ref idref="fl-e"/>
      </object_component>
      <object_component id="oc-230">
         <name>.debug_info</name>
         <load_address>0xd338</load_address>
         <run_address>0xd338</run_address>
         <size>0x2c</size>
         <input_file_ref idref="fl-e"/>
      </object_component>
      <object_component id="oc-bd">
         <name>.debug_info</name>
         <load_address>0xd364</load_address>
         <run_address>0xd364</run_address>
         <size>0x5fe</size>
         <input_file_ref idref="fl-f"/>
      </object_component>
      <object_component id="oc-6f">
         <name>.debug_info</name>
         <load_address>0xd962</load_address>
         <run_address>0xd962</run_address>
         <size>0x5af</size>
         <input_file_ref idref="fl-f"/>
      </object_component>
      <object_component id="oc-164">
         <name>.debug_info</name>
         <load_address>0xdf11</load_address>
         <run_address>0xdf11</run_address>
         <size>0x282</size>
         <input_file_ref idref="fl-10"/>
      </object_component>
      <object_component id="oc-205">
         <name>.debug_info</name>
         <load_address>0xe193</load_address>
         <run_address>0xe193</run_address>
         <size>0x8b</size>
         <input_file_ref idref="fl-11"/>
      </object_component>
      <object_component id="oc-282">
         <name>.debug_info</name>
         <load_address>0xe21e</load_address>
         <run_address>0xe21e</run_address>
         <size>0x3ff</size>
         <input_file_ref idref="fl-14"/>
      </object_component>
      <object_component id="oc-203">
         <name>.debug_info</name>
         <load_address>0xe61d</load_address>
         <run_address>0xe61d</run_address>
         <size>0x6c7</size>
         <input_file_ref idref="fl-1a"/>
      </object_component>
      <object_component id="oc-200">
         <name>.debug_info</name>
         <load_address>0xece4</load_address>
         <run_address>0xece4</run_address>
         <size>0x131</size>
         <input_file_ref idref="fl-1a"/>
      </object_component>
      <object_component id="oc-1f7">
         <name>.debug_info</name>
         <load_address>0xee15</load_address>
         <run_address>0xee15</run_address>
         <size>0x133</size>
         <input_file_ref idref="fl-1a"/>
      </object_component>
      <object_component id="oc-16a">
         <name>.debug_info</name>
         <load_address>0xef48</load_address>
         <run_address>0xef48</run_address>
         <size>0x1a34</size>
         <input_file_ref idref="fl-1a"/>
      </object_component>
      <object_component id="oc-20a">
         <name>.debug_info</name>
         <load_address>0x1097c</load_address>
         <run_address>0x1097c</run_address>
         <size>0x6b6</size>
         <input_file_ref idref="fl-1b"/>
      </object_component>
      <object_component id="oc-170">
         <name>.debug_info</name>
         <load_address>0x11032</load_address>
         <run_address>0x11032</run_address>
         <size>0x34b1</size>
         <input_file_ref idref="fl-1b"/>
      </object_component>
      <object_component id="oc-29d">
         <name>.debug_info</name>
         <load_address>0x144e3</load_address>
         <run_address>0x144e3</run_address>
         <size>0x655</size>
         <input_file_ref idref="fl-1c"/>
      </object_component>
      <object_component id="oc-28b">
         <name>.debug_info</name>
         <load_address>0x14b38</load_address>
         <run_address>0x14b38</run_address>
         <size>0x130</size>
         <input_file_ref idref="fl-1c"/>
      </object_component>
      <object_component id="oc-28e">
         <name>.debug_info</name>
         <load_address>0x14c68</load_address>
         <run_address>0x14c68</run_address>
         <size>0x128</size>
         <input_file_ref idref="fl-1c"/>
      </object_component>
      <object_component id="oc-291">
         <name>.debug_info</name>
         <load_address>0x14d90</load_address>
         <run_address>0x14d90</run_address>
         <size>0x12c</size>
         <input_file_ref idref="fl-1c"/>
      </object_component>
      <object_component id="oc-294">
         <name>.debug_info</name>
         <load_address>0x14ebc</load_address>
         <run_address>0x14ebc</run_address>
         <size>0x12e</size>
         <input_file_ref idref="fl-1c"/>
      </object_component>
      <object_component id="oc-297">
         <name>.debug_info</name>
         <load_address>0x14fea</load_address>
         <run_address>0x14fea</run_address>
         <size>0x130</size>
         <input_file_ref idref="fl-1c"/>
      </object_component>
      <object_component id="oc-29a">
         <name>.debug_info</name>
         <load_address>0x1511a</load_address>
         <run_address>0x1511a</run_address>
         <size>0x134</size>
         <input_file_ref idref="fl-1c"/>
      </object_component>
      <object_component id="oc-288">
         <name>.debug_info</name>
         <load_address>0x1524e</load_address>
         <run_address>0x1524e</run_address>
         <size>0x135</size>
         <input_file_ref idref="fl-1c"/>
      </object_component>
      <object_component id="oc-1fa">
         <name>.debug_info</name>
         <load_address>0x15383</load_address>
         <run_address>0x15383</run_address>
         <size>0x11d8</size>
         <input_file_ref idref="fl-1c"/>
      </object_component>
      <object_component id="oc-2c8">
         <name>.debug_info</name>
         <load_address>0x1655b</load_address>
         <run_address>0x1655b</run_address>
         <size>0x3f4</size>
         <input_file_ref idref="fl-e4"/>
      </object_component>
      <object_component id="oc-2c0">
         <name>.debug_info</name>
         <load_address>0x1694f</load_address>
         <run_address>0x1694f</run_address>
         <size>0x20d</size>
         <input_file_ref idref="fl-e4"/>
      </object_component>
      <object_component id="oc-2dd">
         <name>.debug_info</name>
         <load_address>0x16b5c</load_address>
         <run_address>0x16b5c</run_address>
         <size>0x175</size>
         <input_file_ref idref="fl-e4"/>
      </object_component>
      <object_component id="oc-223">
         <name>.debug_info</name>
         <load_address>0x16cd1</load_address>
         <run_address>0x16cd1</run_address>
         <size>0x1e3</size>
         <input_file_ref idref="fl-e4"/>
      </object_component>
      <object_component id="oc-21e">
         <name>.debug_info</name>
         <load_address>0x16eb4</load_address>
         <run_address>0x16eb4</run_address>
         <size>0x1cc</size>
         <input_file_ref idref="fl-e4"/>
      </object_component>
      <object_component id="oc-d5">
         <name>.debug_info</name>
         <load_address>0x17080</load_address>
         <run_address>0x17080</run_address>
         <size>0x2c</size>
         <input_file_ref idref="fl-e4"/>
      </object_component>
      <object_component id="oc-35b">
         <name>.debug_info</name>
         <load_address>0x170ac</load_address>
         <run_address>0x170ac</run_address>
         <size>0xb2</size>
         <input_file_ref idref="fl-e4"/>
      </object_component>
      <object_component id="oc-2e3">
         <name>.debug_info</name>
         <load_address>0x1715e</load_address>
         <run_address>0x1715e</run_address>
         <size>0x373</size>
         <input_file_ref idref="fl-e5"/>
      </object_component>
      <object_component id="oc-22a">
         <name>.debug_info</name>
         <load_address>0x174d1</load_address>
         <run_address>0x174d1</run_address>
         <size>0x20a</size>
         <input_file_ref idref="fl-e5"/>
      </object_component>
      <object_component id="oc-2e4">
         <name>.debug_info</name>
         <load_address>0x176db</load_address>
         <run_address>0x176db</run_address>
         <size>0xbf</size>
         <input_file_ref idref="fl-e5"/>
      </object_component>
      <object_component id="oc-98">
         <name>.debug_info</name>
         <load_address>0x1779a</load_address>
         <run_address>0x1779a</run_address>
         <size>0x146</size>
         <input_file_ref idref="fl-e6"/>
      </object_component>
      <object_component id="oc-96">
         <name>.debug_info</name>
         <load_address>0x178e0</load_address>
         <run_address>0x178e0</run_address>
         <size>0x2d3</size>
         <input_file_ref idref="fl-e7"/>
      </object_component>
      <object_component id="oc-4a">
         <name>.debug_info</name>
         <load_address>0x17bb3</load_address>
         <run_address>0x17bb3</run_address>
         <size>0x1b4</size>
         <input_file_ref idref="fl-e7"/>
      </object_component>
      <object_component id="oc-91">
         <name>.debug_info</name>
         <load_address>0x17d67</load_address>
         <run_address>0x17d67</run_address>
         <size>0x46</size>
         <input_file_ref idref="fl-e7"/>
      </object_component>
      <object_component id="oc-42">
         <name>.debug_info</name>
         <load_address>0x17dad</load_address>
         <run_address>0x17dad</run_address>
         <size>0x2a7</size>
         <input_file_ref idref="fl-e8"/>
      </object_component>
      <object_component id="oc-1b">
         <name>.debug_info</name>
         <load_address>0x18054</load_address>
         <run_address>0x18054</run_address>
         <size>0x1e9</size>
         <input_file_ref idref="fl-e8"/>
      </object_component>
      <object_component id="oc-3d">
         <name>.debug_info</name>
         <load_address>0x1823d</load_address>
         <run_address>0x1823d</run_address>
         <size>0x46</size>
         <input_file_ref idref="fl-e8"/>
      </object_component>
      <object_component id="oc-89">
         <name>.debug_info</name>
         <load_address>0x18283</load_address>
         <run_address>0x18283</run_address>
         <size>0x2c</size>
         <input_file_ref idref="fl-e8"/>
      </object_component>
      <object_component id="oc-87">
         <name>.debug_info</name>
         <load_address>0x182af</load_address>
         <run_address>0x182af</run_address>
         <size>0x29d</size>
         <input_file_ref idref="fl-e9"/>
      </object_component>
      <object_component id="oc-15">
         <name>.debug_info</name>
         <load_address>0x1854c</load_address>
         <run_address>0x1854c</run_address>
         <size>0x24f</size>
         <input_file_ref idref="fl-e9"/>
      </object_component>
      <object_component id="oc-2d">
         <name>.debug_info</name>
         <load_address>0x1879b</load_address>
         <run_address>0x1879b</run_address>
         <size>0x60</size>
         <input_file_ref idref="fl-e9"/>
      </object_component>
      <object_component id="oc-df">
         <name>.debug_info</name>
         <load_address>0x187fb</load_address>
         <run_address>0x187fb</run_address>
         <size>0x46</size>
         <input_file_ref idref="fl-e9"/>
      </object_component>
      <object_component id="oc-82">
         <name>.debug_info</name>
         <load_address>0x18841</load_address>
         <run_address>0x18841</run_address>
         <size>0x39</size>
         <input_file_ref idref="fl-e9"/>
      </object_component>
      <object_component id="oc-1cd">
         <name>.debug_info</name>
         <load_address>0x1887a</load_address>
         <run_address>0x1887a</run_address>
         <size>0x3ac</size>
         <input_file_ref idref="fl-ea"/>
      </object_component>
      <object_component id="oc-1c7">
         <name>.debug_info</name>
         <load_address>0x18c26</load_address>
         <run_address>0x18c26</run_address>
         <size>0x18f</size>
         <input_file_ref idref="fl-ea"/>
      </object_component>
      <object_component id="oc-109">
         <name>.debug_info</name>
         <load_address>0x18db5</load_address>
         <run_address>0x18db5</run_address>
         <size>0x121</size>
         <input_file_ref idref="fl-ea"/>
      </object_component>
      <object_component id="oc-10f">
         <name>.debug_info</name>
         <load_address>0x18ed6</load_address>
         <run_address>0x18ed6</run_address>
         <size>0x183</size>
         <input_file_ref idref="fl-ea"/>
      </object_component>
      <object_component id="oc-268">
         <name>.debug_info</name>
         <load_address>0x19059</load_address>
         <run_address>0x19059</run_address>
         <size>0x2c8</size>
         <input_file_ref idref="fl-eb"/>
      </object_component>
      <object_component id="oc-1ca">
         <name>.debug_info</name>
         <load_address>0x19321</load_address>
         <run_address>0x19321</run_address>
         <size>0x11d</size>
         <input_file_ref idref="fl-eb"/>
      </object_component>
      <object_component id="oc-261">
         <name>.debug_info</name>
         <load_address>0x1943e</load_address>
         <run_address>0x1943e</run_address>
         <size>0x12d</size>
         <input_file_ref idref="fl-eb"/>
      </object_component>
      <object_component id="oc-2eb">
         <name>.debug_info</name>
         <load_address>0x1956b</load_address>
         <run_address>0x1956b</run_address>
         <size>0x143</size>
         <input_file_ref idref="fl-ec"/>
      </object_component>
      <object_component id="oc-22d">
         <name>.debug_info</name>
         <load_address>0x196ae</load_address>
         <run_address>0x196ae</run_address>
         <size>0x101</size>
         <input_file_ref idref="fl-ec"/>
      </object_component>
      <object_component id="oc-2c5">
         <name>.debug_info</name>
         <load_address>0x197af</load_address>
         <run_address>0x197af</run_address>
         <size>0x18e</size>
         <input_file_ref idref="fl-ec"/>
      </object_component>
      <object_component id="oc-7e">
         <name>.debug_info</name>
         <load_address>0x1993d</load_address>
         <run_address>0x1993d</run_address>
         <size>0x3b1</size>
         <input_file_ref idref="fl-ed"/>
      </object_component>
      <object_component id="oc-27">
         <name>.debug_info</name>
         <load_address>0x19cee</load_address>
         <run_address>0x19cee</run_address>
         <size>0x10b</size>
         <input_file_ref idref="fl-ed"/>
      </object_component>
      <object_component id="oc-3de">
         <name>.debug_info</name>
         <load_address>0x19df9</load_address>
         <run_address>0x19df9</run_address>
         <size>0x13e</size>
         <input_file_ref idref="fl-ed"/>
      </object_component>
      <object_component id="oc-2d7">
         <name>.debug_info</name>
         <load_address>0x19f37</load_address>
         <run_address>0x19f37</run_address>
         <size>0x167</size>
         <input_file_ref idref="fl-ed"/>
      </object_component>
      <object_component id="oc-376">
         <name>.debug_info</name>
         <load_address>0x1a09e</load_address>
         <run_address>0x1a09e</run_address>
         <size>0x18d</size>
         <input_file_ref idref="fl-ed"/>
      </object_component>
      <object_component id="oc-37c">
         <name>.debug_info</name>
         <load_address>0x1a22b</load_address>
         <run_address>0x1a22b</run_address>
         <size>0x19e</size>
         <input_file_ref idref="fl-ed"/>
      </object_component>
      <object_component id="oc-2d2">
         <name>.debug_info</name>
         <load_address>0x1a3c9</load_address>
         <run_address>0x1a3c9</run_address>
         <size>0x202</size>
         <input_file_ref idref="fl-ed"/>
      </object_component>
      <object_component id="oc-3e4">
         <name>.debug_info</name>
         <load_address>0x1a5cb</load_address>
         <run_address>0x1a5cb</run_address>
         <size>0x1da</size>
         <input_file_ref idref="fl-ed"/>
      </object_component>
      <object_component id="oc-385">
         <name>.debug_info</name>
         <load_address>0x1a7a5</load_address>
         <run_address>0x1a7a5</run_address>
         <size>0x298</size>
         <input_file_ref idref="fl-ed"/>
      </object_component>
      <object_component id="oc-da">
         <name>.debug_info</name>
         <load_address>0x1aa3d</load_address>
         <run_address>0x1aa3d</run_address>
         <size>0xb2</size>
         <input_file_ref idref="fl-ed"/>
      </object_component>
      <object_component id="oc-3ce">
         <name>.debug_info</name>
         <load_address>0x1aaef</load_address>
         <run_address>0x1aaef</run_address>
         <size>0x401</size>
         <input_file_ref idref="fl-ee"/>
      </object_component>
      <object_component id="oc-351">
         <name>.debug_info</name>
         <load_address>0x1aef0</load_address>
         <run_address>0x1aef0</run_address>
         <size>0x244</size>
         <input_file_ref idref="fl-ee"/>
      </object_component>
      <object_component id="oc-3be">
         <name>.debug_info</name>
         <load_address>0x1b134</load_address>
         <run_address>0x1b134</run_address>
         <size>0x120</size>
         <input_file_ref idref="fl-ee"/>
      </object_component>
      <object_component id="oc-2bc">
         <name>.debug_info</name>
         <load_address>0x1b254</load_address>
         <run_address>0x1b254</run_address>
         <size>0x444</size>
         <input_file_ref idref="fl-ef"/>
      </object_component>
      <object_component id="oc-216">
[...]
         <object_component_ref idref="oc-1f9"/>
      </symbol>
      <symbol id="sm-615">
         <name>Interrupt_unpendInterrupt</name>
         <value>0x289d</value>
         <object_component_ref idref="oc-1f9"/>
      </symbol>
      <symbol id="sm-616">
         <name>Interrupt_setPriorityMask</name>
         <value>0x28eb</value>
         <object_component_ref idref="oc-1f9"/>
      </symbol>
      <symbol id="sm-617">
         <name>Interrupt_unregisterInterrupt</name>
         <value>0x25e1</value>
         <object_component_ref idref="oc-1f9"/>
      </symbol>
      <symbol id="sm-618">
         <name>Interrupt_setVectorTableAddress</name>
         <value>0x2905</value>
         <object_component_ref idref="oc-1f9"/>
      </symbol>
      <symbol id="sm-619">
         <name>Interrupt_setPriority</name>
         <value>0x2647</value>
         <object_component_ref idref="oc-1f9"/>
      </symbol>
      <symbol id="sm-61a">
         <name>Interrupt_enableSleepOnIsrExit</name>
         <value>0x291b</value>
         <object_component_ref idref="oc-1f9"/>
      </symbol>
      <symbol id="sm-61b">
         <name>Interrupt_enableMaster</name>
         <value>0x256f</value>
         <object_component_ref idref="oc-1f9"/>
      </symbol>
      <symbol id="sm-61c">
         <name>Interrupt_enableInterrupt</name>
         <value>0x26bd</value>
         <object_component_ref idref="oc-1f9"/>
      </symbol>
      <symbol id="sm-61d">
         <name>Interrupt_getPriority</name>
         <value>0x2697</value>
         <object_component_ref idref="oc-1f9"/>
      </symbol>
      <symbol id="sm-61e">
         <name>Interrupt_registerInterrupt</name>
         <value>0x258f</value>
         <object_component_ref idref="oc-1f9"/>
      </symbol>
      <symbol id="sm-61f">
         <name>g_pfnRAMVectors</name>
         <value>0x20000000</value>
         <object_component_ref idref="oc-287"/>
      </symbol>
      <symbol id="sm-620">
         <name>Interrupt_disableSleepOnIsrExit</name>
         <value>0x292d</value>
         <object_component_ref idref="oc-1f9"/>
      </symbol>
      <symbol id="sm-621">
         <name>Interrupt_setPriorityGrouping</name>
         <value>0x25f5</value>
         <object_component_ref idref="oc-1f9"/>
      </symbol>
      <symbol id="sm-622">
         <name>Interrupt_getPriorityGrouping</name>
         <value>0x260f</value>
         <object_component_ref idref="oc-1f9"/>
      </symbol>
      <symbol id="sm-623">
         <name>Interrupt_getVectorTableAddress</name>
         <value>0x2915</value>
         <object_component_ref idref="oc-1f9"/>
      </symbol>
      <symbol id="sm-624">
         <name>Interrupt_isEnabled</name>
         <value>0x27a1</value>
         <object_component_ref idref="oc-1f9"/>
      </symbol>
      <symbol id="sm-625">
         <name>Interrupt_pendInterrupt</name>
         <value>0x282d</value>
         <object_component_ref idref="oc-1f9"/>
      </symbol>
      <symbol id="sm-690">
         <name>__TI_cleanup</name>
         <value>0x428d</value>
         <object_component_ref idref="oc-2dc"/>
      </symbol>
      <symbol id="sm-691">
         <name>freopen</name>
         <value>0x4329</value>
         <object_component_ref idref="oc-220"/>
      </symbol>
      <symbol id="sm-692">
         <name>fopen</name>
         <value>0x3a7d</value>
         <object_component_ref idref="oc-21a"/>
      </symbol>
      <symbol id="sm-6b3">
         <name>setvbuf</name>
         <value>0x36a1</value>
         <object_component_ref idref="oc-226"/>
      </symbol>
      <symbol id="sm-6c2">
         <name>__aeabi_memset</name>
         <value>0x3c33</value>
         <object_component_ref idref="oc-97"/>
      </symbol>
      <symbol id="sm-6c3">
         <name>memset</name>
         <value>0x3c39</value>
         <object_component_ref idref="oc-97"/>
      </symbol>
      <symbol id="sm-6c4">
         <name>__aeabi_memset8</name>
         <value>0x3c33</value>
         <object_component_ref idref="oc-97"/>
      </symbol>
      <symbol id="sm-6c5">
         <name>__aeabi_memset4</name>
         <value>0x3c33</value>
         <object_component_ref idref="oc-97"/>
      </symbol>
      <symbol id="sm-6c6">
         <name>__aeabi_memclr8</name>
         <value>0x3c31</value>
         <object_component_ref idref="oc-97"/>
      </symbol>
      <symbol id="sm-6c7">
         <name>__aeabi_memclr4</name>
         <value>0x3c31</value>
         <object_component_ref idref="oc-97"/>
      </symbol>
      <symbol id="sm-6c8">
         <name>__aeabi_memclr</name>
         <value>0x3c31</value>
         <object_component_ref idref="oc-97"/>
      </symbol>
      <symbol id="sm-6da">
         <name>__TI_zero_init</name>
         <value>0x44b1</value>
         <object_component_ref idref="oc-49"/>
      </symbol>
      <symbol id="sm-6f1">
         <name>__TI_decompress_none</name>
         <value>0x4495</value>
         <object_component_ref idref="oc-1a"/>
      </symbol>
      <symbol id="sm-714">
         <name>__TI_decompress_lzss</name>
         <value>0x3e65</value>
         <object_component_ref idref="oc-14"/>
      </symbol>
      <symbol id="sm-73a">
         <name>C$$EXIT</name>
         <value>0x44c9</value>
         <object_component_ref idref="oc-108"/>
      </symbol>
      <symbol id="sm-73b">
         <name>abort</name>
         <value>0x44c9</value>
         <object_component_ref idref="oc-108"/>
      </symbol>
      <symbol id="sm-73c">
         <name>__TI_dtors_ptr</name>
         <value>0x20000c14</value>
         <object_component_ref idref="oc-1c6"/>
      </symbol>
      <symbol id="sm-73d">
         <name>__TI_cleanup_ptr</name>
         <value>0x20000c10</value>
         <object_component_ref idref="oc-1c6"/>
      </symbol>
      <symbol id="sm-73e">
         <name>__TI_enable_exit_profile_output</name>
         <value>0x20000c18</value>
         <object_component_ref idref="oc-1c6"/>
      </symbol>
      <symbol id="sm-73f">
         <name>exit</name>
         <value>0x4085</value>
         <object_component_ref idref="oc-10e"/>
      </symbol>
      <symbol id="sm-754">
         <name>_nop</name>
         <value>0x3cab</value>
         <object_component_ref idref="oc-260"/>
      </symbol>
      <symbol id="sm-755">
         <name>_lock</name>
         <value>0x20000c38</value>
         <object_component_ref idref="oc-1c9"/>
      </symbol>
      <symbol id="sm-756">
         <name>_unlock</name>
         <value>0x20000c3c</value>
         <object_component_ref idref="oc-1c9"/>
      </symbol>
      <symbol id="sm-76b">
         <name>__TI_tmpnams</name>
         <value>0x200003a8</value>
      </symbol>
      <symbol id="sm-76c">
         <name>__aeabi_stdout</name>
         <value>0x20000bf8</value>
         <object_component_ref idref="oc-2c4"/>
      </symbol>
      <symbol id="sm-76d">
         <name>__aeabi_stderr</name>
         <value>0x20000bfc</value>
         <object_component_ref idref="oc-2c4"/>
      </symbol>
      <symbol id="sm-76e">
         <name>__aeabi_stdin</name>
         <value>0x20000bf4</value>
         <object_component_ref idref="oc-2c4"/>
      </symbol>
      <symbol id="sm-76f">
         <name>_ftable</name>
         <value>0x20000960</value>
         <object_component_ref idref="oc-22c"/>
      </symbol>
      <symbol id="sm-770">
         <name>__TI_ft_end</name>
         <value>0x20000bf0</value>
         <object_component_ref idref="oc-2c4"/>
      </symbol>
      <symbol id="sm-7f4">
         <name>_sys_memory</name>
         <value>0x20000560</value>
         <object_component_ref idref="oc-26"/>
      </symbol>
      <symbol id="sm-7f5">
         <name>free</name>
         <value>0x35bd</value>
         <object_component_ref idref="oc-2d0"/>
      </symbol>
      <symbol id="sm-7f6">
         <name>memalign</name>
         <value>0x3399</value>
         <object_component_ref idref="oc-382"/>
      </symbol>
      <symbol id="sm-7f7">
         <name>malloc</name>
         <value>0x44bd</value>
         <object_component_ref idref="oc-2d6"/>
      </symbol>
      <symbol id="sm-7f8">
         <name>aligned_alloc</name>
         <value>0x3399</value>
         <object_component_ref idref="oc-382"/>
      </symbol>
      <symbol id="sm-81a">
         <name>open</name>
         <value>0x3909</value>
         <object_component_ref idref="oc-350"/>
      </symbol>
      <symbol id="sm-83f">
         <name>add_device</name>
         <value>0x39c5</value>
         <object_component_ref idref="oc-214"/>
      </symbol>
      <symbol id="sm-852">
         <name>__stack</name>
         <value>0x2000fe00</value>
         <object_component_ref idref="oc-29"/>
      </symbol>
      <symbol id="sm-853">
         <name>_c_int00_noargs</name>
         <value>0x42f5</value>
         <object_component_ref idref="oc-55"/>
      </symbol>
      <symbol id="sm-868">
         <name>__TI_closefile</name>
         <value>0x3cad</value>
         <object_component_ref idref="oc-2c9"/>
      </symbol>
      <symbol id="sm-878">
         <name>__TI_doflush</name>
         <value>0x4039</value>
         <object_component_ref idref="oc-360"/>
      </symbol>
      <symbol id="sm-896">
         <name>finddevice</name>
         <value>0x435d</value>
         <object_component_ref idref="oc-2ab"/>
      </symbol>
      <symbol id="sm-897">
         <name>getdevice</name>
         <value>0x4199</value>
         <object_component_ref idref="oc-3c3"/>
      </symbol>
      <symbol id="sm-8b2">
         <name>memcpy</name>
         <value>0x3b19</value>
         <object_component_ref idref="oc-37"/>
      </symbol>
      <symbol id="sm-8b3">
         <name>__aeabi_memcpy</name>
         <value>0x3b19</value>
         <object_component_ref idref="oc-37"/>
      </symbol>
      <symbol id="sm-8b4">
         <name>__aeabi_memcpy8</name>
         <value>0x3b19</value>
         <object_component_ref idref="oc-37"/>
      </symbol>
      <symbol id="sm-8b5">
         <name>__aeabi_memcpy4</name>
         <value>0x3b19</value>
         <object_component_ref idref="oc-37"/>
      </symbol>
      <symbol id="sm-8dd">
         <name>__TI_auto_init_nobinit_nopinit</name>
         <value>0x4155</value>
         <object_component_ref idref="oc-114"/>
      </symbol>
      <symbol id="sm-8e7">
         <name>_system_pre_init</name>
         <value>0x44c5</value>
         <object_component_ref idref="oc-9d"/>
      </symbol>
      <symbol id="sm-8f9">
         <name>strchr</name>
         <value>0x4457</value>
         <object_component_ref idref="oc-403"/>
      </symbol>
      <symbol id="sm-908">
         <name>strcmp</name>
         <value>0x443f</value>
         <object_component_ref idref="oc-30d"/>
      </symbol>
      <symbol id="sm-918">
         <name>strncpy</name>
         <value>0x4255</value>
         <object_component_ref idref="oc-2b1"/>
      </symbol>
      <symbol id="sm-928">
         <name>write</name>
         <value>0x43e1</value>
         <object_component_ref idref="oc-3cf"/>
      </symbol>
      <symbol id="sm-939">
         <name>_stream</name>
         <value>0x20000ac8</value>
         <object_component_ref idref="oc-3ca"/>
      </symbol>
      <symbol id="sm-93a">
         <name>_device</name>
         <value>0x20000a50</value>
         <object_component_ref idref="oc-2b8"/>
      </symbol>
      <symbol id="sm-94f">
         <name>close</name>
         <value>0x3f2d</value>
         <object_component_ref idref="oc-366"/>
      </symbol>
      <symbol id="sm-95f">
         <name>unlink</name>
         <value>0x438d</value>
         <object_component_ref idref="oc-36c"/>
      </symbol>
      <symbol id="sm-970">
         <name>HOSTclose</name>
         <value>0x40cd</value>
         <object_component_ref idref="oc-31d"/>
      </symbol>
      <symbol id="sm-981">
         <name>HOSTlseek</name>
         <value>0x3dfd</value>
         <object_component_ref idref="oc-32f"/>
      </symbol>
      <symbol id="sm-993">
         <name>parmbuf</name>
         <value>0x20000538</value>
      </symbol>
      <symbol id="sm-994">
         <name>HOSTopen</name>
         <value>0x3ecd</value>
         <object_component_ref idref="oc-317"/>
      </symbol>
      <symbol id="sm-9a5">
         <name>HOSTread</name>
         <value>0x3f89</value>
         <object_component_ref idref="oc-323"/>
      </symbol>
      <symbol id="sm-9b6">
         <name>HOSTrename</name>
         <value>0x3d91</value>
         <object_component_ref idref="oc-33b"/>
      </symbol>
      <symbol id="sm-9c7">
         <name>HOSTunlink</name>
         <value>0x4111</value>
         <object_component_ref idref="oc-335"/>
      </symbol>
      <symbol id="sm-9d8">
         <name>HOSTwrite</name>
         <value>0x3fe1</value>
         <object_component_ref idref="oc-329"/>
      </symbol>
      <symbol id="sm-9fc">
         <name>__TI_readmsg</name>
         <value>0x42c1</value>
         <object_component_ref idref="oc-3a0"/>
      </symbol>
      <symbol id="sm-9fd">
         <name>C$$IO$$</name>
         <value>0x424b</value>
         <object_component_ref idref="oc-39a"/>
      </symbol>
      <symbol id="sm-9fe">
         <name>__CIOBUF_</name>
         <value>0x200000e8</value>
         <object_component_ref idref="oc-3ed"/>
      </symbol>
      <symbol id="sm-9ff">
         <name>__TI_writemsg</name>
         <value>0x421d</value>
         <object_component_ref idref="oc-39a"/>
      </symbol>
      <symbol id="sm-a0d">
         <name>strcpy</name>
         <value>0x446d</value>
         <object_component_ref idref="oc-3b4"/>
      </symbol>
      <symbol id="sm-a1b">
         <name>strlen</name>
         <value>0x4481</value>
         <object_component_ref idref="oc-394"/>
      </symbol>
      <symbol id="sm-a1c">
         <name>__TI_static_base__</name>
         <value>0x0</value>
      </symbol>
      <symbol id="sm-a1f">
         <name>__mpu_init</name>
         <value>0x0</value>
      </symbol>
      <symbol id="sm-a20">
         <name>_system_post_cinit</name>
         <value>0x0</value>
      </symbol>
      <symbol id="sm-a21">
         <name>NMI_Handler</name>
         <value>0x44af</value>
      </symbol>
      <symbol id="sm-a22">
         <name>HardFault_Handler</name>
         <value>0x44af</value>
      </symbol>
      <symbol id="sm-a23">
         <name>MemManage_Handler</name>
         <value>0x44af</value>
      </symbol>
      <symbol id="sm-a24">
         <name>BusFault_Handler</name>
         <value>0x44af</value>
      </symbol>
      <symbol id="sm-a25">
         <name>UsageFault_Handler</name>
         <value>0x44af</value>
      </symbol>
      <symbol id="sm-a26">
         <name>SVC_Handler</name>
         <value>0x44af</value>
      </symbol>
      <symbol id="sm-a27">
         <name>DebugMon_Handler</name>
         <value>0x44af</value>
      </symbol>
      <symbol id="sm-a28">
         <name>PendSV_Handler</name>
         <value>0x44af</value>
      </symbol>
      <symbol id="sm-a29">
         <name>SysTick_Handler</name>
         <value>0x44af</value>
      </symbol>
      <symbol id="sm-a2a">
         <name>PSS_IRQHandler</name>
         <value>0x44af</value>
      </symbol>
      <symbol id="sm-a2b">
         <name>CS_IRQHandler</name>
         <value>0x44af</value>
      </symbol>
      <symbol id="sm-a2c">
         <name>PCM_IRQHandler</name>
         <value>0x44af</value>
      </symbol>
      <symbol id="sm-a2d">
         <name>WDT_A_IRQHandler</name>
         <value>0x44af</value>
      </symbol>
      <symbol id="sm-a2e">
         <name>FPU_IRQHandler</name>
         <value>0x44af</value>
      </symbol>
      <symbol id="sm-a2f">
         <name>FLCTL_IRQHandler</name>
         <value>0x44af</value>
      </symbol>
      <symbol id="sm-a30">
         <name>COMP_E0_IRQHandler</name>
         <value>0x44af</value>
      </symbol>
      <symbol id="sm-a31">
         <name>COMP_E1_IRQHandler</name>
         <value>0x44af</value>
      </symbol>
      <symbol id="sm-a32">
         <name>TA0_0_IRQHandler</name>
         <value>0x44af</value>
      </symbol>
      <symbol id="sm-a33">
         <name>TA0_N_IRQHandler</name>
         <value>0x44af</value>
      </symbol>
      <symbol id="sm-a34">
         <name>TA1_0_IRQHandler</name>
         <value>0x44af</value>
      </symbol>
      <symbol id="sm-a35">
         <name>TA1_N_IRQHandler</name>
         <value>0x44af</value>
      </symbol>
      <symbol id="sm-a36">
         <name>TA2_0_IRQHandler</name>
         <value>0x44af</value>
      </symbol>
      <symbol id="sm-a37">
         <name>TA2_N_IRQHandler</name>
         <value>0x44af</value>
      </symbol>
      <symbol id="sm-a38">
         <name>TA3_0_IRQHandler</name>
         <value>0x44af</value>
      </symbol>
      <symbol id="sm-a39">
         <name>TA3_N_IRQHandler</name>
         <value>0x44af</value>
      </symbol>
      <symbol id="sm-a3a">
         <name>EUSCIA0_IRQHandler</name>
         <value>0x44af</value>
      </symbol>
      <symbol id="sm-a3b">
         <name>EUSCIA1_IRQHandler</name>
         <value>0x44af</value>
      </symbol>
      <symbol id="sm-a3c">
         <name>EUSCIA2_IRQHandler</name>
         <value>0x31c9</value>
      </symbol>
      <symbol id="sm-a3d">
         <name>EUSCIA3_IRQHandler</name>
         <value>0x44af</value>
      </symbol>
      <symbol id="sm-a3e">
         <name>EUSCIB0_IRQHandler</name>
         <value>0x44af</value>
      </symbol>
      <symbol id="sm-a3f">
         <name>EUSCIB1_IRQHandler</name>
         <value>0x44af</value>
      </symbol>
      <symbol id="sm-a40">
         <name>EUSCIB2_IRQHandler</name>
         <value>0x44af</value>
      </symbol>
      <symbol id="sm-a41">
         <name>EUSCIB3_IRQHandler</name>
         <value>0x44af</value>
      </symbol>
      <symbol id="sm-a42">
         <name>ADC14_IRQHandler</name>
         <value>0x44af</value>
      </symbol>
      <symbol id="sm-a43">
         <name>T32_INT1_IRQHandler</name>
         <value>0x3bf3</value>
      </symbol>
      <symbol id="sm-a44">
         <name>T32_INT2_IRQHandler</name>
         <value>0x44af</value>
      </symbol>
      <symbol id="sm-a45">
         <name>T32_INTC_IRQHandler</name>
         <value>0x44af</value>
      </symbol>
      <symbol id="sm-a46">
         <name>AES256_IRQHandler</name>
         <value>0x44af</value>
      </symbol>
      <symbol id="sm-a47">
         <name>RTC_C_IRQHandler</name>
         <value>0x44af</value>
      </symbol>
      <symbol id="sm-a48">
         <name>DMA_ERR_IRQHandler</name>
         <value>0x44af</value>
      </symbol>
      <symbol id="sm-a49">
         <name>DMA_INT3_IRQHandler</name>
         <value>0x44af</value>
      </symbol>
      <symbol id="sm-a4a">
         <name>DMA_INT2_IRQHandler</name>
         <value>0x44af</value>
      </symbol>
      <symbol id="sm-a4b">
         <name>DMA_INT1_IRQHandler</name>
         <value>0x44af</value>
      </symbol>
      <symbol id="sm-a4c">
         <name>DMA_INT0_IRQHandler</name>
         <value>0x44af</value>
      </symbol>
      <symbol id="sm-a4d">
         <name>PORT1_IRQHandler</name>
         <value>0x44af</value>
      </symbol>
      <symbol id="sm-a4e">
         <name>PORT2_IRQHandler</name>
         <value>0x44af</value>
      </symbol>
      <symbol id="sm-a4f">
         <name>PORT3_IRQHandler</name>
         <value>0x44af</value>
      </symbol>
      <symbol id="sm-a50">
         <name>PORT4_IRQHandler</name>
         <value>0x44af</value>
      </symbol>
      <symbol id="sm-a51">
         <name>PORT5_IRQHandler</name>
         <value>0x44af</value>
      </symbol>
      <symbol id="sm-a52">
         <name>PORT6_IRQHandler</name>
         <value>0x44af</value>
      </symbol>
      <symbol id="sm-a53">
         <name>remove</name>
         <value>0x438d</value>
      </symbol>
   </symbol_table>
   <title>Link successful</title>
</link_info>
