******************************************************************************
                  TI ARM Linker PC v18.12.4                    
******************************************************************************
>> Linked Fri Mar  6 14:29:17 2020

OUTPUT FILE NAME:   <Self Monitor Stress System v2.out>
ENTRY POINT SYMBOL: "_c_int00_noargs"  address: 000042f5


MEMORY CONFIGURATION

         name            origin    length      used     unused   attr    fill
----------------------  --------  ---------  --------  --------  ----  --------
  MAIN                  00000000   00040000  0000475e  0003b8a2  R  X
  INFO                  00200000   00004000  00000000  00004000  R  X
  SRAM_CODE             01000000   00010000  00000e58  0000f1a8  RW X
  SRAM_DATA             20000000   00010000  00000e58  0000f1a8  RW  


SEGMENT ALLOCATION MAP

run origin  load origin   length   init length attrs members
----------  ----------- ---------- ----------- ----- -------
00000000    00000000    00004760   00004760    r-x
  00000000    00000000    000000e4   000000e4    r-- .intvecs
  000000e4    000000e4    000043e8   000043e8    r-x .text
  000044cc    000044cc    0000012a   0000012a    r-- .const
  000045f8    000045f8    00000168   00000168    r-- .cinit
20000000    20000000    00000c60   00000000    rw-
  20000000    20000000    000000e4   00000000    rw- .vtable
  200000e8    200000e8    00000474   00000000    rw- .bss
  20000560    20000560    00000400   00000000    rw- .sysmem
  20000960    20000960    00000300   00000000    rw- .data
2000fe00    2000fe00    00000200   00000000    rw-
  2000fe00    2000fe00    00000200   00000000    rw- .stack


SECTION ALLOCATION MAP

 output                                  attributes/
section   page    origin      length       input sections
--------  ----  ----------  ----------   ----------------
.intvecs   0    00000000    000000e4     
                  00000000    000000e4     startup_msp432p401r_ccs.obj (.intvecs:retain)

.text      0    000000e4    000043e8     
                  000000e4    00001004     AP.obj (.text)
                  000010e8    00000948     i2c.obj (.text)
                  00001a30    000006bc     UART0.obj (.text)
                  000020ec    00000480     gpio.obj (.text)
                  0000256c    000003f0     interrupt.obj (.text)
                  0000295c    00000334     system_msp432p401r.obj (.text)
                  00002c90    00000230     ACC.obj (.text)
                  00002ec0    000001e0     Clock.obj (.text)
                  000030a0    000001a4     UART1.obj (.text)
                  00003244    00000154     main.obj (.text)
                  00003398    00000118     rtsv7M4_T_le_v4SPD16_eabi.lib : memory.c.obj (.text:aligned_alloc)
                  000034b0    0000010c                                   : fopen.c.obj (.text:_openfile)
                  000035bc    000000e4                                   : memory.c.obj (.text:free)
                  000036a0    000000dc                                   : setvbuf.c.obj (.text:setvbuf)
                  0000377c    000000cc     adc.obj (.text)
                  00003848    000000c0     GPIO.obj (.text)
                  00003908    000000bc     rtsv7M4_T_le_v4SPD16_eabi.lib : open.c.obj (.text:open)
                  000039c4    000000b8                                   : add_device.c.obj (.text:add_device)
                  00003a7c    0000009c                                   : fopen.c.obj (.text:fopen)
                  00003b18    0000009c                                   : memcpy_t2.asm.obj (.text)
                  00003bb4    0000007c     Timer32.obj (.text)
                  00003c30    0000007a     rtsv7M4_T_le_v4SPD16_eabi.lib : memset_t2.asm.obj (.text)
                  00003caa    00000002                                   : _lock.c.obj (.text:_nop)
                  00003cac    00000074                                   : fclose.c.obj (.text:__TI_closefile)
                  00003d20    00000070                                   : memory.c.obj (.text:split)
                  00003d90    0000006c                                   : hostrename.c.obj (.text:HOSTrename)
                  00003dfc    00000068                                   : hostlseek.c.obj (.text:HOSTlseek)
                  00003e64    00000068                                   : copy_decompress_lzss.c.obj (.text:decompress:lzss:__TI_decompress_lzss)
                  00003ecc    00000060                                   : hostopen.c.obj (.text:HOSTopen)
                  00003f2c    0000005c                                   : close.c.obj (.text:close)
                  00003f88    00000058                                   : hostread.c.obj (.text:HOSTread)
                  00003fe0    00000058                                   : hostwrite.c.obj (.text:HOSTwrite)
                  00004038    0000004c                                   : fflush.c.obj (.text:__TI_doflush)
                  00004084    00000048                                   : exit.c.obj (.text:exit)
                  000040cc    00000044                                   : hostclose.c.obj (.text:HOSTclose)
                  00004110    00000044                                   : hostunlink.c.obj (.text:HOSTunlink)
                  00004154    00000044                                   : autoinit.c.obj (.text:__TI_auto_init_nobinit_nopinit:__TI_auto_init_nobinit_nopinit)
                  00004198    00000044                                   : getdevice.c.obj (.text:getdevice)
                  000041dc    0000003e     cpu.obj (.text)
                  0000421a    00000002     --HOLE-- [fill = 0]
                  0000421c    00000038     rtsv7M4_T_le_v4SPD16_eabi.lib : trgmsg.c.obj (.text:__TI_writemsg)
                  00004254    00000036                                   : strncpy.c.obj (.text:strncpy)
                  0000428a    00000002     --HOLE-- [fill = 0]
                  0000428c    00000034                                   : fopen.c.obj (.text:__TI_cleanup)
                  000042c0    00000034                                   : trgmsg.c.obj (.text:__TI_readmsg)
                  000042f4    00000034                                   : boot_cortex_m.c.obj (.text:_c_int00_noargs:_c_int00_noargs)
                  00004328    00000034                                   : fopen.c.obj (.text:freopen)
                  0000435c    00000030                                   : getdevice.c.obj (.text:finddevice)
                  0000438c    0000002c                                   : unlink.c.obj (.text:unlink)
                  000043b8    00000028                                   : memory.c.obj (.text:free_list_insert)
                  000043e0    00000028                                   : write.c.obj (.text:write)
                  00004408    0000001c                                   : memory.c.obj (.text:free_list_remove)
                  00004424    0000001a     GSR.obj (.text)
                  0000443e    00000018     rtsv7M4_T_le_v4SPD16_eabi.lib : strcmp.c.obj (.text:strcmp)
                  00004456    00000016                                   : strchr.c.obj (.text:strchr)
                  0000446c    00000014                                   : strcpy.c.obj (.text:strcpy)
                  00004480    00000014                                   : strlen.c.obj (.text:strlen)
                  00004494    0000000e                                   : copy_decompress_none.c.obj (.text:decompress:none:__TI_decompress_none)
                  000044a2    0000000e     startup_msp432p401r_ccs.obj (.text)
                  000044b0    0000000c     rtsv7M4_T_le_v4SPD16_eabi.lib : copy_zero_init.c.obj (.text:decompress:ZI:__TI_zero_init)
                  000044bc    00000008                                   : memory.c.obj (.text:malloc)
                  000044c4    00000004                                   : pre_init.c.obj (.text:_system_pre_init)
                  000044c8    00000004                                   : exit.c.obj (.text:abort:abort)

.const     0    000044cc    0000012a     
                  000044cc    00000050     interrupt.obj (.const:g_pulRegs)
                  0000451c    00000025     AP.obj (.const:.string:NPI_SetAdvertisementSAP)
                  00004541    00000003     --HOLE-- [fill = 0]
                  00004544    00000020     interrupt.obj (.const:g_pulPriority)
                  00004564    0000001c     gpio.obj (.const:GPIO_PORT_TO_INT)
                  00004580    00000014     AP.obj (.const:.string:NPI_StartAdvertisement)
                  00004594    00000014     ACC.obj (.const:ACCConfig)
                  000045a8    00000011     AP.obj (.const:.string:NPI_SetAdvertisement1)
                  000045b9    00000009     AP.obj (.const:.string:HCI_EXT_ResetSystemCmd)
                  000045c2    00000002     --HOLE-- [fill = 0]
                  000045c4    00000008     interrupt.obj (.const:g_pulDisRegs)
                  000045cc    00000008     interrupt.obj (.const:g_pulEnRegs)
                  000045d4    00000008     interrupt.obj (.const:g_pulPendRegs)
                  000045dc    00000008     interrupt.obj (.const:g_pulUnpendRegs)
                  000045e4    00000006     AP.obj (.const:.string:NPI_GetStatus)
                  000045ea    00000006     AP.obj (.const:.string:NPI_GetVersion)
                  000045f0    00000006     AP.obj (.const:.string:NPI_Register)

.cinit     0    000045f8    00000168     
                  000045f8    0000012d     (.cinit..data.load) [load image, compression = lzss]
                  00004725    00000003     --HOLE-- [fill = 0]
                  00004728    0000000c     (__TI_handler_table)
                  00004734    00000004     --HOLE-- [fill = 0]
                  00004738    00000008     (.cinit..bss.load) [load image, compression = zero_init]
                  00004740    00000008     (.cinit..vtable.load) [load image, compression = zero_init]
                  00004748    00000018     (__TI_cinit_table)

.init_array 
*          0    00000000    00000000     UNINITIALIZED

.binit     0    00000000    00000000     

.vtable    0    20000000    000000e4     UNINITIALIZED
                  20000000    000000e4     interrupt.obj (.vtable)

.bss       0    200000e8    00000474     UNINITIALIZED
                  200000e8    00000120     rtsv7M4_T_le_v4SPD16_eabi.lib : trgmsg.c.obj (.bss:_CIOBUF_)
                  20000208    00000100     (.common:RxFIFO)
                  20000308    000000a0     (.common:CharacteristicList)
                  200003a8    000000a0     (.common:__TI_tmpnams)
                  20000448    00000080     (.common:RecvBuf)
                  200004c8    00000050     (.common:NotifyCharacteristicList)
                  20000518    0000000c     ACC.obj (.bss)
                  20000524    00000008     (.common:Messageb)
                  2000052c    00000004     (.common:Messageindexb)
                  20000530    00000008     (.common:OS_MsTime)
                  20000538    00000008     (.common:parmbuf)
                  20000540    00000004     (.common:NoSOFErr)
                  20000544    00000004     (.common:RxFifoLost)
                  20000548    00000004     (.common:RxGetI)
                  2000054c    00000004     (.common:RxPutI)
                  20000550    00000004     (.common:TimeOutErr)
                  20000554    00000004     (.common:fcserr)
                  20000558    00000004     (.common:i)

.sysmem    0    20000560    00000400     UNINITIALIZED
                  20000560    00000010     rtsv7M4_T_le_v4SPD16_eabi.lib : memory.c.obj (.sysmem)
                  20000570    000003f0     --HOLE--

.data      0    20000960    00000300     UNINITIALIZED
                  20000960    000000f0     rtsv7M4_T_le_v4SPD16_eabi.lib : defs.c.obj (.data:_ftable)
                  20000a50    00000078                                   : host_device.c.obj (.data:_device)
                  20000ac8    00000050                                   : host_device.c.obj (.data:_stream)
                  20000b18    00000030     gpio.obj (.data:GPIO_PORT_TO_BASE)
                  20000b48    00000025     AP.obj (.data:NPI_SetAdvertisementData)
                  20000b6d    00000020     AP.obj (.data:NPI_AddCharDescriptor)
                  20000b8d    0000001c     AP.obj (.data:NPI_GATTSetDeviceName)
                  20000ba9    00000003     --HOLE--
                  20000bac    00000018     Clock.obj (.data)
                  20000bc4    00000015     AP.obj (.data:NPI_ReadConfirmation)
                  20000bd9    00000014     AP.obj (.data:NPI_SendNotificationIndication)
                  20000bed    00000003     --HOLE--
                  20000bf0    00000010     rtsv7M4_T_le_v4SPD16_eabi.lib : defs.c.obj (.data)
                  20000c00    0000000e     AP.obj (.data:NPI_AddCharValue)
                  20000c0e    00000002     --HOLE--
                  20000c10    0000000c     rtsv7M4_T_le_v4SPD16_eabi.lib : exit.c.obj (.data:$O1$$)
                  20000c1c    00000009     AP.obj (.data:NPI_AddService)
                  20000c25    00000009     AP.obj (.data:NPI_CCCDUpdatedConfirmation)
                  20000c2e    00000009     AP.obj (.data:NPI_WriteConfirmation)
                  20000c37    00000001     --HOLE--
                  20000c38    00000008     rtsv7M4_T_le_v4SPD16_eabi.lib : _lock.c.obj (.data:$O1$$)
                  20000c40    00000008                                   : memory.c.obj (.data:$O1$$)
                  20000c48    00000008     AP.obj (.data)
                  20000c50    00000004     rtsv7M4_T_le_v4SPD16_eabi.lib : add_device.c.obj (.data)
                  20000c54    00000004                                   : fopen.c.obj (.data)
                  20000c58    00000004                                   : open.c.obj (.data)
                  20000c5c    00000004     system_msp432p401r.obj (.data)

.stack     0    2000fe00    00000200     UNINITIALIZED
                  2000fe00    00000004     rtsv7M4_T_le_v4SPD16_eabi.lib : boot_cortex_m.c.obj (.stack)
                  2000fe04    000001fc     --HOLE--

MODULE SUMMARY

       Module                        code    ro data   rw data
       ------                        ----    -------   -------
    .\
       system_msp432p401r.obj        820     0         8      
       ACC.obj                       560     20        24     
       main.obj                      340     0         0      
       startup_msp432p401r_ccs.obj   14      228       0      
       GSR.obj                       26      0         0      
    +--+-----------------------------+-------+---------+---------+
       Total:                        1760    248       32     
                                                              
    .\Drivers\
       AP.obj                        4100    101       1142   
       UART0.obj                     1724    0         24     
       UART1.obj                     420     0         536    
       Clock.obj                     480     0         48     
       adc.obj                       204     0         0      
       GPIO.obj                      192     0         0      
       Timer32.obj                   124     0         16     
    +--+-----------------------------+-------+---------+---------+
       Total:                        7244    101       1766   
                                                              
    .\driverlib\MSP432P4xx\
       i2c.obj                       2376    0         0      
       interrupt.obj                 1008    144       456    
       gpio.obj                      1152    28        96     
       cpu.obj                       62      0         0      
    +--+-----------------------------+-------+---------+---------+
       Total:                        4598    172       552    
                                                              
    C:\ti\ccs930\ccs\tools\compiler\ti-cgt-arm_18.12.4.LTS\lib\rtsv7M4_T_le_v4SPD16_eabi.lib
       defs.c.obj                    0       0         832    
       memory.c.obj                  696     0         16     
       trgmsg.c.obj                  108     0         576    
       fopen.c.obj                   528     0         8      
       host_device.c.obj             0       0         400    
       setvbuf.c.obj                 220     0         0      
       open.c.obj                    188     0         8      
       add_device.c.obj              184     0         8      
       memcpy_t2.asm.obj             156     0         0      
       memset_t2.asm.obj             122     0         0      
       fclose.c.obj                  116     0         0      
       getdevice.c.obj               116     0         0      
       hostopen.c.obj                96      0         16     
       hostrename.c.obj              108     0         0      
       copy_decompress_lzss.c.obj    104     0         0      
       hostlseek.c.obj               104     0         0      
       exit.c.obj                    76      0         24     
       close.c.obj                   92      0         0      
       hostread.c.obj                88      0         0      
       hostwrite.c.obj               88      0         0      
       fflush.c.obj                  76      0         0      
       autoinit.c.obj                68      0         0      
       hostclose.c.obj               68      0         0      
       hostunlink.c.obj              68      0         0      
       strncpy.c.obj                 54      0         0      
       boot_cortex_m.c.obj           52      0         0      
       unlink.c.obj                  44      0         0      
       write.c.obj                   40      0         0      
       strcmp.c.obj                  24      0         0      
       strchr.c.obj                  22      0         0      
       strcpy.c.obj                  20      0         0      
       strlen.c.obj                  20      0         0      
       _lock.c.obj                   2       0         16     
       copy_decompress_none.c.obj    14      0         0      
       copy_zero_init.c.obj          12      0         0      
       pre_init.c.obj                4       0         0      
    +--+-----------------------------+-------+---------+---------+
       Total:                        3778    0         1904   
                                                              
       Heap:                         0       0         2048   
       Stack:                        0       0         1024   
       Linker Generated:             0       353       0      
    +--+-----------------------------+-------+---------+---------+
       Grand Total:                  17380   874       7326   


LINKER GENERATED COPY TABLES

__TI_cinit_table @ 00004748 records: 3, size/record: 8, table size: 24
	.data: load addr=000045f8, load size=0000012d bytes, run addr=20000960, run size=00000300 bytes, compression=lzss
	.bss: load addr=00004738, load size=00000008 bytes, run addr=200000e8, run size=00000474 bytes, compression=zero_init
	.vtable: load addr=00004740, load size=00000008 bytes, run addr=20000000, run size=000000e4 bytes, compression=zero_init


LINKER GENERATED HANDLER TABLE

__TI_handler_table @ 00004728 records: 3, size/record: 4, table size: 12
	index: 0, handler: __TI_zero_init
	index: 1, handler: __TI_decompress_lzss
	index: 2, handler: __TI_decompress_none


GLOBAL SYMBOLS: SORTED ALPHABETICALLY BY Name 

address   name                                       
-------   ----                                       
00004594  ACCConfig                                  
00002d51  ACC_calc                                   
00002d7b  ACC_get_x                                  
00002d83  ACC_get_y                                  
00002d8b  ACC_get_z                                  
00002c93  ACC_init                                   
00002c91  ACC_init_spi                               
00002d93  ACC_read_data                              
0000377d  ADC0_Ch6_Init                              
000044af  ADC14_IRQHandler                           
000037cd  ADC_Ch6_In                                 
000037ed  ADC_Ch6_Samples                            
000044af  AES256_IRQHandler                          
00000759  AP_AddCharacteristic                       
00000915  AP_AddNotifyCharacteristic                 
00000701  AP_AddService                              
00000e05  AP_BackgroundProcess                       
00000289  AP_EchoReceived                            
0000021d  AP_EchoSendMessage                         
000006e7  AP_GetNotifyCCCD                           
000001f3  AP_GetSize                                 
00000cb5  AP_GetStatus                               
00000cf9  AP_GetVersion                              
0000010d  AP_Init                                    
000004b5  AP_RecvMessage                             
00000699  AP_RecvStatus                              
00000739  AP_RegisterService                         
000000e5  AP_Reset                                   
00000311  AP_SendMessage                             
000006a7  AP_SendMessageResponse                     
00000b3d  AP_SendNotification                        
00000c3d  AP_StartAdvertisement                      
00000ca1  AP_StartAdvertisementJacki                 
000044af  BusFault_Handler                           
000044c9  C$$EXIT                                    
0000424b  C$$IO$$                                    
000044af  COMP_E0_IRQHandler                         
000044af  COMP_E1_IRQHandler                         
20000bb4  CPMwait                                    
00004211  CPU_basepriGet                             
00004203  CPU_basepriSet                             
000041dd  CPU_cpsid                                  
000041f3  CPU_cpsie                                  
000041e9  CPU_primask                                
000041ff  CPU_wfi                                    
000044af  CS_IRQHandler                              
20000c48  CharacteristicCount                        
20000308  CharacteristicList                         
20000bac  ClockFrequency                             
00003015  Clock_Delay1ms                             
00002feb  Clock_Delay1us                             
00002fd7  Clock_GetFreq                              
00002ec1  Clock_Init48MHz                            
20000bc0  Crystalstable                              
000044af  DMA_ERR_IRQHandler                         
000044af  DMA_INT0_IRQHandler                        
000044af  DMA_INT1_IRQHandler                        
000044af  DMA_INT2_IRQHandler                        
000044af  DMA_INT3_IRQHandler                        
000044af  DebugMon_Handler                           
000044af  Default_Handler                            
000044af  EUSCIA0_IRQHandler                         
000044af  EUSCIA1_IRQHandler                         
000031c9  EUSCIA2_IRQHandler                         
000031c9  EUSCIA2_IRQHandler                         
000044af  EUSCIA3_IRQHandler                         
000044af  EUSCIB0_IRQHandler                         
000044af  EUSCIB1_IRQHandler                         
000044af  EUSCIB2_IRQHandler                         
000044af  EUSCIB3_IRQHandler                         
000044af  FLCTL_IRQHandler                           
000044af  FPU_IRQHandler                             
00003849  GPIO_Init                                  
0000240f  GPIO_clearInterruptFlag                    
000023cf  GPIO_disableInterrupt                      
000023ad  GPIO_enableInterrupt                       
00002467  GPIO_getEnabledInterruptStatus             
0000237f  GPIO_getInputPinValue                      
000023f1  GPIO_getInterruptStatus                    
00002431  GPIO_interruptEdgeSelect                   
00002527  GPIO_registerInterrupt                     
00002127  GPIO_setAsInputPin                         
000022db  GPIO_setAsInputPinWithPullDownResistor     
0000232d  GPIO_setAsInputPinWithPullUpResistor       
000020ed  GPIO_setAsOutputPin                        
000021f1  GPIO_setAsPeripheralModuleFunctionInputPin 
0000216d  GPIO_setAsPeripheralModuleFunctionOutputPin
000024e3  GPIO_setDriveStrengthHigh                  
00002505  GPIO_setDriveStrengthLow                   
00002275  GPIO_setOutputHighOnPin                    
00002297  GPIO_setOutputLowOnPin                     
000022b9  GPIO_toggleOutputOnPin                     
00002547  GPIO_unregisterInterrupt                   
00004425  GSR_Init                                   
0000442d  GSR_Read_Data                              
000045b9  HCI_EXT_ResetSystemCmd                     
000040cd  HOSTclose                                  
00003dfd  HOSTlseek                                  
00003ecd  HOSTopen                                   
00003f89  HOSTread                                   
00003d91  HOSTrename                                 
00004111  HOSTunlink                                 
00003fe1  HOSTwrite                                  
000044af  HardFault_Handler                          
00001219  I2C_bitMask                                
000018e9  I2C_clearInterruptFlag                     
000018d3  I2C_disableInterrupt                       
0000131f  I2C_disableModule                          
0000189d  I2C_disableMultiMasterMode                 
000018bd  I2C_enableInterrupt                        
00001309  I2C_enableModule                           
0000187d  I2C_enableMultiMasterMode                  
0000125b  I2C_getByte                                
00001917  I2C_getEnabledInterruptStatus              
000018ff  I2C_getInterruptStatus                     
00001927  I2C_getMode                                
00001823  I2C_getReceiveBufferAddressForDMA          
00001831  I2C_getTransmitBufferAddressForDMA         
0000126f  I2C_initMaster                             
000012cf  I2C_initSlave                              
000013c3  I2C_isBusBusy                              
00001851  I2C_masterIsStartSent                      
0000183f  I2C_masterIsStopSent                       
00001749  I2C_masterReceiveMultiByteFinish           
00001787  I2C_masterReceiveMultiByteFinishWithTimeout
00001731  I2C_masterReceiveMultiByteNext             
000017e5  I2C_masterReceiveMultiByteStop             
000017f9  I2C_masterReceiveSingle                    
00001365  I2C_masterReceiveSingleByte                
00001717  I2C_masterReceiveStart                     
000015f5  I2C_masterSendMultiByteFinish              
00001645  I2C_masterSendMultiByteFinishWithTimeout   
0000158b  I2C_masterSendMultiByteNext                
000015b7  I2C_masterSendMultiByteNextWithTimeout     
000014e1  I2C_masterSendMultiByteStart               
0000152f  I2C_masterSendMultiByteStartWithTimeout    
000016b1  I2C_masterSendMultiByteStop                
000016db  I2C_masterSendMultiByteStopWithTimeout     
000013dd  I2C_masterSendSingleByte                   
00001451  I2C_masterSendSingleByteWithTimeout        
00001869  I2C_masterSendStart                        
00001119  I2C_readRegister                           
000011c1  I2C_readRegister2                          
0000193d  I2C_registerInterrupt                      
00001349  I2C_setMode                                
00001335  I2C_setSlaveAddress                        
000013af  I2C_slaveGetData                           
00001399  I2C_slavePutData                           
000019ff  I2C_slaveSendNAK                           
000019a3  I2C_unregisterInterrupt                    
000010e9  I2C_writeRegister                          
00001171  I2C_writeRegister2                         
20000bbc  IFlags                                     
0000272f  Interrupt_disableInterrupt                 
0000257f  Interrupt_disableMaster                    
0000292d  Interrupt_disableSleepOnIsrExit            
000026bd  Interrupt_enableInterrupt                  
0000256f  Interrupt_enableMaster                     
0000291b  Interrupt_enableSleepOnIsrExit             
00002697  Interrupt_getPriority                      
0000260f  Interrupt_getPriorityGrouping              
000028fb  Interrupt_getPriorityMask                  
00002915  Interrupt_getVectorTableAddress            
000027a1  Interrupt_isEnabled                        
0000282d  Interrupt_pendInterrupt                    
0000258f  Interrupt_registerInterrupt                
00002647  Interrupt_setPriority                      
000025f5  Interrupt_setPriorityGrouping              
000028eb  Interrupt_setPriorityMask                  
00002905  Interrupt_setVectorTableAddress            
0000289d  Interrupt_unpendInterrupt                  
000025e1  Interrupt_unregisterInterrupt              
000044af  MemManage_Handler                          
20000524  Messageb                                   
2000052c  Messageindexb                              
000044af  NMI_Handler                                
20000b6d  NPI_AddCharDescriptor                      
20000c00  NPI_AddCharValue                           
20000c1c  NPI_AddService                             
20000c25  NPI_CCCDUpdatedConfirmation                
20000b8d  NPI_GATTSetDeviceName                      
000045e4  NPI_GetStatus                              
000045ea  NPI_GetVersion                             
20000bc4  NPI_ReadConfirmation                       
000045f0  NPI_Register                               
20000bd9  NPI_SendNotificationIndication             
000045a8  NPI_SetAdvertisement1                      
20000b48  NPI_SetAdvertisementData                   
0000451c  NPI_SetAdvertisementSAP                    
00004580  NPI_StartAdvertisement                     
20000c2e  NPI_WriteConfirmation                      
20000540  NoSOFErr                                   
20000c4c  NotifyCharacteristicCount                  
200004c8  NotifyCharacteristicList                   
20000530  OS_MsTime                                  
000044af  PCM_IRQHandler                             
000044af  PORT1_IRQHandler                           
000044af  PORT2_IRQHandler                           
000044af  PORT3_IRQHandler                           
000044af  PORT4_IRQHandler                           
000044af  PORT5_IRQHandler                           
000044af  PORT6_IRQHandler                           
000044af  PSS_IRQHandler                             
000044af  PendSV_Handler                             
20000bb8  Postwait                                   
20000bb0  Prewait                                    
000044af  RTC_C_IRQHandler                           
20000448  RecvBuf                                    
000044a3  Reset_Handler                              
20000208  RxFIFO                                     
20000544  RxFifoLost                                 
000030f9  RxFifo_Get                                 
000030a1  RxFifo_Init                                
000030b3  RxFifo_Put                                 
20000548  RxGetI                                     
2000054c  RxPutI                                     
000044af  SVC_Handler                                
000044af  SysTick_Handler                            
20000c5c  SystemCoreClock                            
0000295d  SystemCoreClockUpdate                      
00002bd5  SystemInit                                 
00003bf3  T32_INT1_IRQHandler                        
00003bf3  T32_INT1_IRQHandler                        
000044af  T32_INT2_IRQHandler                        
000044af  T32_INTC_IRQHandler                        
000044af  TA0_0_IRQHandler                           
000044af  TA0_N_IRQHandler                           
000044af  TA1_0_IRQHandler                           
000044af  TA1_N_IRQHandler                           
000044af  TA2_0_IRQHandler                           
000044af  TA2_N_IRQHandler                           
000044af  TA3_0_IRQHandler                           
000044af  TA3_N_IRQHandler                           
20000550  TimeOutErr                                 
00003bb5  Timer32Init                                
00003be7  Timer32Stop                                
00001a77  UART0_InChar                               
00001f01  UART0_InString                             
00001ac1  UART0_InUDec                               
00001db5  UART0_InUHex                               
00001a31  UART0_Init                                 
00002061  UART0_Initprintf                           
00001a87  UART0_OutChar                              
00001aa3  UART0_OutString                            
00001b45  UART0_OutUDec                              
00001cb1  UART0_OutUDec4                             
00001d05  UART0_OutUDec5                             
00001d41  UART0_OutUFix1                             
00001d69  UART0_OutUFix2                             
00001e79  UART0_OutUHex                              
00001ee5  UART0_OutUHex2                             
000031fd  UART1_FinishOutput                         
0000319b  UART1_InChar                               
0000312f  UART1_InStatus                             
0000313f  UART1_Init                                 
000031ad  UART1_OutChar                              
000031df  UART1_OutString                            
000044af  UsageFault_Handler                         
4000480c  WDTCTL_SYM                                 
000044af  WDT_A_IRQHandler                           
200000e8  __CIOBUF_                                  
20010000  __STACK_END                                
00000200  __STACK_SIZE                               
00000400  __SYSMEM_SIZE                              
00004748  __TI_CINIT_Base                            
00004760  __TI_CINIT_Limit                           
00004728  __TI_Handler_Table_Base                    
00004734  __TI_Handler_Table_Limit                   
00004155  __TI_auto_init_nobinit_nopinit             
0000428d  __TI_cleanup                               
20000c10  __TI_cleanup_ptr                           
00003cad  __TI_closefile                             
00003e65  __TI_decompress_lzss                       
00004495  __TI_decompress_none                       
00004039  __TI_doflush                               
20000c14  __TI_dtors_ptr                             
20000c18  __TI_enable_exit_profile_output            
20000bf0  __TI_ft_end                                
ffffffff  __TI_pprof_out_hndl                        
ffffffff  __TI_prof_data_size                        
ffffffff  __TI_prof_data_start                       
000042c1  __TI_readmsg                               
00000000  __TI_static_base__                         
200003a8  __TI_tmpnams                               
0000421d  __TI_writemsg                              
000044b1  __TI_zero_init                             
00003c31  __aeabi_memclr                             
00003c31  __aeabi_memclr4                            
00003c31  __aeabi_memclr8                            
00003b19  __aeabi_memcpy                             
00003b19  __aeabi_memcpy4                            
00003b19  __aeabi_memcpy8                            
00003c33  __aeabi_memset                             
00003c33  __aeabi_memset4                            
00003c33  __aeabi_memset8                            
20000bfc  __aeabi_stderr                             
20000bf4  __aeabi_stdin                              
20000bf8  __aeabi_stdout                             
ffffffff  __binit__                                  
ffffffff  __c_args__                                 
UNDEFED   __mpu_init                                 
2000fe00  __stack                                    
000042f5  _c_int00_noargs                            
20000a50  _device                                    
20000960  _ftable                                    
20000c38  _lock                                      
00003cab  _nop                                       
20000ac8  _stream                                    
20000560  _sys_memory                                
UNDEFED   _system_post_cinit                         
000044c5  _system_pre_init                           
20000c3c  _unlock                                    
000044c9  abort                                      
000039c5  add_device                                 
00003399  aligned_alloc                              
ffffffff  binit                                      
00003f2d  close                                      
00002fdd  delay                                      
00004085  exit                                       
20000554  fcserr                                     
00001f9b  ferror                                     
00001f7b  fgetc                                      
0000435d  finddevice                                 
00003a7d  fopen                                      
000035bd  free                                       
00004329  freopen                                    
20000000  g_pfnRAMVectors                            
00003c15  getOS_MsTime                               
00004199  getdevice                                  
20000558  i                                          
00000000  interruptVectors                           
00003247  main                                       
000044bd  malloc                                     
00003399  memalign                                   
00003b19  memcpy                                     
00003c39  memset                                     
00003909  open                                       
00001ebd  outnibble                                  
20000538  parmbuf                                    
00003245  readBLE                                    
0000438d  remove                                     
000036a1  setvbuf                                    
00004457  strchr                                     
0000443f  strcmp                                     
0000446d  strcpy                                     
00004481  strlen                                     
00004255  strncpy                                    
00001fb9  uart_close                                 
00002037  uart_lseek                                 
00001fa9  uart_open                                  
00001fcb  uart_read                                  
00002053  uart_rename                                
00002047  uart_unlink                                
00001ff5  uart_write                                 
0000438d  unlink                                     
000043e1  write                                      


GLOBAL SYMBOLS: SORTED BY Symbol Address 

address   name                                       
-------   ----                                       
00000000  __TI_static_base__                         
00000000  interruptVectors                           
000000e5  AP_Reset                                   
0000010d  AP_Init                                    
000001f3  AP_GetSize                                 
00000200  __STACK_SIZE                               
0000021d  AP_EchoSendMessage                         
00000289  AP_EchoReceived                            
00000311  AP_SendMessage                             
00000400  __SYSMEM_SIZE                              
000004b5  AP_RecvMessage                             
00000699  AP_RecvStatus                              
000006a7  AP_SendMessageResponse                     
000006e7  AP_GetNotifyCCCD                           
00000701  AP_AddService                              
00000739  AP_RegisterService                         
00000759  AP_AddCharacteristic                       
00000915  AP_AddNotifyCharacteristic                 
00000b3d  AP_SendNotification                        
00000c3d  AP_StartAdvertisement                      
00000ca1  AP_StartAdvertisementJacki                 
00000cb5  AP_GetStatus                               
00000cf9  AP_GetVersion                              
00000e05  AP_BackgroundProcess                       
000010e9  I2C_writeRegister                          
00001119  I2C_readRegister                           
00001171  I2C_writeRegister2                         
000011c1  I2C_readRegister2                          
00001219  I2C_bitMask                                
0000125b  I2C_getByte                                
0000126f  I2C_initMaster                             
000012cf  I2C_initSlave                              
00001309  I2C_enableModule                           
0000131f  I2C_disableModule                          
00001335  I2C_setSlaveAddress                        
00001349  I2C_setMode                                
00001365  I2C_masterReceiveSingleByte                
00001399  I2C_slavePutData                           
000013af  I2C_slaveGetData                           
000013c3  I2C_isBusBusy                              
000013dd  I2C_masterSendSingleByte                   
00001451  I2C_masterSendSingleByteWithTimeout        
000014e1  I2C_masterSendMultiByteStart               
0000152f  I2C_masterSendMultiByteStartWithTimeout    
0000158b  I2C_masterSendMultiByteNext                
000015b7  I2C_masterSendMultiByteNextWithTimeout     
000015f5  I2C_masterSendMultiByteFinish              
00001645  I2C_masterSendMultiByteFinishWithTimeout   
000016b1  I2C_masterSendMultiByteStop                
000016db  I2C_masterSendMultiByteStopWithTimeout     
00001717  I2C_masterReceiveStart                     
00001731  I2C_masterReceiveMultiByteNext             
00001749  I2C_masterReceiveMultiByteFinish           
00001787  I2C_masterReceiveMultiByteFinishWithTimeout
000017e5  I2C_masterReceiveMultiByteStop             
000017f9  I2C_masterReceiveSingle                    
00001823  I2C_getReceiveBufferAddressForDMA          
00001831  I2C_getTransmitBufferAddressForDMA         
0000183f  I2C_masterIsStopSent                       
00001851  I2C_masterIsStartSent                      
00001869  I2C_masterSendStart                        
0000187d  I2C_enableMultiMasterMode                  
0000189d  I2C_disableMultiMasterMode                 
000018bd  I2C_enableInterrupt                        
000018d3  I2C_disableInterrupt                       
000018e9  I2C_clearInterruptFlag                     
000018ff  I2C_getInterruptStatus                     
00001917  I2C_getEnabledInterruptStatus              
00001927  I2C_getMode                                
0000193d  I2C_registerInterrupt                      
000019a3  I2C_unregisterInterrupt                    
000019ff  I2C_slaveSendNAK                           
00001a31  UART0_Init                                 
00001a77  UART0_InChar                               
00001a87  UART0_OutChar                              
00001aa3  UART0_OutString                            
00001ac1  UART0_InUDec                               
00001b45  UART0_OutUDec                              
00001cb1  UART0_OutUDec4                             
00001d05  UART0_OutUDec5                             
00001d41  UART0_OutUFix1                             
00001d69  UART0_OutUFix2                             
00001db5  UART0_InUHex                               
00001e79  UART0_OutUHex                              
00001ebd  outnibble                                  
00001ee5  UART0_OutUHex2                             
00001f01  UART0_InString                             
00001f7b  fgetc                                      
00001f9b  ferror                                     
00001fa9  uart_open                                  
00001fb9  uart_close                                 
00001fcb  uart_read                                  
00001ff5  uart_write                                 
00002037  uart_lseek                                 
00002047  uart_unlink                                
00002053  uart_rename                                
00002061  UART0_Initprintf                           
000020ed  GPIO_setAsOutputPin                        
00002127  GPIO_setAsInputPin                         
0000216d  GPIO_setAsPeripheralModuleFunctionOutputPin
000021f1  GPIO_setAsPeripheralModuleFunctionInputPin 
00002275  GPIO_setOutputHighOnPin                    
00002297  GPIO_setOutputLowOnPin                     
000022b9  GPIO_toggleOutputOnPin                     
000022db  GPIO_setAsInputPinWithPullDownResistor     
0000232d  GPIO_setAsInputPinWithPullUpResistor       
0000237f  GPIO_getInputPinValue                      
000023ad  GPIO_enableInterrupt                       
000023cf  GPIO_disableInterrupt                      
000023f1  GPIO_getInterruptStatus                    
0000240f  GPIO_clearInterruptFlag                    
00002431  GPIO_interruptEdgeSelect                   
00002467  GPIO_getEnabledInterruptStatus             
000024e3  GPIO_setDriveStrengthHigh                  
00002505  GPIO_setDriveStrengthLow                   
00002527  GPIO_registerInterrupt                     
00002547  GPIO_unregisterInterrupt                   
0000256f  Interrupt_enableMaster                     
0000257f  Interrupt_disableMaster                    
0000258f  Interrupt_registerInterrupt                
000025e1  Interrupt_unregisterInterrupt              
000025f5  Interrupt_setPriorityGrouping              
0000260f  Interrupt_getPriorityGrouping              
00002647  Interrupt_setPriority                      
00002697  Interrupt_getPriority                      
000026bd  Interrupt_enableInterrupt                  
0000272f  Interrupt_disableInterrupt                 
000027a1  Interrupt_isEnabled                        
0000282d  Interrupt_pendInterrupt                    
0000289d  Interrupt_unpendInterrupt                  
000028eb  Interrupt_setPriorityMask                  
000028fb  Interrupt_getPriorityMask                  
00002905  Interrupt_setVectorTableAddress            
00002915  Interrupt_getVectorTableAddress            
0000291b  Interrupt_enableSleepOnIsrExit             
0000292d  Interrupt_disableSleepOnIsrExit            
0000295d  SystemCoreClockUpdate                      
00002bd5  SystemInit                                 
00002c91  ACC_init_spi                               
00002c93  ACC_init                                   
00002d51  ACC_calc                                   
00002d7b  ACC_get_x                                  
00002d83  ACC_get_y                                  
00002d8b  ACC_get_z                                  
00002d93  ACC_read_data                              
00002ec1  Clock_Init48MHz                            
00002fd7  Clock_GetFreq                              
00002fdd  delay                                      
00002feb  Clock_Delay1us                             
00003015  Clock_Delay1ms                             
000030a1  RxFifo_Init                                
000030b3  RxFifo_Put                                 
000030f9  RxFifo_Get                                 
0000312f  UART1_InStatus                             
0000313f  UART1_Init                                 
0000319b  UART1_InChar                               
000031ad  UART1_OutChar                              
000031c9  EUSCIA2_IRQHandler                         
000031c9  EUSCIA2_IRQHandler                         
000031df  UART1_OutString                            
000031fd  UART1_FinishOutput                         
00003245  readBLE                                    
00003247  main                                       
00003399  aligned_alloc                              
00003399  memalign                                   
000035bd  free                                       
000036a1  setvbuf                                    
0000377d  ADC0_Ch6_Init                              
000037cd  ADC_Ch6_In                                 
000037ed  ADC_Ch6_Samples                            
00003849  GPIO_Init                                  
00003909  open                                       
000039c5  add_device                                 
00003a7d  fopen                                      
00003b19  __aeabi_memcpy                             
00003b19  __aeabi_memcpy4                            
00003b19  __aeabi_memcpy8                            
00003b19  memcpy                                     
00003bb5  Timer32Init                                
00003be7  Timer32Stop                                
00003bf3  T32_INT1_IRQHandler                        
00003bf3  T32_INT1_IRQHandler                        
00003c15  getOS_MsTime                               
00003c31  __aeabi_memclr                             
00003c31  __aeabi_memclr4                            
00003c31  __aeabi_memclr8                            
00003c33  __aeabi_memset                             
00003c33  __aeabi_memset4                            
00003c33  __aeabi_memset8                            
00003c39  memset                                     
00003cab  _nop                                       
00003cad  __TI_closefile                             
00003d91  HOSTrename                                 
00003dfd  HOSTlseek                                  
00003e65  __TI_decompress_lzss                       
00003ecd  HOSTopen                                   
00003f2d  close                                      
00003f89  HOSTread                                   
00003fe1  HOSTwrite                                  
00004039  __TI_doflush                               
00004085  exit                                       
000040cd  HOSTclose                                  
00004111  HOSTunlink                                 
00004155  __TI_auto_init_nobinit_nopinit             
00004199  getdevice                                  
000041dd  CPU_cpsid                                  
000041e9  CPU_primask                                
000041f3  CPU_cpsie                                  
000041ff  CPU_wfi                                    
00004203  CPU_basepriSet                             
00004211  CPU_basepriGet                             
0000421d  __TI_writemsg                              
0000424b  C$$IO$$                                    
00004255  strncpy                                    
0000428d  __TI_cleanup                               
000042c1  __TI_readmsg                               
000042f5  _c_int00_noargs                            
00004329  freopen                                    
0000435d  finddevice                                 
0000438d  remove                                     
0000438d  unlink                                     
000043e1  write                                      
00004425  GSR_Init                                   
0000442d  GSR_Read_Data                              
0000443f  strcmp                                     
00004457  strchr                                     
0000446d  strcpy                                     
00004481  strlen                                     
00004495  __TI_decompress_none                       
000044a3  Reset_Handler                              
000044af  ADC14_IRQHandler                           
000044af  AES256_IRQHandler                          
000044af  BusFault_Handler                           
000044af  COMP_E0_IRQHandler                         
000044af  COMP_E1_IRQHandler                         
000044af  CS_IRQHandler                              
000044af  DMA_ERR_IRQHandler                         
000044af  DMA_INT0_IRQHandler                        
000044af  DMA_INT1_IRQHandler                        
000044af  DMA_INT2_IRQHandler                        
000044af  DMA_INT3_IRQHandler                        
000044af  DebugMon_Handler                           
000044af  Default_Handler                            
000044af  EUSCIA0_IRQHandler                         
000044af  EUSCIA1_IRQHandler                         
000044af  EUSCIA3_IRQHandler                         
000044af  EUSCIB0_IRQHandler                         
000044af  EUSCIB1_IRQHandler                         
000044af  EUSCIB2_IRQHandler                         
000044af  EUSCIB3_IRQHandler                         
000044af  FLCTL_IRQHandler                           
000044af  FPU_IRQHandler                             
000044af  HardFault_Handler                          
000044af  MemManage_Handler                          
000044af  NMI_Handler                                
000044af  PCM_IRQHandler                             
000044af  PORT1_IRQHandler                           
000044af  PORT2_IRQHandler                           
000044af  PORT3_IRQHandler                           
000044af  PORT4_IRQHandler                           
000044af  PORT5_IRQHandler                           
000044af  PORT6_IRQHandler                           
000044af  PSS_IRQHandler                             
000044af  PendSV_Handler                             
000044af  RTC_C_IRQHandler                           
000044af  SVC_Handler                                
000044af  SysTick_Handler                            
000044af  T32_INT2_IRQHandler                        
000044af  T32_INTC_IRQHandler                        
000044af  TA0_0_IRQHandler                           
000044af  TA0_N_IRQHandler                           
000044af  TA1_0_IRQHandler                           
000044af  TA1_N_IRQHandler                           
000044af  TA2_0_IRQHandler                           
000044af  TA2_N_IRQHandler                           
000044af  TA3_0_IRQHandler                           
000044af  TA3_N_IRQHandler                           
000044af  UsageFault_Handler                         
000044af  WDT_A_IRQHandler                           
000044b1  __TI_zero_init                             
000044bd  malloc                                     
000044c5  _system_pre_init                           
000044c9  C$$EXIT                                    
000044c9  abort                                      
0000451c  NPI_SetAdvertisementSAP                    
00004580  NPI_StartAdvertisement                     
00004594  ACCConfig                                  
000045a8  NPI_SetAdvertisement1                      
000045b9  HCI_EXT_ResetSystemCmd                     
000045e4  NPI_GetStatus                              
000045ea  NPI_GetVersion                             
000045f0  NPI_Register                               
00004728  __TI_Handler_Table_Base                    
00004734  __TI_Handler_Table_Limit                   
00004748  __TI_CINIT_Base                            
00004760  __TI_CINIT_Limit                           
20000000  g_pfnRAMVectors                            
200000e8  __CIOBUF_                                  
20000208  RxFIFO                                     
20000308  CharacteristicList                         
200003a8  __TI_tmpnams                               
20000448  RecvBuf                                    
200004c8  NotifyCharacteristicList                   
20000524  Messageb                                   
2000052c  Messageindexb                              
20000530  OS_MsTime                                  
20000538  parmbuf                                    
20000540  NoSOFErr                                   
20000544  RxFifoLost                                 
20000548  RxGetI                                     
2000054c  RxPutI                                     
20000550  TimeOutErr                                 
20000554  fcserr                                     
20000558  i                                          
20000560  _sys_memory                                
20000960  _ftable                                    
20000a50  _device                                    
20000ac8  _stream                                    
20000b48  NPI_SetAdvertisementData                   
20000b6d  NPI_AddCharDescriptor                      
20000b8d  NPI_GATTSetDeviceName                      
20000bac  ClockFrequency                             
20000bb0  Prewait                                    
20000bb4  CPMwait                                    
20000bb8  Postwait                                   
20000bbc  IFlags                                     
20000bc0  Crystalstable                              
20000bc4  NPI_ReadConfirmation                       
20000bd9  NPI_SendNotificationIndication             
20000bf0  __TI_ft_end                                
20000bf4  __aeabi_stdin                              
20000bf8  __aeabi_stdout                             
20000bfc  __aeabi_stderr                             
20000c00  NPI_AddCharValue                           
20000c10  __TI_cleanup_ptr                           
20000c14  __TI_dtors_ptr                             
20000c18  __TI_enable_exit_profile_output            
20000c1c  NPI_AddService                             
20000c25  NPI_CCCDUpdatedConfirmation                
20000c2e  NPI_WriteConfirmation                      
20000c38  _lock                                      
20000c3c  _unlock                                    
20000c48  CharacteristicCount                        
20000c4c  NotifyCharacteristicCount                  
20000c5c  SystemCoreClock                            
2000fe00  __stack                                    
20010000  __STACK_END                                
4000480c  WDTCTL_SYM                                 
ffffffff  __TI_pprof_out_hndl                        
ffffffff  __TI_prof_data_size                        
ffffffff  __TI_prof_data_start                       
ffffffff  __binit__                                  
ffffffff  __c_args__                                 
ffffffff  binit                                      
UNDEFED   __mpu_init                                 
UNDEFED   _system_post_cinit                         

[356 symbols]
