******************************************************************************
                  TI ARM Linker PC v18.12.4                    
******************************************************************************
>> Linked Mon Feb 17 08:22:48 2020

OUTPUT FILE NAME:   <MAX30102.out>
ENTRY POINT SYMBOL: "_c_int00_noargs"  address: 00001095


MEMORY CONFIGURATION

         name            origin    length      used     unused   attr    fill
----------------------  --------  ---------  --------  --------  ----  --------
  MAIN                  00000000   00040000  00001208  0003edf8  R  X
  INFO                  00200000   00004000  00000000  00004000  R  X
  SRAM_CODE             01000000   00010000  00000000  00010000  RW X
  SRAM_DATA             20000000   00010000  0000023d  0000fdc3  RW  


SEGMENT ALLOCATION MAP

run origin  load origin   length   init length attrs members
----------  ----------- ---------- ----------- ----- -------
00000000    00000000    00001208   00001208    r-x
  00000000    00000000    00000140   00000140    r-- .intvecs
  00000140    00000140    00001084   00001084    r-x .text
  000011c4    000011c4    00000014   00000014    r-- .const
  000011d8    000011d8    00000030   00000030    r-- .cinit
20000000    20000000    0000003d   00000000    rw-
  20000000    20000000    00000038   00000000    rw- .bss
  20000038    20000038    00000005   00000000    rw- .data
2000fe00    2000fe00    00000200   00000000    rw-
  2000fe00    2000fe00    00000200   00000000    rw- .stack


SECTION ALLOCATION MAP

 output                                  attributes/
section   page    origin      length       input sections
--------  ----  ----------  ----------   ----------------
.intvecs   0    00000000    00000140     
                  00000000    00000140     startup_msp432p401r_ccs.obj (.intvecs:retain)

.text      0    00000140    00001084     
                  00000140    00000678     MAX30102.obj (.text)
                  000007b8    00000324     system_msp432p401r.obj (.text)
                  00000adc    0000010c     i2cMAX30102.obj (.text)
                  00000be8    000000fa     rtsv7M4_T_le_v4SPD16_eabi.lib : fs_add_t2.asm.obj (.text)
                  00000ce2    00000002     --HOLE-- [fill = 0]
                  00000ce4    0000009c     i2c_master_rw_repeated_start-master_code.obj (.text)
                  00000d80    0000009c     rtsv7M4_T_le_v4SPD16_eabi.lib : memcpy_t2.asm.obj (.text)
                  00000e1c    00000092                                   : fs_div_t2.asm.obj (.text)
                  00000eae    0000007a                                   : fs_mul_t2.asm.obj (.text)
                  00000f28    00000068                                   : copy_decompress_lzss.c.obj (.text:decompress:lzss:__TI_decompress_lzss)
                  00000f90    00000050     msp432p4xx_driverlib.lib : i2c.o (.text:I2C_masterSendSingleByte)
                  00000fe0    00000044     rtsv7M4_T_le_v4SPD16_eabi.lib : autoinit.c.obj (.text:__TI_auto_init_nobinit_nopinit:__TI_auto_init_nobinit_nopinit)
                  00001024    00000038                                   : fs_toi_t2.asm.obj (.text)
                  0000105c    00000038                                   : i_tofs_t2.asm.obj (.text)
                  00001094    00000034                                   : boot_cortex_m.c.obj (.text:_c_int00_noargs:_c_int00_noargs)
                  000010c8    00000034                                   : fs_tou_t2.asm.obj (.text)
                  000010fc    00000030     msp432p4xx_driverlib.lib : i2c.o (.text:I2C_masterReceiveMultiByteFinish)
                  0000112c    00000024     rtsv7M4_T_le_v4SPD16_eabi.lib : u_tofs_t2.asm.obj (.text)
                  00001150    0000001c                                   : copy_zero_init.c.obj (.text:decompress:ZI:__TI_zero_init_nomemset:__TI_zero_init_nomemset)
                  0000116c    00000018     msp432p4xx_driverlib.lib : i2c.o (.text:I2C_masterIsStartSent)
                  00001184    00000012     startup_msp432p401r_ccs.obj (.text)
                  00001196    00000002     --HOLE-- [fill = 0]
                  00001198    00000010     msp432p4xx_driverlib.lib : i2c.o (.text:I2C_masterIsStopSent)
                  000011a8    0000000e     rtsv7M4_T_le_v4SPD16_eabi.lib : copy_decompress_none.c.obj (.text:decompress:none:__TI_decompress_none)
                  000011b6    00000006     msp432p4xx_driverlib.lib : i2c.o (.text:I2C_masterReceiveMultiByteNext)
                  000011bc    00000004     rtsv7M4_T_le_v4SPD16_eabi.lib : pre_init.c.obj (.text:_system_pre_init)
                  000011c0    00000004                                   : exit.c.obj (.text:abort:abort)

.const     0    000011c4    00000014     
                  000011c4    00000014     i2c_master_rw_repeated_start-master_code.obj (.const:i2cConfig)

.cinit     0    000011d8    00000030     
                  000011d8    0000000c     (__TI_handler_table)
                  000011e4    00000009     (.cinit..data.load) [load image, compression = lzss]
                  000011ed    00000003     --HOLE-- [fill = 0]
                  000011f0    00000008     (.cinit..bss.load) [load image, compression = zero_init]
                  000011f8    00000010     (__TI_cinit_table)

.init_array 
*          0    00000000    00000000     UNINITIALIZED

.bss       0    20000000    00000038     UNINITIALIZED
                  20000000    00000034     (.common:sense)
                  20000034    00000004     i2cMAX30102.obj (.bss)

.data      0    20000038    00000005     UNINITIALIZED
                  20000038    00000004     system_msp432p401r.obj (.data)
                  2000003c    00000001     MAX30102.obj (.data)

.stack     0    2000fe00    00000200     UNINITIALIZED
                  2000fe00    00000004     rtsv7M4_T_le_v4SPD16_eabi.lib : boot_cortex_m.c.obj (.stack)
                  2000fe04    000001fc     --HOLE--

MODULE SUMMARY

       Module                                         code   ro data   rw data
       ------                                         ----   -------   -------
    .\
       MAX30102.obj                                   1656   0         53     
       system_msp432p401r.obj                         804    0         4      
       startup_msp432p401r_ccs.obj                    18     320       0      
       i2cMAX30102.obj                                268    0         4      
       i2c_master_rw_repeated_start-master_code.obj   156    20        0      
    +--+----------------------------------------------+------+---------+---------+
       Total:                                         2902   340       61     
                                                                              
    C:/Users/Matthew Barondeau/Downloads/msp432_driverlib_3_21_00_05/msp432_driverlib_3_21_00_05/driverlib/MSP432P4xx/ccs/msp432p4xx_driverlib.lib
       i2c.o                                          174    0         0      
    +--+----------------------------------------------+------+---------+---------+
       Total:                                         174    0         0      
                                                                              
    C:\ti\ccs930\ccs\tools\compiler\ti-cgt-arm_18.12.4.LTS\lib\rtsv7M4_T_le_v4SPD16_eabi.lib
       fs_add_t2.asm.obj                              250    0         0      
       memcpy_t2.asm.obj                              156    0         0      
       fs_div_t2.asm.obj                              146    0         0      
       fs_mul_t2.asm.obj                              122    0         0      
       copy_decompress_lzss.c.obj                     104    0         0      
       autoinit.c.obj                                 68     0         0      
       fs_toi_t2.asm.obj                              56     0         0      
       i_tofs_t2.asm.obj                              56     0         0      
       boot_cortex_m.c.obj                            52     0         0      
       fs_tou_t2.asm.obj                              52     0         0      
       u_tofs_t2.asm.obj                              36     0         0      
       copy_zero_init.c.obj                           28     0         0      
       copy_decompress_none.c.obj                     14     0         0      
       exit.c.obj                                     4      0         0      
       pre_init.c.obj                                 4      0         0      
    +--+----------------------------------------------+------+---------+---------+
       Total:                                         1148   0         0      
                                                                              
       Stack:                                         0      0         512    
       Linker Generated:                              0      45        0      
    +--+----------------------------------------------+------+---------+---------+
       Grand Total:                                   4224   385       573    


LINKER GENERATED COPY TABLES

__TI_cinit_table @ 000011f8 records: 2, size/record: 8, table size: 16
	.data: load addr=000011e4, load size=00000009 bytes, run addr=20000038, run size=00000005 bytes, compression=lzss
	.bss: load addr=000011f0, load size=00000008 bytes, run addr=20000000, run size=00000038 bytes, compression=zero_init


LINKER GENERATED HANDLER TABLE

__TI_handler_table @ 000011d8 records: 3, size/record: 4, table size: 12
	index: 0, handler: __TI_decompress_lzss
	index: 1, handler: __TI_decompress_none
	index: 2, handler: __TI_zero_init


GLOBAL SYMBOLS: SORTED ALPHABETICALLY BY Name 

address   name                            
-------   ----                            
000011c1  C$$EXIT                         
0000116d  I2C_masterIsStartSent           
00001199  I2C_masterIsStopSent            
000010fd  I2C_masterReceiveMultiByteFinish
000011b7  I2C_masterReceiveMultiByteNext  
00000f91  I2C_masterSendSingleByte        
0000050b  MAX30102_Init                   
000002f1  MAX30102_Setup                  
00000557  MAX30102_available              
000005e3  MAX30102_check                  
000005b3  MAX30102_getFIFOGreen           
000005a7  MAX30102_getFIFOIR              
0000059b  MAX30102_getFIFORed             
00000583  MAX30102_getIR                  
000005bf  MAX30102_nextSample             
20000038  SystemCoreClock                 
000007b9  SystemCoreClockUpdate           
00000a2f  SystemInit                      
4000480c  WDTCTL_SYM                      
20010000  __STACK_END                     
00000200  __STACK_SIZE                    
000011f8  __TI_CINIT_Base                 
00001208  __TI_CINIT_Limit                
000011d8  __TI_Handler_Table_Base         
000011e4  __TI_Handler_Table_Limit        
00000fe1  __TI_auto_init_nobinit_nopinit  
00000f29  __TI_decompress_lzss            
000011a9  __TI_decompress_none            
ffffffff  __TI_pprof_out_hndl             
ffffffff  __TI_prof_data_size             
ffffffff  __TI_prof_data_start            
00000000  __TI_static_base__              
00001151  __TI_zero_init_nomemset         
00001025  __aeabi_f2iz                    
000010c9  __aeabi_f2uiz                   
00000bed  __aeabi_fadd                    
00000e1d  __aeabi_fdiv                    
00000eaf  __aeabi_fmul                    
00000be9  __aeabi_fsub                    
0000105d  __aeabi_i2f                     
00000d81  __aeabi_memcpy                  
00000d81  __aeabi_memcpy4                 
00000d81  __aeabi_memcpy8                 
0000112d  __aeabi_ui2f                    
ffffffff  __binit__                       
ffffffff  __c_args__                      
UNDEFED   __mpu_init                      
2000fe00  __stack                         
00001095  _c_int00_noargs                 
UNDEFED   _system_post_cinit              
000011bd  _system_pre_init                
000011c1  abort                           
ffffffff  binit                           
00000b97  bitMask                         
000002a5  clearFIFO                       
000002cf  disableFIFORollover             
0000027d  disableSlots                    
000002c1  enableFIFORollover              
00000219  enableSlot                      
000002e7  getReadPointer                  
000002dd  getWritePointer                 
000011c4  i2cConfig                       
00000000  interruptVectors                
00000ce5  main                            
00000d81  memcpy                          
00000b2f  readRegister8                   
20000000  sense                           
00000199  setADCRange                     
00000291  setFIFOAverage                  
00000185  setLEDMode                      
000001f5  setPulseAmplitudeGreen          
000001e3  setPulseAmplitudeIR             
00000207  setPulseAmplitudeProximity      
000001d1  setPulseAmplitudeRed            
000001bf  setPulseWidth                   
000001ab  setSampleRate                   
00000141  softReset                       
00000add  writeRegister8                  


GLOBAL SYMBOLS: SORTED BY Symbol Address 

address   name                            
-------   ----                            
00000000  __TI_static_base__              
00000000  interruptVectors                
00000141  softReset                       
00000185  setLEDMode                      
00000199  setADCRange                     
000001ab  setSampleRate                   
000001bf  setPulseWidth                   
000001d1  setPulseAmplitudeRed            
000001e3  setPulseAmplitudeIR             
000001f5  setPulseAmplitudeGreen          
00000200  __STACK_SIZE                    
00000207  setPulseAmplitudeProximity      
00000219  enableSlot                      
0000027d  disableSlots                    
00000291  setFIFOAverage                  
000002a5  clearFIFO                       
000002c1  enableFIFORollover              
000002cf  disableFIFORollover             
000002dd  getWritePointer                 
000002e7  getReadPointer                  
000002f1  MAX30102_Setup                  
0000050b  MAX30102_Init                   
00000557  MAX30102_available              
00000583  MAX30102_getIR                  
0000059b  MAX30102_getFIFORed             
000005a7  MAX30102_getFIFOIR              
000005b3  MAX30102_getFIFOGreen           
000005bf  MAX30102_nextSample             
000005e3  MAX30102_check                  
000007b9  SystemCoreClockUpdate           
00000a2f  SystemInit                      
00000add  writeRegister8                  
00000b2f  readRegister8                   
00000b97  bitMask                         
00000be9  __aeabi_fsub                    
00000bed  __aeabi_fadd                    
00000ce5  main                            
00000d81  __aeabi_memcpy                  
00000d81  __aeabi_memcpy4                 
00000d81  __aeabi_memcpy8                 
00000d81  memcpy                          
00000e1d  __aeabi_fdiv                    
00000eaf  __aeabi_fmul                    
00000f29  __TI_decompress_lzss            
00000f91  I2C_masterSendSingleByte        
00000fe1  __TI_auto_init_nobinit_nopinit  
00001025  __aeabi_f2iz                    
0000105d  __aeabi_i2f                     
00001095  _c_int00_noargs                 
000010c9  __aeabi_f2uiz                   
000010fd  I2C_masterReceiveMultiByteFinish
0000112d  __aeabi_ui2f                    
00001151  __TI_zero_init_nomemset         
0000116d  I2C_masterIsStartSent           
00001199  I2C_masterIsStopSent            
000011a9  __TI_decompress_none            
000011b7  I2C_masterReceiveMultiByteNext  
000011bd  _system_pre_init                
000011c1  C$$EXIT                         
000011c1  abort                           
000011c4  i2cConfig                       
000011d8  __TI_Handler_Table_Base         
000011e4  __TI_Handler_Table_Limit        
000011f8  __TI_CINIT_Base                 
00001208  __TI_CINIT_Limit                
20000000  sense                           
20000038  SystemCoreClock                 
2000fe00  __stack                         
20010000  __STACK_END                     
4000480c  WDTCTL_SYM                      
ffffffff  __TI_pprof_out_hndl             
ffffffff  __TI_prof_data_size             
ffffffff  __TI_prof_data_start            
ffffffff  __binit__                       
ffffffff  __c_args__                      
ffffffff  binit                           
UNDEFED   __mpu_init                      
UNDEFED   _system_post_cinit              

[78 symbols]
