******************************************************************************
                  TI ARM Linker PC v18.12.4                    
******************************************************************************
>> Linked Wed Feb 26 12:55:11 2020

OUTPUT FILE NAME:   <MAX30102.out>
ENTRY POINT SYMBOL: "_c_int00_noargs"  address: 00002e89


MEMORY CONFIGURATION

         name            origin    length      used     unused   attr    fill
----------------------  --------  ---------  --------  --------  ----  --------
  MAIN                  00000000   00040000  000031a6  0003ce5a  R  X
  INFO                  00200000   00004000  00000000  00004000  R  X
  SRAM_CODE             01000000   00010000  00000000  00010000  RW X
  SRAM_DATA             20000000   00010000  00000ee9  0000f117  RW  


SEGMENT ALLOCATION MAP

run origin  load origin   length   init length attrs members
----------  ----------- ---------- ----------- ----- -------
00000000    00000000    000031a8   000031a8    r-x
  00000000    00000000    00000140   00000140    r-- .intvecs
  00000140    00000140    00002f1a   00002f1a    r-x .text
  0000305c    0000305c    000000a4   000000a4    r-- .const
  00003100    00003100    000000a8   000000a8    r-- .cinit
20000000    20000000    00000ced   00000000    rw-
  20000000    20000000    000000e4   00000000    rw- .vtable
  200000e8    200000e8    00000800   00000000    rw- .sysmem
  200008e8    200008e8    00000210   00000000    rw- .bss
  20000af8    20000af8    000001f5   00000000    rw- .data
2000fe00    2000fe00    00000200   00000000    rw-
  2000fe00    2000fe00    00000200   00000000    rw- .stack


SECTION ALLOCATION MAP

 output                                  attributes/
section   page    origin      length       input sections
--------  ----  ----------  ----------   ----------------
.intvecs   0    00000000    00000140     
                  00000000    00000140     startup_msp432p401r_ccs.obj (.intvecs:retain)

.text      0    00000140    00002f1a     
                  00000140    00000898     i2c.obj (.text)
                  000009d8    0000083c     MAX30102.obj (.text)
                  00001214    000006bc     UART0.obj (.text)
                  000018d0    000003f0     interrupt.obj (.text)
                  00001cc0    00000328     system_msp432p401r.obj (.text)
                  00001fe8    00000118     rtsv7M4_T_le_v4SPD16_eabi.lib : memory.c.obj (.text:aligned_alloc)
                  00002100    0000010c                                   : fopen.c.obj (.text:_openfile)
                  0000220c    000000e4                                   : memory.c.obj (.text:free)
                  000022f0    000000dc                                   : setvbuf.c.obj (.text:setvbuf)
                  000023cc    000000d0     i2c_master_rw_repeated_start-master_code.obj (.text)
                  0000249c    000000bc     rtsv7M4_T_le_v4SPD16_eabi.lib : open.c.obj (.text:open)
                  00002558    000000b8                                   : add_device.c.obj (.text:add_device)
                  00002610    0000009c                                   : fopen.c.obj (.text:fopen)
                  000026ac    0000009c                                   : memcpy_t2.asm.obj (.text)
                  00002748    0000007c     Timer32.obj (.text)
                  000027c4    0000007a     rtsv7M4_T_le_v4SPD16_eabi.lib : memset_t2.asm.obj (.text)
                  0000283e    00000002                                   : _lock.c.obj (.text:_nop)
                  00002840    00000074                                   : fclose.c.obj (.text:__TI_closefile)
                  000028b4    00000070                                   : memory.c.obj (.text:split)
                  00002924    0000006c                                   : hostrename.c.obj (.text:HOSTrename)
                  00002990    00000068                                   : hostlseek.c.obj (.text:HOSTlseek)
                  000029f8    00000068                                   : copy_decompress_lzss.c.obj (.text:decompress:lzss:__TI_decompress_lzss)
                  00002a60    00000060                                   : hostopen.c.obj (.text:HOSTopen)
                  00002ac0    0000005c                                   : close.c.obj (.text:close)
                  00002b1c    00000058                                   : hostread.c.obj (.text:HOSTread)
                  00002b74    00000058                                   : hostwrite.c.obj (.text:HOSTwrite)
                  00002bcc    0000004c                                   : fflush.c.obj (.text:__TI_doflush)
                  00002c18    00000048                                   : exit.c.obj (.text:exit)
                  00002c60    00000044                                   : hostclose.c.obj (.text:HOSTclose)
                  00002ca4    00000044                                   : hostunlink.c.obj (.text:HOSTunlink)
                  00002ce8    00000044                                   : autoinit.c.obj (.text:__TI_auto_init_nobinit_nopinit:__TI_auto_init_nobinit_nopinit)
                  00002d2c    00000044                                   : getdevice.c.obj (.text:getdevice)
                  00002d70    0000003e     cpu.obj (.text)
                  00002dae    00000002     --HOLE-- [fill = 0]
                  00002db0    00000038     rtsv7M4_T_le_v4SPD16_eabi.lib : trgmsg.c.obj (.text:__TI_writemsg)
                  00002de8    00000036                                   : strncpy.c.obj (.text:strncpy)
                  00002e1e    00000002     --HOLE-- [fill = 0]
                  00002e20    00000034                                   : fopen.c.obj (.text:__TI_cleanup)
                  00002e54    00000034                                   : trgmsg.c.obj (.text:__TI_readmsg)
                  00002e88    00000034                                   : boot_cortex_m.c.obj (.text:_c_int00_noargs:_c_int00_noargs)
                  00002ebc    00000034                                   : fopen.c.obj (.text:freopen)
                  00002ef0    00000030                                   : getdevice.c.obj (.text:finddevice)
                  00002f20    0000002c                                   : unlink.c.obj (.text:unlink)
                  00002f4c    00000028                                   : memory.c.obj (.text:free_list_insert)
                  00002f74    00000028                                   : write.c.obj (.text:write)
                  00002f9c    0000001c                                   : copy_zero_init.c.obj (.text:decompress:ZI:__TI_zero_init_nomemset:__TI_zero_init_nomemset)
                  00002fb8    0000001c                                   : memory.c.obj (.text:free_list_remove)
                  00002fd4    00000018                                   : strcmp.c.obj (.text:strcmp)
                  00002fec    00000016                                   : strchr.c.obj (.text:strchr)
                  00003002    00000014                                   : strcpy.c.obj (.text:strcpy)
                  00003016    00000014                                   : strlen.c.obj (.text:strlen)
                  0000302a    00000012     startup_msp432p401r_ccs.obj (.text)
                  0000303c    0000000e     rtsv7M4_T_le_v4SPD16_eabi.lib : copy_decompress_none.c.obj (.text:decompress:none:__TI_decompress_none)
                  0000304a    00000008                                   : memory.c.obj (.text:malloc)
                  00003052    00000004                                   : pre_init.c.obj (.text:_system_pre_init)
                  00003056    00000004                                   : exit.c.obj (.text:abort:abort)

.const     0    0000305c    000000a4     
                  0000305c    00000050     interrupt.obj (.const:g_pulRegs)
                  000030ac    00000020     interrupt.obj (.const:g_pulPriority)
                  000030cc    00000014     i2c_master_rw_repeated_start-master_code.obj (.const:i2cConfig)
                  000030e0    00000008     interrupt.obj (.const:g_pulDisRegs)
                  000030e8    00000008     interrupt.obj (.const:g_pulEnRegs)
                  000030f0    00000008     interrupt.obj (.const:g_pulPendRegs)
                  000030f8    00000008     interrupt.obj (.const:g_pulUnpendRegs)

.cinit     0    00003100    000000a8     
                  00003100    00000071     (.cinit..data.load) [load image, compression = lzss]
                  00003171    00000003     --HOLE-- [fill = 0]
                  00003174    0000000c     (__TI_handler_table)
                  00003180    00000008     (.cinit..bss.load) [load image, compression = zero_init]
                  00003188    00000008     (.cinit..vtable.load) [load image, compression = zero_init]
                  00003190    00000018     (__TI_cinit_table)

.init_array 
*          0    00000000    00000000     UNINITIALIZED

.vtable    0    20000000    000000e4     UNINITIALIZED
                  20000000    000000e4     interrupt.obj (.vtable)

.sysmem    0    200000e8    00000800     UNINITIALIZED
                  200000e8    00000010     rtsv7M4_T_le_v4SPD16_eabi.lib : memory.c.obj (.sysmem)
                  200000f8    000007f0     --HOLE--

.bss       0    200008e8    00000210     UNINITIALIZED
                  200008e8    00000120     rtsv7M4_T_le_v4SPD16_eabi.lib : trgmsg.c.obj (.bss:_CIOBUF_)
                  20000a08    000000a0     (.common:__TI_tmpnams)
                  20000aa8    00000034     (.common:sense)
                  20000adc    00000008     (.common:Messageb)
                  20000ae4    00000004     (.common:Messageindexb)
                  20000ae8    00000008     (.common:OS_MsTime)
                  20000af0    00000008     (.common:parmbuf)

.data      0    20000af8    000001f5     UNINITIALIZED
                  20000af8    000000f0     rtsv7M4_T_le_v4SPD16_eabi.lib : defs.c.obj (.data:_ftable)
                  20000be8    00000078                                   : host_device.c.obj (.data:_device)
                  20000c60    00000050                                   : host_device.c.obj (.data:_stream)
                  20000cb0    00000010                                   : defs.c.obj (.data)
                  20000cc0    0000000c                                   : exit.c.obj (.data:$O1$$)
                  20000ccc    00000008                                   : _lock.c.obj (.data:$O1$$)
                  20000cd4    00000008                                   : memory.c.obj (.data:$O1$$)
                  20000cdc    00000004                                   : add_device.c.obj (.data)
                  20000ce0    00000004                                   : fopen.c.obj (.data)
                  20000ce4    00000004                                   : open.c.obj (.data)
                  20000ce8    00000004     system_msp432p401r.obj (.data)
                  20000cec    00000001     MAX30102.obj (.data)

.stack     0    2000fe00    00000200     UNINITIALIZED
                  2000fe00    00000004     rtsv7M4_T_le_v4SPD16_eabi.lib : boot_cortex_m.c.obj (.stack)
                  2000fe04    000001fc     --HOLE--

MODULE SUMMARY

       Module                                         code    ro data   rw data
       ------                                         ----    -------   -------
    .\
       MAX30102.obj                                   2108    0         53     
       UART0.obj                                      1724    0         12     
       system_msp432p401r.obj                         808     0         4      
       startup_msp432p401r_ccs.obj                    18      320       0      
       i2c_master_rw_repeated_start-master_code.obj   208     20        0      
       Timer32.obj                                    124     0         8      
    +--+----------------------------------------------+-------+---------+---------+
       Total:                                         4990    340       77     
                                                                               
    .\driverlib\MSP432P4xx\
       i2c.obj                                        2200    0         0      
       interrupt.obj                                  1008    144       228    
       cpu.obj                                        62      0         0      
    +--+----------------------------------------------+-------+---------+---------+
       Total:                                         3270    144       228    
                                                                               
    C:\ti\ccs930\ccs\tools\compiler\ti-cgt-arm_18.12.4.LTS\lib\rtsv7M4_T_le_v4SPD16_eabi.lib
       memory.c.obj                                   696     0         8      
       fopen.c.obj                                    528     0         4      
       defs.c.obj                                     0       0         416    
       trgmsg.c.obj                                   108     0         288    
       setvbuf.c.obj                                  220     0         0      
       host_device.c.obj                              0       0         200    
       open.c.obj                                     188     0         4      
       add_device.c.obj                               184     0         4      
       memcpy_t2.asm.obj                              156     0         0      
       memset_t2.asm.obj                              122     0         0      
       fclose.c.obj                                   116     0         0      
       getdevice.c.obj                                116     0         0      
       hostrename.c.obj                               108     0         0      
       copy_decompress_lzss.c.obj                     104     0         0      
       hostlseek.c.obj                                104     0         0      
       hostopen.c.obj                                 96      0         8      
       close.c.obj                                    92      0         0      
       exit.c.obj                                     76      0         12     
       hostread.c.obj                                 88      0         0      
       hostwrite.c.obj                                88      0         0      
       fflush.c.obj                                   76      0         0      
       autoinit.c.obj                                 68      0         0      
       hostclose.c.obj                                68      0         0      
       hostunlink.c.obj                               68      0         0      
       strncpy.c.obj                                  54      0         0      
       boot_cortex_m.c.obj                            52      0         0      
       unlink.c.obj                                   44      0         0      
       write.c.obj                                    40      0         0      
       copy_zero_init.c.obj                           28      0         0      
       strcmp.c.obj                                   24      0         0      
       strchr.c.obj                                   22      0         0      
       strcpy.c.obj                                   20      0         0      
       strlen.c.obj                                   20      0         0      
       copy_decompress_none.c.obj                     14      0         0      
       _lock.c.obj                                    2       0         8      
       pre_init.c.obj                                 4       0         0      
    +--+----------------------------------------------+-------+---------+---------+
       Total:                                         3794    0         952    
                                                                               
       Heap:                                          0       0         2048   
       Stack:                                         0       0         512    
       Linker Generated:                              0       165       0      
    +--+----------------------------------------------+-------+---------+---------+
       Grand Total:                                   12054   649       3817   


LINKER GENERATED COPY TABLES

__TI_cinit_table @ 00003190 records: 3, size/record: 8, table size: 24
	.data: load addr=00003100, load size=00000071 bytes, run addr=20000af8, run size=000001f5 bytes, compression=lzss
	.bss: load addr=00003180, load size=00000008 bytes, run addr=200008e8, run size=00000210 bytes, compression=zero_init
	.vtable: load addr=00003188, load size=00000008 bytes, run addr=20000000, run size=000000e4 bytes, compression=zero_init


LINKER GENERATED HANDLER TABLE

__TI_handler_table @ 00003174 records: 3, size/record: 4, table size: 12
	index: 0, handler: __TI_zero_init
	index: 1, handler: __TI_decompress_lzss
	index: 2, handler: __TI_decompress_none


GLOBAL SYMBOLS: SORTED ALPHABETICALLY BY Name 

address   name                                       
-------   ----                                       
00003057  C$$EXIT                                    
00002ddf  C$$IO$$                                    
00002da5  CPU_basepriGet                             
00002d97  CPU_basepriSet                             
00002d71  CPU_cpsid                                  
00002d87  CPU_cpsie                                  
00002d7d  CPU_primask                                
00002d93  CPU_wfi                                    
00002c61  HOSTclose                                  
00002991  HOSTlseek                                  
00002a61  HOSTopen                                   
00002b1d  HOSTread                                   
00002925  HOSTrename                                 
00002ca5  HOSTunlink                                 
00002b75  HOSTwrite                                  
00000891  I2C_clearInterruptFlag                     
0000087b  I2C_disableInterrupt                       
000002d3  I2C_disableModule                          
00000845  I2C_disableMultiMasterMode                 
00000865  I2C_enableInterrupt                        
000002bd  I2C_enableModule                           
00000825  I2C_enableMultiMasterMode                  
000008bf  I2C_getEnabledInterruptStatus              
000008a7  I2C_getInterruptStatus                     
000008cf  I2C_getMode                                
000007cb  I2C_getReceiveBufferAddressForDMA          
000007d9  I2C_getTransmitBufferAddressForDMA         
00000221  I2C_initMaster                             
00000283  I2C_initSlave                              
00000377  I2C_isBusBusy                              
000007f9  I2C_masterIsStartSent                      
000007e7  I2C_masterIsStopSent                       
000006f1  I2C_masterReceiveMultiByteFinish           
0000072f  I2C_masterReceiveMultiByteFinishWithTimeout
000006d9  I2C_masterReceiveMultiByteNext             
0000078d  I2C_masterReceiveMultiByteStop             
000007a1  I2C_masterReceiveSingle                    
00000319  I2C_masterReceiveSingleByte                
000006bf  I2C_masterReceiveStart                     
0000059f  I2C_masterSendMultiByteFinish              
000005ed  I2C_masterSendMultiByteFinishWithTimeout   
00000535  I2C_masterSendMultiByteNext                
00000561  I2C_masterSendMultiByteNextWithTimeout     
00000485  I2C_masterSendMultiByteStart               
000004d9  I2C_masterSendMultiByteStartWithTimeout    
00000659  I2C_masterSendMultiByteStop                
00000683  I2C_masterSendMultiByteStopWithTimeout     
00000389  I2C_masterSendSingleByte                   
000003f9  I2C_masterSendSingleByteWithTimeout        
00000811  I2C_masterSendStart                        
000008e5  I2C_registerInterrupt                      
000002fd  I2C_setMode                                
000002e9  I2C_setSlaveAddress                        
00000363  I2C_slaveGetData                           
0000034d  I2C_slavePutData                           
000009a7  I2C_slaveSendNAK                           
0000094b  I2C_unregisterInterrupt                    
00001a93  Interrupt_disableInterrupt                 
000018e3  Interrupt_disableMaster                    
00001c91  Interrupt_disableSleepOnIsrExit            
00001a21  Interrupt_enableInterrupt                  
000018d3  Interrupt_enableMaster                     
00001c7f  Interrupt_enableSleepOnIsrExit             
000019fb  Interrupt_getPriority                      
00001973  Interrupt_getPriorityGrouping              
00001c5f  Interrupt_getPriorityMask                  
00001c79  Interrupt_getVectorTableAddress            
00001b05  Interrupt_isEnabled                        
00001b91  Interrupt_pendInterrupt                    
000018f3  Interrupt_registerInterrupt                
000019ab  Interrupt_setPriority                      
00001959  Interrupt_setPriorityGrouping              
00001c4f  Interrupt_setPriorityMask                  
00001c69  Interrupt_setVectorTableAddress            
00001c01  Interrupt_unpendInterrupt                  
00001945  Interrupt_unregisterInterrupt              
00000da3  MAX30102_Init                              
00000b89  MAX30102_Setup                             
00000df1  MAX30102_available                         
00000fb1  MAX30102_check                             
00000e7d  MAX30102_checkDevice                       
00000e4d  MAX30102_getFIFOGreen                      
00000e41  MAX30102_getFIFOIR                         
00000e35  MAX30102_getFIFORed                        
00000e1d  MAX30102_getIR                             
00000e59  MAX30102_nextSample                        
000011c5  MAX30102_safeCheck                         
20000adc  Messageb                                   
20000ae4  Messageindexb                              
20000ae8  OS_MsTime                                  
20000ce8  SystemCoreClock                            
00001cc1  SystemCoreClockUpdate                      
00001f35  SystemInit                                 
00002787  T32_INT1_IRQHandler                        
00002749  Timer32Init                                
0000277b  Timer32Stop                                
0000125b  UART0_InChar                               
000016e5  UART0_InString                             
000012a5  UART0_InUDec                               
00001599  UART0_InUHex                               
00001215  UART0_Init                                 
00001845  UART0_Initprintf                           
0000126b  UART0_OutChar                              
00001287  UART0_OutString                            
00001329  UART0_OutUDec                              
00001495  UART0_OutUDec4                             
000014e9  UART0_OutUDec5                             
00001525  UART0_OutUFix1                             
0000154d  UART0_OutUFix2                             
0000165d  UART0_OutUHex                              
000016c9  UART0_OutUHex2                             
4000480c  WDTCTL_SYM                                 
200008e8  __CIOBUF_                                  
20010000  __STACK_END                                
00000200  __STACK_SIZE                               
00000800  __SYSMEM_SIZE                              
00003190  __TI_CINIT_Base                            
000031a8  __TI_CINIT_Limit                           
00003174  __TI_Handler_Table_Base                    
00003180  __TI_Handler_Table_Limit                   
00002ce9  __TI_auto_init_nobinit_nopinit             
00002e21  __TI_cleanup                               
20000cc0  __TI_cleanup_ptr                           
00002841  __TI_closefile                             
000029f9  __TI_decompress_lzss                       
0000303d  __TI_decompress_none                       
00002bcd  __TI_doflush                               
20000cc4  __TI_dtors_ptr                             
20000cc8  __TI_enable_exit_profile_output            
20000cb0  __TI_ft_end                                
ffffffff  __TI_pprof_out_hndl                        
ffffffff  __TI_prof_data_size                        
ffffffff  __TI_prof_data_start                       
00002e55  __TI_readmsg                               
00000000  __TI_static_base__                         
20000a08  __TI_tmpnams                               
00002db1  __TI_writemsg                              
00002f9d  __TI_zero_init_nomemset                    
000027c5  __aeabi_memclr                             
000027c5  __aeabi_memclr4                            
000027c5  __aeabi_memclr8                            
000026ad  __aeabi_memcpy                             
000026ad  __aeabi_memcpy4                            
000026ad  __aeabi_memcpy8                            
000027c7  __aeabi_memset                             
000027c7  __aeabi_memset4                            
000027c7  __aeabi_memset8                            
20000cbc  __aeabi_stderr                             
20000cb4  __aeabi_stdin                              
20000cb8  __aeabi_stdout                             
ffffffff  __binit__                                  
ffffffff  __c_args__                                 
UNDEFED   __mpu_init                                 
2000fe00  __stack                                    
00002e89  _c_int00_noargs                            
20000be8  _device                                    
20000af8  _ftable                                    
20000ccc  _lock                                      
0000283f  _nop                                       
20000c60  _stream                                    
200000e8  _sys_memory                                
UNDEFED   _system_post_cinit                         
00003053  _system_pre_init                           
20000cd0  _unlock                                    
00003057  abort                                      
00002559  add_device                                 
00001fe9  aligned_alloc                              
ffffffff  binit                                      
000001e5  bitMask                                    
00000b3d  clearFIFO                                  
00002ac1  close                                      
00000b67  disableFIFORollover                        
00000b15  disableSlots                               
00000b59  enableFIFORollover                         
00000ab1  enableSlot                                 
00002c19  exit                                       
0000177f  ferror                                     
0000175f  fgetc                                      
00002ef1  finddevice                                 
00002611  fopen                                      
0000220d  free                                       
00002ebd  freopen                                    
20000000  g_pfnRAMVectors                            
000027a9  getOS_MsTime                               
00000b7f  getReadPointer                             
00000b75  getWritePointer                            
00002d2d  getdevice                                  
000030cc  i2cConfig                                  
00000000  interruptVectors                           
000023cd  main                                       
0000304b  malloc                                     
00001fe9  memalign                                   
000026ad  memcpy                                     
000027cd  memset                                     
0000249d  open                                       
000016a1  outnibble                                  
20000af0  parmbuf                                    
0000018f  readRegister8                              
00002f21  remove                                     
20000aa8  sense                                      
00000a31  setADCRange                                
00000b29  setFIFOAverage                             
00000a1d  setLEDMode                                 
00000a8d  setPulseAmplitudeGreen                     
00000a7b  setPulseAmplitudeIR                        
00000a9f  setPulseAmplitudeProximity                 
00000a69  setPulseAmplitudeRed                       
00000a57  setPulseWidth                              
00000a43  setSampleRate                              
000022f1  setvbuf                                    
000009d9  softReset                                  
00002fed  strchr                                     
00002fd5  strcmp                                     
00003003  strcpy                                     
00003017  strlen                                     
00002de9  strncpy                                    
0000179d  uart_close                                 
0000181b  uart_lseek                                 
0000178d  uart_open                                  
000017af  uart_read                                  
00001837  uart_rename                                
0000182b  uart_unlink                                
000017d9  uart_write                                 
00002f21  unlink                                     
00002f75  write                                      
00000141  writeRegister8                             


GLOBAL SYMBOLS: SORTED BY Symbol Address 

address   name                                       
-------   ----                                       
00000000  __TI_static_base__                         
00000000  interruptVectors                           
00000141  writeRegister8                             
0000018f  readRegister8                              
000001e5  bitMask                                    
00000200  __STACK_SIZE                               
00000221  I2C_initMaster                             
00000283  I2C_initSlave                              
000002bd  I2C_enableModule                           
000002d3  I2C_disableModule                          
000002e9  I2C_setSlaveAddress                        
000002fd  I2C_setMode                                
00000319  I2C_masterReceiveSingleByte                
0000034d  I2C_slavePutData                           
00000363  I2C_slaveGetData                           
00000377  I2C_isBusBusy                              
00000389  I2C_masterSendSingleByte                   
000003f9  I2C_masterSendSingleByteWithTimeout        
00000485  I2C_masterSendMultiByteStart               
000004d9  I2C_masterSendMultiByteStartWithTimeout    
00000535  I2C_masterSendMultiByteNext                
00000561  I2C_masterSendMultiByteNextWithTimeout     
0000059f  I2C_masterSendMultiByteFinish              
000005ed  I2C_masterSendMultiByteFinishWithTimeout   
00000659  I2C_masterSendMultiByteStop                
00000683  I2C_masterSendMultiByteStopWithTimeout     
000006bf  I2C_masterReceiveStart                     
000006d9  I2C_masterReceiveMultiByteNext             
000006f1  I2C_masterReceiveMultiByteFinish           
0000072f  I2C_masterReceiveMultiByteFinishWithTimeout
0000078d  I2C_masterReceiveMultiByteStop             
000007a1  I2C_masterReceiveSingle                    
000007cb  I2C_getReceiveBufferAddressForDMA          
000007d9  I2C_getTransmitBufferAddressForDMA         
000007e7  I2C_masterIsStopSent                       
000007f9  I2C_masterIsStartSent                      
00000800  __SYSMEM_SIZE                              
00000811  I2C_masterSendStart                        
00000825  I2C_enableMultiMasterMode                  
00000845  I2C_disableMultiMasterMode                 
00000865  I2C_enableInterrupt                        
0000087b  I2C_disableInterrupt                       
00000891  I2C_clearInterruptFlag                     
000008a7  I2C_getInterruptStatus                     
000008bf  I2C_getEnabledInterruptStatus              
000008cf  I2C_getMode                                
000008e5  I2C_registerInterrupt                      
0000094b  I2C_unregisterInterrupt                    
000009a7  I2C_slaveSendNAK                           
000009d9  softReset                                  
00000a1d  setLEDMode                                 
00000a31  setADCRange                                
00000a43  setSampleRate                              
00000a57  setPulseWidth                              
00000a69  setPulseAmplitudeRed                       
00000a7b  setPulseAmplitudeIR                        
00000a8d  setPulseAmplitudeGreen                     
00000a9f  setPulseAmplitudeProximity                 
00000ab1  enableSlot                                 
00000b15  disableSlots                               
00000b29  setFIFOAverage                             
00000b3d  clearFIFO                                  
00000b59  enableFIFORollover                         
00000b67  disableFIFORollover                        
00000b75  getWritePointer                            
00000b7f  getReadPointer                             
00000b89  MAX30102_Setup                             
00000da3  MAX30102_Init                              
00000df1  MAX30102_available                         
00000e1d  MAX30102_getIR                             
00000e35  MAX30102_getFIFORed                        
00000e41  MAX30102_getFIFOIR                         
00000e4d  MAX30102_getFIFOGreen                      
00000e59  MAX30102_nextSample                        
00000e7d  MAX30102_checkDevice                       
00000fb1  MAX30102_check                             
000011c5  MAX30102_safeCheck                         
00001215  UART0_Init                                 
0000125b  UART0_InChar                               
0000126b  UART0_OutChar                              
00001287  UART0_OutString                            
000012a5  UART0_InUDec                               
00001329  UART0_OutUDec                              
00001495  UART0_OutUDec4                             
000014e9  UART0_OutUDec5                             
00001525  UART0_OutUFix1                             
0000154d  UART0_OutUFix2                             
00001599  UART0_InUHex                               
0000165d  UART0_OutUHex                              
000016a1  outnibble                                  
000016c9  UART0_OutUHex2                             
000016e5  UART0_InString                             
0000175f  fgetc                                      
0000177f  ferror                                     
0000178d  uart_open                                  
0000179d  uart_close                                 
000017af  uart_read                                  
000017d9  uart_write                                 
0000181b  uart_lseek                                 
0000182b  uart_unlink                                
00001837  uart_rename                                
00001845  UART0_Initprintf                           
000018d3  Interrupt_enableMaster                     
000018e3  Interrupt_disableMaster                    
000018f3  Interrupt_registerInterrupt                
00001945  Interrupt_unregisterInterrupt              
00001959  Interrupt_setPriorityGrouping              
00001973  Interrupt_getPriorityGrouping              
000019ab  Interrupt_setPriority                      
000019fb  Interrupt_getPriority                      
00001a21  Interrupt_enableInterrupt                  
00001a93  Interrupt_disableInterrupt                 
00001b05  Interrupt_isEnabled                        
00001b91  Interrupt_pendInterrupt                    
00001c01  Interrupt_unpendInterrupt                  
00001c4f  Interrupt_setPriorityMask                  
00001c5f  Interrupt_getPriorityMask                  
00001c69  Interrupt_setVectorTableAddress            
00001c79  Interrupt_getVectorTableAddress            
00001c7f  Interrupt_enableSleepOnIsrExit             
00001c91  Interrupt_disableSleepOnIsrExit            
00001cc1  SystemCoreClockUpdate                      
00001f35  SystemInit                                 
00001fe9  aligned_alloc                              
00001fe9  memalign                                   
0000220d  free                                       
000022f1  setvbuf                                    
000023cd  main                                       
0000249d  open                                       
00002559  add_device                                 
00002611  fopen                                      
000026ad  __aeabi_memcpy                             
000026ad  __aeabi_memcpy4                            
000026ad  __aeabi_memcpy8                            
000026ad  memcpy                                     
00002749  Timer32Init                                
0000277b  Timer32Stop                                
00002787  T32_INT1_IRQHandler                        
000027a9  getOS_MsTime                               
000027c5  __aeabi_memclr                             
000027c5  __aeabi_memclr4                            
000027c5  __aeabi_memclr8                            
000027c7  __aeabi_memset                             
000027c7  __aeabi_memset4                            
000027c7  __aeabi_memset8                            
000027cd  memset                                     
0000283f  _nop                                       
00002841  __TI_closefile                             
00002925  HOSTrename                                 
00002991  HOSTlseek                                  
000029f9  __TI_decompress_lzss                       
00002a61  HOSTopen                                   
00002ac1  close                                      
00002b1d  HOSTread                                   
00002b75  HOSTwrite                                  
00002bcd  __TI_doflush                               
00002c19  exit                                       
00002c61  HOSTclose                                  
00002ca5  HOSTunlink                                 
00002ce9  __TI_auto_init_nobinit_nopinit             
00002d2d  getdevice                                  
00002d71  CPU_cpsid                                  
00002d7d  CPU_primask                                
00002d87  CPU_cpsie                                  
00002d93  CPU_wfi                                    
00002d97  CPU_basepriSet                             
00002da5  CPU_basepriGet                             
00002db1  __TI_writemsg                              
00002ddf  C$$IO$$                                    
00002de9  strncpy                                    
00002e21  __TI_cleanup                               
00002e55  __TI_readmsg                               
00002e89  _c_int00_noargs                            
00002ebd  freopen                                    
00002ef1  finddevice                                 
00002f21  remove                                     
00002f21  unlink                                     
00002f75  write                                      
00002f9d  __TI_zero_init_nomemset                    
00002fd5  strcmp                                     
00002fed  strchr                                     
00003003  strcpy                                     
00003017  strlen                                     
0000303d  __TI_decompress_none                       
0000304b  malloc                                     
00003053  _system_pre_init                           
00003057  C$$EXIT                                    
00003057  abort                                      
000030cc  i2cConfig                                  
00003174  __TI_Handler_Table_Base                    
00003180  __TI_Handler_Table_Limit                   
00003190  __TI_CINIT_Base                            
000031a8  __TI_CINIT_Limit                           
20000000  g_pfnRAMVectors                            
200000e8  _sys_memory                                
200008e8  __CIOBUF_                                  
20000a08  __TI_tmpnams                               
20000aa8  sense                                      
20000adc  Messageb                                   
20000ae4  Messageindexb                              
20000ae8  OS_MsTime                                  
20000af0  parmbuf                                    
20000af8  _ftable                                    
20000be8  _device                                    
20000c60  _stream                                    
20000cb0  __TI_ft_end                                
20000cb4  __aeabi_stdin                              
20000cb8  __aeabi_stdout                             
20000cbc  __aeabi_stderr                             
20000cc0  __TI_cleanup_ptr                           
20000cc4  __TI_dtors_ptr                             
20000cc8  __TI_enable_exit_profile_output            
20000ccc  _lock                                      
20000cd0  _unlock                                    
20000ce8  SystemCoreClock                            
2000fe00  __stack                                    
20010000  __STACK_END                                
4000480c  WDTCTL_SYM                                 
ffffffff  __TI_pprof_out_hndl                        
ffffffff  __TI_prof_data_size                        
ffffffff  __TI_prof_data_start                       
ffffffff  __binit__                                  
ffffffff  __c_args__                                 
ffffffff  binit                                      
UNDEFED   __mpu_init                                 
UNDEFED   _system_post_cinit                         

[226 symbols]
