******************************************************************************
                  TI ARM Linker PC v18.12.4                    
******************************************************************************
>> Linked Fri Feb 14 18:11:32 2020

OUTPUT FILE NAME:   <MAX30102.out>
ENTRY POINT SYMBOL: "_c_int00_noargs"  address: 00000c49


MEMORY CONFIGURATION

         name            origin    length      used     unused   attr    fill
----------------------  --------  ---------  --------  --------  ----  --------
  MAIN                  00000000   00040000  00000d2e  0003f2d2  R  X
  INFO                  00200000   00004000  00000000  00004000  R  X
  SRAM_CODE             01000000   00010000  00000000  00010000  RW X
  SRAM_DATA             20000000   00010000  0000023d  0000fdc3  RW  


SEGMENT ALLOCATION MAP

run origin  load origin   length   init length attrs members
----------  ----------- ---------- ----------- ----- -------
00000000    00000000    00000d30   00000d30    r-x
  00000000    00000000    00000140   00000140    r-- .intvecs
  00000140    00000140    00000baa   00000baa    r-x .text
  00000cec    00000cec    00000014   00000014    r-- .const
  00000d00    00000d00    00000030   00000030    r-- .cinit
20000000    20000000    0000003d   00000000    rw-
  20000000    20000000    00000038   00000000    rw- .bss
  20000038    20000038    00000005   00000000    rw- .data
2000fe00    2000fe00    00000200   00000000    rw-
  2000fe00    2000fe00    00000200   00000000    rw- .stack


SECTION ALLOCATION MAP

 output                                  attributes/
section   page    origin      length       input sections
--------  ----  ----------  ----------   ----------------
.intvecs   0    00000000    00000140     
                  00000000    00000140     startup_msp432p401r_ccs.obj (.intvecs:retain)

.text      0    00000140    00000baa     
                  00000140    00000500     MAX30102.obj (.text)
                  00000640    00000328     system_msp432p401r.obj (.text)
                  00000968    00000104     i2cMAX30102.obj (.text)
                  00000a6c    0000009c     rtsv7M4_T_le_v4SPD16_eabi.lib : memcpy_t2.asm.obj (.text)
                  00000b08    00000094     i2c_master_rw_repeated_start-master_code.obj (.text)
                  00000b9c    00000068     rtsv7M4_T_le_v4SPD16_eabi.lib : copy_decompress_lzss.c.obj (.text:decompress:lzss:__TI_decompress_lzss)
                  00000c04    00000044                                   : autoinit.c.obj (.text:__TI_auto_init_nobinit_nopinit:__TI_auto_init_nobinit_nopinit)
                  00000c48    00000034                                   : boot_cortex_m.c.obj (.text:_c_int00_noargs:_c_int00_noargs)
                  00000c7c    0000001c                                   : copy_zero_init.c.obj (.text:decompress:ZI:__TI_zero_init_nomemset:__TI_zero_init_nomemset)
                  00000c98    00000018     msp432p4xx_driverlib.lib : i2c.o (.text:I2C_masterIsStartSent)
                  00000cb0    00000012     startup_msp432p401r_ccs.obj (.text)
                  00000cc2    00000002     --HOLE-- [fill = 0]
                  00000cc4    00000010     msp432p4xx_driverlib.lib : i2c.o (.text:I2C_masterIsStopSent)
                  00000cd4    0000000e     rtsv7M4_T_le_v4SPD16_eabi.lib : copy_decompress_none.c.obj (.text:decompress:none:__TI_decompress_none)
                  00000ce2    00000004                                   : pre_init.c.obj (.text:_system_pre_init)
                  00000ce6    00000004                                   : exit.c.obj (.text:abort:abort)

.const     0    00000cec    00000014     
                  00000cec    00000014     i2c_master_rw_repeated_start-master_code.obj (.const:i2cConfig)

.cinit     0    00000d00    00000030     
                  00000d00    0000000c     (__TI_handler_table)
                  00000d0c    00000009     (.cinit..data.load) [load image, compression = lzss]
                  00000d15    00000003     --HOLE-- [fill = 0]
                  00000d18    00000008     (.cinit..bss.load) [load image, compression = zero_init]
                  00000d20    00000010     (__TI_cinit_table)

.init_array 
*          0    00000000    00000000     UNINITIALIZED

.bss       0    20000000    00000038     UNINITIALIZED
                  20000000    00000034     (.common:sense)
                  20000034    00000004     i2cMAX30102.obj (.bss)

.data      0    20000038    00000005     UNINITIALIZED
                  20000038    00000004     system_msp432p401r.obj (.data)
                  2000003c    00000001     MAX30102.obj (.data)

.stack     0    2000fe00    00000200     UNINITIALIZED
                  2000fe00    00000004     rtsv7M4_T_le_v4SPD16_eabi.lib : boot_cortex_m.c.obj (.stack)
                  2000fe04    000001fc     --HOLE--

MODULE SUMMARY

       Module                                         code   ro data   rw data
       ------                                         ----   -------   -------
    .\
       MAX30102.obj                                   1280   0         53     
       system_msp432p401r.obj                         808    0         4      
       startup_msp432p401r_ccs.obj                    18     320       0      
       i2cMAX30102.obj                                260    0         4      
       i2c_master_rw_repeated_start-master_code.obj   148    20        0      
    +--+----------------------------------------------+------+---------+---------+
       Total:                                         2514   340       61     
                                                                              
    C:/Users/Matthew Barondeau/Downloads/msp432_driverlib_3_21_00_05/msp432_driverlib_3_21_00_05/driverlib/MSP432P4xx/ccs/msp432p4xx_driverlib.lib
       i2c.o                                          40     0         0      
    +--+----------------------------------------------+------+---------+---------+
       Total:                                         40     0         0      
                                                                              
    C:\ti\ccs930\ccs\tools\compiler\ti-cgt-arm_18.12.4.LTS\lib\rtsv7M4_T_le_v4SPD16_eabi.lib
       memcpy_t2.asm.obj                              156    0         0      
       copy_decompress_lzss.c.obj                     104    0         0      
       autoinit.c.obj                                 68     0         0      
       boot_cortex_m.c.obj                            52     0         0      
       copy_zero_init.c.obj                           28     0         0      
       copy_decompress_none.c.obj                     14     0         0      
       exit.c.obj                                     4      0         0      
       pre_init.c.obj                                 4      0         0      
    +--+----------------------------------------------+------+---------+---------+
       Total:                                         430    0         0      
                                                                              
       Stack:                                         0      0         512    
       Linker Generated:                              0      45        0      
    +--+----------------------------------------------+------+---------+---------+
       Grand Total:                                   2984   385       573    


LINKER GENERATED COPY TABLES

__TI_cinit_table @ 00000d20 records: 2, size/record: 8, table size: 16
	.data: load addr=00000d0c, load size=00000009 bytes, run addr=20000038, run size=00000005 bytes, compression=lzss
	.bss: load addr=00000d18, load size=00000008 bytes, run addr=20000000, run size=00000038 bytes, compression=zero_init


LINKER GENERATED HANDLER TABLE

__TI_handler_table @ 00000d00 records: 3, size/record: 4, table size: 12
	index: 0, handler: __TI_decompress_lzss
	index: 1, handler: __TI_decompress_none
	index: 2, handler: __TI_zero_init


GLOBAL SYMBOLS: SORTED ALPHABETICALLY BY Name 

address   name                          
-------   ----                          
00000ce7  C$$EXIT                       
00000c99  I2C_masterIsStartSent         
00000cc5  I2C_masterIsStopSent          
0000050b  MAX30102_Init                 
000002f1  MAX30102_Setup                
00000557  MAX30102_available            
00000619  MAX30102_check                
000005e9  MAX30102_getFIFOGreen         
000005dd  MAX30102_getFIFOIR            
000005d1  MAX30102_getFIFORed           
000005b7  MAX30102_getGreen             
0000059d  MAX30102_getIR                
00000583  MAX30102_getRed               
000005f5  MAX30102_nextSample           
0000061b  MAX30102_safeCheck            
20000038  SystemCoreClock               
00000641  SystemCoreClockUpdate         
000008b5  SystemInit                    
4000480c  WDTCTL_SYM                    
20010000  __STACK_END                   
00000200  __STACK_SIZE                  
00000d20  __TI_CINIT_Base               
00000d30  __TI_CINIT_Limit              
00000d00  __TI_Handler_Table_Base       
00000d0c  __TI_Handler_Table_Limit      
00000c05  __TI_auto_init_nobinit_nopinit
00000b9d  __TI_decompress_lzss          
00000cd5  __TI_decompress_none          
ffffffff  __TI_pprof_out_hndl           
ffffffff  __TI_prof_data_size           
ffffffff  __TI_prof_data_start          
00000000  __TI_static_base__            
00000c7d  __TI_zero_init_nomemset       
00000a6d  __aeabi_memcpy                
00000a6d  __aeabi_memcpy4               
00000a6d  __aeabi_memcpy8               
ffffffff  __binit__                     
ffffffff  __c_args__                    
UNDEFED   __mpu_init                    
2000fe00  __stack                       
00000c49  _c_int00_noargs               
UNDEFED   _system_post_cinit            
00000ce3  _system_pre_init              
00000ce7  abort                         
ffffffff  binit                         
00000a1d  bitMask                       
000002a5  clearFIFO                     
000002cf  disableFIFORollover           
0000027d  disableSlots                  
000002c1  enableFIFORollover            
00000219  enableSlot                    
000002e7  getReadPointer                
000002dd  getWritePointer               
00000cec  i2cConfig                     
00000000  interruptVectors              
00000b09  main                          
00000a6d  memcpy                        
000009c1  readRegister8                 
20000000  sense                         
00000199  setADCRange                   
00000291  setFIFOAverage                
00000185  setLEDMode                    
000001f5  setPulseAmplitudeGreen        
000001e3  setPulseAmplitudeIR           
00000207  setPulseAmplitudeProximity    
000001d1  setPulseAmplitudeRed          
000001bf  setPulseWidth                 
000001ab  setSampleRate                 
00000141  softReset                     
00000969  writeRegister8                


GLOBAL SYMBOLS: SORTED BY Symbol Address 

address   name                          
-------   ----                          
00000000  __TI_static_base__            
00000000  interruptVectors              
00000141  softReset                     
00000185  setLEDMode                    
00000199  setADCRange                   
000001ab  setSampleRate                 
000001bf  setPulseWidth                 
000001d1  setPulseAmplitudeRed          
000001e3  setPulseAmplitudeIR           
000001f5  setPulseAmplitudeGreen        
00000200  __STACK_SIZE                  
00000207  setPulseAmplitudeProximity    
00000219  enableSlot                    
0000027d  disableSlots                  
00000291  setFIFOAverage                
000002a5  clearFIFO                     
000002c1  enableFIFORollover            
000002cf  disableFIFORollover           
000002dd  getWritePointer               
000002e7  getReadPointer                
000002f1  MAX30102_Setup                
0000050b  MAX30102_Init                 
00000557  MAX30102_available            
00000583  MAX30102_getRed               
0000059d  MAX30102_getIR                
000005b7  MAX30102_getGreen             
000005d1  MAX30102_getFIFORed           
000005dd  MAX30102_getFIFOIR            
000005e9  MAX30102_getFIFOGreen         
000005f5  MAX30102_nextSample           
00000619  MAX30102_check                
0000061b  MAX30102_safeCheck            
00000641  SystemCoreClockUpdate         
000008b5  SystemInit                    
00000969  writeRegister8                
000009c1  readRegister8                 
00000a1d  bitMask                       
00000a6d  __aeabi_memcpy                
00000a6d  __aeabi_memcpy4               
00000a6d  __aeabi_memcpy8               
00000a6d  memcpy                        
00000b09  main                          
00000b9d  __TI_decompress_lzss          
00000c05  __TI_auto_init_nobinit_nopinit
00000c49  _c_int00_noargs               
00000c7d  __TI_zero_init_nomemset       
00000c99  I2C_masterIsStartSent         
00000cc5  I2C_masterIsStopSent          
00000cd5  __TI_decompress_none          
00000ce3  _system_pre_init              
00000ce7  C$$EXIT                       
00000ce7  abort                         
00000cec  i2cConfig                     
00000d00  __TI_Handler_Table_Base       
00000d0c  __TI_Handler_Table_Limit      
00000d20  __TI_CINIT_Base               
00000d30  __TI_CINIT_Limit              
20000000  sense                         
20000038  SystemCoreClock               
2000fe00  __stack                       
20010000  __STACK_END                   
4000480c  WDTCTL_SYM                    
ffffffff  __TI_pprof_out_hndl           
ffffffff  __TI_prof_data_size           
ffffffff  __TI_prof_data_start          
ffffffff  __binit__                     
ffffffff  __c_args__                    
ffffffff  binit                         
UNDEFED   __mpu_init                    
UNDEFED   _system_post_cinit            

[70 symbols]
