******************************************************************************
                  TI ARM Linker PC v18.12.4                    
******************************************************************************
>> Linked Fri Feb 14 17:36:02 2020

OUTPUT FILE NAME:   <MAX30102.out>
ENTRY POINT SYMBOL: "_c_int00_noargs"  address: 00000b41


MEMORY CONFIGURATION

         name            origin    length      used     unused   attr    fill
----------------------  --------  ---------  --------  --------  ----  --------
  MAIN                  00000000   00040000  00000c26  0003f3da  R  X
  INFO                  00200000   00004000  00000000  00004000  R  X
  SRAM_CODE             01000000   00010000  00000000  00010000  RW X
  SRAM_DATA             20000000   00010000  00000209  0000fdf7  RW  


SEGMENT ALLOCATION MAP

run origin  load origin   length   init length attrs members
----------  ----------- ---------- ----------- ----- -------
00000000    00000000    00000c28   00000c28    r-x
  00000000    00000000    00000140   00000140    r-- .intvecs
  00000140    00000140    00000aa2   00000aa2    r-x .text
  00000be4    00000be4    00000014   00000014    r-- .const
  00000bf8    00000bf8    00000030   00000030    r-- .cinit
20000000    20000000    0000000c   00000000    rw-
  20000000    20000000    00000005   00000000    rw- .data
  20000008    20000008    00000004   00000000    rw- .bss
2000fe00    2000fe00    00000200   00000000    rw-
  2000fe00    2000fe00    00000200   00000000    rw- .stack


SECTION ALLOCATION MAP

 output                                  attributes/
section   page    origin      length       input sections
--------  ----  ----------  ----------   ----------------
.intvecs   0    00000000    00000140     
                  00000000    00000140     startup_msp432p401r_ccs.obj (.intvecs:retain)

.text      0    00000140    00000aa2     
                  00000140    000003f8     MAX30102.obj (.text)
                  00000538    00000328     system_msp432p401r.obj (.text)
                  00000860    00000104     i2cMAX30102.obj (.text)
                  00000964    0000009c     rtsv7M4_T_le_v4SPD16_eabi.lib : memcpy_t2.asm.obj (.text)
                  00000a00    00000094     i2c_master_rw_repeated_start-master_code.obj (.text)
                  00000a94    00000068     rtsv7M4_T_le_v4SPD16_eabi.lib : copy_decompress_lzss.c.obj (.text:decompress:lzss:__TI_decompress_lzss)
                  00000afc    00000044                                   : autoinit.c.obj (.text:__TI_auto_init_nobinit_nopinit:__TI_auto_init_nobinit_nopinit)
                  00000b40    00000034                                   : boot_cortex_m.c.obj (.text:_c_int00_noargs:_c_int00_noargs)
                  00000b74    0000001c                                   : copy_zero_init.c.obj (.text:decompress:ZI:__TI_zero_init_nomemset:__TI_zero_init_nomemset)
                  00000b90    00000018     msp432p4xx_driverlib.lib : i2c.o (.text:I2C_masterIsStartSent)
                  00000ba8    00000012     startup_msp432p401r_ccs.obj (.text)
                  00000bba    00000002     --HOLE-- [fill = 0]
                  00000bbc    00000010     msp432p4xx_driverlib.lib : i2c.o (.text:I2C_masterIsStopSent)
                  00000bcc    0000000e     rtsv7M4_T_le_v4SPD16_eabi.lib : copy_decompress_none.c.obj (.text:decompress:none:__TI_decompress_none)
                  00000bda    00000004                                   : pre_init.c.obj (.text:_system_pre_init)
                  00000bde    00000004                                   : exit.c.obj (.text:abort:abort)

.const     0    00000be4    00000014     
                  00000be4    00000014     i2c_master_rw_repeated_start-master_code.obj (.const:i2cConfig)

.cinit     0    00000bf8    00000030     
                  00000bf8    0000000c     (__TI_handler_table)
                  00000c04    00000009     (.cinit..data.load) [load image, compression = lzss]
                  00000c0d    00000003     --HOLE-- [fill = 0]
                  00000c10    00000008     (.cinit..bss.load) [load image, compression = zero_init]
                  00000c18    00000010     (__TI_cinit_table)

.init_array 
*          0    00000000    00000000     UNINITIALIZED

.data      0    20000000    00000005     UNINITIALIZED
                  20000000    00000004     system_msp432p401r.obj (.data)
                  20000004    00000001     MAX30102.obj (.data)

.bss       0    20000008    00000004     UNINITIALIZED
                  20000008    00000004     i2cMAX30102.obj (.bss)

.stack     0    2000fe00    00000200     UNINITIALIZED
                  2000fe00    00000004     rtsv7M4_T_le_v4SPD16_eabi.lib : boot_cortex_m.c.obj (.stack)
                  2000fe04    000001fc     --HOLE--

MODULE SUMMARY

       Module                                         code   ro data   rw data
       ------                                         ----   -------   -------
    .\
       MAX30102.obj                                   1016   0         1      
       system_msp432p401r.obj                         808    0         4      
       startup_msp432p401r_ccs.obj                    18     320       0      
       i2cMAX30102.obj                                260    0         4      
       i2c_master_rw_repeated_start-master_code.obj   148    20        0      
    +--+----------------------------------------------+------+---------+---------+
       Total:                                         2250   340       9      
                                                                              
    C:/Users/Matthew Barondeau/Downloads/msp432_driverlib_3_21_00_05/msp432_driverlib_3_21_00_05/driverlib/MSP432P4xx/ccs/msp432p4xx_driverlib.lib
       i2c.o                                          40     0         0      
    +--+----------------------------------------------+------+---------+---------+
       Total:                                         40     0         0      
                                                                              
    C:\ti\ccs930\ccs\tools\compiler\ti-cgt-arm_18.12.4.LTS\lib\rtsv7M4_T_le_v4SPD16_eabi.lib
       memcpy_t2.asm.obj                              156    0         0      
       copy_decompress_lzss.c.obj                     104    0         0      
       autoinit.c.obj                                 68     0         0      
       boot_cortex_m.c.obj                            52     0         0      
       copy_zero_init.c.obj                           28     0         0      
       copy_decompress_none.c.obj                     14     0         0      
       exit.c.obj                                     4      0         0      
       pre_init.c.obj                                 4      0         0      
    +--+----------------------------------------------+------+---------+---------+
       Total:                                         430    0         0      
                                                                              
       Stack:                                         0      0         512    
       Linker Generated:                              0      45        0      
    +--+----------------------------------------------+------+---------+---------+
       Grand Total:                                   2720   385       521    


LINKER GENERATED COPY TABLES

__TI_cinit_table @ 00000c18 records: 2, size/record: 8, table size: 16
	.data: load addr=00000c04, load size=00000009 bytes, run addr=20000000, run size=00000005 bytes, compression=lzss
	.bss: load addr=00000c10, load size=00000008 bytes, run addr=20000008, run size=00000004 bytes, compression=zero_init


LINKER GENERATED HANDLER TABLE

__TI_handler_table @ 00000bf8 records: 3, size/record: 4, table size: 12
	index: 0, handler: __TI_decompress_lzss
	index: 1, handler: __TI_decompress_none
	index: 2, handler: __TI_zero_init


GLOBAL SYMBOLS: SORTED ALPHABETICALLY BY Name 

address   name                          
-------   ----                          
00000bdf  C$$EXIT                       
00000b91  I2C_masterIsStartSent         
00000bbd  I2C_masterIsStopSent          
000004e9  MAX30102_Init                 
000002cf  MAX30102_Setup                
20000000  SystemCoreClock               
00000539  SystemCoreClockUpdate         
000007ad  SystemInit                    
4000480c  WDTCTL_SYM                    
20010000  __STACK_END                   
00000200  __STACK_SIZE                  
00000c18  __TI_CINIT_Base               
00000c28  __TI_CINIT_Limit              
00000bf8  __TI_Handler_Table_Base       
00000c04  __TI_Handler_Table_Limit      
00000afd  __TI_auto_init_nobinit_nopinit
00000a95  __TI_decompress_lzss          
00000bcd  __TI_decompress_none          
ffffffff  __TI_pprof_out_hndl           
ffffffff  __TI_prof_data_size           
ffffffff  __TI_prof_data_start          
00000000  __TI_static_base__            
00000b75  __TI_zero_init_nomemset       
00000965  __aeabi_memcpy                
00000965  __aeabi_memcpy4               
00000965  __aeabi_memcpy8               
ffffffff  __binit__                     
ffffffff  __c_args__                    
UNDEFED   __mpu_init                    
2000fe00  __stack                       
00000b41  _c_int00_noargs               
UNDEFED   _system_post_cinit            
00000bdb  _system_pre_init              
00000bdf  abort                         
ffffffff  binit                         
00000915  bitMask                       
000002b3  clearFIFO                     
0000029f  disableSlots                  
00000199  enableFIFORollover            
0000023b  enableSlot                    
00000be4  i2cConfig                     
00000000  interruptVectors              
00000a01  main                          
00000965  memcpy                        
000008b9  readRegister8                 
000001bb  setADCRange                   
00000185  setFIFOAverage                
000001a7  setLEDMode                    
00000217  setPulseAmplitudeGreen        
00000205  setPulseAmplitudeIR           
00000229  setPulseAmplitudeProximity    
000001f3  setPulseAmplitudeRed          
000001e1  setPulseWidth                 
000001cd  setSampleRate                 
00000141  softReset                     
00000861  writeRegister8                


GLOBAL SYMBOLS: SORTED BY Symbol Address 

address   name                          
-------   ----                          
00000000  __TI_static_base__            
00000000  interruptVectors              
00000141  softReset                     
00000185  setFIFOAverage                
00000199  enableFIFORollover            
000001a7  setLEDMode                    
000001bb  setADCRange                   
000001cd  setSampleRate                 
000001e1  setPulseWidth                 
000001f3  setPulseAmplitudeRed          
00000200  __STACK_SIZE                  
00000205  setPulseAmplitudeIR           
00000217  setPulseAmplitudeGreen        
00000229  setPulseAmplitudeProximity    
0000023b  enableSlot                    
0000029f  disableSlots                  
000002b3  clearFIFO                     
000002cf  MAX30102_Setup                
000004e9  MAX30102_Init                 
00000539  SystemCoreClockUpdate         
000007ad  SystemInit                    
00000861  writeRegister8                
000008b9  readRegister8                 
00000915  bitMask                       
00000965  __aeabi_memcpy                
00000965  __aeabi_memcpy4               
00000965  __aeabi_memcpy8               
00000965  memcpy                        
00000a01  main                          
00000a95  __TI_decompress_lzss          
00000afd  __TI_auto_init_nobinit_nopinit
00000b41  _c_int00_noargs               
00000b75  __TI_zero_init_nomemset       
00000b91  I2C_masterIsStartSent         
00000bbd  I2C_masterIsStopSent          
00000bcd  __TI_decompress_none          
00000bdb  _system_pre_init              
00000bdf  C$$EXIT                       
00000bdf  abort                         
00000be4  i2cConfig                     
00000bf8  __TI_Handler_Table_Base       
00000c04  __TI_Handler_Table_Limit      
00000c18  __TI_CINIT_Base               
00000c28  __TI_CINIT_Limit              
20000000  SystemCoreClock               
2000fe00  __stack                       
20010000  __STACK_END                   
4000480c  WDTCTL_SYM                    
ffffffff  __TI_pprof_out_hndl           
ffffffff  __TI_prof_data_size           
ffffffff  __TI_prof_data_start          
ffffffff  __binit__                     
ffffffff  __c_args__                    
ffffffff  binit                         
UNDEFED   __mpu_init                    
UNDEFED   _system_post_cinit            

[56 symbols]
