******************************************************************************
                  TI ARM Linker PC v18.12.4                    
******************************************************************************
>> Linked Sat Feb 22 21:47:12 2020

OUTPUT FILE NAME:   <MAX30102.out>
ENTRY POINT SYMBOL: "_c_int00_noargs"  address: 00001cb5


MEMORY CONFIGURATION

         name            origin    length      used     unused   attr    fill
----------------------  --------  ---------  --------  --------  ----  --------
  MAIN                  00000000   00040000  00001e10  0003e1f0  R  X
  INFO                  00200000   00004000  00000000  00004000  R  X
  SRAM_CODE             01000000   00010000  00000000  00010000  RW X
  SRAM_DATA             20000000   00010000  00000301  0000fcff  RW  


SEGMENT ALLOCATION MAP

run origin  load origin   length   init length attrs members
----------  ----------- ---------- ----------- ----- -------
00000000    00000000    00001e10   00001e10    r-x
  00000000    00000000    00000140   00000140    r-- .intvecs
  00000140    00000140    00001bec   00001bec    r-x .text
  00001d2c    00001d2c    000000a4   000000a4    r-- .const
  00001dd0    00001dd0    00000040   00000040    r-- .cinit
20000000    20000000    00000105   00000000    rw-
  20000000    20000000    000000e4   00000000    rw- .vtable
  200000e8    200000e8    00000018   00000000    rw- .bss
  20000100    20000100    00000005   00000000    rw- .data
2000fe00    2000fe00    00000200   00000000    rw-
  2000fe00    2000fe00    00000200   00000000    rw- .stack


SECTION ALLOCATION MAP

 output                                  attributes/
section   page    origin      length       input sections
--------  ----  ----------  ----------   ----------------
.intvecs   0    00000000    00000140     
                  00000000    00000140     startup_msp432p401r_ccs.obj (.intvecs:retain)

.text      0    00000140    00001bec     
                  00000140    00000914     MAX30102.obj (.text)
                  00000a54    00000890     i2c.obj (.text)
                  000012e4    000003f0     interrupt.obj (.text)
                  000016d4    00000328     system_msp432p401r.obj (.text)
                  000019fc    000000b4     i2c_master_rw_repeated_start-master_code.obj (.text)
                  00001ab0    0000009c     rtsv7M4_T_le_v4SPD16_eabi.lib : memcpy_t2.asm.obj (.text)
                  00001b4c    0000007c     Timer32.obj (.text)
                  00001bc8    00000068     rtsv7M4_T_le_v4SPD16_eabi.lib : copy_decompress_lzss.c.obj (.text:decompress:lzss:__TI_decompress_lzss)
                  00001c30    00000044                                   : autoinit.c.obj (.text:__TI_auto_init_nobinit_nopinit:__TI_auto_init_nobinit_nopinit)
                  00001c74    0000003e     cpu.obj (.text)
                  00001cb2    00000002     --HOLE-- [fill = 0]
                  00001cb4    00000034     rtsv7M4_T_le_v4SPD16_eabi.lib : boot_cortex_m.c.obj (.text:_c_int00_noargs:_c_int00_noargs)
                  00001ce8    0000001c                                   : copy_zero_init.c.obj (.text:decompress:ZI:__TI_zero_init_nomemset:__TI_zero_init_nomemset)
                  00001d04    00000012     startup_msp432p401r_ccs.obj (.text)
                  00001d16    0000000e     rtsv7M4_T_le_v4SPD16_eabi.lib : copy_decompress_none.c.obj (.text:decompress:none:__TI_decompress_none)
                  00001d24    00000004                                   : pre_init.c.obj (.text:_system_pre_init)
                  00001d28    00000004                                   : exit.c.obj (.text:abort:abort)

.const     0    00001d2c    000000a4     
                  00001d2c    00000050     interrupt.obj (.const:g_pulRegs)
                  00001d7c    00000020     interrupt.obj (.const:g_pulPriority)
                  00001d9c    00000014     i2c_master_rw_repeated_start-master_code.obj (.const:i2cConfig)
                  00001db0    00000008     interrupt.obj (.const:g_pulDisRegs)
                  00001db8    00000008     interrupt.obj (.const:g_pulEnRegs)
                  00001dc0    00000008     interrupt.obj (.const:g_pulPendRegs)
                  00001dc8    00000008     interrupt.obj (.const:g_pulUnpendRegs)

.cinit     0    00001dd0    00000040     
                  00001dd0    0000000c     (__TI_handler_table)
                  00001ddc    00000009     (.cinit..data.load) [load image, compression = lzss]
                  00001de5    00000003     --HOLE-- [fill = 0]
                  00001de8    00000008     (.cinit..bss.load) [load image, compression = zero_init]
                  00001df0    00000008     (.cinit..vtable.load) [load image, compression = zero_init]
                  00001df8    00000018     (__TI_cinit_table)

.init_array 
*          0    00000000    00000000     UNINITIALIZED

.vtable    0    20000000    000000e4     UNINITIALIZED
                  20000000    000000e4     interrupt.obj (.vtable)

.bss       0    200000e8    00000018     UNINITIALIZED
                  200000e8    00000010     (.common:sense)
                  200000f8    00000008     (.common:OS_MsTime)

.data      0    20000100    00000005     UNINITIALIZED
                  20000100    00000004     system_msp432p401r.obj (.data)
                  20000104    00000001     MAX30102.obj (.data)

.stack     0    2000fe00    00000200     UNINITIALIZED
                  2000fe00    00000004     rtsv7M4_T_le_v4SPD16_eabi.lib : boot_cortex_m.c.obj (.stack)
                  2000fe04    000001fc     --HOLE--

MODULE SUMMARY

       Module                                         code   ro data   rw data
       ------                                         ----   -------   -------
    .\
       MAX30102.obj                                   2324   0         17     
       system_msp432p401r.obj                         808    0         4      
       startup_msp432p401r_ccs.obj                    18     320       0      
       i2c_master_rw_repeated_start-master_code.obj   180    20        0      
       Timer32.obj                                    124    0         8      
    +--+----------------------------------------------+------+---------+---------+
       Total:                                         3454   340       29     
                                                                              
    .\driverlib\MSP432P4xx\
       i2c.obj                                        2192   0         0      
       interrupt.obj                                  1008   144       228    
       cpu.obj                                        62     0         0      
    +--+----------------------------------------------+------+---------+---------+
       Total:                                         3262   144       228    
                                                                              
    C:\ti\ccs930\ccs\tools\compiler\ti-cgt-arm_18.12.4.LTS\lib\rtsv7M4_T_le_v4SPD16_eabi.lib
       memcpy_t2.asm.obj                              156    0         0      
       copy_decompress_lzss.c.obj                     104    0         0      
       autoinit.c.obj                                 68     0         0      
       boot_cortex_m.c.obj                            52     0         0      
       copy_zero_init.c.obj                           28     0         0      
       copy_decompress_none.c.obj                     14     0         0      
       exit.c.obj                                     4      0         0      
       pre_init.c.obj                                 4      0         0      
    +--+----------------------------------------------+------+---------+---------+
       Total:                                         430    0         0      
                                                                              
       Stack:                                         0      0         512    
       Linker Generated:                              0      61        0      
    +--+----------------------------------------------+------+---------+---------+
       Grand Total:                                   7146   545       769    


LINKER GENERATED COPY TABLES

__TI_cinit_table @ 00001df8 records: 3, size/record: 8, table size: 24
	.data: load addr=00001ddc, load size=00000009 bytes, run addr=20000100, run size=00000005 bytes, compression=lzss
	.bss: load addr=00001de8, load size=00000008 bytes, run addr=200000e8, run size=00000018 bytes, compression=zero_init
	.vtable: load addr=00001df0, load size=00000008 bytes, run addr=20000000, run size=000000e4 bytes, compression=zero_init


LINKER GENERATED HANDLER TABLE

__TI_handler_table @ 00001dd0 records: 3, size/record: 4, table size: 12
	index: 0, handler: __TI_zero_init
	index: 1, handler: __TI_decompress_lzss
	index: 2, handler: __TI_decompress_none


GLOBAL SYMBOLS: SORTED ALPHABETICALLY BY Name 

address   name                                       
-------   ----                                       
00001d29  C$$EXIT                                    
00001ca9  CPU_basepriGet                             
00001c9b  CPU_basepriSet                             
00001c75  CPU_cpsid                                  
00001c8b  CPU_cpsie                                  
00001c81  CPU_primask                                
00001c97  CPU_wfi                                    
0000119d  I2C_clearInterruptFlag                     
00001187  I2C_disableInterrupt                       
00000bdf  I2C_disableModule                          
00001151  I2C_disableMultiMasterMode                 
00001171  I2C_enableInterrupt                        
00000bc9  I2C_enableModule                           
00001131  I2C_enableMultiMasterMode                  
000011cb  I2C_getEnabledInterruptStatus              
000011b3  I2C_getInterruptStatus                     
000011db  I2C_getMode                                
000010d7  I2C_getReceiveBufferAddressForDMA          
000010e5  I2C_getTransmitBufferAddressForDMA         
00000b2d  I2C_initMaster                             
00000b8f  I2C_initSlave                              
00000c83  I2C_isBusBusy                              
00001105  I2C_masterIsStartSent                      
000010f3  I2C_masterIsStopSent                       
00000ffd  I2C_masterReceiveMultiByteFinish           
0000103b  I2C_masterReceiveMultiByteFinishWithTimeout
00000fe5  I2C_masterReceiveMultiByteNext             
00001099  I2C_masterReceiveMultiByteStop             
000010ad  I2C_masterReceiveSingle                    
00000c25  I2C_masterReceiveSingleByte                
00000fcb  I2C_masterReceiveStart                     
00000eab  I2C_masterSendMultiByteFinish              
00000ef9  I2C_masterSendMultiByteFinishWithTimeout   
00000e41  I2C_masterSendMultiByteNext                
00000e6d  I2C_masterSendMultiByteNextWithTimeout     
00000d91  I2C_masterSendMultiByteStart               
00000de5  I2C_masterSendMultiByteStartWithTimeout    
00000f65  I2C_masterSendMultiByteStop                
00000f8f  I2C_masterSendMultiByteStopWithTimeout     
00000c95  I2C_masterSendSingleByte                   
00000d05  I2C_masterSendSingleByteWithTimeout        
0000111d  I2C_masterSendStart                        
000011f1  I2C_registerInterrupt                      
00000c09  I2C_setMode                                
00000bf5  I2C_setSlaveAddress                        
00000c6f  I2C_slaveGetData                           
00000c59  I2C_slavePutData                           
000012b3  I2C_slaveSendNAK                           
00001257  I2C_unregisterInterrupt                    
000014a7  Interrupt_disableInterrupt                 
000012f7  Interrupt_disableMaster                    
000016a5  Interrupt_disableSleepOnIsrExit            
00001435  Interrupt_enableInterrupt                  
000012e7  Interrupt_enableMaster                     
00001693  Interrupt_enableSleepOnIsrExit             
0000140f  Interrupt_getPriority                      
00001387  Interrupt_getPriorityGrouping              
00001673  Interrupt_getPriorityMask                  
0000168d  Interrupt_getVectorTableAddress            
00001519  Interrupt_isEnabled                        
000015a5  Interrupt_pendInterrupt                    
00001307  Interrupt_registerInterrupt                
000013bf  Interrupt_setPriority                      
0000136d  Interrupt_setPriorityGrouping              
00001663  Interrupt_setPriorityMask                  
0000167d  Interrupt_setVectorTableAddress            
00001615  Interrupt_unpendInterrupt                  
00001359  Interrupt_unregisterInterrupt              
0000050b  MAX30102_Init                              
000002f1  MAX30102_Setup                             
00000559  MAX30102_available                         
00000801  MAX30102_check                             
000005d9  MAX30102_checkDevice                       
000005b5  MAX30102_getFIFOGreen                      
000005a9  MAX30102_getFIFOIR                         
0000059d  MAX30102_getFIFORed                        
00000585  MAX30102_getIR                             
000005c1  MAX30102_nextSample                        
00000a05  MAX30102_safeCheck                         
200000f8  OS_MsTime                                  
20000100  SystemCoreClock                            
000016d5  SystemCoreClockUpdate                      
00001949  SystemInit                                 
00001b8b  T32_INT1_IRQHandler                        
00001b4d  Timer32Init                                
00001b7f  Timer32Stop                                
4000480c  WDTCTL_SYM                                 
20010000  __STACK_END                                
00000200  __STACK_SIZE                               
00001df8  __TI_CINIT_Base                            
00001e10  __TI_CINIT_Limit                           
00001dd0  __TI_Handler_Table_Base                    
00001ddc  __TI_Handler_Table_Limit                   
00001c31  __TI_auto_init_nobinit_nopinit             
00001bc9  __TI_decompress_lzss                       
00001d17  __TI_decompress_none                       
ffffffff  __TI_pprof_out_hndl                        
ffffffff  __TI_prof_data_size                        
ffffffff  __TI_prof_data_start                       
00000000  __TI_static_base__                         
00001ce9  __TI_zero_init_nomemset                    
00001ab1  __aeabi_memcpy                             
00001ab1  __aeabi_memcpy4                            
00001ab1  __aeabi_memcpy8                            
ffffffff  __binit__                                  
ffffffff  __c_args__                                 
UNDEFED   __mpu_init                                 
2000fe00  __stack                                    
00001cb5  _c_int00_noargs                            
UNDEFED   _system_post_cinit                         
00001d25  _system_pre_init                           
00001d29  abort                                      
ffffffff  binit                                      
00000af1  bitMask                                    
000002a5  clearFIFO                                  
000002cf  disableFIFORollover                        
0000027d  disableSlots                               
000002c1  enableFIFORollover                         
00000219  enableSlot                                 
20000000  g_pfnRAMVectors                            
00001bad  getOS_MsTime                               
000002e7  getReadPointer                             
000002dd  getWritePointer                            
00001d9c  i2cConfig                                  
00000000  interruptVectors                           
000019fd  main                                       
00001ab1  memcpy                                     
00000a9b  readRegister8                              
200000e8  sense                                      
00000199  setADCRange                                
00000291  setFIFOAverage                             
00000185  setLEDMode                                 
000001f5  setPulseAmplitudeGreen                     
000001e3  setPulseAmplitudeIR                        
00000207  setPulseAmplitudeProximity                 
000001d1  setPulseAmplitudeRed                       
000001bf  setPulseWidth                              
000001ab  setSampleRate                              
00000141  softReset                                  
00000a55  writeRegister8                             


GLOBAL SYMBOLS: SORTED BY Symbol Address 

address   name                                       
-------   ----                                       
00000000  __TI_static_base__                         
00000000  interruptVectors                           
00000141  softReset                                  
00000185  setLEDMode                                 
00000199  setADCRange                                
000001ab  setSampleRate                              
000001bf  setPulseWidth                              
000001d1  setPulseAmplitudeRed                       
000001e3  setPulseAmplitudeIR                        
000001f5  setPulseAmplitudeGreen                     
00000200  __STACK_SIZE                               
00000207  setPulseAmplitudeProximity                 
00000219  enableSlot                                 
0000027d  disableSlots                               
00000291  setFIFOAverage                             
000002a5  clearFIFO                                  
000002c1  enableFIFORollover                         
000002cf  disableFIFORollover                        
000002dd  getWritePointer                            
000002e7  getReadPointer                             
000002f1  MAX30102_Setup                             
0000050b  MAX30102_Init                              
00000559  MAX30102_available                         
00000585  MAX30102_getIR                             
0000059d  MAX30102_getFIFORed                        
000005a9  MAX30102_getFIFOIR                         
000005b5  MAX30102_getFIFOGreen                      
000005c1  MAX30102_nextSample                        
000005d9  MAX30102_checkDevice                       
00000801  MAX30102_check                             
00000a05  MAX30102_safeCheck                         
00000a55  writeRegister8                             
00000a9b  readRegister8                              
00000af1  bitMask                                    
00000b2d  I2C_initMaster                             
00000b8f  I2C_initSlave                              
00000bc9  I2C_enableModule                           
00000bdf  I2C_disableModule                          
00000bf5  I2C_setSlaveAddress                        
00000c09  I2C_setMode                                
00000c25  I2C_masterReceiveSingleByte                
00000c59  I2C_slavePutData                           
00000c6f  I2C_slaveGetData                           
00000c83  I2C_isBusBusy                              
00000c95  I2C_masterSendSingleByte                   
00000d05  I2C_masterSendSingleByteWithTimeout        
00000d91  I2C_masterSendMultiByteStart               
00000de5  I2C_masterSendMultiByteStartWithTimeout    
00000e41  I2C_masterSendMultiByteNext                
00000e6d  I2C_masterSendMultiByteNextWithTimeout     
00000eab  I2C_masterSendMultiByteFinish              
00000ef9  I2C_masterSendMultiByteFinishWithTimeout   
00000f65  I2C_masterSendMultiByteStop                
00000f8f  I2C_masterSendMultiByteStopWithTimeout     
00000fcb  I2C_masterReceiveStart                     
00000fe5  I2C_masterReceiveMultiByteNext             
00000ffd  I2C_masterReceiveMultiByteFinish           
0000103b  I2C_masterReceiveMultiByteFinishWithTimeout
00001099  I2C_masterReceiveMultiByteStop             
000010ad  I2C_masterReceiveSingle                    
000010d7  I2C_getReceiveBufferAddressForDMA          
000010e5  I2C_getTransmitBufferAddressForDMA         
000010f3  I2C_masterIsStopSent                       
00001105  I2C_masterIsStartSent                      
0000111d  I2C_masterSendStart                        
00001131  I2C_enableMultiMasterMode                  
00001151  I2C_disableMultiMasterMode                 
00001171  I2C_enableInterrupt                        
00001187  I2C_disableInterrupt                       
0000119d  I2C_clearInterruptFlag                     
000011b3  I2C_getInterruptStatus                     
000011cb  I2C_getEnabledInterruptStatus              
000011db  I2C_getMode                                
000011f1  I2C_registerInterrupt                      
00001257  I2C_unregisterInterrupt                    
000012b3  I2C_slaveSendNAK                           
000012e7  Interrupt_enableMaster                     
000012f7  Interrupt_disableMaster                    
00001307  Interrupt_registerInterrupt                
00001359  Interrupt_unregisterInterrupt              
0000136d  Interrupt_setPriorityGrouping              
00001387  Interrupt_getPriorityGrouping              
000013bf  Interrupt_setPriority                      
0000140f  Interrupt_getPriority                      
00001435  Interrupt_enableInterrupt                  
000014a7  Interrupt_disableInterrupt                 
00001519  Interrupt_isEnabled                        
000015a5  Interrupt_pendInterrupt                    
00001615  Interrupt_unpendInterrupt                  
00001663  Interrupt_setPriorityMask                  
00001673  Interrupt_getPriorityMask                  
0000167d  Interrupt_setVectorTableAddress            
0000168d  Interrupt_getVectorTableAddress            
00001693  Interrupt_enableSleepOnIsrExit             
000016a5  Interrupt_disableSleepOnIsrExit            
000016d5  SystemCoreClockUpdate                      
00001949  SystemInit                                 
000019fd  main                                       
00001ab1  __aeabi_memcpy                             
00001ab1  __aeabi_memcpy4                            
00001ab1  __aeabi_memcpy8                            
00001ab1  memcpy                                     
00001b4d  Timer32Init                                
00001b7f  Timer32Stop                                
00001b8b  T32_INT1_IRQHandler                        
00001bad  getOS_MsTime                               
00001bc9  __TI_decompress_lzss                       
00001c31  __TI_auto_init_nobinit_nopinit             
00001c75  CPU_cpsid                                  
00001c81  CPU_primask                                
00001c8b  CPU_cpsie                                  
00001c97  CPU_wfi                                    
00001c9b  CPU_basepriSet                             
00001ca9  CPU_basepriGet                             
00001cb5  _c_int00_noargs                            
00001ce9  __TI_zero_init_nomemset                    
00001d17  __TI_decompress_none                       
00001d25  _system_pre_init                           
00001d29  C$$EXIT                                    
00001d29  abort                                      
00001d9c  i2cConfig                                  
00001dd0  __TI_Handler_Table_Base                    
00001ddc  __TI_Handler_Table_Limit                   
00001df8  __TI_CINIT_Base                            
00001e10  __TI_CINIT_Limit                           
20000000  g_pfnRAMVectors                            
200000e8  sense                                      
200000f8  OS_MsTime                                  
20000100  SystemCoreClock                            
2000fe00  __stack                                    
20010000  __STACK_END                                
4000480c  WDTCTL_SYM                                 
ffffffff  __TI_pprof_out_hndl                        
ffffffff  __TI_prof_data_size                        
ffffffff  __TI_prof_data_start                       
ffffffff  __binit__                                  
ffffffff  __c_args__                                 
ffffffff  binit                                      
UNDEFED   __mpu_init                                 
UNDEFED   _system_post_cinit                         

[140 symbols]
