******************************************************************************
                  TI ARM Linker PC v18.12.4                    
******************************************************************************
>> Linked Mon Feb 17 22:48:37 2020

OUTPUT FILE NAME:   <MAX30102.out>
ENTRY POINT SYMBOL: "_c_int00_noargs"  address: 00001aa1


MEMORY CONFIGURATION

         name            origin    length      used     unused   attr    fill
----------------------  --------  ---------  --------  --------  ----  --------
  MAIN                  00000000   00040000  00001bfc  0003e404  R  X
  INFO                  00200000   00004000  00000000  00004000  R  X
  SRAM_CODE             01000000   00010000  00000000  00010000  RW X
  SRAM_DATA             20000000   00010000  00000329  0000fcd7  RW  


SEGMENT ALLOCATION MAP

run origin  load origin   length   init length attrs members
----------  ----------- ---------- ----------- ----- -------
00000000    00000000    00001c00   00001c00    r-x
  00000000    00000000    00000140   00000140    r-- .intvecs
  00000140    00000140    000019d8   000019d8    r-x .text
  00001b18    00001b18    000000a4   000000a4    r-- .const
  00001bc0    00001bc0    00000040   00000040    r-- .cinit
20000000    20000000    0000012d   00000000    rw-
  20000000    20000000    000000e4   00000000    rw- .vtable
  200000e8    200000e8    00000040   00000000    rw- .bss
  20000128    20000128    00000005   00000000    rw- .data
2000fe00    2000fe00    00000200   00000000    rw-
  2000fe00    2000fe00    00000200   00000000    rw- .stack


SECTION ALLOCATION MAP

 output                                  attributes/
section   page    origin      length       input sections
--------  ----  ----------  ----------   ----------------
.intvecs   0    00000000    00000140     
                  00000000    00000140     startup_msp432p401r_ccs.obj (.intvecs:retain)

.text      0    00000140    000019d8     
                  00000140    00000890     i2c.obj (.text)
                  000009d0    00000708     MAX30102.obj (.text)
                  000010d8    000003f0     interrupt.obj (.text)
                  000014c8    00000328     system_msp432p401r.obj (.text)
                  000017f0    000000ac     i2c_master_rw_repeated_start-master_code.obj (.text)
                  0000189c    0000009c     rtsv7M4_T_le_v4SPD16_eabi.lib : memcpy_t2.asm.obj (.text)
                  00001938    0000007c     Timer32.obj (.text)
                  000019b4    00000068     rtsv7M4_T_le_v4SPD16_eabi.lib : copy_decompress_lzss.c.obj (.text:decompress:lzss:__TI_decompress_lzss)
                  00001a1c    00000044                                   : autoinit.c.obj (.text:__TI_auto_init_nobinit_nopinit:__TI_auto_init_nobinit_nopinit)
                  00001a60    0000003e     cpu.obj (.text)
                  00001a9e    00000002     --HOLE-- [fill = 0]
                  00001aa0    00000034     rtsv7M4_T_le_v4SPD16_eabi.lib : boot_cortex_m.c.obj (.text:_c_int00_noargs:_c_int00_noargs)
                  00001ad4    0000001c                                   : copy_zero_init.c.obj (.text:decompress:ZI:__TI_zero_init_nomemset:__TI_zero_init_nomemset)
                  00001af0    00000012     startup_msp432p401r_ccs.obj (.text)
                  00001b02    0000000e     rtsv7M4_T_le_v4SPD16_eabi.lib : copy_decompress_none.c.obj (.text:decompress:none:__TI_decompress_none)
                  00001b10    00000004                                   : pre_init.c.obj (.text:_system_pre_init)
                  00001b14    00000004                                   : exit.c.obj (.text:abort:abort)

.const     0    00001b18    000000a4     
                  00001b18    00000050     interrupt.obj (.const:g_pulRegs)
                  00001b68    00000020     interrupt.obj (.const:g_pulPriority)
                  00001b88    00000014     i2c_master_rw_repeated_start-master_code.obj (.const:i2cConfig)
                  00001b9c    00000008     interrupt.obj (.const:g_pulDisRegs)
                  00001ba4    00000008     interrupt.obj (.const:g_pulEnRegs)
                  00001bac    00000008     interrupt.obj (.const:g_pulPendRegs)
                  00001bb4    00000008     interrupt.obj (.const:g_pulUnpendRegs)

.cinit     0    00001bc0    00000040     
                  00001bc0    0000000c     (__TI_handler_table)
                  00001bcc    00000009     (.cinit..data.load) [load image, compression = lzss]
                  00001bd5    00000003     --HOLE-- [fill = 0]
                  00001bd8    00000008     (.cinit..bss.load) [load image, compression = zero_init]
                  00001be0    00000008     (.cinit..vtable.load) [load image, compression = zero_init]
                  00001be8    00000018     (__TI_cinit_table)

.init_array 
*          0    00000000    00000000     UNINITIALIZED

.vtable    0    20000000    000000e4     UNINITIALIZED
                  20000000    000000e4     interrupt.obj (.vtable)

.bss       0    200000e8    00000040     UNINITIALIZED
                  200000e8    00000034     (.common:sense)
                  2000011c    00000004     --HOLE--
                  20000120    00000008     (.common:OS_MsTime)

.data      0    20000128    00000005     UNINITIALIZED
                  20000128    00000004     system_msp432p401r.obj (.data)
                  2000012c    00000001     MAX30102.obj (.data)

.stack     0    2000fe00    00000200     UNINITIALIZED
                  2000fe00    00000004     rtsv7M4_T_le_v4SPD16_eabi.lib : boot_cortex_m.c.obj (.stack)
                  2000fe04    000001fc     --HOLE--

MODULE SUMMARY

       Module                                         code   ro data   rw data
       ------                                         ----   -------   -------
    .\
       MAX30102.obj                                   1800   0         53     
       system_msp432p401r.obj                         808    0         4      
       startup_msp432p401r_ccs.obj                    18     320       0      
       i2c_master_rw_repeated_start-master_code.obj   172    20        0      
       Timer32.obj                                    124    0         8      
    +--+----------------------------------------------+------+---------+---------+
       Total:                                         2922   340       65     
                                                                              
    .\driverlib\MSP432P4xx\
       i2c.obj                                        2192   0         0      
       interrupt.obj                                  1008   144       228    
       cpu.obj                                        62     0         0      
    +--+----------------------------------------------+------+---------+---------+
       Total:                                         3262   144       228    
                                                                              
    C:\ti\ccs930\ccs\tools\compiler\ti-cgt-arm_18.12.4.LTS\lib\rtsv7M4_T_le_v4SPD16_eabi.lib
       memcpy_t2.asm.obj                              156    0         0      
       copy_decompress_lzss.c.obj                     104    0         0      
       autoinit.c.obj                                 68     0         0      
       boot_cortex_m.c.obj                            52     0         0      
       copy_zero_init.c.obj                           28     0         0      
       copy_decompress_none.c.obj                     14     0         0      
       exit.c.obj                                     4      0         0      
       pre_init.c.obj                                 4      0         0      
    +--+----------------------------------------------+------+---------+---------+
       Total:                                         430    0         0      
                                                                              
       Stack:                                         0      0         512    
       Linker Generated:                              0      61        0      
    +--+----------------------------------------------+------+---------+---------+
       Grand Total:                                   6614   545       805    


LINKER GENERATED COPY TABLES

__TI_cinit_table @ 00001be8 records: 3, size/record: 8, table size: 24
	.data: load addr=00001bcc, load size=00000009 bytes, run addr=20000128, run size=00000005 bytes, compression=lzss
	.bss: load addr=00001bd8, load size=00000008 bytes, run addr=200000e8, run size=00000040 bytes, compression=zero_init
	.vtable: load addr=00001be0, load size=00000008 bytes, run addr=20000000, run size=000000e4 bytes, compression=zero_init


LINKER GENERATED HANDLER TABLE

__TI_handler_table @ 00001bc0 records: 3, size/record: 4, table size: 12
	index: 0, handler: __TI_zero_init
	index: 1, handler: __TI_decompress_lzss
	index: 2, handler: __TI_decompress_none


GLOBAL SYMBOLS: SORTED ALPHABETICALLY BY Name 

address   name                                       
-------   ----                                       
00001b15  C$$EXIT                                    
00001a95  CPU_basepriGet                             
00001a87  CPU_basepriSet                             
00001a61  CPU_cpsid                                  
00001a77  CPU_cpsie                                  
00001a6d  CPU_primask                                
00001a83  CPU_wfi                                    
00000889  I2C_clearInterruptFlag                     
00000873  I2C_disableInterrupt                       
000002cb  I2C_disableModule                          
0000083d  I2C_disableMultiMasterMode                 
0000085d  I2C_enableInterrupt                        
000002b5  I2C_enableModule                           
0000081d  I2C_enableMultiMasterMode                  
000008b7  I2C_getEnabledInterruptStatus              
0000089f  I2C_getInterruptStatus                     
000008c7  I2C_getMode                                
000007c3  I2C_getReceiveBufferAddressForDMA          
000007d1  I2C_getTransmitBufferAddressForDMA         
00000219  I2C_initMaster                             
0000027b  I2C_initSlave                              
0000036f  I2C_isBusBusy                              
000007f1  I2C_masterIsStartSent                      
000007df  I2C_masterIsStopSent                       
000006e9  I2C_masterReceiveMultiByteFinish           
00000727  I2C_masterReceiveMultiByteFinishWithTimeout
000006d1  I2C_masterReceiveMultiByteNext             
00000785  I2C_masterReceiveMultiByteStop             
00000799  I2C_masterReceiveSingle                    
00000311  I2C_masterReceiveSingleByte                
000006b7  I2C_masterReceiveStart                     
00000597  I2C_masterSendMultiByteFinish              
000005e5  I2C_masterSendMultiByteFinishWithTimeout   
0000052d  I2C_masterSendMultiByteNext                
00000559  I2C_masterSendMultiByteNextWithTimeout     
0000047d  I2C_masterSendMultiByteStart               
000004d1  I2C_masterSendMultiByteStartWithTimeout    
00000651  I2C_masterSendMultiByteStop                
0000067b  I2C_masterSendMultiByteStopWithTimeout     
00000381  I2C_masterSendSingleByte                   
000003f1  I2C_masterSendSingleByteWithTimeout        
00000809  I2C_masterSendStart                        
000008dd  I2C_registerInterrupt                      
000002f5  I2C_setMode                                
000002e1  I2C_setSlaveAddress                        
0000035b  I2C_slaveGetData                           
00000345  I2C_slavePutData                           
0000099f  I2C_slaveSendNAK                           
00000943  I2C_unregisterInterrupt                    
0000129b  Interrupt_disableInterrupt                 
000010eb  Interrupt_disableMaster                    
00001499  Interrupt_disableSleepOnIsrExit            
00001229  Interrupt_enableInterrupt                  
000010db  Interrupt_enableMaster                     
00001487  Interrupt_enableSleepOnIsrExit             
00001203  Interrupt_getPriority                      
0000117b  Interrupt_getPriorityGrouping              
00001467  Interrupt_getPriorityMask                  
00001481  Interrupt_getVectorTableAddress            
0000130d  Interrupt_isEnabled                        
00001399  Interrupt_pendInterrupt                    
000010fb  Interrupt_registerInterrupt                
000011b3  Interrupt_setPriority                      
00001161  Interrupt_setPriorityGrouping              
00001457  Interrupt_setPriorityMask                  
00001471  Interrupt_setVectorTableAddress            
00001409  Interrupt_unpendInterrupt                  
0000114d  Interrupt_unregisterInterrupt              
00000d9b  MAX30102_Init                              
00000b81  MAX30102_Setup                             
00000de7  MAX30102_available                         
00000e75  MAX30102_check                             
00000e45  MAX30102_getFIFOGreen                      
00000e39  MAX30102_getFIFOIR                         
00000e2d  MAX30102_getFIFORed                        
00000e13  MAX30102_getIR                             
00000e51  MAX30102_nextSample                        
0000107d  MAX30102_safeCheck                         
20000120  OS_MsTime                                  
20000128  SystemCoreClock                            
000014c9  SystemCoreClockUpdate                      
0000173d  SystemInit                                 
00001977  T32_INT1_IRQHandler                        
00001939  Timer32Init                                
0000196b  Timer32Stop                                
4000480c  WDTCTL_SYM                                 
20010000  __STACK_END                                
00000200  __STACK_SIZE                               
00001be8  __TI_CINIT_Base                            
00001c00  __TI_CINIT_Limit                           
00001bc0  __TI_Handler_Table_Base                    
00001bcc  __TI_Handler_Table_Limit                   
00001a1d  __TI_auto_init_nobinit_nopinit             
000019b5  __TI_decompress_lzss                       
00001b03  __TI_decompress_none                       
ffffffff  __TI_pprof_out_hndl                        
ffffffff  __TI_prof_data_size                        
ffffffff  __TI_prof_data_start                       
00000000  __TI_static_base__                         
00001ad5  __TI_zero_init_nomemset                    
0000189d  __aeabi_memcpy                             
0000189d  __aeabi_memcpy4                            
0000189d  __aeabi_memcpy8                            
ffffffff  __binit__                                  
ffffffff  __c_args__                                 
UNDEFED   __mpu_init                                 
2000fe00  __stack                                    
00001aa1  _c_int00_noargs                            
UNDEFED   _system_post_cinit                         
00001b11  _system_pre_init                           
00001b15  abort                                      
ffffffff  binit                                      
000001dd  bitMask                                    
00000b35  clearFIFO                                  
00000b5f  disableFIFORollover                        
00000b0d  disableSlots                               
00000b51  enableFIFORollover                         
00000aa9  enableSlot                                 
20000000  g_pfnRAMVectors                            
00001999  getOS_MsTime                               
00000b77  getReadPointer                             
00000b6d  getWritePointer                            
00001b88  i2cConfig                                  
00000000  interruptVectors                           
000017f1  main                                       
0000189d  memcpy                                     
00000187  readRegister8                              
200000e8  sense                                      
00000a29  setADCRange                                
00000b21  setFIFOAverage                             
00000a15  setLEDMode                                 
00000a85  setPulseAmplitudeGreen                     
00000a73  setPulseAmplitudeIR                        
00000a97  setPulseAmplitudeProximity                 
00000a61  setPulseAmplitudeRed                       
00000a4f  setPulseWidth                              
00000a3b  setSampleRate                              
000009d1  softReset                                  
00000141  writeRegister8                             


GLOBAL SYMBOLS: SORTED BY Symbol Address 

address   name                                       
-------   ----                                       
00000000  __TI_static_base__                         
00000000  interruptVectors                           
00000141  writeRegister8                             
00000187  readRegister8                              
000001dd  bitMask                                    
00000200  __STACK_SIZE                               
00000219  I2C_initMaster                             
0000027b  I2C_initSlave                              
000002b5  I2C_enableModule                           
000002cb  I2C_disableModule                          
000002e1  I2C_setSlaveAddress                        
000002f5  I2C_setMode                                
00000311  I2C_masterReceiveSingleByte                
00000345  I2C_slavePutData                           
0000035b  I2C_slaveGetData                           
0000036f  I2C_isBusBusy                              
00000381  I2C_masterSendSingleByte                   
000003f1  I2C_masterSendSingleByteWithTimeout        
0000047d  I2C_masterSendMultiByteStart               
000004d1  I2C_masterSendMultiByteStartWithTimeout    
0000052d  I2C_masterSendMultiByteNext                
00000559  I2C_masterSendMultiByteNextWithTimeout     
00000597  I2C_masterSendMultiByteFinish              
000005e5  I2C_masterSendMultiByteFinishWithTimeout   
00000651  I2C_masterSendMultiByteStop                
0000067b  I2C_masterSendMultiByteStopWithTimeout     
000006b7  I2C_masterReceiveStart                     
000006d1  I2C_masterReceiveMultiByteNext             
000006e9  I2C_masterReceiveMultiByteFinish           
00000727  I2C_masterReceiveMultiByteFinishWithTimeout
00000785  I2C_masterReceiveMultiByteStop             
00000799  I2C_masterReceiveSingle                    
000007c3  I2C_getReceiveBufferAddressForDMA          
000007d1  I2C_getTransmitBufferAddressForDMA         
000007df  I2C_masterIsStopSent                       
000007f1  I2C_masterIsStartSent                      
00000809  I2C_masterSendStart                        
0000081d  I2C_enableMultiMasterMode                  
0000083d  I2C_disableMultiMasterMode                 
0000085d  I2C_enableInterrupt                        
00000873  I2C_disableInterrupt                       
00000889  I2C_clearInterruptFlag                     
0000089f  I2C_getInterruptStatus                     
000008b7  I2C_getEnabledInterruptStatus              
000008c7  I2C_getMode                                
000008dd  I2C_registerInterrupt                      
00000943  I2C_unregisterInterrupt                    
0000099f  I2C_slaveSendNAK                           
000009d1  softReset                                  
00000a15  setLEDMode                                 
00000a29  setADCRange                                
00000a3b  setSampleRate                              
00000a4f  setPulseWidth                              
00000a61  setPulseAmplitudeRed                       
00000a73  setPulseAmplitudeIR                        
00000a85  setPulseAmplitudeGreen                     
00000a97  setPulseAmplitudeProximity                 
00000aa9  enableSlot                                 
00000b0d  disableSlots                               
00000b21  setFIFOAverage                             
00000b35  clearFIFO                                  
00000b51  enableFIFORollover                         
00000b5f  disableFIFORollover                        
00000b6d  getWritePointer                            
00000b77  getReadPointer                             
00000b81  MAX30102_Setup                             
00000d9b  MAX30102_Init                              
00000de7  MAX30102_available                         
00000e13  MAX30102_getIR                             
00000e2d  MAX30102_getFIFORed                        
00000e39  MAX30102_getFIFOIR                         
00000e45  MAX30102_getFIFOGreen                      
00000e51  MAX30102_nextSample                        
00000e75  MAX30102_check                             
0000107d  MAX30102_safeCheck                         
000010db  Interrupt_enableMaster                     
000010eb  Interrupt_disableMaster                    
000010fb  Interrupt_registerInterrupt                
0000114d  Interrupt_unregisterInterrupt              
00001161  Interrupt_setPriorityGrouping              
0000117b  Interrupt_getPriorityGrouping              
000011b3  Interrupt_setPriority                      
00001203  Interrupt_getPriority                      
00001229  Interrupt_enableInterrupt                  
0000129b  Interrupt_disableInterrupt                 
0000130d  Interrupt_isEnabled                        
00001399  Interrupt_pendInterrupt                    
00001409  Interrupt_unpendInterrupt                  
00001457  Interrupt_setPriorityMask                  
00001467  Interrupt_getPriorityMask                  
00001471  Interrupt_setVectorTableAddress            
00001481  Interrupt_getVectorTableAddress            
00001487  Interrupt_enableSleepOnIsrExit             
00001499  Interrupt_disableSleepOnIsrExit            
000014c9  SystemCoreClockUpdate                      
0000173d  SystemInit                                 
000017f1  main                                       
0000189d  __aeabi_memcpy                             
0000189d  __aeabi_memcpy4                            
0000189d  __aeabi_memcpy8                            
0000189d  memcpy                                     
00001939  Timer32Init                                
0000196b  Timer32Stop                                
00001977  T32_INT1_IRQHandler                        
00001999  getOS_MsTime                               
000019b5  __TI_decompress_lzss                       
00001a1d  __TI_auto_init_nobinit_nopinit             
00001a61  CPU_cpsid                                  
00001a6d  CPU_primask                                
00001a77  CPU_cpsie                                  
00001a83  CPU_wfi                                    
00001a87  CPU_basepriSet                             
00001a95  CPU_basepriGet                             
00001aa1  _c_int00_noargs                            
00001ad5  __TI_zero_init_nomemset                    
00001b03  __TI_decompress_none                       
00001b11  _system_pre_init                           
00001b15  C$$EXIT                                    
00001b15  abort                                      
00001b88  i2cConfig                                  
00001bc0  __TI_Handler_Table_Base                    
00001bcc  __TI_Handler_Table_Limit                   
00001be8  __TI_CINIT_Base                            
00001c00  __TI_CINIT_Limit                           
20000000  g_pfnRAMVectors                            
200000e8  sense                                      
20000120  OS_MsTime                                  
20000128  SystemCoreClock                            
2000fe00  __stack                                    
20010000  __STACK_END                                
4000480c  WDTCTL_SYM                                 
ffffffff  __TI_pprof_out_hndl                        
ffffffff  __TI_prof_data_size                        
ffffffff  __TI_prof_data_start                       
ffffffff  __binit__                                  
ffffffff  __c_args__                                 
ffffffff  binit                                      
UNDEFED   __mpu_init                                 
UNDEFED   _system_post_cinit                         

[139 symbols]
