******************************************************************************
                  TI ARM Linker PC v18.12.4                    
******************************************************************************
>> Linked Mon Feb 17 09:39:13 2020

OUTPUT FILE NAME:   <MAX30102.out>
ENTRY POINT SYMBOL: "_c_int00_noargs"  address: 00000f45


MEMORY CONFIGURATION

         name            origin    length      used     unused   attr    fill
----------------------  --------  ---------  --------  --------  ----  --------
  MAIN                  00000000   00040000  00001030  0003efd0  R  X
  INFO                  00200000   00004000  00000000  00004000  R  X
  SRAM_CODE             01000000   00010000  00000000  00010000  RW X
  SRAM_DATA             20000000   00010000  00000245  0000fdbb  RW  


SEGMENT ALLOCATION MAP

run origin  load origin   length   init length attrs members
----------  ----------- ---------- ----------- ----- -------
00000000    00000000    00001030   00001030    r-x
  00000000    00000000    00000140   00000140    r-- .intvecs
  00000140    00000140    00000eac   00000eac    r-x .text
  00000fec    00000fec    00000014   00000014    r-- .const
  00001000    00001000    00000030   00000030    r-- .cinit
20000000    20000000    00000045   00000000    rw-
  20000000    20000000    00000040   00000000    rw- .bss
  20000040    20000040    00000005   00000000    rw- .data
2000fe00    2000fe00    00000200   00000000    rw-
  2000fe00    2000fe00    00000200   00000000    rw- .stack


SECTION ALLOCATION MAP

 output                                  attributes/
section   page    origin      length       input sections
--------  ----  ----------  ----------   ----------------
.intvecs   0    00000000    00000140     
                  00000000    00000140     startup_msp432p401r_ccs.obj (.intvecs:retain)

.text      0    00000140    00000eac     
                  00000140    000006c4     MAX30102.obj (.text)
                  00000804    00000328     system_msp432p401r.obj (.text)
                  00000b2c    00000104     i2cMAX30102.obj (.text)
                  00000c30    000000ac     i2c_master_rw_repeated_start-master_code.obj (.text)
                  00000cdc    0000009c     rtsv7M4_T_le_v4SPD16_eabi.lib : memcpy_t2.asm.obj (.text)
                  00000d78    0000007c     Timer32.obj (.text)
                  00000df4    00000068     rtsv7M4_T_le_v4SPD16_eabi.lib : copy_decompress_lzss.c.obj (.text:decompress:lzss:__TI_decompress_lzss)
                  00000e5c    00000064     msp432p4xx_driverlib.lib : i2c.o (.text:I2C_masterSendSingleByteWithTimeout)
                  00000ec0    00000044     rtsv7M4_T_le_v4SPD16_eabi.lib : autoinit.c.obj (.text:__TI_auto_init_nobinit_nopinit:__TI_auto_init_nobinit_nopinit)
                  00000f04    00000040     msp432p4xx_driverlib.lib : i2c.o (.text:I2C_masterReceiveMultiByteFinishWithTimeout)
                  00000f44    00000034     rtsv7M4_T_le_v4SPD16_eabi.lib : boot_cortex_m.c.obj (.text:_c_int00_noargs:_c_int00_noargs)
                  00000f78    0000001c                                   : copy_zero_init.c.obj (.text:decompress:ZI:__TI_zero_init_nomemset:__TI_zero_init_nomemset)
                  00000f94    00000018     msp432p4xx_driverlib.lib : i2c.o (.text:I2C_masterIsStartSent)
                  00000fac    00000012     startup_msp432p401r_ccs.obj (.text)
                  00000fbe    00000002     --HOLE-- [fill = 0]
                  00000fc0    00000010     msp432p4xx_driverlib.lib : i2c.o (.text:I2C_masterIsStopSent)
                  00000fd0    0000000e     rtsv7M4_T_le_v4SPD16_eabi.lib : copy_decompress_none.c.obj (.text:decompress:none:__TI_decompress_none)
                  00000fde    00000006     msp432p4xx_driverlib.lib : i2c.o (.text:I2C_masterReceiveMultiByteNext)
                  00000fe4    00000004     rtsv7M4_T_le_v4SPD16_eabi.lib : pre_init.c.obj (.text:_system_pre_init)
                  00000fe8    00000004                                   : exit.c.obj (.text:abort:abort)

.const     0    00000fec    00000014     
                  00000fec    00000014     i2c_master_rw_repeated_start-master_code.obj (.const:i2cConfig)

.cinit     0    00001000    00000030     
                  00001000    0000000c     (__TI_handler_table)
                  0000100c    00000009     (.cinit..data.load) [load image, compression = lzss]
                  00001015    00000003     --HOLE-- [fill = 0]
                  00001018    00000008     (.cinit..bss.load) [load image, compression = zero_init]
                  00001020    00000010     (__TI_cinit_table)

.init_array 
*          0    00000000    00000000     UNINITIALIZED

.bss       0    20000000    00000040     UNINITIALIZED
                  20000000    00000034     (.common:sense)
                  20000034    00000004     i2cMAX30102.obj (.bss)
                  20000038    00000008     (.common:OS_MsTime)

.data      0    20000040    00000005     UNINITIALIZED
                  20000040    00000004     system_msp432p401r.obj (.data)
                  20000044    00000001     MAX30102.obj (.data)

.stack     0    2000fe00    00000200     UNINITIALIZED
                  2000fe00    00000004     rtsv7M4_T_le_v4SPD16_eabi.lib : boot_cortex_m.c.obj (.stack)
                  2000fe04    000001fc     --HOLE--

MODULE SUMMARY

       Module                                         code   ro data   rw data
       ------                                         ----   -------   -------
    .\
       MAX30102.obj                                   1732   0         53     
       system_msp432p401r.obj                         808    0         4      
       startup_msp432p401r_ccs.obj                    18     320       0      
       i2cMAX30102.obj                                260    0         4      
       i2c_master_rw_repeated_start-master_code.obj   172    20        0      
       Timer32.obj                                    124    0         8      
    +--+----------------------------------------------+------+---------+---------+
       Total:                                         3114   340       69     
                                                                              
    C:/Users/Matthew Barondeau/Downloads/msp432_driverlib_3_21_00_05/msp432_driverlib_3_21_00_05/driverlib/MSP432P4xx/ccs/msp432p4xx_driverlib.lib
       i2c.o                                          210    0         0      
    +--+----------------------------------------------+------+---------+---------+
       Total:                                         210    0         0      
                                                                              
    C:\ti\ccs930\ccs\tools\compiler\ti-cgt-arm_18.12.4.LTS\lib\rtsv7M4_T_le_v4SPD16_eabi.lib
       memcpy_t2.asm.obj                              156    0         0      
       copy_decompress_lzss.c.obj                     104    0         0      
       autoinit.c.obj                                 68     0         0      
       boot_cortex_m.c.obj                            52     0         0      
       copy_zero_init.c.obj                           28     0         0      
       copy_decompress_none.c.obj                     14     0         0      
       exit.c.obj                                     4      0         0      
       pre_init.c.obj                                 4      0         0      
    +--+----------------------------------------------+------+---------+---------+
       Total:                                         430    0         0      
                                                                              
       Stack:                                         0      0         512    
       Linker Generated:                              0      45        0      
    +--+----------------------------------------------+------+---------+---------+
       Grand Total:                                   3754   385       581    


LINKER GENERATED COPY TABLES

__TI_cinit_table @ 00001020 records: 2, size/record: 8, table size: 16
	.data: load addr=0000100c, load size=00000009 bytes, run addr=20000040, run size=00000005 bytes, compression=lzss
	.bss: load addr=00001018, load size=00000008 bytes, run addr=20000000, run size=00000040 bytes, compression=zero_init


LINKER GENERATED HANDLER TABLE

__TI_handler_table @ 00001000 records: 3, size/record: 4, table size: 12
	index: 0, handler: __TI_decompress_lzss
	index: 1, handler: __TI_decompress_none
	index: 2, handler: __TI_zero_init


GLOBAL SYMBOLS: SORTED ALPHABETICALLY BY Name 

address   name                                       
-------   ----                                       
00000fe9  C$$EXIT                                    
00000f95  I2C_masterIsStartSent                      
00000fc1  I2C_masterIsStopSent                       
00000f05  I2C_masterReceiveMultiByteFinishWithTimeout
00000fdf  I2C_masterReceiveMultiByteNext             
00000e5d  I2C_masterSendSingleByteWithTimeout        
0000050b  MAX30102_Init                              
000002f1  MAX30102_Setup                             
00000557  MAX30102_available                         
000005e5  MAX30102_check                             
000005b5  MAX30102_getFIFOGreen                      
000005a9  MAX30102_getFIFOIR                         
0000059d  MAX30102_getFIFORed                        
00000583  MAX30102_getIR                             
000005c1  MAX30102_nextSample                        
000007ad  MAX30102_safeCheck                         
20000038  OS_MsTime                                  
20000040  SystemCoreClock                            
00000805  SystemCoreClockUpdate                      
00000a79  SystemInit                                 
00000db7  T32_INT1_IRQHandler                        
00000d79  Timer32Init                                
00000dab  Timer32Stop                                
4000480c  WDTCTL_SYM                                 
20010000  __STACK_END                                
00000200  __STACK_SIZE                               
00001020  __TI_CINIT_Base                            
00001030  __TI_CINIT_Limit                           
00001000  __TI_Handler_Table_Base                    
0000100c  __TI_Handler_Table_Limit                   
00000ec1  __TI_auto_init_nobinit_nopinit             
00000df5  __TI_decompress_lzss                       
00000fd1  __TI_decompress_none                       
ffffffff  __TI_pprof_out_hndl                        
ffffffff  __TI_prof_data_size                        
ffffffff  __TI_prof_data_start                       
00000000  __TI_static_base__                         
00000f79  __TI_zero_init_nomemset                    
00000cdd  __aeabi_memcpy                             
00000cdd  __aeabi_memcpy4                            
00000cdd  __aeabi_memcpy8                            
ffffffff  __binit__                                  
ffffffff  __c_args__                                 
UNDEFED   __mpu_init                                 
2000fe00  __stack                                    
00000f45  _c_int00_noargs                            
UNDEFED   _system_post_cinit                         
00000fe5  _system_pre_init                           
00000fe9  abort                                      
ffffffff  binit                                      
00000be1  bitMask                                    
000002a5  clearFIFO                                  
000002cf  disableFIFORollover                        
0000027d  disableSlots                               
000002c1  enableFIFORollover                         
00000219  enableSlot                                 
00000dd9  getOS_MsTime                               
000002e7  getReadPointer                             
000002dd  getWritePointer                            
00000fec  i2cConfig                                  
00000000  interruptVectors                           
00000c31  main                                       
00000cdd  memcpy                                     
00000b85  readRegister8                              
20000000  sense                                      
00000199  setADCRange                                
00000291  setFIFOAverage                             
00000185  setLEDMode                                 
000001f5  setPulseAmplitudeGreen                     
000001e3  setPulseAmplitudeIR                        
00000207  setPulseAmplitudeProximity                 
000001d1  setPulseAmplitudeRed                       
000001bf  setPulseWidth                              
000001ab  setSampleRate                              
00000141  softReset                                  
00000b2d  writeRegister8                             


GLOBAL SYMBOLS: SORTED BY Symbol Address 

address   name                                       
-------   ----                                       
00000000  __TI_static_base__                         
00000000  interruptVectors                           
00000141  softReset                                  
00000185  setLEDMode                                 
00000199  setADCRange                                
000001ab  setSampleRate                              
000001bf  setPulseWidth                              
000001d1  setPulseAmplitudeRed                       
000001e3  setPulseAmplitudeIR                        
000001f5  setPulseAmplitudeGreen                     
00000200  __STACK_SIZE                               
00000207  setPulseAmplitudeProximity                 
00000219  enableSlot                                 
0000027d  disableSlots                               
00000291  setFIFOAverage                             
000002a5  clearFIFO                                  
000002c1  enableFIFORollover                         
000002cf  disableFIFORollover                        
000002dd  getWritePointer                            
000002e7  getReadPointer                             
000002f1  MAX30102_Setup                             
0000050b  MAX30102_Init                              
00000557  MAX30102_available                         
00000583  MAX30102_getIR                             
0000059d  MAX30102_getFIFORed                        
000005a9  MAX30102_getFIFOIR                         
000005b5  MAX30102_getFIFOGreen                      
000005c1  MAX30102_nextSample                        
000005e5  MAX30102_check                             
000007ad  MAX30102_safeCheck                         
00000805  SystemCoreClockUpdate                      
00000a79  SystemInit                                 
00000b2d  writeRegister8                             
00000b85  readRegister8                              
00000be1  bitMask                                    
00000c31  main                                       
00000cdd  __aeabi_memcpy                             
00000cdd  __aeabi_memcpy4                            
00000cdd  __aeabi_memcpy8                            
00000cdd  memcpy                                     
00000d79  Timer32Init                                
00000dab  Timer32Stop                                
00000db7  T32_INT1_IRQHandler                        
00000dd9  getOS_MsTime                               
00000df5  __TI_decompress_lzss                       
00000e5d  I2C_masterSendSingleByteWithTimeout        
00000ec1  __TI_auto_init_nobinit_nopinit             
00000f05  I2C_masterReceiveMultiByteFinishWithTimeout
00000f45  _c_int00_noargs                            
00000f79  __TI_zero_init_nomemset                    
00000f95  I2C_masterIsStartSent                      
00000fc1  I2C_masterIsStopSent                       
00000fd1  __TI_decompress_none                       
00000fdf  I2C_masterReceiveMultiByteNext             
00000fe5  _system_pre_init                           
00000fe9  C$$EXIT                                    
00000fe9  abort                                      
00000fec  i2cConfig                                  
00001000  __TI_Handler_Table_Base                    
0000100c  __TI_Handler_Table_Limit                   
00001020  __TI_CINIT_Base                            
00001030  __TI_CINIT_Limit                           
20000000  sense                                      
20000038  OS_MsTime                                  
20000040  SystemCoreClock                            
2000fe00  __stack                                    
20010000  __STACK_END                                
4000480c  WDTCTL_SYM                                 
ffffffff  __TI_pprof_out_hndl                        
ffffffff  __TI_prof_data_size                        
ffffffff  __TI_prof_data_start                       
ffffffff  __binit__                                  
ffffffff  __c_args__                                 
ffffffff  binit                                      
UNDEFED   __mpu_init                                 
UNDEFED   _system_post_cinit                         

[76 symbols]
