******************************************************************************
                  TI ARM Linker PC v18.12.4                    
******************************************************************************
>> Linked Tue Feb 25 21:37:40 2020

OUTPUT FILE NAME:   <MAX30102.out>
ENTRY POINT SYMBOL: "_c_int00_noargs"  address: 00001bdd


MEMORY CONFIGURATION

         name            origin    length      used     unused   attr    fill
----------------------  --------  ---------  --------  --------  ----  --------
  MAIN                  00000000   00040000  00001d38  0003e2c8  R  X
  INFO                  00200000   00004000  00000000  00004000  R  X
  SRAM_CODE             01000000   00010000  00000000  00010000  RW X
  SRAM_DATA             20000000   00010000  00000329  0000fcd7  RW  


SEGMENT ALLOCATION MAP

run origin  load origin   length   init length attrs members
----------  ----------- ---------- ----------- ----- -------
00000000    00000000    00001d38   00001d38    r-x
  00000000    00000000    00000140   00000140    r-- .intvecs
  00000140    00000140    00001b14   00001b14    r-x .text
  00001c54    00001c54    000000a4   000000a4    r-- .const
  00001cf8    00001cf8    00000040   00000040    r-- .cinit
20000000    20000000    0000012d   00000000    rw-
  20000000    20000000    000000e4   00000000    rw- .vtable
  200000e8    200000e8    00000040   00000000    rw- .bss
  20000128    20000128    00000005   00000000    rw- .data
2000fe00    2000fe00    00000200   00000000    rw-
  2000fe00    2000fe00    00000200   00000000    rw- .stack


SECTION ALLOCATION MAP

 output                                  attributes/
section   page    origin      length       input sections
--------  ----  ----------  ----------   ----------------
.intvecs   0    00000000    00000140     
                  00000000    00000140     startup_msp432p401r_ccs.obj (.intvecs:retain)

.text      0    00000140    00001b14     
                  00000140    00000890     i2c.obj (.text)
                  000009d0    0000083c     MAX30102.obj (.text)
                  0000120c    000003f0     interrupt.obj (.text)
                  000015fc    00000328     system_msp432p401r.obj (.text)
                  00001924    000000b4     i2c_master_rw_repeated_start-master_code.obj (.text)
                  000019d8    0000009c     rtsv7M4_T_le_v4SPD16_eabi.lib : memcpy_t2.asm.obj (.text)
                  00001a74    0000007c     Timer32.obj (.text)
                  00001af0    00000068     rtsv7M4_T_le_v4SPD16_eabi.lib : copy_decompress_lzss.c.obj (.text:decompress:lzss:__TI_decompress_lzss)
                  00001b58    00000044                                   : autoinit.c.obj (.text:__TI_auto_init_nobinit_nopinit:__TI_auto_init_nobinit_nopinit)
                  00001b9c    0000003e     cpu.obj (.text)
                  00001bda    00000002     --HOLE-- [fill = 0]
                  00001bdc    00000034     rtsv7M4_T_le_v4SPD16_eabi.lib : boot_cortex_m.c.obj (.text:_c_int00_noargs:_c_int00_noargs)
                  00001c10    0000001c                                   : copy_zero_init.c.obj (.text:decompress:ZI:__TI_zero_init_nomemset:__TI_zero_init_nomemset)
                  00001c2c    00000012     startup_msp432p401r_ccs.obj (.text)
                  00001c3e    0000000e     rtsv7M4_T_le_v4SPD16_eabi.lib : copy_decompress_none.c.obj (.text:decompress:none:__TI_decompress_none)
                  00001c4c    00000004                                   : pre_init.c.obj (.text:_system_pre_init)
                  00001c50    00000004                                   : exit.c.obj (.text:abort:abort)

.const     0    00001c54    000000a4     
                  00001c54    00000050     interrupt.obj (.const:g_pulRegs)
                  00001ca4    00000020     interrupt.obj (.const:g_pulPriority)
                  00001cc4    00000014     i2c_master_rw_repeated_start-master_code.obj (.const:i2cConfig)
                  00001cd8    00000008     interrupt.obj (.const:g_pulDisRegs)
                  00001ce0    00000008     interrupt.obj (.const:g_pulEnRegs)
                  00001ce8    00000008     interrupt.obj (.const:g_pulPendRegs)
                  00001cf0    00000008     interrupt.obj (.const:g_pulUnpendRegs)

.cinit     0    00001cf8    00000040     
                  00001cf8    0000000c     (__TI_handler_table)
                  00001d04    00000009     (.cinit..data.load) [load image, compression = lzss]
                  00001d0d    00000003     --HOLE-- [fill = 0]
                  00001d10    00000008     (.cinit..bss.load) [load image, compression = zero_init]
                  00001d18    00000008     (.cinit..vtable.load) [load image, compression = zero_init]
                  00001d20    00000018     (__TI_cinit_table)

.init_array 
*          0    00000000    00000000     UNINITIALIZED

.vtable    0    20000000    000000e4     UNINITIALIZED
                  20000000    000000e4     interrupt.obj (.vtable)

.bss       0    200000e8    00000040     UNINITIALIZED
                  200000e8    00000034     (.common:sense)
                  2000011c    00000004     --HOLE--
                  20000120    00000008     (.common:OS_MsTime)

.data      0    20000128    00000005     UNINITIALIZED
                  20000128    00000004     system_msp432p401r.obj (.data)
                  2000012c    00000001     MAX30102.obj (.data)

.stack     0    2000fe00    00000200     UNINITIALIZED
                  2000fe00    00000004     rtsv7M4_T_le_v4SPD16_eabi.lib : boot_cortex_m.c.obj (.stack)
                  2000fe04    000001fc     --HOLE--

MODULE SUMMARY

       Module                                         code   ro data   rw data
       ------                                         ----   -------   -------
    .\
       MAX30102.obj                                   2108   0         53     
       system_msp432p401r.obj                         808    0         4      
       startup_msp432p401r_ccs.obj                    18     320       0      
       i2c_master_rw_repeated_start-master_code.obj   180    20        0      
       Timer32.obj                                    124    0         8      
    +--+----------------------------------------------+------+---------+---------+
       Total:                                         3238   340       65     
                                                                              
    .\driverlib\MSP432P4xx\
       i2c.obj                                        2192   0         0      
       interrupt.obj                                  1008   144       228    
       cpu.obj                                        62     0         0      
    +--+----------------------------------------------+------+---------+---------+
       Total:                                         3262   144       228    
                                                                              
    C:\ti\ccs930\ccs\tools\compiler\ti-cgt-arm_18.12.4.LTS\lib\rtsv7M4_T_le_v4SPD16_eabi.lib
       memcpy_t2.asm.obj                              156    0         0      
       copy_decompress_lzss.c.obj                     104    0         0      
       autoinit.c.obj                                 68     0         0      
       boot_cortex_m.c.obj                            52     0         0      
       copy_zero_init.c.obj                           28     0         0      
       copy_decompress_none.c.obj                     14     0         0      
       exit.c.obj                                     4      0         0      
       pre_init.c.obj                                 4      0         0      
    +--+----------------------------------------------+------+---------+---------+
       Total:                                         430    0         0      
                                                                              
       Stack:                                         0      0         512    
       Linker Generated:                              0      61        0      
    +--+----------------------------------------------+------+---------+---------+
       Grand Total:                                   6930   545       805    


LINKER GENERATED COPY TABLES

__TI_cinit_table @ 00001d20 records: 3, size/record: 8, table size: 24
	.data: load addr=00001d04, load size=00000009 bytes, run addr=20000128, run size=00000005 bytes, compression=lzss
	.bss: load addr=00001d10, load size=00000008 bytes, run addr=200000e8, run size=00000040 bytes, compression=zero_init
	.vtable: load addr=00001d18, load size=00000008 bytes, run addr=20000000, run size=000000e4 bytes, compression=zero_init


LINKER GENERATED HANDLER TABLE

__TI_handler_table @ 00001cf8 records: 3, size/record: 4, table size: 12
	index: 0, handler: __TI_zero_init
	index: 1, handler: __TI_decompress_lzss
	index: 2, handler: __TI_decompress_none


GLOBAL SYMBOLS: SORTED ALPHABETICALLY BY Name 

address   name                                       
-------   ----                                       
00001c51  C$$EXIT                                    
00001bd1  CPU_basepriGet                             
00001bc3  CPU_basepriSet                             
00001b9d  CPU_cpsid                                  
00001bb3  CPU_cpsie                                  
00001ba9  CPU_primask                                
00001bbf  CPU_wfi                                    
00000889  I2C_clearInterruptFlag                     
00000873  I2C_disableInterrupt                       
000002cb  I2C_disableModule                          
0000083d  I2C_disableMultiMasterMode                 
0000085d  I2C_enableInterrupt                        
000002b5  I2C_enableModule                           
0000081d  I2C_enableMultiMasterMode                  
000008b7  I2C_getEnabledInterruptStatus              
0000089f  I2C_getInterruptStatus                     
000008c7  I2C_getMode                                
000007c3  I2C_getReceiveBufferAddressForDMA          
000007d1  I2C_getTransmitBufferAddressForDMA         
00000219  I2C_initMaster                             
0000027b  I2C_initSlave                              
0000036f  I2C_isBusBusy                              
000007f1  I2C_masterIsStartSent                      
000007df  I2C_masterIsStopSent                       
000006e9  I2C_masterReceiveMultiByteFinish           
00000727  I2C_masterReceiveMultiByteFinishWithTimeout
000006d1  I2C_masterReceiveMultiByteNext             
00000785  I2C_masterReceiveMultiByteStop             
00000799  I2C_masterReceiveSingle                    
00000311  I2C_masterReceiveSingleByte                
000006b7  I2C_masterReceiveStart                     
00000597  I2C_masterSendMultiByteFinish              
000005e5  I2C_masterSendMultiByteFinishWithTimeout   
0000052d  I2C_masterSendMultiByteNext                
00000559  I2C_masterSendMultiByteNextWithTimeout     
0000047d  I2C_masterSendMultiByteStart               
000004d1  I2C_masterSendMultiByteStartWithTimeout    
00000651  I2C_masterSendMultiByteStop                
0000067b  I2C_masterSendMultiByteStopWithTimeout     
00000381  I2C_masterSendSingleByte                   
000003f1  I2C_masterSendSingleByteWithTimeout        
00000809  I2C_masterSendStart                        
000008dd  I2C_registerInterrupt                      
000002f5  I2C_setMode                                
000002e1  I2C_setSlaveAddress                        
0000035b  I2C_slaveGetData                           
00000345  I2C_slavePutData                           
0000099f  I2C_slaveSendNAK                           
00000943  I2C_unregisterInterrupt                    
000013cf  Interrupt_disableInterrupt                 
0000121f  Interrupt_disableMaster                    
000015cd  Interrupt_disableSleepOnIsrExit            
0000135d  Interrupt_enableInterrupt                  
0000120f  Interrupt_enableMaster                     
000015bb  Interrupt_enableSleepOnIsrExit             
00001337  Interrupt_getPriority                      
000012af  Interrupt_getPriorityGrouping              
0000159b  Interrupt_getPriorityMask                  
000015b5  Interrupt_getVectorTableAddress            
00001441  Interrupt_isEnabled                        
000014cd  Interrupt_pendInterrupt                    
0000122f  Interrupt_registerInterrupt                
000012e7  Interrupt_setPriority                      
00001295  Interrupt_setPriorityGrouping              
0000158b  Interrupt_setPriorityMask                  
000015a5  Interrupt_setVectorTableAddress            
0000153d  Interrupt_unpendInterrupt                  
00001281  Interrupt_unregisterInterrupt              
00000d9b  MAX30102_Init                              
00000b81  MAX30102_Setup                             
00000de9  MAX30102_available                         
00000fa9  MAX30102_check                             
00000e75  MAX30102_checkDevice                       
00000e45  MAX30102_getFIFOGreen                      
00000e39  MAX30102_getFIFOIR                         
00000e2d  MAX30102_getFIFORed                        
00000e15  MAX30102_getIR                             
00000e51  MAX30102_nextSample                        
000011bd  MAX30102_safeCheck                         
20000120  OS_MsTime                                  
20000128  SystemCoreClock                            
000015fd  SystemCoreClockUpdate                      
00001871  SystemInit                                 
00001ab3  T32_INT1_IRQHandler                        
00001a75  Timer32Init                                
00001aa7  Timer32Stop                                
4000480c  WDTCTL_SYM                                 
20010000  __STACK_END                                
00000200  __STACK_SIZE                               
00001d20  __TI_CINIT_Base                            
00001d38  __TI_CINIT_Limit                           
00001cf8  __TI_Handler_Table_Base                    
00001d04  __TI_Handler_Table_Limit                   
00001b59  __TI_auto_init_nobinit_nopinit             
00001af1  __TI_decompress_lzss                       
00001c3f  __TI_decompress_none                       
ffffffff  __TI_pprof_out_hndl                        
ffffffff  __TI_prof_data_size                        
ffffffff  __TI_prof_data_start                       
00000000  __TI_static_base__                         
00001c11  __TI_zero_init_nomemset                    
000019d9  __aeabi_memcpy                             
000019d9  __aeabi_memcpy4                            
000019d9  __aeabi_memcpy8                            
ffffffff  __binit__                                  
ffffffff  __c_args__                                 
UNDEFED   __mpu_init                                 
2000fe00  __stack                                    
00001bdd  _c_int00_noargs                            
UNDEFED   _system_post_cinit                         
00001c4d  _system_pre_init                           
00001c51  abort                                      
ffffffff  binit                                      
000001dd  bitMask                                    
00000b35  clearFIFO                                  
00000b5f  disableFIFORollover                        
00000b0d  disableSlots                               
00000b51  enableFIFORollover                         
00000aa9  enableSlot                                 
20000000  g_pfnRAMVectors                            
00001ad5  getOS_MsTime                               
00000b77  getReadPointer                             
00000b6d  getWritePointer                            
00001cc4  i2cConfig                                  
00000000  interruptVectors                           
00001925  main                                       
000019d9  memcpy                                     
00000187  readRegister8                              
200000e8  sense                                      
00000a29  setADCRange                                
00000b21  setFIFOAverage                             
00000a15  setLEDMode                                 
00000a85  setPulseAmplitudeGreen                     
00000a73  setPulseAmplitudeIR                        
00000a97  setPulseAmplitudeProximity                 
00000a61  setPulseAmplitudeRed                       
00000a4f  setPulseWidth                              
00000a3b  setSampleRate                              
000009d1  softReset                                  
00000141  writeRegister8                             


GLOBAL SYMBOLS: SORTED BY Symbol Address 

address   name                                       
-------   ----                                       
00000000  __TI_static_base__                         
00000000  interruptVectors                           
00000141  writeRegister8                             
00000187  readRegister8                              
000001dd  bitMask                                    
00000200  __STACK_SIZE                               
00000219  I2C_initMaster                             
0000027b  I2C_initSlave                              
000002b5  I2C_enableModule                           
000002cb  I2C_disableModule                          
000002e1  I2C_setSlaveAddress                        
000002f5  I2C_setMode                                
00000311  I2C_masterReceiveSingleByte                
00000345  I2C_slavePutData                           
0000035b  I2C_slaveGetData                           
0000036f  I2C_isBusBusy                              
00000381  I2C_masterSendSingleByte                   
000003f1  I2C_masterSendSingleByteWithTimeout        
0000047d  I2C_masterSendMultiByteStart               
000004d1  I2C_masterSendMultiByteStartWithTimeout    
0000052d  I2C_masterSendMultiByteNext                
00000559  I2C_masterSendMultiByteNextWithTimeout     
00000597  I2C_masterSendMultiByteFinish              
000005e5  I2C_masterSendMultiByteFinishWithTimeout   
00000651  I2C_masterSendMultiByteStop                
0000067b  I2C_masterSendMultiByteStopWithTimeout     
000006b7  I2C_masterReceiveStart                     
000006d1  I2C_masterReceiveMultiByteNext             
000006e9  I2C_masterReceiveMultiByteFinish           
00000727  I2C_masterReceiveMultiByteFinishWithTimeout
00000785  I2C_masterReceiveMultiByteStop             
00000799  I2C_masterReceiveSingle                    
000007c3  I2C_getReceiveBufferAddressForDMA          
000007d1  I2C_getTransmitBufferAddressForDMA         
000007df  I2C_masterIsStopSent                       
000007f1  I2C_masterIsStartSent                      
00000809  I2C_masterSendStart                        
0000081d  I2C_enableMultiMasterMode                  
0000083d  I2C_disableMultiMasterMode                 
0000085d  I2C_enableInterrupt                        
00000873  I2C_disableInterrupt                       
00000889  I2C_clearInterruptFlag                     
0000089f  I2C_getInterruptStatus                     
000008b7  I2C_getEnabledInterruptStatus              
000008c7  I2C_getMode                                
000008dd  I2C_registerInterrupt                      
00000943  I2C_unregisterInterrupt                    
0000099f  I2C_slaveSendNAK                           
000009d1  softReset                                  
00000a15  setLEDMode                                 
00000a29  setADCRange                                
00000a3b  setSampleRate                              
00000a4f  setPulseWidth                              
00000a61  setPulseAmplitudeRed                       
00000a73  setPulseAmplitudeIR                        
00000a85  setPulseAmplitudeGreen                     
00000a97  setPulseAmplitudeProximity                 
00000aa9  enableSlot                                 
00000b0d  disableSlots                               
00000b21  setFIFOAverage                             
00000b35  clearFIFO                                  
00000b51  enableFIFORollover                         
00000b5f  disableFIFORollover                        
00000b6d  getWritePointer                            
00000b77  getReadPointer                             
00000b81  MAX30102_Setup                             
00000d9b  MAX30102_Init                              
00000de9  MAX30102_available                         
00000e15  MAX30102_getIR                             
00000e2d  MAX30102_getFIFORed                        
00000e39  MAX30102_getFIFOIR                         
00000e45  MAX30102_getFIFOGreen                      
00000e51  MAX30102_nextSample                        
00000e75  MAX30102_checkDevice                       
00000fa9  MAX30102_check                             
000011bd  MAX30102_safeCheck                         
0000120f  Interrupt_enableMaster                     
0000121f  Interrupt_disableMaster                    
0000122f  Interrupt_registerInterrupt                
00001281  Interrupt_unregisterInterrupt              
00001295  Interrupt_setPriorityGrouping              
000012af  Interrupt_getPriorityGrouping              
000012e7  Interrupt_setPriority                      
00001337  Interrupt_getPriority                      
0000135d  Interrupt_enableInterrupt                  
000013cf  Interrupt_disableInterrupt                 
00001441  Interrupt_isEnabled                        
000014cd  Interrupt_pendInterrupt                    
0000153d  Interrupt_unpendInterrupt                  
0000158b  Interrupt_setPriorityMask                  
0000159b  Interrupt_getPriorityMask                  
000015a5  Interrupt_setVectorTableAddress            
000015b5  Interrupt_getVectorTableAddress            
000015bb  Interrupt_enableSleepOnIsrExit             
000015cd  Interrupt_disableSleepOnIsrExit            
000015fd  SystemCoreClockUpdate                      
00001871  SystemInit                                 
00001925  main                                       
000019d9  __aeabi_memcpy                             
000019d9  __aeabi_memcpy4                            
000019d9  __aeabi_memcpy8                            
000019d9  memcpy                                     
00001a75  Timer32Init                                
00001aa7  Timer32Stop                                
00001ab3  T32_INT1_IRQHandler                        
00001ad5  getOS_MsTime                               
00001af1  __TI_decompress_lzss                       
00001b59  __TI_auto_init_nobinit_nopinit             
00001b9d  CPU_cpsid                                  
00001ba9  CPU_primask                                
00001bb3  CPU_cpsie                                  
00001bbf  CPU_wfi                                    
00001bc3  CPU_basepriSet                             
00001bd1  CPU_basepriGet                             
00001bdd  _c_int00_noargs                            
00001c11  __TI_zero_init_nomemset                    
00001c3f  __TI_decompress_none                       
00001c4d  _system_pre_init                           
00001c51  C$$EXIT                                    
00001c51  abort                                      
00001cc4  i2cConfig                                  
00001cf8  __TI_Handler_Table_Base                    
00001d04  __TI_Handler_Table_Limit                   
00001d20  __TI_CINIT_Base                            
00001d38  __TI_CINIT_Limit                           
20000000  g_pfnRAMVectors                            
200000e8  sense                                      
20000120  OS_MsTime                                  
20000128  SystemCoreClock                            
2000fe00  __stack                                    
20010000  __STACK_END                                
4000480c  WDTCTL_SYM                                 
ffffffff  __TI_pprof_out_hndl                        
ffffffff  __TI_prof_data_size                        
ffffffff  __TI_prof_data_start                       
ffffffff  __binit__                                  
ffffffff  __c_args__                                 
ffffffff  binit                                      
UNDEFED   __mpu_init                                 
UNDEFED   _system_post_cinit                         

[140 symbols]
